
================================================================================

Section Cross References

    Os_cpu_a.o(subr) refers to Os_cpu_c.o(.text) for SWI_Exception
    Os_cpu_a.o(subr) refers to Os_cpu_a.o(SWIStacks) for SvcStackSpace
    Os_cpu_a.o(subr) refers to Os_cpu_c.o(.bss) for OsEnterSum
    Os_cpu_a.o(subr) refers to Os_core.o(.bss) for OSTCBCur
    Os_cpu_c.o(.text) refers to Os_cpu_c.o(.bss) for .bss$2
    Os_cpu_c.o(.text) refers to Os_core.o(.bss) for OSTCBPrioTbl
    target.o(.text) refers to Os_core.o(.text) for OSTimeTick
    target.o(.text) refers to rand.o(.text) for srand
    target.o(.text) refers to IO_driver.o(.text) for IoInit
    target.o(.text) refers to uart0.o(.text) for UART0Init
    target.o(.text) refers to uart1.o(.text) for UART1Init
    target.o(.text) refers to i2c0.o(.text) for I2c0Init
    target.o(.text) refers to spi0.o(.text) for Spi0Init
    target.o(.text) refers to padcommunication.o(.text) for PadCommInit
    target.o(.text) refers to chip_communication.o(.text) for ChipCommInit
    target.o(.text) refers to server_communication.o(.text) for ServerCommInit
    target.o(.text) refers to IRQ.o(IRQ) for IRQ_Handler
    target.o(.text) refers (Special) to use_no_semi.o(.text) for __use_no_semihosting_swi
    IRQ.o(IRQ) refers to target.o(.text) for IRQ_Exception
    IRQ.o(IRQ) refers to Os_core.o(.text) for OSIntExit
    IRQ.o(IRQ) refers to uart0.o(.text) for UART0_Exception
    IRQ.o(IRQ) refers to uart1.o(.text) for UART1_Exception
    IRQ.o(IRQ) refers to spi0.o(.text) for Spi0_Exception
    IRQ.o(IRQ) refers to i2c0.o(.text) for I2c0_Exception
    IRQ.o(IRQ) refers to Os_core.o(.bss) for OSIntNesting
    IRQ.o(IRQ) refers to Startup.o(Stacks) for StackUsr
    IRQ.o(IRQ) refers to Os_cpu_c.o(.bss) for OsEnterSum
    IRQ.o(IRQ) refers to Os_cpu_a.o(subr) for OSIntCtxSw
    Startup.o(vectors) refers to Os_cpu_a.o(subr) for SoftwareInterrupt
    Startup.o(vectors) refers to target.o(.text) for FIQ_Exception
    Startup.o(vectors) refers to __main.o(!!!) for __main
    Startup.o(vectors) refers to Startup.o(MyStacks) for IrqStackSpace
    Startup.o(vectors) refers to Startup.o(Stacks) for StackUsr
    Startup.o(vectors) refers to Startup.o(Heap) for bottom_of_heap
    Startup.o(vectors) refers (Special) to use_no_semi.o(.text) for __use_no_semihosting_swi
    Startup.o(MyStacks) refers (Special) to use_no_semi.o(.text) for __use_no_semihosting_swi
    Startup.o(Heap) refers (Special) to use_no_semi.o(.text) for __use_no_semihosting_swi
    Startup.o(Stacks) refers (Special) to use_no_semi.o(.text) for __use_no_semihosting_swi
    Os_core.o(.text) refers to Os_time.o(.text) for OSTimeDly
    Os_core.o(.text) refers to rt_udiv.o(.text) for __rt_udiv
    Os_core.o(.text) refers to Os_cpu_c.o(.text) for OSTaskStatHook
    Os_core.o(.text) refers to Os_task.o(.text) for OSTaskCreateExt
    Os_core.o(.text) refers to Os_flag.o(.text) for OS_FlagInit
    Os_core.o(.text) refers to Os_mem.o(.text) for OS_MemInit
    Os_core.o(.text) refers to Os_q.o(.text) for OS_QInit
    Os_core.o(.text) refers to Os_core.o(.bss) for .bss$2
    Os_core.o(.text) refers to Os_core.o(.constdata) for .constdata$1
    Os_flag.o(.text) refers to Os_core.o(.text) for OS_Sched
    Os_flag.o(.text) refers to Os_core.o(.bss) for OSIntNesting
    Os_flag.o(.text) refers to Os_core.o(.bss) for OSFlagFreeList
    Os_flag.o(.text) refers to Os_core.o(.bss) for OSFlagTbl
    Os_mbox.o(.text) refers to Os_core.o(.text) for OS_EventWaitListInit
    Os_mbox.o(.text) refers to Os_core.o(.bss) for OSIntNesting
    Os_mem.o(.text) refers to Os_core.o(.bss) for OSMemFreeList
    Os_mem.o(.text) refers to Os_core.o(.bss) for OSMemTbl
    Os_mutex.o(.text) refers to Os_core.o(.text) for OS_EventWaitListInit
    Os_mutex.o(.text) refers to Os_core.o(.bss) for OSIntNesting
    Os_mutex.o(.text) refers to Os_core.o(.constdata) for OSMapTbl
    Os_q.o(.text) refers to Os_core.o(.text) for OS_EventWaitListInit
    Os_q.o(.text) refers to Os_core.o(.bss) for OSIntNesting
    Os_q.o(.text) refers to Os_core.o(.bss) for OSQFreeList
    Os_q.o(.text) refers to Os_core.o(.bss) for OSQTbl
    Os_sem.o(.text) refers to Os_core.o(.text) for OS_EventWaitListInit
    Os_sem.o(.text) refers to Os_core.o(.bss) for OSIntNesting
    Os_task.o(.text) refers to Os_core.o(.text) for OS_Sched
    Os_task.o(.text) refers to Os_cpu_c.o(.text) for OSTaskStkInit
    Os_task.o(.text) refers to rt_memclr_w.o(.text) for __rt_memclr_w
    Os_task.o(.text) refers to Os_flag.o(.text) for OS_FlagUnlink
    Os_task.o(.text) refers to rt_memcpy_w.o(.text) for __rt_memcpy_w
    Os_task.o(.text) refers to Os_core.o(.bss) for OSTCBPrioTbl
    Os_task.o(.text) refers to Os_core.o(.constdata) for OSMapTbl
    Os_time.o(.text) refers to Os_core.o(.text) for OS_Sched
    Os_time.o(.text) refers to rt_udiv.o(.text) for __rt_udiv
    Os_time.o(.text) refers to Os_core.o(.bss) for OSTCBCur
    main.o(.text) refers to Os_core.o(.text) for OSInit
[...]
    .text                                    0x0000b3ac   ARM Code       0  _no_redirect.o(.text)
    C$debug_frame18                          0x00002300   Data           0  _no_redirect.o(.debug_frame)
    ../../printf.c                           0x00000000   Number         0  _sprintf.o ABSOLUTE
    .text                                    0x0000b3b4   ARM Code       0  _sprintf.o(.text)
    C$debug_frame18                          0x0000234c   Data           0  _sprintf.o(.debug_frame)
    ../../scanf.c                            0x00000000   Number         0  atoi.o ABSOLUTE
    .text                                    0x0000b424   ARM Code       0  atoi.o(.text)
    C$debug_frame22                          0x000023a8   Data           0  atoi.o(.debug_frame)
    ../../string.c                           0x00000000   Number         0  memcmp.o ABSOLUTE
    .text                                    0x0000b458   ARM Code       0  memcmp.o(.text)
    C$debug_frame12                          0x000023f8   Data           0  memcmp.o(.debug_frame)
    ../../stdlib.c                           0x00000000   Number         0  rand.o ABSOLUTE
    .bss                                     0x40003874   Data           0  rand.o(.bss)
    .text                                    0x0000b4d8   ARM Code       0  rand.o(.text)
    C$debug_frame11                          0x00002434   Data           0  rand.o(.debug_frame)
    .bss$2                                   0x40003874   Data           0  rand.o(.bss)
    _random_j                                0x40003874   Data           4  rand.o(.bss)
    _random_k                                0x40003878   Data           4  rand.o(.bss)
    _random_number_seed                      0x4000387c   Data         220  rand.o(.bss)
    ../../memcpset.s                         0x00000000   Number         0  rt_memclr.o ABSOLUTE
    <Anonymous Symbol>                       0x000024b4   Data          68  rt_memclr.o(.debug_frame)
    .text                                    0x0000b5d4   ARM Code      68  rt_memclr.o(.text)
    _Bytes                                   0x0000b604   ARM Code       0  rt_memclr.o(.text)
    ../../memcpset.s                         0x00000000   Number         0  rt_memclr_w.o ABSOLUTE
    .text                                    0x0000b618   ARM Code      88  rt_memclr_w.o(.text)
    <Anonymous Symbol>                       0x000024f8   Data          84  rt_memclr_w.o(.debug_frame)
    _loop                                    0x0000b630   ARM Code       0  rt_memclr_w.o(.text)
    ../../memcpset.s                         0x00000000   Number         0  rt_memcpy.o ABSOLUTE
    <Anonymous Symbol>                       0x0000254c   Data          60  rt_memcpy.o(.debug_frame)
    .text                                    0x0000b670   ARM Code     180  rt_memcpy.o(.text)
    _memcpy_dest_aligned                     0x0000b6a4   ARM Code       0  rt_memcpy.o(.text)
    _memcpy_src1_loop                        0x0000b6c4   ARM Code       0  rt_memcpy.o(.text)
    _memcpy_src2_loop                        0x0000b6e4   ARM Code       0  rt_memcpy.o(.text)
    _memcpy_src3_loop                        0x0000b704   ARM Code       0  rt_memcpy.o(.text)
    ../../memcpset.s                         0x00000000   Number         0  rt_memcpy_w.o ABSOLUTE
    .text                                    0x0000b724   ARM Code     108  rt_memcpy_w.o(.text)
    <Anonymous Symbol>                       0x00002588   Data          84  rt_memcpy_w.o(.debug_frame)
    _memcpy_aligned_loop                     0x0000b730   ARM Code       0  rt_memcpy_w.o(.text)
    _memcpy_small                            0x0000b748   ARM Code       0  rt_memcpy_w.o(.text)
    ../../division.s                         0x00000000   Number         0  rt_udiv.o ABSOLUTE
    .text                                    0x0000b790   ARM Code     192  rt_udiv.o(.text)
    <Anonymous Symbol>                       0x000025dc   Data          68  rt_udiv.o(.debug_frame)
    ../../division.s                         0x00000000   Number         0  rtudiv10.o ABSOLUTE
    .text                                    0x0000b850   ARM Code      44  rtudiv10.o(.text)
    <Anonymous Symbol>                       0x00002620   Data          68  rtudiv10.o(.debug_frame)
    ../../string.c                           0x00000000   Number         0  strlen.o ABSOLUTE
    .text                                    0x0000b87c   ARM Code       0  strlen.o(.text)
    C$debug_frame12                          0x00002664   Data           0  strlen.o(.debug_frame)
    ../../string.c                           0x00000000   Number         0  strncmp.o ABSOLUTE
    .text                                    0x0000b8e4   ARM Code       0  strncmp.o(.text)
    C$debug_frame12                          0x000026a0   Data           0  strncmp.o(.debug_frame)
    ../../string.c                           0x00000000   Number         0  strncpy.o ABSOLUTE
    .text                                    0x0000b960   ARM Code       0  strncpy.o(.text)
    C$debug_frame12                          0x000026ec   Data           0  strncpy.o(.debug_frame)
    ../../angel/sys.s                        0x00000000   Number         0  use_no_semi.o ABSOLUTE
    <Anonymous Symbol>                       0x00002748   Data          68  use_no_semi.o(.debug_frame)
    .text                                    0x0000b9ec   ARM Code       4  use_no_semi.o(.text)
    ../../printf.c                           0x00000000   Number         0  __vfpntf.o ABSOLUTE
    .text                                    0x0000b9f0   ARM Code       0  __vfpntf.o(.text)
    C$debug_frame18                          0x0000278c   Data           0  __vfpntf.o(.debug_frame)
    _printf_display                          0x0000c1f8   ARM Code    1328  __vfpntf.o(.text)
    ../../printf.c                           0x00000000   Number         0  _sputc.o ABSOLUTE
    .text                                    0x0000c728   ARM Code       0  _sputc.o(.text)
    C$debug_frame18                          0x0000283c   Data           0  _sputc.o(.debug_frame)
    ../../angel/kernel.s                     0x00000000   Number         0  kernel.o ABSOLUTE
    <Anonymous Symbol>                       0x00002888   Data          88  kernel.o(.debug_frame)
    .text                                    0x0000c744   ARM Code      40  kernel.o(.text)
    __rt_abort1                              0x0000c768   ARM Code       0  kernel.o(.text)
    ../../angel/rt.s                         0x00000000   Number         0  rt_errno_addr.o ABSOLUTE
    <Anonymous Symbol>                       0x000028e0   Data          76  rt_errno_addr.o(.debug_frame)
    .text                                    0x0000c76c   ARM Code      12  rt_errno_addr.o(.text)
    ../../scanf.c                            0x00000000   Number         0  strtol.o ABSOLUTE
    .text                                    0x0000c778   ARM Code       0  strtol.o(.text)
    C$debug_frame22                          0x0000292c   Data           0  strtol.o(.debug_frame)
    ../../scanf.c                            0x00000000   Number         0  _strtoul.o ABSOLUTE
    .text                                    0x0000c838   ARM Code       0  _strtoul.o(.text)
    C$debug_frame22                          0x00002994   Data           0  _strtoul.o(.debug_frame)
    ../../stdlib.c                           0x00000000   Number         0  exit.o ABSOLUTE
    .text                                    0x0000c940   ARM Code       0  exit.o(.text)
    C$debug_frame12                          0x00002a14   Data           0  exit.o(.debug_frame)
    ../../armsys.c                           0x00000000   Number         0  lib_init.o ABSOLUTE
    .text                                    0x0000c958   ARM Code       0  lib_init.o(.text)
    C$debug_frame18                          0x00002a60   Data           0  lib_init.o(.debug_frame)
    ../../angel/sys.s                        0x00000000   Number         0  libspace.o ABSOLUTE
    .bss                                     0x40003958   Data          96  libspace.o(.bss)
    .text                                    0x0000ca54   ARM Code      12  libspace.o(.text)
    <Anonymous Symbol>                       0x00002adc   Data          68  libspace.o(.debug_frame)
    __libspace_start                         0x40003958   Data          96  libspace.o(.bss)
    ../../longlong.s                         0x00000000   Number         0  lludiv10.o ABSOLUTE
    <Anonymous Symbol>                       0x00002b20   Data          88  lludiv10.o(.debug_frame)
    .text                                    0x0000ca60   ARM Code     152  lludiv10.o(.text)
    ../../angel/rt.s                         0x00000000   Number         0  rt_ctype_table.o ABSOLUTE
    .text                                    0x0000caf8   ARM Code      20  rt_ctype_table.o(.text)
    <Anonymous Symbol>                       0x00002b78   Data          76  rt_ctype_table.o(.debug_frame)
    ../../stkheap1.s                         0x00000000   Number         0  stkheap1.o ABSOLUTE
    .text                                    0x0000cb0c   ARM Code     252  stkheap1.o(.text)
    <Anonymous Symbol>                       0x00002bc4   Data         128  stkheap1.o(.debug_frame)
    _heap_overflow                           0x0000cbf8   ARM Code       0  stkheap1.o(.text)
    ../../printf2.s                          0x00000000   Number         0  printf2.o ABSOLUTE
    x$fpl$printf2                            0x0000d158   ARM Code       4  printf2.o(x$fpl$printf2)
    <Anonymous Symbol>                       0x00002c44   Data          60  printf2.o(.debug_frame)
    ../../scanf.c                            0x00000000   Number         0  _chval.o ABSOLUTE
    .text                                    0x0000cc08   ARM Code       0  _chval.o(.text)
    C$debug_frame22                          0x00002c80   Data           0  _chval.o(.debug_frame)
    ../../locale.c                           0x00000000   Number         0  lc_ctype_c.o ABSOLUTE
    .constdata                               0x0000d510   Data           0  lc_ctype_c.o(.constdata)
    .text                                    0x0000cc28   ARM Code       0  lc_ctype_c.o(.text)
    C$debug_frame19                          0x00002cbc   Data           0  lc_ctype_c.o(.debug_frame)
    .constdata$1                             0x0000d510   Data           0  lc_ctype_c.o(.constdata)
    __lcctype_c_index                        0x0000d510   Data           4  lc_ctype_c.o(.constdata)
    __lcctype_c_lname                        0x0000d514   Data           4  lc_ctype_c.o(.constdata)
    __lcctype_c_pname                        0x0000d518   Data           4  lc_ctype_c.o(.constdata)
    __lcctype_c_start                        0x0000d51c   Data           1  lc_ctype_c.o(.constdata)
    ../../printf.c                           0x00000000   Number         0  nofpdisp.o ABSOLUTE
    .text                                    0x0000cc64   ARM Code       0  nofpdisp.o(.text)
    C$debug_frame18                          0x00002d08   Data           0  nofpdisp.o(.debug_frame)
    ../../fpinit.s                           0x00000000   Number         0  fpinit.o ABSOLUTE
    x$fpl$fpinit                             0x0000d144   ARM Code      20  fpinit.o(x$fpl$fpinit)
    <Anonymous Symbol>                       0x00002d44   Data          76  fpinit.o(.debug_frame)
    ../../angel/rt.s                         0x00000000   Number         0  rt_fp_status_addr.o ABSOLUTE
    .text                                    0x0000cc6c   ARM Code      16  rt_fp_status_addr.o(.text)
    <Anonymous Symbol>                       0x00002d90   Data          76  rt_fp_status_addr.o(.debug_frame)
    ../../memcpset.s                         0x00000000   Number         0  strcmp.o ABSOLUTE
    <Anonymous Symbol>                       0x00002ddc   Data          84  strcmp.o(.debug_frame)
    .text                                    0x0000cc7c   Data         160  strcmp.o(.text)
    _ones_word                               0x0000cc7c   Data           4  strcmp.o(.text)
    _strcmp_loop                             0x0000cc94   ARM Code       0  strcmp.o(.text)
    _strcmp_return                           0x0000cce4   ARM Code       0  strcmp.o(.text)
    _strcmp_byteloop                         0x0000ccec   ARM Code       0  strcmp.o(.text)
    _strcmp_byteend                          0x0000cd14   ARM Code       0  strcmp.o(.text)

    Global Symbols

    Symbol Name                              Value     Ov Type        Size  Object(Section)

    BuildAttributes$$ARM_ISAv4$M$PE$A:L22$X:L11$S22$~IW$USESV6$~STKCKD$USESV7$~SHL$OSPACE 0x00000000   Number         0  anon$$obj.o ABSOLUTE
    Reset                                    0x00000000   ARM Code       0  Startup.o(vectors)
    __Heap_DescSize                           - Undefined Weak Reference
    __alloca_initialize                       - Undefined Weak Reference
    __argv_alloc                              - Undefined Weak Reference
    __call_ctors()                            - Undefined Weak Reference
    __cpp_finalise                            - Undefined Weak Reference
    __cpp_initialise                          - Undefined Weak Reference
    __rt_get_argv                             - Undefined Weak Reference
    __user_heap_extend                        - Undefined Weak Reference
    __user_stack_slop                         - Undefined Weak Reference
    _atexit_init                              - Undefined Weak Reference
    _call_atexit_fns                          - Undefined Weak Reference
    _clock_init                               - Undefined Weak Reference
    _get_lc_collate                           - Undefined Weak Reference
    _get_lc_monetary                          - Undefined Weak Reference
    _get_lc_numeric                           - Undefined Weak Reference
    _get_lc_time                              - Undefined Weak Reference
    _getenv_init                              - Undefined Weak Reference
    _init_alloc                               - Undefined Weak Reference
    _init_user_alloc                          - Undefined Weak Reference
    _initio                                   - Undefined Weak Reference
    _signal_init                              - Undefined Weak Reference
    _terminate_user_alloc                     - Undefined Weak Reference
    _terminateio                              - Undefined Weak Reference
    __user_initial_stackheap                 0x00000098   ARM Code       0  Startup.o(vectors)
    __main                                   0x000000b8   ARM Code     152  __main.o(!!!)
    OSTaskStkInit                            0x00000160   ARM Code      88  Os_cpu_c.o(.text)
    SWI_Exception                            0x000001b8   ARM Code     244  Os_cpu_c.o(.text)
    OSStartHighRdy                           0x000002ac   ARM Code      12  Os_cpu_c.o(.text)
    OSInitHookBegin                          0x000002b8   ARM Code       4  Os_cpu_c.o(.text)
    OSInitHookEnd                            0x000002bc   ARM Code       4  Os_cpu_c.o(.text)
    OSTaskCreateHook                         0x000002c0   ARM Code       4  Os_cpu_c.o(.text)
    OSTaskDelHook                            0x000002c4   ARM Code       4  Os_cpu_c.o(.text)
    OSTaskSwHook                             0x000002c8   ARM Code       4  Os_cpu_c.o(.text)
    OSTaskStatHook                           0x000002cc   ARM Code       4  Os_cpu_c.o(.text)
    OSTCBInitHook                            0x000002d0   ARM Code       4  Os_cpu_c.o(.text)
    OSTimeTickHook                           0x000002d4   ARM Code       4  Os_cpu_c.o(.text)
    OSTaskIdleHook                           0x000002d8   ARM Code       4  Os_cpu_c.o(.text)
    IRQ_Exception                            0x000002e4   ARM Code       4  target.o(.text)
    FIQ_Exception                            0x000002e8   ARM Code       4  target.o(.text)
    Timer0_Exception                         0x000002ec   ARM Code      24  target.o(.text)
    Timer0Init                               0x00000304   ARM Code      48  target.o(.text)
    QEventCreate                             0x00000334   ARM Code       4  target.o(.text)
    SemCreate                                0x00000338   ARM Code       4  target.o(.text)
    VICInit                                  0x0000033c   ARM Code     120  target.o(.text)
    TargetInit                               0x000003b4   ARM Code      72  target.o(.text)
    TargetResetInit                          0x000003fc   ARM Code     200  target.o(.text)
    __rt_div0                                0x000004c4   ARM Code       8  target.o(.text)
    fputc                                    0x000004cc   ARM Code       8  target.o(.text)
    fgetc                                    0x000004d4   ARM Code       8  target.o(.text)
    _sys_close                               0x000004dc   ARM Code       8  target.o(.text)
    _sys_write                               0x000004e4   ARM Code       8  target.o(.text)
    _sys_read                                0x000004ec   ARM Code       8  target.o(.text)
    _ttywrch                                 0x000004f4   ARM Code       4  target.o(.text)
    _sys_istty                               0x000004f8   ARM Code       8  target.o(.text)
    _sys_seek                                0x00000500   ARM Code       8  target.o(.text)
    _sys_ensure                              0x00000508   ARM Code       8  target.o(.text)
    _sys_flen                                0x00000510   ARM Code       8  target.o(.text)
    _sys_tmpnam                              0x00000518   ARM Code       8  target.o(.text)
    _sys_exit                                0x00000520   ARM Code       4  target.o(.text)
    _sys_command_string                      0x00000524   ARM Code       8  target.o(.text)
    OS_TaskStat                              0x00000550   ARM Code     168  Os_core.o(.text)
    OS_TaskIdle                              0x00000640   ARM Code      36  Os_core.o(.text)
    OSInit                                   0x000007d8   ARM Code      52  Os_core.o(.text)
    OSIntEnter                               0x0000080c   ARM Code      40  Os_core.o(.text)
    OSIntExit                                0x00000834   ARM Code     152  Os_core.o(.text)
    OSSchedLock                              0x000008cc   ARM Code      52  Os_core.o(.text)
    OS_Sched                                 0x00000900   ARM Code     112  Os_core.o(.text)
    OSSchedUnlock                            0x00000970   ARM Code      88  Os_core.o(.text)
    OSStart                                  0x000009c8   ARM Code      80  Os_core.o(.text)
    OSStatInit                               0x00000a18   ARM Code      68  Os_core.o(.text)
    OSTimeTick                               0x00000a5c   ARM Code     180  Os_core.o(.text)
    OSVersion                                0x00000b10   ARM Code       8  Os_core.o(.text)
    OS_Dummy                                 0x00000b18   ARM Code       4  Os_core.o(.text)
    OS_EventTaskRdy                          0x00000b1c   ARM Code     156  Os_core.o(.text)
    OS_EventTaskWait                         0x00000bb8   ARM Code     104  Os_core.o(.text)
    OS_EventTO                               0x00000c20   ARM Code      76  Os_core.o(.text)
    OS_EventWaitListInit                     0x00000c6c   ARM Code      28  Os_core.o(.text)
    OS_TCBInit                               0x00000c88   ARM Code     332  Os_core.o(.text)
    OSFlagAccept                             0x00000dd4   ARM Code     376  Os_flag.o(.text)
    OSFlagCreate                             0x00000f4c   ARM Code     128  Os_flag.o(.text)
    OS_FlagUnlink                            0x00000fcc   ARM Code      72  Os_flag.o(.text)
    OSFlagDel                                0x00001080   ARM Code     304  Os_flag.o(.text)
    OSFlagPend                               0x00001240   ARM Code     692  Os_flag.o(.text)
    OSFlagPost                               0x000014f4   ARM Code     416  Os_flag.o(.text)
    OSFlagQuery                              0x00001694   ARM Code      92  Os_flag.o(.text)
    OS_FlagInit                              0x000016f0   ARM Code      96  Os_flag.o(.text)
    OSMboxAccept                             0x00001750   ARM Code      72  Os_mbox.o(.text)
    OSMboxCreate                             0x00001798   ARM Code     112  Os_mbox.o(.text)
    OSMboxDel                                0x00001808   ARM Code     308  Os_mbox.o(.text)
    OSMboxPend                               0x0000193c   ARM Code     256  Os_mbox.o(.text)
    OSMboxPost                               0x00001a3c   ARM Code     152  Os_mbox.o(.text)
    OSMboxPostOpt                            0x00001ad4   ARM Code     200  Os_mbox.o(.text)
    OSMboxQuery                              0x00001b9c   ARM Code     112  Os_mbox.o(.text)
    OSMemCreate                              0x00001c18   ARM Code     240  Os_mem.o(.text)
    OSMemGet                                 0x00001d08   ARM Code     112  Os_mem.o(.text)
    OSMemPut                                 0x00001d78   ARM Code     112  Os_mem.o(.text)
    OSMemQuery                               0x00001de8   ARM Code     116  Os_mem.o(.text)
    OS_MemInit                               0x00001e5c   ARM Code     104  Os_mem.o(.text)
    OSQAccept                                0x00001ecc   ARM Code     136  Os_q.o(.text)
    OSQCreate                                0x00001f54   ARM Code     200  Os_q.o(.text)
    OSQDel                                   0x0000201c   ARM Code     344  Os_q.o(.text)
    OSQFlush                                 0x00002174   ARM Code      88  Os_q.o(.text)
    OSQPend                                  0x000021cc   ARM Code     308  Os_q.o(.text)
    OSQPost                                  0x00002300   ARM Code     208  Os_q.o(.text)
    OSQPostFront                             0x000023d0   ARM Code     208  Os_q.o(.text)
    OSQPostOpt                               0x000024a0   ARM Code     308  Os_q.o(.text)
    OSQQuery                                 0x000025d4   ARM Code     160  Os_q.o(.text)
    OS_QInit                                 0x00002674   ARM Code      68  Os_q.o(.text)
    OSSemAccept                              0x000026cc   ARM Code      84  Os_sem.o(.text)
    OSSemCreate                              0x00002720   ARM Code     112  Os_sem.o(.text)
    OSSemDel                                 0x00002790   ARM Code     308  Os_sem.o(.text)
    OSSemPend                                0x000028c4   ARM Code     228  Os_sem.o(.text)
    OSSemPost                                0x000029a8   ARM Code     140  Os_sem.o(.text)
    OSSemQuery                               0x00002a34   ARM Code     112  Os_sem.o(.text)
    OSTaskChangePrio                         0x00002ab0   ARM Code     372  Os_task.o(.text)
    OSTaskCreate                             0x00002c24   ARM Code     216  Os_task.o(.text)
    OSTaskCreateExt                          0x00002cfc   ARM Code     252  Os_task.o(.text)
    OSTaskDel                                0x00002df8   ARM Code     424  Os_task.o(.text)
    OSTaskDelReq                             0x00002fa0   ARM Code     132  Os_task.o(.text)
    OSTaskResume                             0x00003024   ARM Code     172  Os_task.o(.text)
    OSTaskStkChk                             0x000030d0   ARM Code     188  Os_task.o(.text)
    OSTaskSuspend                            0x0000318c   ARM Code     216  Os_task.o(.text)
    OSTaskQuery                              0x00003264   ARM Code     156  Os_task.o(.text)
    OSTimeDly                                0x00003300   ARM Code      96  Os_time.o(.text)
    OSTimeDlyHMSM                            0x00003360   ARM Code     208  Os_time.o(.text)
    OSTimeDlyResume                          0x00003430   ARM Code     168  Os_time.o(.text)
    OSTimeGet                                0x000034d8   ARM Code      28  Os_time.o(.text)
    OSTimeSet                                0x000034f4   ARM Code      28  Os_time.o(.text)
    main                                     0x00003524   ARM Code     192  main.o(.text)
    QueueCreate                              0x00003624   ARM Code     116  queue.o(.text)
    QueueRead                                0x00003698   ARM Code     152  queue.o(.text)
    QueueWrite                               0x00003730   ARM Code     156  queue.o(.text)
    QueueWriteFront                          0x000037cc   ARM Code     160  queue.o(.text)
    QueueNData                               0x0000386c   ARM Code      40  queue.o(.text)
    QueueSize                                0x00003894   ARM Code      40  queue.o(.text)
    QueueFlush                               0x000038bc   ARM Code      48  queue.o(.text)
    delay10us                                0x000038ec   ARM Code      44  comm.o(.text)
    delayus                                  0x00003918   ARM Code      48  comm.o(.text)
    stoi                                     0x00003948   ARM Code     292  comm.o(.text)
    CRCByte                                  0x00003a6c   ARM Code      40  comm.o(.text)
    CrcString                                0x00003a94   ARM Code      44  comm.o(.text)
    TimeDay                                  0x00003ac0   ARM Code     208  comm.o(.text)
    TimeSec                                  0x00003b90   ARM Code     276  comm.o(.text)
    Uart0WriteFull                           0x00003cb4   ARM Code      68  uart0.o(.text)
    UART0Init                                0x00003cf8   ARM Code     232  uart0.o(.text)
    RequestUart0                             0x00003de0   ARM Code      60  uart0.o(.text)
    FreeUart0                                0x00003e1c   ARM Code      12  uart0.o(.text)
    Uart0SendByte                            0x00003e28   ARM Code     156  uart0.o(.text)
    Uart0SendString                          0x00003ec4   ARM Code     156  uart0.o(.text)
    Uart0SendBytes                           0x00003f60   ARM Code     156  uart0.o(.text)
    Uart0RecByte                             0x00003ffc   ARM Code     112  uart0.o(.text)
    UART0_Exception                          0x0000406c   ARM Code     188  uart0.o(.text)
    Uart1WriteFull                           0x00004148   ARM Code      68  uart1.o(.text)
    UART1Init                                0x0000418c   ARM Code     232  uart1.o(.text)
    RequestUart1                             0x00004274   ARM Code      60  uart1.o(.text)
    FreeUart1                                0x000042b0   ARM Code      12  uart1.o(.text)
    Uart1SendByte                            0x000042bc   ARM Code     156  uart1.o(.text)
    Uart1SendString                          0x00004358   ARM Code     156  uart1.o(.text)
    Uart1SendBytes                           0x000043f4   ARM Code     156  uart1.o(.text)
    Uart1RecByte                             0x00004490   ARM Code     112  uart1.o(.text)
    UART1_Exception                          0x00004500   ARM Code     184  uart1.o(.text)
    TaskTest                                 0x000045d8   ARM Code     100  test.o(.text)
    IoInit                                   0x00004640   ARM Code     220  IO_driver.o(.text)
    ChipCommInit                             0x00004720   ARM Code      60  chip_communication.o(.text)
    RequestUpload                            0x0000475c   ARM Code      12  chip_communication.o(.text)
    ChipWriteFrame                           0x00004768   ARM Code     264  chip_communication.o(.text)
    ChipReadFrame                            0x00004870   ARM Code     288  chip_communication.o(.text)
    ChipDataUpload                           0x00004990   ARM Code     544  chip_communication.o(.text)
    TaskChipComm                             0x00004bb0   ARM Code    1680  chip_communication.o(.text)
    GetNextPackage                           0x00005240   ARM Code      44  server_communication.o(.text)
    ServerCommInit                           0x0000526c   ARM Code      52  server_communication.o(.text)
    RequestServerCommunication               0x000052a0   ARM Code      28  server_communication.o(.text)
    FreeServerCommunication                  0x000052bc   ARM Code      12  server_communication.o(.text)
    ServerSendFrameToServer                  0x000052c8   ARM Code     588  server_communication.o(.text)
    ServerOnLine                             0x00005514   ARM Code     188  server_communication.o(.text)
    ServerUploadTradeData                    0x000055d0   ARM Code     512  server_communication.o(.text)
    ServerTimeSync                           0x000057d0   ARM Code     176  server_communication.o(.text)
    ServerCashBoxBalance                     0x00005880   ARM Code     320  server_communication.o(.text)
    ServerGPSData                            0x000059c0   ARM Code     312  server_communication.o(.text)
    ServerLogin                              0x00005af8   ARM Code     300  server_communication.o(.text)
    ServerLogout                             0x00005c24   ARM Code     272  server_communication.o(.text)
    GetVersion                               0x00005d34   ARM Code     124  server_communication.o(.text)
    GetUartConfig                            0x00005db0   ARM Code     180  server_communication.o(.text)
    UartConfig                               0x00005e64   ARM Code     220  server_communication.o(.text)
    GetFuncConfig                            0x00005f40   ARM Code      56  server_communication.o(.text)
    FuncConfig                               0x00005f78   ARM Code      36  server_communication.o(.text)
    GetCashboxConfig                         0x00005f9c   ARM Code     176  server_communication.o(.text)
    CashboxConfig                            0x0000604c   ARM Code     548  server_communication.o(.text)
    GetSysPerformanceConfig                  0x00006270   ARM Code     104  server_communication.o(.text)
    SysPerformanceConfig                     0x000062d8   ARM Code     220  server_communication.o(.text)
    GetServerCommConfig                      0x000063b4   ARM Code      72  server_communication.o(.text)
    ServerCommConfig                         0x000063fc   ARM Code     280  server_communication.o(.text)
    GetPrintConfig                           0x00006514   ARM Code      24  server_communication.o(.text)
    PrintConfig                              0x0000652c   ARM Code      52  server_communication.o(.text)
    GetDeviceStateToServer                   0x00006560   ARM Code     184  server_communication.o(.text)
    LisencePlateNumConfig                    0x00006618   ARM Code      28  server_communication.o(.text)
    GetLisencePlateNumConfig                 0x00006634   ARM Code      44  server_communication.o(.text)
    GetAllMemery                             0x00006660   ARM Code       8  server_communication.o(.text)
    ServerDownloadConfigData                 0x00006668   ARM Code     196  server_communication.o(.text)
    ServerGetConfigData                      0x0000672c   ARM Code     124  server_communication.o(.text)
    ReturnWriteConfig                        0x000067a8   ARM Code      96  server_communication.o(.text)
    ReturnReadConfig                         0x00006808   ARM Code      88  server_communication.o(.text)
    ReturnMS                                 0x00006860   ARM Code     152  server_communication.o(.text)
    ServerReceiveFrameFromServer             0x000068f8   ARM Code    1420  server_communication.o(.text)
    TaskServerHandle                         0x00006e84   ARM Code      32  server_communication.o(.text)
    I2c0Init                                 0x00006ea4   ARM Code     132  i2c0.o(.text)
    I2c0WriteBytes                           0x00006f28   ARM Code     148  i2c0.o(.text)
    I2c0WriteMemery                          0x00006fbc   ARM Code     324  i2c0.o(.text)
    I2c0ReadBytes                            0x00007100   ARM Code     156  i2c0.o(.text)
    I2c0WriteReadBytes                       0x0000719c   ARM Code     176  i2c0.o(.text)
    I2c0ReadMemery                           0x0000724c   ARM Code     340  i2c0.o(.text)
    I2c0_Exception                           0x000073a0   ARM Code     476  i2c0.o(.text)
    Spi0Init                                 0x00007594   ARM Code     100  spi0.o(.text)
    Spi0TranceByte                           0x000075f8   ARM Code     216  spi0.o(.text)
    Spi0_Exception                           0x000076d0   ARM Code      48  spi0.o(.text)
    PadCommInit                              0x00007714   ARM Code     108  padcommunication.o(.text)
    GetPADCommandData                        0x00007780   ARM Code      28  padcommunication.o(.text)
    RequestPADCommunication                  0x0000779c   ARM Code      28  padcommunication.o(.text)
    FreePADCommunication                     0x000077b8   ARM Code      12  padcommunication.o(.text)
    SendToPadCom                             0x000077c4   ARM Code     560  padcommunication.o(.text)
    LogOut                                   0x000079f4   ARM Code     144  padcommunication.o(.text)
    GetDeviceState                           0x00007a84   ARM Code      92  padcommunication.o(.text)
    ExceptionHandle                          0x00007ae0   ARM Code     108  padcommunication.o(.text)
    ChangeSite                               0x00007b4c   ARM Code     160  padcommunication.o(.text)
    RideMess                                 0x00007bec   ARM Code     356  padcommunication.o(.text)
    MakeChange                               0x00007d50   ARM Code     524  padcommunication.o(.text)
    Print                                    0x00007f5c   ARM Code     720  padcommunication.o(.text)
    StopTrade                                0x0000822c   ARM Code     108  padcommunication.o(.text)
    ShutDown                                 0x00008298   ARM Code     132  padcommunication.o(.text)
    RequestLogin                             0x0000831c   ARM Code     136  padcommunication.o(.text)
    CashboxInit                              0x000083a4   ARM Code     236  padcommunication.o(.text)
    PlaySoundUsePAD                          0x00008490   ARM Code     256  padcommunication.o(.text)
    DisplayMessageUsePAD                     0x00008590   ARM Code     256  padcommunication.o(.text)
    Online                                   0x00008690   ARM Code     368  padcommunication.o(.text)
    Login                                    0x00008800   ARM Code     340  padcommunication.o(.text)
    TimeSync                                 0x00008954   ARM Code     336  padcommunication.o(.text)
    GetStationMess                           0x00008aa4   ARM Code     648  padcommunication.o(.text)
    StationSync                              0x00008d2c   ARM Code     312  padcommunication.o(.text)
    TaskPADRecHandle                         0x00008e64   ARM Code     968  padcommunication.o(.text)
    TaskDeviceCommand                        0x0000922c   ARM Code    1720  padcommunication.o(.text)
    InitLog                                  0x000098e4   ARM Code     220  log_data_handle.o(.text)
    StoreLog                                 0x000099c0   ARM Code     504  log_data_handle.o(.text)
    ReadLog                                  0x00009bb8   ARM Code     604  log_data_handle.o(.text)
    LogStoreLogin                            0x00009e14   ARM Code      88  log_data_handle.o(.text)
    LogStoreLogout                           0x00009e6c   ARM Code      88  log_data_handle.o(.text)
    LogStoreDeposit                          0x00009ec4   ARM Code      76  log_data_handle.o(.text)
    ConfigInit                               0x00009f2c   ARM Code     284  config_manage.o(.text)
    GetDeviceAddr                            0x0000a048   ARM Code      96  config_manage.o(.text)
    SetDeviceAddr                            0x0000a0a8   ARM Code      76  config_manage.o(.text)
    TaskSysConfig                            0x0000a0f4   ARM Code     220  config_manage.o(.text)
    ReadExternMemery                         0x0000a1d4   ARM Code     248  virtual_memery.o(.text)
    WriteExternMemery                        0x0000a2cc   ARM Code     228  virtual_memery.o(.text)
    InitConfigData                           0x0000a3b0   ARM Code       4  virtual_memery.o(.text)
    InitTradeManageData                      0x0000a3b8   ARM Code      84  trade.o(.text)
    TaskTrade                                0x0000a40c   ARM Code    2868  trade.o(.text)
    SearchTradeData                          0x0000af40   ARM Code     152  trade.o(.text)
    TaskDataUpload                           0x0000afd8   ARM Code     956  data_upload.o(.text)
    UploadAllMemery                          0x0000b394   ARM Code       4  data_upload.o(.text)
    _main_redirection                        0x0000b3ac   ARM Code       4  _no_redirect.o(.text)
    _main                                    0x0000b3b0   ARM Code       4  _no_redirect.o(.text)
    _sprintf                                 0x0000b3b4   ARM Code     104  _sprintf.o(.text)
    atoi                                     0x0000b424   ARM Code      52  atoi.o(.text)
    memcmp                                   0x0000b458   ARM Code     128  memcmp.o(.text)
    srand                                    0x0000b4d8   ARM Code      68  rand.o(.text)
    _rand_init                               0x0000b51c   ARM Code      72  rand.o(.text)
    rand                                     0x0000b564   ARM Code      96  rand.o(.text)
    __rt_memclr                              0x0000b5d4   ARM Code      68  rt_memclr.o(.text)
    _memset                                  0x0000b5d8   ARM Code       0  rt_memclr.o(.text)
    __rt_memclr_w                            0x0000b618   ARM Code      88  rt_memclr_w.o(.text)
    _memset_w                                0x0000b61c   ARM Code       0  rt_memclr_w.o(.text)
    __rt_memcpy                              0x0000b670   ARM Code     180  rt_memcpy.o(.text)
    __rt_memcpy_w                            0x0000b724   ARM Code     108  rt_memcpy_w.o(.text)
    _memcpy_lastbytes                        0x0000b770   ARM Code       0  rt_memcpy_w.o(.text)
    __rt_udiv                                0x0000b790   ARM Code     192  rt_udiv.o(.text)
    __rt_udiv10                              0x0000b850   ARM Code      44  rtudiv10.o(.text)
    strlen                                   0x0000b87c   ARM Code     100  strlen.o(.text)
    strncmp                                  0x0000b8e4   ARM Code     120  strncmp.o(.text)
    strncpy                                  0x0000b960   ARM Code     136  strncpy.o(.text)
    __32__use_no_semihosting_swi             0x0000b9ec   ARM Code       0  use_no_semi.o(.text)
    __semihosting_swi_guard                  0x0000b9ec   ARM Code       0  use_no_semi.o(.text)
    __use_no_semihosting_swi                 0x0000b9ec   ARM Code       4  use_no_semi.o(.text)
    __vfprintf                               0x0000b9f0   ARM Code    2056  __vfpntf.o(.text)
    _sputc                                   0x0000c728   ARM Code      20  _sputc.o(.text)
    _serror                                  0x0000c73c   ARM Code       8  _sputc.o(.text)
    __rt_entry                               0x0000c744   ARM Code       0  kernel.o(.text)
    __32__rt_exit                            0x0000c754   ARM Code       0  kernel.o(.text)
    __rt_exit                                0x0000c754   ARM Code      16  kernel.o(.text)
    __32__rt_abort                           0x0000c764   ARM Code       0  kernel.o(.text)
    __rt_abort                               0x0000c764   ARM Code       8  kernel.o(.text)
    __rt_errno_addr                          0x0000c76c   ARM Code      12  rt_errno_addr.o(.text)
    strtol                                   0x0000c778   ARM Code     192  strtol.o(.text)
    _strtoul                                 0x0000c838   ARM Code     264  _strtoul.o(.text)
    exit                                     0x0000c940   ARM Code      24  exit.o(.text)
    __rt_lib_init                            0x0000c958   ARM Code     228  lib_init.o(.text)
    __rt_lib_shutdown                        0x0000ca3c   ARM Code      20  lib_init.o(.text)
    __user_libspace                          0x0000ca54   ARM Code       8  libspace.o(.text)
    _ll_udiv10                               0x0000ca60   ARM Code     152  lludiv10.o(.text)
    __rt_ctype_table                         0x0000caf8   ARM Code      20  rt_ctype_table.o(.text)
    __rt_stackheap_init                      0x0000cb0c   ARM Code     144  stkheap1.o(.text)
    __rt_heap_extend                         0x0000cb9c   ARM Code     108  stkheap1.o(.text)
    _chval                                   0x0000cc08   ARM Code      32  _chval.o(.text)
    _get_lc_ctype                            0x0000cc28   ARM Code      60  lc_ctype_c.o(.text)
    _no_fp_display                           0x0000cc64   ARM Code       8  nofpdisp.o(.text)
    __rt_fp_status_addr                      0x0000cc6c   ARM Code      16  rt_fp_status_addr.o(.text)
    strcmp                                   0x0000cc80   ARM Code     156  strcmp.o(.text)
    IRQ_Handler                              0x0000cd1c   ARM Code       0  IRQ.o(IRQ)
    Uart0_Handler                            0x0000cd9c   ARM Code       0  IRQ.o(IRQ)
    Uart1_Handler                            0x0000ce1c   ARM Code       0  IRQ.o(IRQ)
    Spi0_Handler                             0x0000ce9c   ARM Code       0  IRQ.o(IRQ)
    I2c0_Handler                             0x0000cf1c   ARM Code       0  IRQ.o(IRQ)
    Timer0_Handler                           0x0000cf9c   ARM Code       0  IRQ.o(IRQ)
    SoftwareInterrupt                        0x0000d034   ARM Code       0  Os_cpu_a.o(subr)
    OSIntCtxSw                               0x0000d070   ARM Code       0  Os_cpu_a.o(subr)
    __OSStartHighRdy                         0x0000d104   ARM Code       0  Os_cpu_a.o(subr)
    _fp_init                                 0x0000d144   ARM Code      20  fpinit.o(x$fpl$fpinit)
    __fplib_config_pureend_doubles           0x0000d154   ARM Code       0  fpinit.o(x$fpl$fpinit)
    _fp_display_gate                         0x0000d158   ARM Code       4  printf2.o(x$fpl$printf2)
    OSMapTbl                                 0x0000d15c   Data           8  Os_core.o(.constdata)
    OSUnMapTbl                               0x0000d164   Data         256  Os_core.o(.constdata)
    completeversion                          0x0000d264   Data          16  main.o(.constdata)
    config_corresponding_table               0x0000d2c8   Data         120  server_communication.o(.constdata)
    rj45_comm                                0x0000d388   Data          88  padcommunication.o(.constdata)
    config_init_from_rom                     0x0000d3e0   Data         192  config_manage.o(.constdata)
    memery_chip                              0x0000d4a0   Data         112  virtual_memery.o(.constdata)
    __ctype                                  0x0000d51d   Data         256  lc_ctype_c.o(.constdata)
    Region$$Table$$Base                      0x0000d620   Data           0  anon$$obj.o(Region$$Table)
    Region$$Table$$Limit                     0x0000d650   Data           0  anon$$obj.o(Region$$Table)
    ZISection$$Table$$Base                   0x0000d650   Data           0  anon$$obj.o(ZISection$$Table)
    ZISection$$Table$$Limit                  0x0000d660   Data           0  anon$$obj.o(ZISection$$Table)
    promptmess                               0x40000000   Data         100  padcommunication.o(.data)
    OsEnterSum                               0x40000064   Data           4  Os_cpu_c.o(.bss)
    OSCPUUsage                               0x40000068   Data           1  Os_core.o(.bss)
    OSStatRdy                                0x40000069   Data           1  Os_core.o(.bss)
    OSIntNesting                             0x4000006a   Data           1  Os_core.o(.bss)
    OSIntExitY                               0x4000006b   Data           1  Os_core.o(.bss)
    OSLockNesting                            0x4000006c   Data           1  Os_core.o(.bss)
    OSPrioCur                                0x4000006d   Data           1  Os_core.o(.bss)
    OSPrioHighRdy                            0x4000006e   Data           1  Os_core.o(.bss)
    OSRdyGrp                                 0x4000006f   Data           1  Os_core.o(.bss)
    OSRunning                                0x40000070   Data           1  Os_core.o(.bss)
    OSTaskCtr                                0x40000071   Data           1  Os_core.o(.bss)
    OSRdyTbl                                 0x40000072   Data           3  Os_core.o(.bss)
    OSCtxSwCtr                               0x40000078   Data           4  Os_core.o(.bss)
    OSEventFreeList                          0x4000007c   Data           4  Os_core.o(.bss)
    OSIdleCtrMax                             0x40000080   Data           4  Os_core.o(.bss)
    OSIdleCtrRun                             0x40000084   Data           4  Os_core.o(.bss)
    OSIdleCtr                                0x40000088   Data           4  Os_core.o(.bss)
    OSTCBCur                                 0x4000008c   Data           4  Os_core.o(.bss)
    OSTCBFreeList                            0x40000090   Data           4  Os_core.o(.bss)
    OSTCBHighRdy                             0x40000094   Data           4  Os_core.o(.bss)
    OSTCBList                                0x40000098   Data           4  Os_core.o(.bss)
    OSTime                                   0x4000009c   Data           4  Os_core.o(.bss)
    OSEventTbl                               0x400000a0   Data         180  Os_core.o(.bss)
    OSTaskStatStk                            0x40000154   Data        1024  Os_core.o(.bss)
    OSTaskIdleStk                            0x40000554   Data        1024  Os_core.o(.bss)
    OSTCBPrioTbl                             0x40000954   Data          84  Os_core.o(.bss)
    OSTCBTbl                                 0x400009a8   Data         884  Os_core.o(.bss)
    OSFlagTbl                                0x40000d1c   Data          60  Os_core.o(.bss)
    OSFlagFreeList                           0x40000d58   Data           4  Os_core.o(.bss)
    OSMemFreeList                            0x40000d5c   Data           4  Os_core.o(.bss)
    OSMemTbl                                 0x40000d60   Data         100  Os_core.o(.bss)
    OSQFreeList                              0x40000dc4   Data           4  Os_core.o(.bss)
    OSQTbl                                   0x40000dc8   Data          48  Os_core.o(.bss)
    TaskTestStk                              0x40000df8   Data        1024  main.o(.bss)
    TaskPADRecHandleStk                      0x400011f8   Data        1024  main.o(.bss)
    TaskDeviceCommandStk                     0x400015f8   Data        1024  main.o(.bss)
    TaskServerHandleStk                      0x400019f8   Data        1024  main.o(.bss)
    TaskChipCommStk                          0x40001df8   Data        1024  main.o(.bss)
    TaskTradeStk                             0x400021f8   Data        1024  main.o(.bss)
    TaskDataUploadStk                        0x400025f8   Data        1024  main.o(.bss)
    TaskSysConfigStk                         0x400029f8   Data        1024  main.o(.bss)
    Uart1Sem                                 0x40002f08   Data           4  uart1.o(.bss)
    UART1SendBuf                             0x40002f10   Data         128  uart1.o(.bss)
    UART1RecBuf                              0x40002f90   Data         128  uart1.o(.bss)
    sys_state                                0x40003010   Data          32  sys_state.o(.bss)
    data_upload_sem                          0x40003030   Data           4  chip_communication.o(.bss)
    chip_communication_sem                   0x40003034   Data           4  chip_communication.o(.bss)
    curr_line                                0x40003038   Data         612  chip_communication.o(.bss)
    device_control                           0x4000329c   Data         172  chip_communication.o(.bss)
    chip_communication_temp                  0x40003348   Data          32  chip_communication.o(.bss)
    server_rec_buffer                        0x40003374   Data          94  server_communication.o(.bss)
    server_send_buffer                       0x400033d2   Data          94  server_communication.o(.bss)
    changesite_flag                          0x40003515   Data           1  padcommunication.o(.bss)
    old_station                              0x40003516   Data           1  padcommunication.o(.bss)
    curr_station                             0x40003517   Data           1  padcommunication.o(.bss)
    run_direction                            0x40003518   Data           1  padcommunication.o(.bss)
    PAD_version                              0x4000372c   Data          16  padcommunication.o(.bss)
    store_log_sem                            0x40003740   Data           4  log_data_handle.o(.bss)
    log_index                                0x40003744   Data           8  log_data_handle.o(.bss)
    log_data                                 0x4000374c   Data           8  log_data_handle.o(.bss)
    config_ram                               0x40003754   Data         192  config_manage.o(.bss)
    current_trade_index                      0x40003814   Data           4  trade.o(.bss)
    trade_data_temp                          0x40003818   Data          48  trade.o(.bss)
    trade_manage_data_temp                   0x40003848   Data          44  trade.o(.bss)
    bottom_of_heap                           0x40003b58   Data           1  Startup.o(Heap)
    StackUsr                                 0x40008000   Data           0  Startup.o(Stacks)


================================================================================

Memory Map of the image

  Image Entry point : 0x00000000

  Load Region ROM_LOAD (Base: 0x00000000, Size: 0x0000d6c4, Max: 0xffffffff, ABSOLUTE)

    Execution Region ROM_EXEC (Base: 0x00000000, Size: 0x0000d660, Max: 0xffffffff, ABSOLUTE)

    Base Addr    Size         Type   Attr  Idx  E Section Name        Object

    0x00000000   0x000000b8   Code   RO   166   * vectors             Startup.o
    0x000000b8   0x000000a8   Code   RO   495   * !!!                 __main.o(c_a__un.l)
    0x00000160   0x00000184   Code   RO     6     .text               Os_cpu_c.o
    0x000002e4   0x0000026c   Code   RO   142     .text               target.o
    0x00000550   0x00000884   Code   RO   173     .text               Os_core.o
    0x00000dd4   0x0000097c   Code   RO   193     .text               Os_flag.o
    0x00001750   0x000004c8   Code   RO   202     .text               Os_mbox.o
    0x00001c18   0x000002b4   Code   RO   211     .text               Os_mem.o
    0x00001ecc   0x00000800   Code   RO   229     .text               Os_q.o
    0x000026cc   0x000003e4   Code   RO   238     .text               Os_sem.o
    0x00002ab0   0x00000850   Code   RO   247     .text               Os_task.o
    0x00003300   0x00000224   Code   RO   256     .text               Os_time.o
    0x00003524   0x00000100   Code   RO   265     .text               main.o
    0x00003624   0x000002c8   Code   RO   279     .text               queue.o
    0x000038ec   0x000003c8   Code   RO   288     .text               comm.o
    0x00003cb4   0x00000494   Code   RO   297     .text               uart0.o
    0x00004148   0x00000490   Code   RO   309     .text               uart1.o
    0x000045d8   0x00000068   Code   RO   322     .text               test.o
    0x00004640   0x000000e0   Code   RO   332     .text               IO_driver.o
    0x00004720   0x00000b20   Code   RO   355     .text               chip_communication.o
    0x00005240   0x00001c64   Code   RO   370     .text               server_communication.o
    0x00006ea4   0x000006f0   Code   RO   382     .text               i2c0.o
    0x00007594   0x00000180   Code   RO   393     .text               spi0.o
    0x00007714   0x000021d0   Code   RO   405     .text               padcommunication.o
    0x000098e4   0x00000648   Code   RO   431     .text               log_data_handle.o
    0x00009f2c   0x000002a8   Code   RO   444     .text               config_manage.o
    0x0000a1d4   0x000001e4   Code   RO   458     .text               virtual_memery.o
    0x0000a3b8   0x00000c20   Code   RO   469     .text               trade.o
    0x0000afd8   0x000003d4   Code   RO   483     .text               data_upload.o
    0x0000b3ac   0x00000008   Code   RO   497     .text               _no_redirect.o(c_a__un.l)
    0x0000b3b4   0x00000070   Code   RO   499     .text               _sprintf.o(c_a__un.l)
    0x0000b424   0x00000034   Code   RO   501     .text               atoi.o(c_a__un.l)
    0x0000b458   0x00000080   Code   RO   503     .text               memcmp.o(c_a__un.l)
    0x0000b4d8   0x000000fc   Code   RO   505     .text               rand.o(c_a__un.l)
    0x0000b5d4   0x00000044   Code   RO   508     .text               rt_memclr.o(c_a__un.l)
    0x0000b618   0x00000058   Code   RO   510     .text               rt_memclr_w.o(c_a__un.l)
    0x0000b670   0x000000b4   Code   RO   512     .text               rt_memcpy.o(c_a__un.l)
    0x0000b724   0x0000006c   Code   RO   514     .text               rt_memcpy_w.o(c_a__un.l)
    0x0000b790   0x000000c0   Code   RO   516     .text               rt_udiv.o(c_a__un.l)
    0x0000b850   0x0000002c   Code   RO   518     .text               rtudiv10.o(c_a__un.l)
    0x0000b87c   0x00000068   Code   RO   520     .text               strlen.o(c_a__un.l)
    0x0000b8e4   0x0000007c   Code   RO   522     .text               strncmp.o(c_a__un.l)
    0x0000b960   0x0000008c   Code   RO   524     .text               strncpy.o(c_a__un.l)
    0x0000b9ec   0x00000004   Code   RO   526     .text               use_no_semi.o(c_a__un.l)
    0x0000b9f0   0x00000d38   Code   RO   528     .text               __vfpntf.o(c_a__un.l)
    0x0000c728   0x0000001c   Code   RO   530     .text               _sputc.o(c_a__un.l)
    0x0000c744   0x00000028   Code   RO   532     .text               kernel.o(c_a__un.l)
    0x0000c76c   0x0000000c   Code   RO   534     .text               rt_errno_addr.o(c_a__un.l)
    0x0000c778   0x000000c0   Code   RO   536     .text               strtol.o(c_a__un.l)
    0x0000c838   0x00000108   Code   RO   538     .text               _strtoul.o(c_a__un.l)
    0x0000c940   0x00000018   Code   RO   540     .text               exit.o(c_a__un.l)
    0x0000c958   0x000000fc   Code   RO   542     .text               lib_init.o(c_a__un.l)
    0x0000ca54   0x0000000c   Code   RO   544     .text               libspace.o(c_a__un.l)
    0x0000ca60   0x00000098   Code   RO   547     .text               lludiv10.o(c_a__un.l)
    0x0000caf8   0x00000014   Code   RO   549     .text               rt_ctype_table.o(c_a__un.l)
    0x0000cb0c   0x000000fc   Code   RO   551     .text               stkheap1.o(c_a__un.l)
    0x0000cc08   0x00000020   Code   RO   555     .text               _chval.o(c_a__un.l)
    0x0000cc28   0x0000003c   Code   RO   557     .text               lc_ctype_c.o(c_a__un.l)
    0x0000cc64   0x00000008   Code   RO   560     .text               nofpdisp.o(c_a__un.l)
    0x0000cc6c   0x00000010   Code   RO   564     .text               rt_fp_status_addr.o(c_a__un.l)
    0x0000cc7c   0x000000a0   Code   RO   566     .text               strcmp.o(c_a__un.l)
    0x0000cd1c   0x00000318   Code   RO   162     IRQ                 IRQ.o
    0x0000d034   0x00000110   Code   RO     1     subr                Os_cpu_a.o
    0x0000d144   0x00000014   Code   RO   562     x$fpl$fpinit        fpinit.o(f_a_p.l)
    0x0000d158   0x00000004   Code   RO   553     x$fpl$printf2       printf2.o(f_a_p.l)
    0x0000d15c   0x00000108   Data   RO   174     .constdata          Os_core.o
    0x0000d264   0x00000010   Data   RO   267     .constdata          main.o
    0x0000d274   0x00000020   Data   RO   298     .constdata          uart0.o
    0x0000d294   0x00000020   Data   RO   310     .constdata          uart1.o
    0x0000d2b4   0x00000013   Data   RO   323     .constdata          test.o
    0x0000d2c7   0x00000001   PAD
    0x0000d2c8   0x000000c0   Data   RO   371     .constdata          server_communication.o
    0x0000d388   0x00000058   Data   RO   406     .constdata          padcommunication.o
    0x0000d3e0   0x000000c0   Data   RO   445     .constdata          config_manage.o
    0x0000d4a0   0x00000070   Data   RO   459     .constdata          virtual_memery.o
    0x0000d510   0x00000110   Data   RO   558     .constdata          lc_ctype_c.o(c_a__un.l)
    0x0000d620   0x00000030   Data   RO   568     Region$$Table       anon$$obj.o
    0x0000d650   0x00000010   Data   RO   569     ZISection$$Table    anon$$obj.o


    Execution Region IRAM (Base: 0x40000000, Size: 0x00003b58, Max: 0xffffffff, ABSOLUTE)

    Base Addr    Size         Type   Attr  Idx  E Section Name        Object

    0x40000000   0x00000064   Data   RW   408     .data               padcommunication.o
    0x40000064   0x00000004   Zero   RW     7     .bss                Os_cpu_c.o
    0x40000068   0x00000cb4   Zero   RW   175     .bss                Os_core.o
    0x40000d1c   0x0000003c   Zero   RW   176     .bss                Os_core.o
    0x40000d58   0x00000004   Zero   RW   177     .bss                Os_core.o
    0x40000d5c   0x00000004   Zero   RW   178     .bss                Os_core.o
    0x40000d60   0x00000064   Zero   RW   179     .bss                Os_core.o
    0x40000dc4   0x00000004   Zero   RW   180     .bss                Os_core.o
    0x40000dc8   0x00000030   Zero   RW   181     .bss                Os_core.o
    0x40000df8   0x00002000   Zero   RW   266     .bss                main.o
    0x40002df8   0x0000010c   Zero   RW   299     .bss                uart0.o
    0x40002f04   0x0000010c   Zero   RW   311     .bss                uart1.o
    0x40003010   0x00000020   Zero   RW   347     .bss                sys_state.o
    0x40003030   0x00000338   Zero   RW   356     .bss                chip_communication.o
    0x40003368   0x000000c8   Zero   RW   372     .bss                server_communication.o
    0x40003430   0x00000018   Zero   RW   383     .bss                i2c0.o
    0x40003448   0x000000cc   Zero   RW   394     .bss                spi0.o
    0x40003514   0x00000228   Zero   RW   407     .bss                padcommunication.o
    0x4000373c   0x00000018   Zero   RW   432     .bss                log_data_handle.o
    0x40003754   0x000000c0   Zero   RW   446     .bss                config_manage.o
    0x40003814   0x00000060   Zero   RW   470     .bss                trade.o
    0x40003874   0x000000e4   Zero   RW   506     .bss                rand.o(c_a__un.l)
    0x40003958   0x00000060   Zero   RW   545     .bss                libspace.o(c_a__un.l)
    0x400039b8   0x00000120   Zero   RW   167     MyStacks            Startup.o
    0x40003ad8   0x00000080   Zero   RW     2     SWIStacks           Os_cpu_a.o


    Execution Region HEAP (Base: 0x40003b58, Size: 0x00000004, Max: 0xffffffff, ABSOLUTE, UNINIT)

    Base Addr    Size         Type   Attr  Idx  E Section Name        Object

    0x40003b58   0x00000004   Zero   RW   168     Heap                Startup.o


    Execution Region STACKS (Base: 0x40008000, Size: 0x00000000, Max: 0xffffffff, ABSOLUTE, UNINIT)

    Base Addr    Size         Type   Attr  Idx  E Section Name        Object

    0x40008000   0x00000000   Zero   RW   169     Stacks              Startup.o



  Load Region LR$$Debug (Base: 0x00000000, Size: 0x00000000, Max: 0xffffffff, ABSOLUTE)

    Execution Region ER$$Debug (Base: 0x00000000, Size: 0x00000000, Max: 0xffffffff, ABSOLUTE)

    Base Addr    Size         Type   Attr  Idx  E Section Name        Object

    0x00000000   0x00000010   Dbug   RW     5     .debug_abbrev       Os_cpu_a.o
    0x00000010   0x000003ec   Dbug   RW    16     .debug_abbrev       Os_cpu_c.o
    0x000003fc   0x00000010   Dbug   RW   165     .debug_abbrev       IRQ.o
    0x0000040c   0x00000010   Dbug   RW   172     .debug_abbrev       Startup.o
    0x00000000   0x000000f8   Dbug   RW    15     .debug_frame        Os_cpu_c.o
    0x000000f8   0x000001a8   Dbug   RW   150     .debug_frame        target.o
    0x000002a0   0x000002c0   Dbug   RW   189     .debug_frame        Os_core.o
    0x00000560   0x00000188   Dbug   RW   201     .debug_frame        Os_flag.o
    0x000006e8   0x00000128   Dbug   RW   210     .debug_frame        Os_mbox.o
    0x00000810   0x000000cc   Dbug   RW   219     .debug_frame        Os_mem.o
    0x000008dc   0x00000184   Dbug   RW   237     .debug_frame        Os_q.o
    0x00000a60   0x00000104   Dbug   RW   246     .debug_frame        Os_sem.o
    0x00000b64   0x0000019c   Dbug   RW   255     .debug_frame        Os_task.o
    0x00000d00   0x000000dc   Dbug   RW   264     .debug_frame        Os_time.o
    0x00000ddc   0x00000048   Dbug   RW   276     .debug_frame        main.o
    0x00000e24   0x00000120   Dbug   RW   287     .debug_frame        queue.o
    0x00000f44   0x000000f8   Dbug   RW   296     .debug_frame        comm.o
    0x0000103c   0x00000168   Dbug   RW   308     .debug_frame        uart0.o
    0x000011a4   0x00000168   Dbug   RW   321     .debug_frame        uart1.o
    0x0000130c   0x00000048   Dbug   RW   331     .debug_frame        test.o
    0x00001354   0x0000003c   Dbug   RW   346     .debug_frame        IO_driver.o
    0x00001390   0x00000110   Dbug   RW   367     .debug_frame        chip_communication.o
    0x000014a0   0x000004ec   Dbug   RW   381     .debug_frame        server_communication.o
    0x0000198c   0x00000150   Dbug   RW   392     .debug_frame        i2c0.o
    0x00001adc   0x00000080   Dbug   RW   404     .debug_frame        spi0.o
    0x00001b5c   0x000003f8   Dbug   RW   421     .debug_frame        padcommunication.o
    0x00001f54   0x00000110   Dbug   RW   441     .debug_frame        log_data_handle.o
    0x00002064   0x000000bc   Dbug   RW   455     .debug_frame        config_manage.o
    0x00002120   0x0000009c   Dbug   RW   468     .debug_frame        virtual_memery.o
    0x000021bc   0x000000a8   Dbug   RW   480     .debug_frame        trade.o
    0x00002264   0x00000060   Dbug   RW   491     .debug_frame        data_upload.o
    0x000022c4   0x0000003c   Dbug   RW   496     .debug_frame        __main.o(c_a__un.l)
    0x00002300   0x0000004c   Dbug   RW   498     .debug_frame        _no_redirect.o(c_a__un.l)
    0x0000234c   0x0000005c   Dbug   RW   500     .debug_frame        _sprintf.o(c_a__un.l)
    0x000023a8   0x00000050   Dbug   RW   502     .debug_frame        atoi.o(c_a__un.l)
    0x000023f8   0x0000003c   Dbug   RW   504     .debug_frame        memcmp.o(c_a__un.l)
    0x00002434   0x00000080   Dbug   RW   507     .debug_frame        rand.o(c_a__un.l)
    0x000024b4   0x00000044   Dbug   RW   509     .debug_frame        rt_memclr.o(c_a__un.l)
    0x000024f8   0x00000054   Dbug   RW   511     .debug_frame        rt_memclr_w.o(c_a__un.l)
    0x0000254c   0x0000003c   Dbug   RW   513     .debug_frame        rt_memcpy.o(c_a__un.l)
    0x00002588   0x00000054   Dbug   RW   515     .debug_frame        rt_memcpy_w.o(c_a__un.l)
    0x000025dc   0x00000044   Dbug   RW   517     .debug_frame        rt_udiv.o(c_a__un.l)
    0x00002620   0x00000044   Dbug   RW   519     .debug_frame        rtudiv10.o(c_a__un.l)
    0x00002664   0x0000003c   Dbug   RW   521     .debug_frame        strlen.o(c_a__un.l)
    0x000026a0   0x0000004c   Dbug   RW   523     .debug_frame        strncmp.o(c_a__un.l)
    0x000026ec   0x0000005c   Dbug   RW   525     .debug_frame        strncpy.o(c_a__un.l)
    0x00002748   0x00000044   Dbug   RW   527     .debug_frame        use_no_semi.o(c_a__un.l)
    0x0000278c   0x000000b0   Dbug   RW   529     .debug_frame        __vfpntf.o(c_a__un.l)
    0x0000283c   0x0000004c   Dbug   RW   531     .debug_frame        _sputc.o(c_a__un.l)
    0x00002888   0x00000058   Dbug   RW   533     .debug_frame        kernel.o(c_a__un.l)
    0x000028e0   0x0000004c   Dbug   RW   535     .debug_frame        rt_errno_addr.o(c_a__un.l)
    0x0000292c   0x00000068   Dbug   RW   537     .debug_frame        strtol.o(c_a__un.l)
    0x00002994   0x00000080   Dbug   RW   539     .debug_frame        _strtoul.o(c_a__un.l)
    0x00002a14   0x0000004c   Dbug   RW   541     .debug_frame        exit.o(c_a__un.l)
    0x00002a60   0x0000007c   Dbug   RW   543     .debug_frame        lib_init.o(c_a__un.l)
    0x00002adc   0x00000044   Dbug   RW   546     .debug_frame        libspace.o(c_a__un.l)
    0x00002b20   0x00000058   Dbug   RW   548     .debug_frame        lludiv10.o(c_a__un.l)
    0x00002b78   0x0000004c   Dbug   RW   550     .debug_frame        rt_ctype_table.o(c_a__un.l)
    0x00002bc4   0x00000080   Dbug   RW   552     .debug_frame        stkheap1.o(c_a__un.l)
    0x00002c44   0x0000003c   Dbug   RW   554     .debug_frame        printf2.o(f_a_p.l)
    0x00002c80   0x0000003c   Dbug   RW   556     .debug_frame        _chval.o(c_a__un.l)
    0x00002cbc   0x0000004c   Dbug   RW   559     .debug_frame        lc_ctype_c.o(c_a__un.l)
    0x00002d08   0x0000003c   Dbug   RW   561     .debug_frame        nofpdisp.o(c_a__un.l)
    0x00002d44   0x0000004c   Dbug   RW   563     .debug_frame        fpinit.o(f_a_p.l)
    0x00002d90   0x0000004c   Dbug   RW   565     .debug_frame        rt_fp_status_addr.o(c_a__un.l)
    0x00002ddc   0x00000054   Dbug   RW   567     .debug_frame        strcmp.o(c_a__un.l)
    0x00000000   0x000000b4   Dbug   RW     3     .debug_info         Os_cpu_a.o
    0x000000b4   0x00000180   Dbug   RW    22     .debug_info         Os_cpu_c.o
    0x00000234   0x000000b0   Dbug   RW     9     .debug_info         Os_cpu_c.o
    0x000002e4   0x000000b0   Dbug   RW    26     .debug_info         Os_cpu_c.o
    0x00000394   0x00000a68   Dbug   RW    30     .debug_info         Os_cpu_c.o
    0x00000dfc   0x000003a8   Dbug   RW    12     .debug_info         Os_cpu_c.o
    0x000011a4   0x0000014c   Dbug   RW    18     .debug_info         Os_cpu_c.o
    0x000012f0   0x00000108   Dbug   RW    41     .debug_info         Os_cpu_c.o
    0x000013f8   0x00000234   Dbug   RW    48     .debug_info         Os_cpu_c.o
    0x0000162c   0x0000014c   Dbug   RW    60     .debug_info         Os_cpu_c.o
    0x00001778   0x00000170   Dbug   RW    68     .debug_info         Os_cpu_c.o
    0x000018e8   0x00000128   Dbug   RW    72     .debug_info         Os_cpu_c.o
    0x00001a10   0x00000638   Dbug   RW    99     .debug_info         Os_cpu_c.o
    0x00002048   0x00000418   Dbug   RW   110     .debug_info         Os_cpu_c.o
    0x00002460   0x000002bc   Dbug   RW   121     .debug_info         Os_cpu_c.o
    0x0000271c   0x000007bc   Dbug   RW   125     .debug_info         Os_cpu_c.o
    0x00002ed8   0x00000238   Dbug   RW   136     .debug_info         Os_cpu_c.o
    0x00003110   0x000000c0   Dbug   RW   144     .debug_info         target.o
    0x000031d0   0x000000e4   Dbug   RW   159     .debug_info         target.o
    0x000032b4   0x000006bc   Dbug   RW   147     .debug_info         target.o
    0x00003970   0x0000017c   Dbug   RW   151     .debug_info         target.o
    0x00003aec   0x000000b0   Dbug   RW   154     .debug_info         target.o
    0x00003b9c   0x00000a68   Dbug   RW   156     .debug_info         target.o
    0x00004604   0x000000b4   Dbug   RW   163     .debug_info         IRQ.o
    0x000046b8   0x000000b4   Dbug   RW   170     .debug_info         Startup.o
    0x0000476c   0x00000b14   Dbug   RW   190     .debug_info         Os_core.o
    0x00005280   0x00000a20   Dbug   RW   186     .debug_info         Os_core.o
    0x00005ca0   0x000000b0   Dbug   RW   195     .debug_info         Os_flag.o
    0x00005d50   0x00000ba0   Dbug   RW   198     .debug_info         Os_flag.o
    0x000068f0   0x000000b8   Dbug   RW   204     .debug_info         Os_mbox.o
    0x000069a8   0x00000694   Dbug   RW   207     .debug_info         Os_mbox.o
    0x0000703c   0x000000b4   Dbug   RW   213     .debug_info         Os_mem.o
    0x000070f0   0x000003b8   Dbug   RW   216     .debug_info         Os_mem.o
    0x000074a8   0x000000b4   Dbug   RW   231     .debug_info         Os_q.o
    0x0000755c   0x00000970   Dbug   RW   234     .debug_info         Os_q.o
    0x00007ecc   0x000000b0   Dbug   RW   240     .debug_info         Os_sem.o
    0x00007f7c   0x000004f4   Dbug   RW   243     .debug_info         Os_sem.o
    0x00008470   0x00000a20   Dbug   RW   252     .debug_info         Os_task.o
    0x00008e90   0x0000034c   Dbug   RW   261     .debug_info         Os_time.o
    0x000091dc   0x00000204   Dbug   RW   269     .debug_info         main.o
    0x000093e0   0x00000240   Dbug   RW   273     .debug_info         main.o
    0x00009620   0x000001b0   Dbug   RW   277     .debug_info         main.o
    0x000097d0   0x000005d0   Dbug   RW   284     .debug_info         queue.o
    0x00009da0   0x000000ac   Dbug   RW   290     .debug_info         comm.o
    0x00009e4c   0x000005c0   Dbug   RW   293     .debug_info         comm.o
    0x0000a40c   0x00000174   Dbug   RW   301     .debug_info         uart0.o
    0x0000a580   0x0000094c   Dbug   RW   305     .debug_info         uart0.o
    0x0000aecc   0x00000188   Dbug   RW   314     .debug_info         uart1.o
    0x0000b054   0x00000958   Dbug   RW   318     .debug_info         uart1.o
    0x0000b9ac   0x000001cc   Dbug   RW   328     .debug_info         test.o
    0x0000bb78   0x000000dc   Dbug   RW   343     .debug_info         IO_driver.o
    0x0000bc54   0x00000640   Dbug   RW   351     .debug_info         sys_state.o
    0x0000c294   0x00000170   Dbug   RW   360     .debug_info         chip_communication.o
    0x0000c404   0x00001090   Dbug   RW   364     .debug_info         chip_communication.o
    0x0000d494   0x00000914   Dbug   RW   368     .debug_info         chip_communication.o
    0x0000dda8   0x000001f8   Dbug   RW   374     .debug_info         server_communication.o
    0x0000dfa0   0x00002944   Dbug   RW   378     .debug_info         server_communication.o
    0x000108e4   0x00000160   Dbug   RW   385     .debug_info         i2c0.o
    0x00010a44   0x00000814   Dbug   RW   389     .debug_info         i2c0.o
    0x00011258   0x00000128   Dbug   RW   397     .debug_info         spi0.o
    0x00011380   0x000002e4   Dbug   RW   401     .debug_info         spi0.o
    0x00011664   0x000002c0   Dbug   RW   422     .debug_info         padcommunication.o
    0x00011924   0x0000020c   Dbug   RW   414     .debug_info         padcommunication.o
    0x00011b30   0x000007c0   Dbug   RW   424     .debug_info         padcommunication.o
    0x000122f0   0x00000238   Dbug   RW   426     .debug_info         padcommunication.o
    0x00012528   0x00002788   Dbug   RW   418     .debug_info         padcommunication.o
    0x00014cb0   0x000002c4   Dbug   RW   442     .debug_info         log_data_handle.o
    0x00014f74   0x000000d8   Dbug   RW   434     .debug_info         log_data_handle.o
    0x0001504c   0x00000af8   Dbug   RW   438     .debug_info         log_data_handle.o
    0x00015b44   0x00000650   Dbug   RW   456     .debug_info         config_manage.o
    0x00016194   0x000000e4   Dbug   RW   448     .debug_info         config_manage.o
    0x00016278   0x00000520   Dbug   RW   452     .debug_info         config_manage.o
    0x00016798   0x000000dc   Dbug   RW   461     .debug_info         virtual_memery.o
    0x00016874   0x000003bc   Dbug   RW   465     .debug_info         virtual_memery.o
    0x00016c30   0x00000244   Dbug   RW   481     .debug_info         trade.o
    0x00016e74   0x000008ec   Dbug   RW   477     .debug_info         trade.o
    0x00017760   0x000006c4   Dbug   RW   488     .debug_info         data_upload.o
    0x00000000   0x000000d8   Dbug   RW     4     .debug_line         Os_cpu_a.o
    0x000000d8   0x000000f8   Dbug   RW     8     .debug_line         Os_cpu_c.o
    0x000001d0   0x00000198   Dbug   RW    11     .debug_line         Os_cpu_c.o
    0x00000368   0x00000084   Dbug   RW    17     .debug_line         Os_cpu_c.o
    0x000003ec   0x00000088   Dbug   RW    21     .debug_line         Os_cpu_c.o
    0x00000474   0x00000088   Dbug   RW    25     .debug_line         Os_cpu_c.o
    0x000004fc   0x00000088   Dbug   RW    29     .debug_line         Os_cpu_c.o
    0x00000584   0x00000050   Dbug   RW    40     .debug_line         Os_cpu_c.o
    0x000005d4   0x00000050   Dbug   RW    47     .debug_line         Os_cpu_c.o
    0x00000624   0x00000084   Dbug   RW    59     .debug_line         Os_cpu_c.o
    0x000006a8   0x00000088   Dbug   RW    63     .debug_line         Os_cpu_c.o
    0x00000730   0x00000088   Dbug   RW    67     .debug_line         Os_cpu_c.o
    0x000007b8   0x0000008c   Dbug   RW    71     .debug_line         Os_cpu_c.o
    0x00000844   0x0000008c   Dbug   RW    98     .debug_line         Os_cpu_c.o
    0x000008d0   0x00000108   Dbug   RW   105     .debug_line         Os_cpu_c.o
    0x000009d8   0x00000094   Dbug   RW   109     .debug_line         Os_cpu_c.o
    0x00000a6c   0x00000178   Dbug   RW   113     .debug_line         Os_cpu_c.o
    0x00000be4   0x00000094   Dbug   RW   120     .debug_line         Os_cpu_c.o
    0x00000c78   0x0000017c   Dbug   RW   124     .debug_line         Os_cpu_c.o
    0x00000df4   0x000000fc   Dbug   RW   131     .debug_line         Os_cpu_c.o
    0x00000ef0   0x000000f4   Dbug   RW   135     .debug_line         Os_cpu_c.o
    0x00000fe4   0x00000138   Dbug   RW   143     .debug_line         target.o
    0x0000111c   0x000001a8   Dbug   RW   146     .debug_line         target.o
    0x000012c4   0x00000050   Dbug   RW   158     .debug_line         target.o
    0x00001314   0x000000ac   Dbug   RW   164     .debug_line         IRQ.o
    0x000013c0   0x000000cc   Dbug   RW   171     .debug_line         Startup.o
    0x0000148c   0x00000364   Dbug   RW   185     .debug_line         Os_core.o
    0x000017f0   0x000000f8   Dbug   RW   194     .debug_line         Os_flag.o
    0x000018e8   0x000003b0   Dbug   RW   197     .debug_line         Os_flag.o
    0x00001c98   0x000000f8   Dbug   RW   203     .debug_line         Os_mbox.o
    0x00001d90   0x0000027c   Dbug   RW   206     .debug_line         Os_mbox.o
    0x0000200c   0x000000f8   Dbug   RW   212     .debug_line         Os_mem.o
    0x00002104   0x000001e8   Dbug   RW   215     .debug_line         Os_mem.o
    0x000022ec   0x000000f4   Dbug   RW   230     .debug_line         Os_q.o
    0x000023e0   0x0000034c   Dbug   RW   233     .debug_line         Os_q.o
    0x0000272c   0x000000f8   Dbug   RW   239     .debug_line         Os_sem.o
    0x00002824   0x00000234   Dbug   RW   242     .debug_line         Os_sem.o
    0x00002a58   0x000002fc   Dbug   RW   251     .debug_line         Os_task.o
    0x00002d54   0x00000188   Dbug   RW   260     .debug_line         Os_time.o
    0x00002edc   0x00000128   Dbug   RW   268     .debug_line         main.o
    0x00003004   0x000000dc   Dbug   RW   272     .debug_line         main.o
    0x000030e0   0x000001a8   Dbug   RW   283     .debug_line         queue.o
    0x00003288   0x000000f4   Dbug   RW   289     .debug_line         comm.o
    0x0000337c   0x00000200   Dbug   RW   292     .debug_line         comm.o
    0x0000357c   0x000000f8   Dbug   RW   300     .debug_line         uart0.o
    0x00003674   0x00000224   Dbug   RW   304     .debug_line         uart0.o
    0x00003898   0x000000f8   Dbug   RW   313     .debug_line         uart1.o
    0x00003990   0x00000220   Dbug   RW   317     .debug_line         uart1.o
    0x00003bb0   0x00000110   Dbug   RW   327     .debug_line         test.o
    0x00003cc0   0x00000120   Dbug   RW   342     .debug_line         IO_driver.o
    0x00003de0   0x00000108   Dbug   RW   359     .debug_line         chip_communication.o
    0x00003ee8   0x000002c0   Dbug   RW   363     .debug_line         chip_communication.o
    0x000041a8   0x0000010c   Dbug   RW   373     .debug_line         server_communication.o
    0x000042b4   0x000004dc   Dbug   RW   377     .debug_line         server_communication.o
    0x00004790   0x000000f8   Dbug   RW   384     .debug_line         i2c0.o
    0x00004888   0x00000254   Dbug   RW   388     .debug_line         i2c0.o
    0x00004adc   0x000000f8   Dbug   RW   396     .debug_line         spi0.o
    0x00004bd4   0x00000168   Dbug   RW   400     .debug_line         spi0.o
    0x00004d3c   0x00000108   Dbug   RW   413     .debug_line         padcommunication.o
    0x00004e44   0x00000720   Dbug   RW   417     .debug_line         padcommunication.o
    0x00005564   0x00000100   Dbug   RW   433     .debug_line         log_data_handle.o
    0x00005664   0x00000238   Dbug   RW   437     .debug_line         log_data_handle.o
    0x0000589c   0x00000100   Dbug   RW   447     .debug_line         config_manage.o
    0x0000599c   0x0000015c   Dbug   RW   451     .debug_line         config_manage.o
    0x00005af8   0x00000104   Dbug   RW   460     .debug_line         virtual_memery.o
    0x00005bfc   0x0000015c   Dbug   RW   464     .debug_line         virtual_memery.o
    0x00005d58   0x000002b8   Dbug   RW   476     .debug_line         trade.o
    0x00006010   0x000001a4   Dbug   RW   487     .debug_line         data_upload.o
    0x00000000   0x000002b4   Dbug   RW    14     .debug_loc          Os_cpu_c.o
    0x000002b4   0x00000324   Dbug   RW   149     .debug_loc          target.o
    0x000005d8   0x0000065c   Dbug   RW   188     .debug_loc          Os_core.o
    0x00000c34   0x000009e8   Dbug   RW   200     .debug_loc          Os_flag.o
    0x0000161c   0x00000464   Dbug   RW   209     .debug_loc          Os_mbox.o
    0x00001a80   0x000002b8   Dbug   RW   218     .debug_loc          Os_mem.o
    0x00001d38   0x000006a8   Dbug   RW   236     .debug_loc          Os_q.o
    0x000023e0   0x00000368   Dbug   RW   245     .debug_loc          Os_sem.o
    0x00002748   0x00000774   Dbug   RW   254     .debug_loc          Os_task.o
    0x00002ebc   0x00000234   Dbug   RW   263     .debug_loc          Os_time.o
    0x000030f0   0x000000e0   Dbug   RW   275     .debug_loc          main.o
    0x000031d0   0x00000414   Dbug   RW   286     .debug_loc          queue.o
    0x000035e4   0x00000518   Dbug   RW   295     .debug_loc          comm.o
    0x00003afc   0x00000564   Dbug   RW   307     .debug_loc          uart0.o
    0x00004060   0x00000564   Dbug   RW   320     .debug_loc          uart1.o
    0x000045c4   0x00000078   Dbug   RW   330     .debug_loc          test.o
    0x0000463c   0x00000014   Dbug   RW   345     .debug_loc          IO_driver.o
    0x00004650   0x00000790   Dbug   RW   366     .debug_loc          chip_communication.o
    0x00004de0   0x00001990   Dbug   RW   380     .debug_loc          server_communication.o
    0x00006770   0x000004f0   Dbug   RW   391     .debug_loc          i2c0.o
    0x00006c60   0x00000134   Dbug   RW   403     .debug_loc          spi0.o
    0x00006d94   0x00001484   Dbug   RW   420     .debug_loc          padcommunication.o
    0x00008218   0x00000508   Dbug   RW   440     .debug_loc          log_data_handle.o
    0x00008720   0x000001fc   Dbug   RW   454     .debug_loc          config_manage.o
    0x0000891c   0x000001cc   Dbug   RW   467     .debug_loc          virtual_memery.o
    0x00008ae8   0x0000035c   Dbug   RW   479     .debug_loc          trade.o
    0x00008e44   0x0000018c   Dbug   RW   490     .debug_loc          data_upload.o
    0x00000000   0x00000194   Dbug   RW    10     .debug_macinfo      Os_cpu_c.o
    0x00000194   0x000000b8   Dbug   RW    20     .debug_macinfo      Os_cpu_c.o
    0x0000024c   0x000000cc   Dbug   RW    24     .debug_macinfo      Os_cpu_c.o
    0x00000318   0x00000408   Dbug   RW    28     .debug_macinfo      Os_cpu_c.o
    0x00000720   0x00000904   Dbug   RW    32     .debug_macinfo      Os_cpu_c.o
    0x00001024   0x000001f0   Dbug   RW    43     .debug_macinfo      Os_cpu_c.o
    0x00001214   0x0000015c   Dbug   RW    50     .debug_macinfo      Os_cpu_c.o
    0x00001370   0x0000007c   Dbug   RW    62     .debug_macinfo      Os_cpu_c.o
    0x000013ec   0x00000020   Dbug   RW    66     .debug_macinfo      Os_cpu_c.o
    0x0000140c   0x0000009c   Dbug   RW    70     .debug_macinfo      Os_cpu_c.o
    0x000014a8   0x0000009c   Dbug   RW    74     .debug_macinfo      Os_cpu_c.o
    0x00001544   0x00000c74   Dbug   RW   101     .debug_macinfo      Os_cpu_c.o
    0x000021b8   0x000002b4   Dbug   RW   108     .debug_macinfo      Os_cpu_c.o
    0x0000246c   0x00000384   Dbug   RW   112     .debug_macinfo      Os_cpu_c.o
    0x000027f0   0x00000bb0   Dbug   RW   116     .debug_macinfo      Os_cpu_c.o
    0x000033a0   0x000000d8   Dbug   RW   123     .debug_macinfo      Os_cpu_c.o
    0x00003478   0x00000150   Dbug   RW   127     .debug_macinfo      Os_cpu_c.o
    0x000035c8   0x000019b4   Dbug   RW   134     .debug_macinfo      Os_cpu_c.o
    0x00004f7c   0x00000058   Dbug   RW   138     .debug_macinfo      Os_cpu_c.o
    0x00004fd4   0x00000198   Dbug   RW   145     .debug_macinfo      target.o
    0x0000516c   0x000000d4   Dbug   RW   153     .debug_macinfo      target.o
    0x00005240   0x0000004c   Dbug   RW   161     .debug_macinfo      target.o
    0x0000528c   0x00000900   Dbug   RW   192     .debug_macinfo      Os_core.o
    0x00005b8c   0x00000180   Dbug   RW   196     .debug_macinfo      Os_flag.o
    0x00005d0c   0x00000180   Dbug   RW   205     .debug_macinfo      Os_mbox.o
    0x00005e8c   0x00000180   Dbug   RW   214     .debug_macinfo      Os_mem.o
    0x0000600c   0x00000180   Dbug   RW   232     .debug_macinfo      Os_q.o
    0x0000618c   0x00000180   Dbug   RW   241     .debug_macinfo      Os_sem.o
    0x0000630c   0x00000244   Dbug   RW   271     .debug_macinfo      main.o
    0x00006550   0x00000180   Dbug   RW   291     .debug_macinfo      comm.o
    0x000066d0   0x00000180   Dbug   RW   303     .debug_macinfo      uart0.o
    0x00006850   0x00000180   Dbug   RW   316     .debug_macinfo      uart1.o
    0x000069d0   0x00000180   Dbug   RW   362     .debug_macinfo      chip_communication.o
    0x00006b50   0x000002f8   Dbug   RW   376     .debug_macinfo      server_communication.o
    0x00006e48   0x00000180   Dbug   RW   387     .debug_macinfo      i2c0.o
    0x00006fc8   0x000001b0   Dbug   RW   399     .debug_macinfo      spi0.o
    0x00007178   0x000003e0   Dbug   RW   416     .debug_macinfo      padcommunication.o
    0x00007558   0x00000180   Dbug   RW   436     .debug_macinfo      log_data_handle.o
    0x000076d8   0x0000020c   Dbug   RW   450     .debug_macinfo      config_manage.o
    0x000078e4   0x00000180   Dbug   RW   463     .debug_macinfo      virtual_memery.o
    0x00000000   0x000000f4   Dbug   RW    13     .debug_pubnames     Os_cpu_c.o
    0x000000f4   0x00000064   Dbug   RW    19     .debug_pubnames     Os_cpu_c.o
    0x00000158   0x0000008c   Dbug   RW    23     .debug_pubnames     Os_cpu_c.o
    0x000001e4   0x00000020   Dbug   RW    27     .debug_pubnames     Os_cpu_c.o
    0x00000204   0x000002e0   Dbug   RW    31     .debug_pubnames     Os_cpu_c.o
    0x000004e4   0x00000084   Dbug   RW    42     .debug_pubnames     Os_cpu_c.o
    0x00000568   0x000000e0   Dbug   RW    49     .debug_pubnames     Os_cpu_c.o
    0x00000648   0x00000020   Dbug   RW    61     .debug_pubnames     Os_cpu_c.o
    0x00000668   0x00000034   Dbug   RW    69     .debug_pubnames     Os_cpu_c.o
    0x0000069c   0x0000004c   Dbug   RW    73     .debug_pubnames     Os_cpu_c.o
    0x000006e8   0x000000e0   Dbug   RW   100     .debug_pubnames     Os_cpu_c.o
    0x000007c8   0x000000ac   Dbug   RW   111     .debug_pubnames     Os_cpu_c.o
    0x00000874   0x0000007c   Dbug   RW   122     .debug_pubnames     Os_cpu_c.o
    0x000008f0   0x00000144   Dbug   RW   126     .debug_pubnames     Os_cpu_c.o
    0x00000a34   0x00000074   Dbug   RW   137     .debug_pubnames     Os_cpu_c.o
    0x00000aa8   0x00000174   Dbug   RW   148     .debug_pubnames     target.o
    0x00000c1c   0x0000008c   Dbug   RW   152     .debug_pubnames     target.o
    0x00000ca8   0x00000020   Dbug   RW   155     .debug_pubnames     target.o
    0x00000cc8   0x000002e0   Dbug   RW   157     .debug_pubnames     target.o
    0x00000fa8   0x00000058   Dbug   RW   160     .debug_pubnames     target.o
    0x00001000   0x000001a4   Dbug   RW   187     .debug_pubnames     Os_core.o
    0x000011a4   0x000002e0   Dbug   RW   191     .debug_pubnames     Os_core.o
    0x00001484   0x000000b8   Dbug   RW   199     .debug_pubnames     Os_flag.o
    0x0000153c   0x00000084   Dbug   RW   208     .debug_pubnames     Os_mbox.o
    0x000015c0   0x0000005c   Dbug   RW   217     .debug_pubnames     Os_mem.o
    0x0000161c   0x00000098   Dbug   RW   235     .debug_pubnames     Os_q.o
    0x000016b4   0x0000006c   Dbug   RW   244     .debug_pubnames     Os_sem.o
    0x00001720   0x000000b0   Dbug   RW   253     .debug_pubnames     Os_task.o
    0x000017d0   0x00000064   Dbug   RW   262     .debug_pubnames     Os_time.o
    0x00001834   0x000000bc   Dbug   RW   270     .debug_pubnames     main.o
    0x000018f0   0x0000001c   Dbug   RW   274     .debug_pubnames     main.o
    0x0000190c   0x00000104   Dbug   RW   278     .debug_pubnames     main.o
    0x00001a10   0x00000080   Dbug   RW   285     .debug_pubnames     queue.o
    0x00001a90   0x00000068   Dbug   RW   294     .debug_pubnames     comm.o
    0x00001af8   0x00000084   Dbug   RW   302     .debug_pubnames     uart0.o
    0x00001b7c   0x000000b0   Dbug   RW   306     .debug_pubnames     uart0.o
    0x00001c2c   0x00000090   Dbug   RW   315     .debug_pubnames     uart1.o
    0x00001cbc   0x000000b0   Dbug   RW   319     .debug_pubnames     uart1.o
    0x00001d6c   0x00000020   Dbug   RW   329     .debug_pubnames     test.o
    0x00001d8c   0x00000020   Dbug   RW   344     .debug_pubnames     IO_driver.o
    0x00001dac   0x000000e0   Dbug   RW   352     .debug_pubnames     sys_state.o
    0x00001e8c   0x00000080   Dbug   RW   361     .debug_pubnames     chip_communication.o
    0x00001f0c   0x00000080   Dbug   RW   365     .debug_pubnames     chip_communication.o
    0x00001f8c   0x00000168   Dbug   RW   369     .debug_pubnames     chip_communication.o
    0x000020f4   0x000000c0   Dbug   RW   375     .debug_pubnames     server_communication.o
    0x000021b4   0x0000031c   Dbug   RW   379     .debug_pubnames     server_communication.o
    0x000024d0   0x0000007c   Dbug   RW   386     .debug_pubnames     i2c0.o
    0x0000254c   0x00000098   Dbug   RW   390     .debug_pubnames     i2c0.o
    0x000025e4   0x00000054   Dbug   RW   398     .debug_pubnames     spi0.o
    0x00002638   0x00000048   Dbug   RW   402     .debug_pubnames     spi0.o
    0x00002680   0x000000cc   Dbug   RW   415     .debug_pubnames     padcommunication.o
    0x0000274c   0x000001c0   Dbug   RW   419     .debug_pubnames     padcommunication.o
    0x0000290c   0x000000ac   Dbug   RW   423     .debug_pubnames     padcommunication.o
    0x000029b8   0x00000144   Dbug   RW   425     .debug_pubnames     padcommunication.o
    0x00002afc   0x00000074   Dbug   RW   427     .debug_pubnames     padcommunication.o
    0x00002b70   0x00000024   Dbug   RW   435     .debug_pubnames     log_data_handle.o
    0x00002b94   0x00000070   Dbug   RW   439     .debug_pubnames     log_data_handle.o
    0x00002c04   0x0000007c   Dbug   RW   443     .debug_pubnames     log_data_handle.o
    0x00002c80   0x0000002c   Dbug   RW   449     .debug_pubnames     config_manage.o
    0x00002cac   0x00000058   Dbug   RW   453     .debug_pubnames     config_manage.o
    0x00002d04   0x000000d4   Dbug   RW   457     .debug_pubnames     config_manage.o
    0x00002dd8   0x00000024   Dbug   RW   462     .debug_pubnames     virtual_memery.o
    0x00002dfc   0x00000050   Dbug   RW   466     .debug_pubnames     virtual_memery.o
    0x00002e4c   0x0000004c   Dbug   RW   478     .debug_pubnames     trade.o
    0x00002e98   0x00000074   Dbug   RW   482     .debug_pubnames     trade.o
    0x00002f0c   0x0000003c   Dbug   RW   489     .debug_pubnames     data_upload.o


================================================================================

Image component sizes


      Code    RO Data    RW Data    ZI Data      Debug   Object Name

       692          0          0          0       3244   Os_mem.o
      3104          0          0         96       4780   trade.o
       104         19          0          0        956   test.o
       680        192          0        192       5324   config_manage.o
       996          0          0          0       3880   Os_sem.o
       548          0          0          0       2120   Os_time.o
       968          0          0          0       4440   comm.o
      1172         32          0        268       5980   uart0.o
      1608          0          0         24       6772   log_data_handle.o
      1168         32          0        268       6020   uart1.o
       384          0          0        204       2668   spi0.o
         0          0          0         32       1824   sys_state.o
         0         64          0          0          0   anon$$obj.o
      2428          0          0          0       7840   Os_flag.o
      8656         88        100        552      24512   padcommunication.o
      2180        264          0       3472      12088   Os_core.o
       484        112          0          0       2900   virtual_memery.o
      2128          0          0          0       5852   Os_task.o
       184          0          0        292        400   Startup.o
       980          0          0          0       2704   data_upload.o
      2048          0          0          0       6312   Os_q.o
       712          0          0          0       3372   queue.o
      2848          0          0        824      11108   chip_communication.o
       272          0          0        128        412   Os_cpu_a.o
       256         16          0       8192       3392   main.o
      7268        192          0        200      22132   server_communication.o
      1776          0          0         24       5524   i2c0.o
       388          0          0          4      41340   Os_cpu_c.o
       620          0          0          0       9472   target.o
      1224          0          0          0       4688   Os_mbox.o
       792          0          0          0        368   IRQ.o
       224          0          0          0        620   IO_driver.o

    ------------------------------------------------------------------------
     46892       1011        100      14772     213044   Object Totals

    ------------------------------------------------------------------------

      Code    RO Data    RW Data    ZI Data      Debug   Library Member Name

       160          0          0          0         84   strcmp.o
       252          0          0          0        128   stkheap1.o
        40          0          0          0         88   kernel.o
        68          0          0          0         68   rt_memclr.o
        88          0          0          0         84   rt_memclr_w.o
         4          0          0          0         60   printf2.o
         8          0          0          0         76   _no_redirect.o
       112          0          0          0         92   _sprintf.o
         4          0          0          0         68   use_no_semi.o
         8          0          0          0         60   nofpdisp.o
       104          0          0          0         60   strlen.o
        12          0          0         96         68   libspace.o
       180          0          0          0         60   rt_memcpy.o
        20          0          0          0         76   rt_ctype_table.o
       252          0          0        228        128   rand.o
       264          0          0          0        128   _strtoul.o
        28          0          0          0         76   _sputc.o
       168          0          0          0         60   __main.o
       108          0          0          0         84   rt_memcpy_w.o
        16          0          0          0         76   rt_fp_status_addr.o
        44          0          0          0         68   rtudiv10.o
      3384          0          0          0        176   __vfpntf.o
        24          0          0          0         76   exit.o
        32          0          0          0         60   _chval.o
       128          0          0          0         60   memcmp.o
       252          0          0          0        124   lib_init.o
       124          0          0          0         76   strncmp.o
        52          0          0          0         80   atoi.o
        20          0          0          0         76   fpinit.o
       192          0          0          0        104   strtol.o
       140          0          0          0         92   strncpy.o
       152          0          0          0         88   lludiv10.o
       192          0          0          0         68   rt_udiv.o
        60        272          0          0         76   lc_ctype_c.o
        12          0          0          0         76   rt_errno_addr.o

    ------------------------------------------------------------------------
      6704        272          0        324       2924   Library Totals

    ------------------------------------------------------------------------

      Code    RO Data    RW Data    ZI Data      Debug   Library Name

      6680        272          0        324       2788   c_a__un.l
        24          0          0          0        136   f_a_p.l

    ------------------------------------------------------------------------
      6704        272          0        324       2924   Library Totals

    ------------------------------------------------------------------------

================================================================================


      Code    RO Data    RW Data    ZI Data      Debug   

     53596       1283        100      15096     215968   Grand Totals

================================================================================

    Total RO  Size(Code + RO Data)                54879 (  53.59kB)
    Total RW  Size(RW Data + ZI Data)             15196 (  14.84kB)
    Total ROM Size(Code + RO Data + RW Data)      54979 (  53.69kB)

================================================================================

