
================================================================================

Section Cross References

    Os_cpu_a.o(subr) refers to Os_cpu_c.o(.text) for SWI_Exception
    Os_cpu_a.o(subr) refers to Os_cpu_a.o(SWIStacks) for SvcStackSpace
    Os_cpu_a.o(subr) refers to Os_cpu_c.o(.bss) for OsEnterSum
    Os_cpu_a.o(subr) refers to Os_core.o(.bss) for OSTCBCur
    Os_cpu_c.o(.text) refers to Os_cpu_c.o(.bss) for .bss$2
    Os_cpu_c.o(.text) refers to Os_core.o(.bss) for OSTCBPrioTbl
    target.o(.text) refers to Os_core.o(.text) for OSTimeTick
    target.o(.text) refers to rand.o(.text) for srand
    target.o(.text) refers to IO_driver.o(.text) for IoInit
    target.o(.text) refers to uart0.o(.text) for UART0Init
    target.o(.text) refers to uart1.o(.text) for UART1Init
    target.o(.text) refers to i2c0.o(.text) for I2c0Init
    target.o(.text) refers to spi0.o(.text) for Spi0Init
    target.o(.text) refers to padcommunication.o(.text) for PadCommInit
    target.o(.text) refers to chip_communication.o(.text) for ChipCommInit
    target.o(.text) refers to server_communication.o(.text) for ServerCommInit
    target.o(.text) refers to IRQ.o(IRQ) for IRQ_Handler
    target.o(.text) refers (Special) to use_no_semi.o(.text) for __use_no_semihosting_swi
    IRQ.o(IRQ) refers to target.o(.text) for IRQ_Exception
    IRQ.o(IRQ) refers to Os_core.o(.text) for OSIntExit
    IRQ.o(IRQ) refers to uart0.o(.text) for UART0_Exception
    IRQ.o(IRQ) refers to uart1.o(.text) for UART1_Exception
    IRQ.o(IRQ) refers to spi0.o(.text) for Spi0_Exception
    IRQ.o(IRQ) refers to i2c0.o(.text) for I2c0_Exception
    IRQ.o(IRQ) refers to Os_core.o(.bss) for OSIntNesting
    IRQ.o(IRQ) refers to Startup.o(Stacks) for StackUsr
    IRQ.o(IRQ) refers to Os_cpu_c.o(.bss) for OsEnterSum
    IRQ.o(IRQ) refers to Os_cpu_a.o(subr) for OSIntCtxSw
    Startup.o(vectors) refers to Os_cpu_a.o(subr) for SoftwareInterrupt
    Startup.o(vectors) refers to target.o(.text) for FIQ_Exception
    Startup.o(vectors) refers to __main.o(!!!) for __main
    Startup.o(vectors) refers to Startup.o(MyStacks) for IrqStackSpace
    Startup.o(vectors) refers to Startup.o(Stacks) for StackUsr
    Startup.o(vectors) refers to Startup.o(Heap) for bottom_of_heap
    Startup.o(vectors) refers (Special) to use_no_semi.o(.text) for __use_no_semihosting_swi
    Startup.o(MyStacks) refers (Special) to use_no_semi.o(.text) for __use_no_semihosting_swi
    Startup.o(Heap) refers (Special) to use_no_semi.o(.text) for __use_no_semihosting_swi
    Startup.o(Stacks) refers (Special) to use_no_semi.o(.text) for __use_no_semihosting_swi
    Os_core.o(.text) refers to Os_time.o(.text) for OSTimeDly
    Os_core.o(.text) refers to rt_udiv.o(.text) for __rt_udiv
    Os_core.o(.text) refers to Os_cpu_c.o(.text) for OSTaskStatHook
    Os_core.o(.text) refers to Os_task.o(.text) for OSTaskCreateExt
    Os_core.o(.text) refers to Os_flag.o(.text) for OS_FlagInit
    Os_core.o(.text) refers to Os_mem.o(.text) for OS_MemInit
    Os_core.o(.text) refers to Os_q.o(.text) for OS_QInit
    Os_core.o(.text) refers to Os_core.o(.bss) for .bss$2
    Os_core.o(.text) refers to Os_core.o(.constdata) for .constdata$1
    Os_flag.o(.text) refers to Os_core.o(.text) for OS_Sched
    Os_flag.o(.text) refers to Os_core.o(.bss) for OSIntNesting
    Os_flag.o(.text) refers to Os_core.o(.bss) for OSFlagFreeList
    Os_flag.o(.text) refers to Os_core.o(.bss) for OSFlagTbl
    Os_mbox.o(.text) refers to Os_core.o(.text) for OS_EventWaitListInit
    Os_mbox.o(.text) refers to Os_core.o(.bss) for OSIntNesting
    Os_mem.o(.text) refers to Os_core.o(.bss) for OSMemFreeList
    Os_mem.o(.text) refers to Os_core.o(.bss) for OSMemTbl
    Os_mutex.o(.text) refers to Os_core.o(.text) for OS_EventWaitListInit
    Os_mutex.o(.text) refers to Os_core.o(.bss) for OSIntNesting
    Os_mutex.o(.text) refers to Os_core.o(.constdata) for OSMapTbl
    Os_q.o(.text) refers to Os_core.o(.text) for OS_EventWaitListInit
    Os_q.o(.text) refers to Os_core.o(.bss) for OSIntNesting
    Os_q.o(.text) refers to Os_core.o(.bss) for OSQFreeList
    Os_q.o(.text) refers to Os_core.o(.bss) for OSQTbl
    Os_sem.o(.text) refers to Os_core.o(.text) for OS_EventWaitListInit
    Os_sem.o(.text) refers to Os_core.o(.bss) for OSIntNesting
    Os_task.o(.text) refers to Os_core.o(.text) for OS_Sched
    Os_task.o(.text) refers to Os_cpu_c.o(.text) for OSTaskStkInit
    Os_task.o(.text) refers to rt_memclr_w.o(.text) for __rt_memclr_w
    Os_task.o(.text) refers to Os_flag.o(.text) for OS_FlagUnlink
    Os_task.o(.text) refers to rt_memcpy_w.o(.text) for __rt_memcpy_w
    Os_task.o(.text) refers to Os_core.o(.bss) for OSTCBPrioTbl
    Os_task.o(.text) refers to Os_core.o(.constdata) for OSMapTbl
    Os_time.o(.text) refers to Os_core.o(.text) for OS_Sched
    Os_time.o(.text) refers to rt_udiv.o(.text) for __rt_udiv
    Os_time.o(.text) refers to Os_core.o(.bss) for OSTCBCur
    main.o(.text) refers to Os_core.o(.text) for OSInit
[...]
    C$debug_pubnames154                      0x000006e8   Data           0  Os_cpu_c.o(.debug_pubnames)
    C$debug_macinfo35                        0x00000708   Data           0  Os_cpu_c.o(.debug_macinfo)
    C$debug_line170                          0x00000718   Data           0  Os_cpu_c.o(.debug_line)
    C$debug_pubnames184                      0x000007b8   Data           0  Os_cpu_c.o(.debug_pubnames)
    C$debug_pubnames172                      0x000008a8   Data           0  Os_cpu_c.o(.debug_pubnames)
    C$debug_pubnames22                       0x00000b84   Data           0  target.o(.debug_pubnames)
    C$debug_pubnames28                       0x00000c10   Data           0  target.o(.debug_pubnames)
    C$debug_pubnames34                       0x00000c30   Data           0  target.o(.debug_pubnames)
    C$debug_macinfo53                        0x0000100c   Data           0  Os_cpu_c.o(.debug_macinfo)
    C$debug_info15                           0x00001078   Data           0  Os_cpu_c.o(.debug_info)
    C$debug_info51                           0x00001194   Data           0  Os_cpu_c.o(.debug_info)
    C$debug_macinfo65                        0x000011fc   Data           0  Os_cpu_c.o(.debug_macinfo)
    C$debug_info63                           0x0000129c   Data           0  Os_cpu_c.o(.debug_info)
    C$debug_macinfo83                        0x00001358   Data           0  Os_cpu_c.o(.debug_macinfo)
    C$debug_macinfo89                        0x000013d4   Data           0  Os_cpu_c.o(.debug_macinfo)
    C$debug_macinfo95                        0x000013f4   Data           0  Os_cpu_c.o(.debug_macinfo)
    C$debug_macinfo101                       0x00001490   Data           0  Os_cpu_c.o(.debug_macinfo)
    C$debug_info81                           0x000014d0   Data           0  Os_cpu_c.o(.debug_info)
    C$debug_macinfo155                       0x0000152c   Data           0  Os_cpu_c.o(.debug_macinfo)
    C$debug_macinfo161                       0x000015a0   Data           0  Os_cpu_c.o(.debug_macinfo)
    C$debug_info93                           0x000015e4   Data           0  Os_cpu_c.o(.debug_info)
    C$debug_frame211                         0x000015f0   Data           0  spi0.o(.debug_frame)
    C$debug_info99                           0x00001720   Data           0  Os_cpu_c.o(.debug_info)
    C$debug_info153                          0x00001804   Data           0  Os_cpu_c.o(.debug_info)
    C$debug_macinfo185                       0x0000182c   Data           0  Os_cpu_c.o(.debug_macinfo)
    C$debug_macinfo173                       0x000018c4   Data           0  Os_cpu_c.o(.debug_macinfo)
    C$debug_info183                          0x00001d68   Data           0  Os_cpu_c.o(.debug_info)
    C$debug_pubnames4                        0x00002134   Data           0  spi0.o(.debug_pubnames)
    C$debug_pubnames208                      0x00002188   Data           0  spi0.o(.debug_pubnames)
    C$debug_macinfo23                        0x0000220c   Data           0  target.o(.debug_macinfo)
    C$debug_info171                          0x00002214   Data           0  Os_cpu_c.o(.debug_info)
    C$debug_info21                           0x0000328c   Data           0  target.o(.debug_info)
    C$debug_line2                            0x00003294   Data           0  spi0.o(.debug_line)
    C$debug_line206                          0x00003328   Data           0  spi0.o(.debug_line)
    C$debug_info27                           0x000033d4   Data           0  target.o(.debug_info)
    C$debug_info33                           0x00003450   Data           0  target.o(.debug_info)
    C$debug_macinfo5                         0x00003d44   Data           0  spi0.o(.debug_macinfo)
    C$debug_loc210                           0x000050b0   Data           0  spi0.o(.debug_loc)
    C$debug_info3                            0x0000d5b8   Data           0  spi0.o(.debug_info)
    C$debug_info207                          0x0000d6ac   Data           0  spi0.o(.debug_info)
    .bss$2                                   0x40002b68   Data           0  spi0.o(.bss)
    spi0_sem                                 0x40002b68   Data           4  spi0.o(.bss)
    spisendbuffer                            0x40002b6c   Data         100  spi0.o(.bss)
    spirecbuffer                             0x40002bd0   Data         100  spi0.o(.bss)
    C:\dqj_workspace\AQ01\master\sourcecode\protocol\padcommunication.c 0x00000000   Number         0  padcommunication.o ABSOLUTE
    .bss                                     0x40002c34   Data           0  padcommunication.o(.bss)
    .text                                    0x00005938   ARM Code       0  padcommunication.o(.text)
    .constdata                               0x00009514   Data           0  padcommunication.o(.constdata)
    .data                                    0x40000000   Data           0  padcommunication.o(.data)
    C$debug_abbrev0                          0x00000010   Data           0  Os_cpu_c.o(.debug_abbrev)
    C$debug_pubnames16                       0x000000f4   Data           0  Os_cpu_c.o(.debug_pubnames)
    C$debug_macinfo17                        0x00000194   Data           0  Os_cpu_c.o(.debug_macinfo)
    C$debug_line14                           0x0000026c   Data           0  Os_cpu_c.o(.debug_line)
    C$debug_line20                           0x000002c0   Data           0  Os_cpu_c.o(.debug_line)
    C$debug_macinfo29                        0x00000300   Data           0  Os_cpu_c.o(.debug_macinfo)
    C$debug_line26                           0x00000318   Data           0  Os_cpu_c.o(.debug_line)
    C$debug_line32                           0x00000370   Data           0  Os_cpu_c.o(.debug_line)
    C$debug_line50                           0x000003c8   Data           0  Os_cpu_c.o(.debug_line)
    C$debug_line62                           0x00000418   Data           0  Os_cpu_c.o(.debug_line)
    C$debug_line80                           0x00000468   Data           0  Os_cpu_c.o(.debug_line)
    C$debug_line86                           0x000004bc   Data           0  Os_cpu_c.o(.debug_line)
    C$debug_pubnames52                       0x000004e4   Data           0  Os_cpu_c.o(.debug_pubnames)
    C$debug_line92                           0x00000510   Data           0  Os_cpu_c.o(.debug_line)
    C$debug_line98                           0x00000564   Data           0  Os_cpu_c.o(.debug_line)
    C$debug_pubnames64                       0x00000568   Data           0  Os_cpu_c.o(.debug_pubnames)
    C$debug_line152                          0x000005bc   Data           0  Os_cpu_c.o(.debug_line)
    C$debug_line158                          0x00000618   Data           0  Os_cpu_c.o(.debug_line)
    C$debug_pubnames82                       0x00000648   Data           0  Os_cpu_c.o(.debug_pubnames)
    C$debug_pubnames94                       0x00000668   Data           0  Os_cpu_c.o(.debug_pubnames)
    C$debug_pubnames100                      0x0000069c   Data           0  Os_cpu_c.o(.debug_pubnames)
    C$debug_line182                          0x000006bc   Data           0  Os_cpu_c.o(.debug_line)
    C$debug_pubnames154                      0x000006e8   Data           0  Os_cpu_c.o(.debug_pubnames)
    C$debug_macinfo35                        0x00000708   Data           0  Os_cpu_c.o(.debug_macinfo)
    C$debug_line170                          0x00000718   Data           0  Os_cpu_c.o(.debug_line)
    C$debug_pubnames184                      0x000007b8   Data           0  Os_cpu_c.o(.debug_pubnames)
    C$debug_pubnames172                      0x000008a8   Data           0  Os_cpu_c.o(.debug_pubnames)
    C$debug_pubnames22                       0x00000b84   Data           0  target.o(.debug_pubnames)
    C$debug_pubnames28                       0x00000c10   Data           0  target.o(.debug_pubnames)
    C$debug_pubnames34                       0x00000c30   Data           0  target.o(.debug_pubnames)
    C$debug_macinfo53                        0x0000100c   Data           0  Os_cpu_c.o(.debug_macinfo)
    C$debug_info15                           0x00001078   Data           0  Os_cpu_c.o(.debug_info)
    C$debug_info51                           0x00001194   Data           0  Os_cpu_c.o(.debug_info)
    C$debug_macinfo65                        0x000011fc   Data           0  Os_cpu_c.o(.debug_macinfo)
    C$debug_info63                           0x0000129c   Data           0  Os_cpu_c.o(.debug_info)
    C$debug_macinfo83                        0x00001358   Data           0  Os_cpu_c.o(.debug_macinfo)
    C$debug_macinfo89                        0x000013d4   Data           0  Os_cpu_c.o(.debug_macinfo)
    C$debug_macinfo95                        0x000013f4   Data           0  Os_cpu_c.o(.debug_macinfo)
    C$debug_macinfo101                       0x00001490   Data           0  Os_cpu_c.o(.debug_macinfo)
    C$debug_info81                           0x000014d0   Data           0  Os_cpu_c.o(.debug_info)
    C$debug_macinfo155                       0x0000152c   Data           0  Os_cpu_c.o(.debug_macinfo)
    C$debug_macinfo161                       0x000015a0   Data           0  Os_cpu_c.o(.debug_macinfo)
    C$debug_info93                           0x000015e4   Data           0  Os_cpu_c.o(.debug_info)
    C$debug_frame211                         0x00001670   Data           0  padcommunication.o(.debug_frame)
    C$debug_info99                           0x00001720   Data           0  Os_cpu_c.o(.debug_info)
    C$debug_info153                          0x00001804   Data           0  Os_cpu_c.o(.debug_info)
    C$debug_macinfo185                       0x0000182c   Data           0  Os_cpu_c.o(.debug_macinfo)
    C$debug_macinfo173                       0x000018c4   Data           0  Os_cpu_c.o(.debug_macinfo)
    C$debug_info183                          0x00001d68   Data           0  Os_cpu_c.o(.debug_info)
    C$debug_pubnames4                        0x000021d0   Data           0  padcommunication.o(.debug_pubnames)
    C$debug_macinfo23                        0x0000220c   Data           0  target.o(.debug_macinfo)
    C$debug_info171                          0x00002214   Data           0  Os_cpu_c.o(.debug_info)
    C$debug_pubnames208                      0x000022c4   Data           0  padcommunication.o(.debug_pubnames)
    C$debug_pubnames160                      0x00002430   Data           0  padcommunication.o(.debug_pubnames)
    C$debug_info21                           0x0000328c   Data           0  target.o(.debug_info)
    C$debug_info27                           0x000033d4   Data           0  target.o(.debug_info)
    C$debug_line2                            0x00003434   Data           0  padcommunication.o(.debug_line)
    C$debug_info33                           0x00003450   Data           0  target.o(.debug_info)
    C$debug_line206                          0x000034d8   Data           0  padcommunication.o(.debug_line)
    C$debug_macinfo5                         0x00003ef4   Data           0  padcommunication.o(.debug_macinfo)
    C$debug_loc210                           0x000051e4   Data           0  padcommunication.o(.debug_loc)
    .constdata$1                             0x00009514   Data           0  padcommunication.o(.constdata)
    C$debug_info159                          0x0000d95c   Data           0  padcommunication.o(.debug_info)
    C$debug_info3                            0x0000dbe8   Data           0  padcommunication.o(.debug_info)
    C$debug_info207                          0x0000de10   Data           0  padcommunication.o(.debug_info)
    .data$0                                  0x40000000   Data           0  padcommunication.o(.data)
    .bss$2                                   0x40002c34   Data           0  padcommunication.o(.bss)
    send_package_num                         0x40002c34   Data           1  padcommunication.o(.bss)
    pad_event_sem                            0x40002c3c   Data           4  padcommunication.o(.bss)
    pad_ack_sem                              0x40002c40   Data           4  padcommunication.o(.bss)
    rec_com                                  0x40002c44   Data         258  padcommunication.o(.bss)
    send_com                                 0x40002d46   Data         258  padcommunication.o(.bss)
    C:\dqj_workspace\AQ01\master\sourcecode\app\sys_err.c 0x00000000   Number         0  sys_err.o ABSOLUTE
    C$debug_abbrev0                          0x00000010   Data           0  Os_cpu_c.o(.debug_abbrev)
    C$debug_pubnames10                       0x000000f4   Data           0  Os_cpu_c.o(.debug_pubnames)
    C$debug_macinfo11                        0x00000194   Data           0  Os_cpu_c.o(.debug_macinfo)
    C$debug_line8                            0x0000026c   Data           0  Os_cpu_c.o(.debug_line)
    C$debug_info9                            0x00001078   Data           0  Os_cpu_c.o(.debug_info)
    C:\dqj_workspace\AQ01\master\sourcecode\driver\eeprom.c 0x00000000   Number         0  eeprom.o ABSOLUTE
    .text                                    0x000077e0   ARM Code       0  eeprom.o(.text)
    .bss                                     0x40002e48   Data           0  eeprom.o(.bss)
    C$debug_abbrev0                          0x00000010   Data           0  Os_cpu_c.o(.debug_abbrev)
    C$debug_pubnames16                       0x000000f4   Data           0  Os_cpu_c.o(.debug_pubnames)
    C$debug_macinfo17                        0x00000194   Data           0  Os_cpu_c.o(.debug_macinfo)
    C$debug_line14                           0x0000026c   Data           0  Os_cpu_c.o(.debug_line)
    C$debug_line20                           0x000002c0   Data           0  Os_cpu_c.o(.debug_line)
    C$debug_macinfo29                        0x00000300   Data           0  Os_cpu_c.o(.debug_macinfo)
    C$debug_line26                           0x00000318   Data           0  Os_cpu_c.o(.debug_line)
    C$debug_line32                           0x00000370   Data           0  Os_cpu_c.o(.debug_line)
    C$debug_line50                           0x000003c8   Data           0  Os_cpu_c.o(.debug_line)
    C$debug_line62                           0x00000418   Data           0  Os_cpu_c.o(.debug_line)
    C$debug_line80                           0x00000468   Data           0  Os_cpu_c.o(.debug_line)
    C$debug_line86                           0x000004bc   Data           0  Os_cpu_c.o(.debug_line)
    C$debug_pubnames52                       0x000004e4   Data           0  Os_cpu_c.o(.debug_pubnames)
    C$debug_line92                           0x00000510   Data           0  Os_cpu_c.o(.debug_line)
    C$debug_line98                           0x00000564   Data           0  Os_cpu_c.o(.debug_line)
    C$debug_pubnames64                       0x00000568   Data           0  Os_cpu_c.o(.debug_pubnames)
    C$debug_line152                          0x000005bc   Data           0  Os_cpu_c.o(.debug_line)
    C$debug_line158                          0x00000618   Data           0  Os_cpu_c.o(.debug_line)
    C$debug_pubnames82                       0x00000648   Data           0  Os_cpu_c.o(.debug_pubnames)
    C$debug_pubnames94                       0x00000668   Data           0  Os_cpu_c.o(.debug_pubnames)
    C$debug_pubnames100                      0x0000069c   Data           0  Os_cpu_c.o(.debug_pubnames)
    C$debug_line182                          0x000006bc   Data           0  Os_cpu_c.o(.debug_line)
    C$debug_pubnames154                      0x000006e8   Data           0  Os_cpu_c.o(.debug_pubnames)
    C$debug_macinfo35                        0x00000708   Data           0  Os_cpu_c.o(.debug_macinfo)
    C$debug_line170                          0x00000718   Data           0  Os_cpu_c.o(.debug_line)
    C$debug_pubnames22                       0x00000b84   Data           0  target.o(.debug_pubnames)
    C$debug_pubnames28                       0x00000c10   Data           0  target.o(.debug_pubnames)
    C$debug_pubnames34                       0x00000c30   Data           0  target.o(.debug_pubnames)
    C$debug_macinfo53                        0x0000100c   Data           0  Os_cpu_c.o(.debug_macinfo)
    C$debug_info15                           0x00001078   Data           0  Os_cpu_c.o(.debug_info)
    C$debug_info51                           0x00001194   Data           0  Os_cpu_c.o(.debug_info)
    C$debug_macinfo65                        0x000011fc   Data           0  Os_cpu_c.o(.debug_macinfo)
    C$debug_info63                           0x0000129c   Data           0  Os_cpu_c.o(.debug_info)
    C$debug_macinfo83                        0x00001358   Data           0  Os_cpu_c.o(.debug_macinfo)
    C$debug_macinfo89                        0x000013d4   Data           0  Os_cpu_c.o(.debug_macinfo)
    C$debug_macinfo95                        0x000013f4   Data           0  Os_cpu_c.o(.debug_macinfo)
    C$debug_macinfo101                       0x00001490   Data           0  Os_cpu_c.o(.debug_macinfo)
    C$debug_info81                           0x000014d0   Data           0  Os_cpu_c.o(.debug_info)
    C$debug_macinfo155                       0x0000152c   Data           0  Os_cpu_c.o(.debug_macinfo)
    C$debug_macinfo161                       0x000015a0   Data           0  Os_cpu_c.o(.debug_macinfo)
    C$debug_info93                           0x000015e4   Data           0  Os_cpu_c.o(.debug_info)
    C$debug_info99                           0x00001720   Data           0  Os_cpu_c.o(.debug_info)
    C$debug_info153                          0x00001804   Data           0  Os_cpu_c.o(.debug_info)
    C$debug_macinfo185                       0x0000182c   Data           0  Os_cpu_c.o(.debug_macinfo)
    C$debug_macinfo173                       0x000018c4   Data           0  Os_cpu_c.o(.debug_macinfo)
    C$debug_frame211                         0x00001a10   Data           0  eeprom.o(.debug_frame)
    C$debug_macinfo23                        0x0000220c   Data           0  target.o(.debug_macinfo)
    C$debug_pubnames208                      0x000024dc   Data           0  eeprom.o(.debug_pubnames)
    C$debug_pubnames184                      0x0000254c   Data           0  eeprom.o(.debug_pubnames)
    C$debug_pubnames172                      0x0000263c   Data           0  eeprom.o(.debug_pubnames)
    C$debug_info21                           0x0000328c   Data           0  target.o(.debug_info)
    C$debug_info27                           0x000033d4   Data           0  target.o(.debug_info)
    C$debug_info33                           0x00003450   Data           0  target.o(.debug_info)
    C$debug_line206                          0x00003b28   Data           0  eeprom.o(.debug_line)
    C$debug_loc210                           0x000064dc   Data           0  eeprom.o(.debug_loc)
    C$debug_info207                          0x00010118   Data           0  eeprom.o(.debug_info)
    C$debug_info183                          0x000105cc   Data           0  eeprom.o(.debug_info)
    C$debug_info171                          0x00010a7c   Data           0  eeprom.o(.debug_info)
    .bss$2                                   0x40002e48   Data           0  eeprom.o(.bss)
    ../../angel/startup.s                    0x00000000   Number         0  __main.o ABSOLUTE
    !!!                                      0x000000b8   ARM Code     168  __main.o(!!!)
    <Anonymous Symbol>                       0x00001ab0   Data          60  __main.o(.debug_frame)
    _move_region                             0x000000d8   ARM Code       0  __main.o(!!!)
    _move_loop                               0x00000108   ARM Code       0  __main.o(!!!)
    _zero_region                             0x0000011c   ARM Code       0  __main.o(!!!)
    _zero_loop                               0x00000140   ARM Code       0  __main.o(!!!)
    _region_table                            0x00000150   Data           0  __main.o(!!!)
    ../../armsys.c                           0x00000000   Number         0  _no_redirect.o ABSOLUTE
    .text                                    0x00007a1c   ARM Code       0  _no_redirect.o(.text)
    C$debug_frame18                          0x00001aec   Data           0  _no_redirect.o(.debug_frame)
    ../../printf.c                           0x00000000   Number         0  _sprintf.o ABSOLUTE
    .text                                    0x00007a24   ARM Code       0  _sprintf.o(.text)
    C$debug_frame18                          0x00001b38   Data           0  _sprintf.o(.debug_frame)
    ../../stdlib.c                           0x00000000   Number         0  rand.o ABSOLUTE
    .bss                                     0x40002e58   Data           0  rand.o(.bss)
    .text                                    0x00007a94   ARM Code       0  rand.o(.text)
    C$debug_frame11                          0x00001b94   Data           0  rand.o(.debug_frame)
    .bss$2                                   0x40002e58   Data           0  rand.o(.bss)
    _random_j                                0x40002e58   Data           4  rand.o(.bss)
    _random_k                                0x40002e5c   Data           4  rand.o(.bss)
    _random_number_seed                      0x40002e60   Data         220  rand.o(.bss)
    ../../memcpset.s                         0x00000000   Number         0  rt_memclr.o ABSOLUTE
    .text                                    0x00007b90   ARM Code      68  rt_memclr.o(.text)
    <Anonymous Symbol>                       0x00001c14   Data          68  rt_memclr.o(.debug_frame)
    _Bytes                                   0x00007bc0   ARM Code       0  rt_memclr.o(.text)
    ../../memcpset.s                         0x00000000   Number         0  rt_memclr_w.o ABSOLUTE
    .text                                    0x00007bd4   ARM Code      88  rt_memclr_w.o(.text)
    <Anonymous Symbol>                       0x00001c58   Data          84  rt_memclr_w.o(.debug_frame)
    _loop                                    0x00007bec   ARM Code       0  rt_memclr_w.o(.text)
    ../../memcpset.s                         0x00000000   Number         0  rt_memcpy.o ABSOLUTE
    <Anonymous Symbol>                       0x00001cac   Data          60  rt_memcpy.o(.debug_frame)
    .text                                    0x00007c2c   ARM Code     180  rt_memcpy.o(.text)
    _memcpy_dest_aligned                     0x00007c60   ARM Code       0  rt_memcpy.o(.text)
    _memcpy_src1_loop                        0x00007c80   ARM Code       0  rt_memcpy.o(.text)
    _memcpy_src2_loop                        0x00007ca0   ARM Code       0  rt_memcpy.o(.text)
    _memcpy_src3_loop                        0x00007cc0   ARM Code       0  rt_memcpy.o(.text)
    ../../memcpset.s                         0x00000000   Number         0  rt_memcpy_w.o ABSOLUTE
    <Anonymous Symbol>                       0x00001ce8   Data          84  rt_memcpy_w.o(.debug_frame)
    .text                                    0x00007ce0   ARM Code     108  rt_memcpy_w.o(.text)
    _memcpy_aligned_loop                     0x00007cec   ARM Code       0  rt_memcpy_w.o(.text)
    _memcpy_small                            0x00007d04   ARM Code       0  rt_memcpy_w.o(.text)
    ../../division.s                         0x00000000   Number         0  rt_udiv.o ABSOLUTE
    .text                                    0x00007d4c   ARM Code     192  rt_udiv.o(.text)
    <Anonymous Symbol>                       0x00001d3c   Data          68  rt_udiv.o(.debug_frame)
    ../../string.c                           0x00000000   Number         0  strlen.o ABSOLUTE
    .text                                    0x00007e0c   ARM Code       0  strlen.o(.text)
    C$debug_frame12                          0x00001d80   Data           0  strlen.o(.debug_frame)
    ../../string.c                           0x00000000   Number         0  strncmp.o ABSOLUTE
    .text                                    0x00007e74   ARM Code       0  strncmp.o(.text)
    C$debug_frame12                          0x00001dbc   Data           0  strncmp.o(.debug_frame)
    ../../angel/sys.s                        0x00000000   Number         0  use_no_semi.o ABSOLUTE
    <Anonymous Symbol>                       0x00001e08   Data          68  use_no_semi.o(.debug_frame)
    .text                                    0x00007ef0   ARM Code       4  use_no_semi.o(.text)
    ../../printf.c                           0x00000000   Number         0  __vfpntf.o ABSOLUTE
    .text                                    0x00007ef4   ARM Code       0  __vfpntf.o(.text)
    C$debug_frame18                          0x00001e4c   Data           0  __vfpntf.o(.debug_frame)
    _printf_display                          0x000086fc   ARM Code    1328  __vfpntf.o(.text)
    ../../printf.c                           0x00000000   Number         0  _sputc.o ABSOLUTE
    .text                                    0x00008c2c   ARM Code       0  _sputc.o(.text)
    C$debug_frame18                          0x00001efc   Data           0  _sputc.o(.debug_frame)
    ../../angel/kernel.s                     0x00000000   Number         0  kernel.o ABSOLUTE
    .text                                    0x00008c48   ARM Code      40  kernel.o(.text)
    <Anonymous Symbol>                       0x00001f48   Data          88  kernel.o(.debug_frame)
    __rt_abort1                              0x00008c6c   ARM Code       0  kernel.o(.text)
    ../../stdlib.c                           0x00000000   Number         0  exit.o ABSOLUTE
    .text                                    0x00008c70   ARM Code       0  exit.o(.text)
    C$debug_frame12                          0x00001fa0   Data           0  exit.o(.debug_frame)
    ../../armsys.c                           0x00000000   Number         0  lib_init.o ABSOLUTE
    .text                                    0x00008c88   ARM Code       0  lib_init.o(.text)
    C$debug_frame18                          0x00001fec   Data           0  lib_init.o(.debug_frame)
    ../../longlong.s                         0x00000000   Number         0  lludiv10.o ABSOLUTE
    .text                                    0x00008d84   ARM Code     152  lludiv10.o(.text)
    <Anonymous Symbol>                       0x00002068   Data          88  lludiv10.o(.debug_frame)
    ../../division.s                         0x00000000   Number         0  rtudiv10.o ABSOLUTE
    .text                                    0x00008e1c   ARM Code      44  rtudiv10.o(.text)
    <Anonymous Symbol>                       0x000020c0   Data          68  rtudiv10.o(.debug_frame)
    ../../stkheap1.s                         0x00000000   Number         0  stkheap1.o ABSOLUTE
    <Anonymous Symbol>                       0x00002104   Data         128  stkheap1.o(.debug_frame)
    .text                                    0x00008e48   ARM Code     252  stkheap1.o(.text)
    _heap_overflow                           0x00008f34   ARM Code       0  stkheap1.o(.text)
    ../../printf2.s                          0x00000000   Number         0  printf2.o ABSOLUTE
    x$fpl$printf2                            0x000093a4   ARM Code       4  printf2.o(x$fpl$printf2)
    <Anonymous Symbol>                       0x00002184   Data          60  printf2.o(.debug_frame)
    ../../angel/sys.s                        0x00000000   Number         0  libspace.o ABSOLUTE
    .bss                                     0x40002f3c   Data          96  libspace.o(.bss)
    .text                                    0x00008f44   ARM Code      12  libspace.o(.text)
    <Anonymous Symbol>                       0x000021c0   Data          68  libspace.o(.debug_frame)
    __libspace_start                         0x40002f3c   Data          96  libspace.o(.bss)
    ../../printf.c                           0x00000000   Number         0  nofpdisp.o ABSOLUTE
    .text                                    0x00008f50   ARM Code       0  nofpdisp.o(.text)
    C$debug_frame18                          0x00002204   Data           0  nofpdisp.o(.debug_frame)
    ../../fpinit.s                           0x00000000   Number         0  fpinit.o ABSOLUTE
    <Anonymous Symbol>                       0x00002240   Data          76  fpinit.o(.debug_frame)
    x$fpl$fpinit                             0x00009390   ARM Code      20  fpinit.o(x$fpl$fpinit)
    ../../angel/rt.s                         0x00000000   Number         0  rt_fp_status_addr.o ABSOLUTE
    <Anonymous Symbol>                       0x0000228c   Data          76  rt_fp_status_addr.o(.debug_frame)
    .text                                    0x00008f58   ARM Code      16  rt_fp_status_addr.o(.text)

    Global Symbols

    Symbol Name                              Value     Ov Type        Size  Object(Section)

    BuildAttributes$$ARM_ISAv4$M$PE$A:L22$X:L11$S22$~IW$USESV6$~STKCKD$USESV7$~SHL$OSPACE 0x00000000   Number         0  anon$$obj.o ABSOLUTE
    Reset                                    0x00000000   ARM Code       0  Startup.o(vectors)
    __Heap_DescSize                           - Undefined Weak Reference
    __alloca_initialize                       - Undefined Weak Reference
    __argv_alloc                              - Undefined Weak Reference
    __call_ctors()                            - Undefined Weak Reference
    __cpp_finalise                            - Undefined Weak Reference
    __cpp_initialise                          - Undefined Weak Reference
    __rt_get_argv                             - Undefined Weak Reference
    __user_heap_extend                        - Undefined Weak Reference
    __user_stack_slop                         - Undefined Weak Reference
    _atexit_init                              - Undefined Weak Reference
    _call_atexit_fns                          - Undefined Weak Reference
    _clock_init                               - Undefined Weak Reference
    _get_lc_collate                           - Undefined Weak Reference
    _get_lc_ctype                             - Undefined Weak Reference
    _get_lc_monetary                          - Undefined Weak Reference
    _get_lc_numeric                           - Undefined Weak Reference
    _get_lc_time                              - Undefined Weak Reference
    _getenv_init                              - Undefined Weak Reference
    _init_alloc                               - Undefined Weak Reference
    _init_user_alloc                          - Undefined Weak Reference
    _initio                                   - Undefined Weak Reference
    _signal_init                              - Undefined Weak Reference
    _terminate_user_alloc                     - Undefined Weak Reference
    _terminateio                              - Undefined Weak Reference
    __user_initial_stackheap                 0x00000098   ARM Code       0  Startup.o(vectors)
    __main                                   0x000000b8   ARM Code     152  __main.o(!!!)
    OSTaskStkInit                            0x00000160   ARM Code      88  Os_cpu_c.o(.text)
    SWI_Exception                            0x000001b8   ARM Code     244  Os_cpu_c.o(.text)
    OSStartHighRdy                           0x000002ac   ARM Code      12  Os_cpu_c.o(.text)
    OSInitHookBegin                          0x000002b8   ARM Code       4  Os_cpu_c.o(.text)
    OSInitHookEnd                            0x000002bc   ARM Code       4  Os_cpu_c.o(.text)
    OSTaskCreateHook                         0x000002c0   ARM Code       4  Os_cpu_c.o(.text)
    OSTaskDelHook                            0x000002c4   ARM Code       4  Os_cpu_c.o(.text)
    OSTaskSwHook                             0x000002c8   ARM Code       4  Os_cpu_c.o(.text)
    OSTaskStatHook                           0x000002cc   ARM Code       4  Os_cpu_c.o(.text)
    OSTCBInitHook                            0x000002d0   ARM Code       4  Os_cpu_c.o(.text)
    OSTimeTickHook                           0x000002d4   ARM Code       4  Os_cpu_c.o(.text)
    OSTaskIdleHook                           0x000002d8   ARM Code       4  Os_cpu_c.o(.text)
    IRQ_Exception                            0x000002e4   ARM Code       4  target.o(.text)
    FIQ_Exception                            0x000002e8   ARM Code       4  target.o(.text)
    Timer0_Exception                         0x000002ec   ARM Code      24  target.o(.text)
    Timer0Init                               0x00000304   ARM Code      48  target.o(.text)
    QEventCreate                             0x00000334   ARM Code       4  target.o(.text)
    SemCreate                                0x00000338   ARM Code       4  target.o(.text)
    VICInit                                  0x0000033c   ARM Code     120  target.o(.text)
    TargetInit                               0x000003b4   ARM Code      72  target.o(.text)
    TargetResetInit                          0x000003fc   ARM Code     196  target.o(.text)
    __rt_div0                                0x000004c0   ARM Code       8  target.o(.text)
    fputc                                    0x000004c8   ARM Code       8  target.o(.text)
    fgetc                                    0x000004d0   ARM Code       8  target.o(.text)
    _sys_close                               0x000004d8   ARM Code       8  target.o(.text)
    _sys_write                               0x000004e0   ARM Code       8  target.o(.text)
    _sys_read                                0x000004e8   ARM Code       8  target.o(.text)
    _ttywrch                                 0x000004f0   ARM Code       4  target.o(.text)
    _sys_istty                               0x000004f4   ARM Code       8  target.o(.text)
    _sys_seek                                0x000004fc   ARM Code       8  target.o(.text)
    _sys_ensure                              0x00000504   ARM Code       8  target.o(.text)
    _sys_flen                                0x0000050c   ARM Code       8  target.o(.text)
    _sys_tmpnam                              0x00000514   ARM Code       8  target.o(.text)
    _sys_exit                                0x0000051c   ARM Code       4  target.o(.text)
    _sys_command_string                      0x00000520   ARM Code       8  target.o(.text)
    OS_TaskStat                              0x00000554   ARM Code     168  Os_core.o(.text)
    OS_TaskIdle                              0x00000644   ARM Code      36  Os_core.o(.text)
    OSInit                                   0x000007dc   ARM Code      52  Os_core.o(.text)
    OSIntEnter                               0x00000810   ARM Code      40  Os_core.o(.text)
    OSIntExit                                0x00000838   ARM Code     152  Os_core.o(.text)
    OSSchedLock                              0x000008d0   ARM Code      52  Os_core.o(.text)
    OS_Sched                                 0x00000904   ARM Code     112  Os_core.o(.text)
    OSSchedUnlock                            0x00000974   ARM Code      88  Os_core.o(.text)
    OSStart                                  0x000009cc   ARM Code      80  Os_core.o(.text)
    OSStatInit                               0x00000a1c   ARM Code      68  Os_core.o(.text)
    OSTimeTick                               0x00000a60   ARM Code     180  Os_core.o(.text)
    OSVersion                                0x00000b14   ARM Code       8  Os_core.o(.text)
    OS_Dummy                                 0x00000b1c   ARM Code       4  Os_core.o(.text)
    OS_EventTaskRdy                          0x00000b20   ARM Code     156  Os_core.o(.text)
    OS_EventTaskWait                         0x00000bbc   ARM Code     104  Os_core.o(.text)
    OS_EventTO                               0x00000c24   ARM Code      76  Os_core.o(.text)
    OS_EventWaitListInit                     0x00000c70   ARM Code      28  Os_core.o(.text)
    OS_TCBInit                               0x00000c8c   ARM Code     332  Os_core.o(.text)
    OSFlagAccept                             0x00000dd8   ARM Code     376  Os_flag.o(.text)
    OSFlagCreate                             0x00000f50   ARM Code     128  Os_flag.o(.text)
    OS_FlagUnlink                            0x00000fd0   ARM Code      72  Os_flag.o(.text)
    OSFlagDel                                0x00001084   ARM Code     304  Os_flag.o(.text)
    OSFlagPend                               0x00001244   ARM Code     692  Os_flag.o(.text)
    OSFlagPost                               0x000014f8   ARM Code     416  Os_flag.o(.text)
    OSFlagQuery                              0x00001698   ARM Code      92  Os_flag.o(.text)
    OS_FlagInit                              0x000016f4   ARM Code      96  Os_flag.o(.text)
    OSMboxAccept                             0x00001754   ARM Code      72  Os_mbox.o(.text)
    OSMboxCreate                             0x0000179c   ARM Code     112  Os_mbox.o(.text)
    OSMboxDel                                0x0000180c   ARM Code     308  Os_mbox.o(.text)
    OSMboxPend                               0x00001940   ARM Code     256  Os_mbox.o(.text)
    OSMboxPost                               0x00001a40   ARM Code     152  Os_mbox.o(.text)
    OSMboxPostOpt                            0x00001ad8   ARM Code     200  Os_mbox.o(.text)
    OSMboxQuery                              0x00001ba0   ARM Code     112  Os_mbox.o(.text)
    OSMemCreate                              0x00001c1c   ARM Code     240  Os_mem.o(.text)
    OSMemGet                                 0x00001d0c   ARM Code     112  Os_mem.o(.text)
    OSMemPut                                 0x00001d7c   ARM Code     112  Os_mem.o(.text)
    OSMemQuery                               0x00001dec   ARM Code     116  Os_mem.o(.text)
    OS_MemInit                               0x00001e60   ARM Code     104  Os_mem.o(.text)
    OSQAccept                                0x00001ed0   ARM Code     136  Os_q.o(.text)
    OSQCreate                                0x00001f58   ARM Code     200  Os_q.o(.text)
    OSQDel                                   0x00002020   ARM Code     344  Os_q.o(.text)
    OSQFlush                                 0x00002178   ARM Code      88  Os_q.o(.text)
    OSQPend                                  0x000021d0   ARM Code     308  Os_q.o(.text)
    OSQPost                                  0x00002304   ARM Code     208  Os_q.o(.text)
    OSQPostFront                             0x000023d4   ARM Code     208  Os_q.o(.text)
    OSQPostOpt                               0x000024a4   ARM Code     308  Os_q.o(.text)
    OSQQuery                                 0x000025d8   ARM Code     160  Os_q.o(.text)
    OS_QInit                                 0x00002678   ARM Code      68  Os_q.o(.text)
    OSSemAccept                              0x000026d0   ARM Code      84  Os_sem.o(.text)
    OSSemCreate                              0x00002724   ARM Code     112  Os_sem.o(.text)
    OSSemDel                                 0x00002794   ARM Code     308  Os_sem.o(.text)
    OSSemPend                                0x000028c8   ARM Code     228  Os_sem.o(.text)
    OSSemPost                                0x000029ac   ARM Code     140  Os_sem.o(.text)
    OSSemQuery                               0x00002a38   ARM Code     112  Os_sem.o(.text)
    OSTaskChangePrio                         0x00002ab4   ARM Code     372  Os_task.o(.text)
    OSTaskCreate                             0x00002c28   ARM Code     216  Os_task.o(.text)
    OSTaskCreateExt                          0x00002d00   ARM Code     252  Os_task.o(.text)
    OSTaskDel                                0x00002dfc   ARM Code     424  Os_task.o(.text)
    OSTaskDelReq                             0x00002fa4   ARM Code     132  Os_task.o(.text)
    OSTaskResume                             0x00003028   ARM Code     172  Os_task.o(.text)
    OSTaskStkChk                             0x000030d4   ARM Code     188  Os_task.o(.text)
    OSTaskSuspend                            0x00003190   ARM Code     216  Os_task.o(.text)
    OSTaskQuery                              0x00003268   ARM Code     156  Os_task.o(.text)
    OSTimeDly                                0x00003304   ARM Code      96  Os_time.o(.text)
    OSTimeDlyHMSM                            0x00003364   ARM Code     208  Os_time.o(.text)
    OSTimeDlyResume                          0x00003434   ARM Code     168  Os_time.o(.text)
    OSTimeGet                                0x000034dc   ARM Code      28  Os_time.o(.text)
    OSTimeSet                                0x000034f8   ARM Code      28  Os_time.o(.text)
    main                                     0x00003528   ARM Code     152  main.o(.text)
    QueueCreate                              0x000035f0   ARM Code     116  queue.o(.text)
    QueueRead                                0x00003664   ARM Code     152  queue.o(.text)
    QueueWrite                               0x000036fc   ARM Code     156  queue.o(.text)
    QueueWriteFront                          0x00003798   ARM Code     160  queue.o(.text)
    QueueNData                               0x00003838   ARM Code      40  queue.o(.text)
    QueueSize                                0x00003860   ARM Code      40  queue.o(.text)
    QueueFlush                               0x00003888   ARM Code      48  queue.o(.text)
    delay10us                                0x000038b8   ARM Code      44  comm.o(.text)
    delayus                                  0x000038e4   ARM Code      48  comm.o(.text)
    CRCByte                                  0x00003914   ARM Code      40  comm.o(.text)
    TimeDay                                  0x0000393c   ARM Code     208  comm.o(.text)
    TimeSec                                  0x00003a0c   ARM Code     276  comm.o(.text)
    Uart0WriteFull                           0x00003b30   ARM Code      68  uart0.o(.text)
    UART0Init                                0x00003b74   ARM Code     232  uart0.o(.text)
    RequestUart0                             0x00003c5c   ARM Code      60  uart0.o(.text)
    FreeUart0                                0x00003c98   ARM Code      12  uart0.o(.text)
    Uart0SendByte                            0x00003ca4   ARM Code     156  uart0.o(.text)
    Uart0SendString                          0x00003d40   ARM Code     156  uart0.o(.text)
    Uart0SendBytes                           0x00003ddc   ARM Code     156  uart0.o(.text)
    Uart0RecByte                             0x00003e78   ARM Code     112  uart0.o(.text)
    UART0_Exception                          0x00003ee8   ARM Code     188  uart0.o(.text)
    Uart1WriteFull                           0x00003fc4   ARM Code      68  uart1.o(.text)
    UART1Init                                0x00004008   ARM Code     232  uart1.o(.text)
    RequestUart1                             0x000040f0   ARM Code      60  uart1.o(.text)
    FreeUart1                                0x0000412c   ARM Code      12  uart1.o(.text)
    Uart1SendByte                            0x00004138   ARM Code     156  uart1.o(.text)
    Uart1SendString                          0x000041d4   ARM Code     156  uart1.o(.text)
    Uart1SendBytes                           0x00004270   ARM Code     156  uart1.o(.text)
    Uart1RecByte                             0x0000430c   ARM Code     112  uart1.o(.text)
    UART1_Exception                          0x0000437c   ARM Code     184  uart1.o(.text)
    TaskTest                                 0x00004454   ARM Code     100  test.o(.text)
    IoInit                                   0x000044bc   ARM Code     220  IO_driver.o(.text)
    ChipCommInit                             0x0000459c   ARM Code      36  chip_communication.o(.text)
    RequestUpdata                            0x000045c0   ARM Code      12  chip_communication.o(.text)
    ChipWriteFrame                           0x000045cc   ARM Code     264  chip_communication.o(.text)
    ChipReadFrame                            0x000046d4   ARM Code     288  chip_communication.o(.text)
    ChipDataUpdata                           0x000047f4   ARM Code     456  chip_communication.o(.text)
    SysCommandHandle                         0x000049bc   ARM Code     136  chip_communication.o(.text)
    TradeHandle                              0x00004a44   ARM Code     188  chip_communication.o(.text)
    TaskChipComm                             0x00004b00   ARM Code    2200  chip_communication.o(.text)
    ServerCommInit                           0x00005398   ARM Code       4  server_communication.o(.text)
    TaskServerHandle                         0x0000539c   ARM Code       8  server_communication.o(.text)
    I2c0Init                                 0x000053a4   ARM Code     132  i2c0.o(.text)
    I2c0WriteBytes                           0x00005428   ARM Code     104  i2c0.o(.text)
    I2c0WriteMemery                          0x00005490   ARM Code      56  i2c0.o(.text)
    I2c0ReadBytes                            0x000054c8   ARM Code     124  i2c0.o(.text)
    I2c0WriteReadBytes                       0x00005544   ARM Code     136  i2c0.o(.text)
    I2c0_Exception                           0x000055cc   ARM Code     476  i2c0.o(.text)
    Spi0Init                                 0x000057b8   ARM Code     100  spi0.o(.text)
    Spi0TranceByte                           0x0000581c   ARM Code     216  spi0.o(.text)
    Spi0_Exception                           0x000058f4   ARM Code      48  spi0.o(.text)
    PadCommInit                              0x00005938   ARM Code      88  padcommunication.o(.text)
    SendToPadCom                             0x00005990   ARM Code     560  padcommunication.o(.text)
    ReadVariable                             0x00005bc0   ARM Code      16  padcommunication.o(.text)
    LogOut                                   0x00005bd0   ARM Code     144  padcommunication.o(.text)
    GetDeviceState                           0x00005c60   ARM Code      92  padcommunication.o(.text)
    ExceptionHandle                          0x00005cbc   ARM Code     108  padcommunication.o(.text)
    ChangeSite                               0x00005d28   ARM Code     160  padcommunication.o(.text)
    RideMess                                 0x00005dc8   ARM Code     320  padcommunication.o(.text)
    MakeChange                               0x00005f08   ARM Code     576  padcommunication.o(.text)
    Print                                    0x00006148   ARM Code     508  padcommunication.o(.text)
    StopTrade                                0x00006344   ARM Code     108  padcommunication.o(.text)
    ShutDown                                 0x000063b0   ARM Code     132  padcommunication.o(.text)
    RequestLogin                             0x00006434   ARM Code     136  padcommunication.o(.text)
    CashboxInit                              0x000064bc   ARM Code     116  padcommunication.o(.text)
    DisplayMessage                           0x00006530   ARM Code     308  padcommunication.o(.text)
    Online                                   0x00006664   ARM Code     348  padcommunication.o(.text)
    Login                                    0x000067c0   ARM Code     344  padcommunication.o(.text)
    TimeSync                                 0x00006918   ARM Code     328  padcommunication.o(.text)
    GetStationMess                           0x00006a60   ARM Code     612  padcommunication.o(.text)
    StationSync                              0x00006cc4   ARM Code     344  padcommunication.o(.text)
    TaskPADRecHandle                         0x00006e1c   ARM Code     976  padcommunication.o(.text)
    TaskDeviceCommand                        0x000071ec   ARM Code    1524  padcommunication.o(.text)
    ReadExternMemery                         0x000077e0   ARM Code       4  eeprom.o(.text)
    WriteExternMemery                        0x000077e4   ARM Code       8  eeprom.o(.text)
    WriteMem                                 0x000077ec   ARM Code       4  eeprom.o(.text)
    InitConfigData                           0x000077f0   ARM Code      72  eeprom.o(.text)
    TaskDataStore                            0x00007838   ARM Code     484  eeprom.o(.text)
    _main_redirection                        0x00007a1c   ARM Code       4  _no_redirect.o(.text)
    _main                                    0x00007a20   ARM Code       4  _no_redirect.o(.text)
    _sprintf                                 0x00007a24   ARM Code     104  _sprintf.o(.text)
    srand                                    0x00007a94   ARM Code      68  rand.o(.text)
    _rand_init                               0x00007ad8   ARM Code      72  rand.o(.text)
    rand                                     0x00007b20   ARM Code      96  rand.o(.text)
    __rt_memclr                              0x00007b90   ARM Code      68  rt_memclr.o(.text)
    _memset                                  0x00007b94   ARM Code       0  rt_memclr.o(.text)
    __rt_memclr_w                            0x00007bd4   ARM Code      88  rt_memclr_w.o(.text)
    _memset_w                                0x00007bd8   ARM Code       0  rt_memclr_w.o(.text)
    __rt_memcpy                              0x00007c2c   ARM Code     180  rt_memcpy.o(.text)
    __rt_memcpy_w                            0x00007ce0   ARM Code     108  rt_memcpy_w.o(.text)
    _memcpy_lastbytes                        0x00007d2c   ARM Code       0  rt_memcpy_w.o(.text)
    __rt_udiv                                0x00007d4c   ARM Code     192  rt_udiv.o(.text)
    strlen                                   0x00007e0c   ARM Code     100  strlen.o(.text)
    strncmp                                  0x00007e74   ARM Code     120  strncmp.o(.text)
    __32__use_no_semihosting_swi             0x00007ef0   ARM Code       0  use_no_semi.o(.text)
    __semihosting_swi_guard                  0x00007ef0   ARM Code       0  use_no_semi.o(.text)
    __use_no_semihosting_swi                 0x00007ef0   ARM Code       4  use_no_semi.o(.text)
    __vfprintf                               0x00007ef4   ARM Code    2056  __vfpntf.o(.text)
    _sputc                                   0x00008c2c   ARM Code      20  _sputc.o(.text)
    _serror                                  0x00008c40   ARM Code       8  _sputc.o(.text)
    __rt_entry                               0x00008c48   ARM Code       0  kernel.o(.text)
    __32__rt_exit                            0x00008c58   ARM Code       0  kernel.o(.text)
    __rt_exit                                0x00008c58   ARM Code      16  kernel.o(.text)
    __32__rt_abort                           0x00008c68   ARM Code       0  kernel.o(.text)
    __rt_abort                               0x00008c68   ARM Code       8  kernel.o(.text)
    exit                                     0x00008c70   ARM Code      24  exit.o(.text)
    __rt_lib_init                            0x00008c88   ARM Code     228  lib_init.o(.text)
    __rt_lib_shutdown                        0x00008d6c   ARM Code      20  lib_init.o(.text)
    _ll_udiv10                               0x00008d84   ARM Code     152  lludiv10.o(.text)
    __rt_udiv10                              0x00008e1c   ARM Code      44  rtudiv10.o(.text)
    __rt_stackheap_init                      0x00008e48   ARM Code     144  stkheap1.o(.text)
    __rt_heap_extend                         0x00008ed8   ARM Code     108  stkheap1.o(.text)
    __user_libspace                          0x00008f44   ARM Code       8  libspace.o(.text)
    _no_fp_display                           0x00008f50   ARM Code       8  nofpdisp.o(.text)
    __rt_fp_status_addr                      0x00008f58   ARM Code      16  rt_fp_status_addr.o(.text)
    IRQ_Handler                              0x00008f68   ARM Code       0  IRQ.o(IRQ)
    Uart0_Handler                            0x00008fe8   ARM Code       0  IRQ.o(IRQ)
    Uart1_Handler                            0x00009068   ARM Code       0  IRQ.o(IRQ)
    Spi0_Handler                             0x000090e8   ARM Code       0  IRQ.o(IRQ)
    I2c0_Handler                             0x00009168   ARM Code       0  IRQ.o(IRQ)
    Timer0_Handler                           0x000091e8   ARM Code       0  IRQ.o(IRQ)
    SoftwareInterrupt                        0x00009280   ARM Code       0  Os_cpu_a.o(subr)
    OSIntCtxSw                               0x000092bc   ARM Code       0  Os_cpu_a.o(subr)
    __OSStartHighRdy                         0x00009350   ARM Code       0  Os_cpu_a.o(subr)
    _fp_init                                 0x00009390   ARM Code      20  fpinit.o(x$fpl$fpinit)
    __fplib_config_pureend_doubles           0x000093a0   ARM Code       0  fpinit.o(x$fpl$fpinit)
    _fp_display_gate                         0x000093a4   ARM Code       4  printf2.o(x$fpl$printf2)
    OSMapTbl                                 0x000093a8   Data           8  Os_core.o(.constdata)
    OSUnMapTbl                               0x000093b0   Data         256  Os_core.o(.constdata)
    completeversion                          0x000094b0   Data          16  main.o(.constdata)
    rj45_comm                                0x00009514   Data          88  padcommunication.o(.constdata)
    Region$$Table$$Base                      0x0000956c   Data           0  anon$$obj.o(Region$$Table)
    Region$$Table$$Limit                     0x0000959c   Data           0  anon$$obj.o(Region$$Table)
    ZISection$$Table$$Base                   0x0000959c   Data           0  anon$$obj.o(ZISection$$Table)
    ZISection$$Table$$Limit                  0x000095ac   Data           0  anon$$obj.o(ZISection$$Table)
    delay_time                               0x40000000   Data           4  padcommunication.o(.data)
    promptmess                               0x40000004   Data         100  padcommunication.o(.data)
    OsEnterSum                               0x40000068   Data           4  Os_cpu_c.o(.bss)
    OSCPUUsage                               0x4000006c   Data           1  Os_core.o(.bss)
    OSStatRdy                                0x4000006d   Data           1  Os_core.o(.bss)
    OSIntNesting                             0x4000006e   Data           1  Os_core.o(.bss)
    OSIntExitY                               0x4000006f   Data           1  Os_core.o(.bss)
    OSLockNesting                            0x40000070   Data           1  Os_core.o(.bss)
    OSPrioCur                                0x40000071   Data           1  Os_core.o(.bss)
    OSPrioHighRdy                            0x40000072   Data           1  Os_core.o(.bss)
    OSRdyGrp                                 0x40000073   Data           1  Os_core.o(.bss)
    OSRunning                                0x40000074   Data           1  Os_core.o(.bss)
    OSTaskCtr                                0x40000075   Data           1  Os_core.o(.bss)
    OSRdyTbl                                 0x40000076   Data           3  Os_core.o(.bss)
    OSCtxSwCtr                               0x4000007c   Data           4  Os_core.o(.bss)
    OSEventFreeList                          0x40000080   Data           4  Os_core.o(.bss)
    OSIdleCtrMax                             0x40000084   Data           4  Os_core.o(.bss)
    OSIdleCtrRun                             0x40000088   Data           4  Os_core.o(.bss)
    OSIdleCtr                                0x4000008c   Data           4  Os_core.o(.bss)
    OSTCBCur                                 0x40000090   Data           4  Os_core.o(.bss)
    OSTCBFreeList                            0x40000094   Data           4  Os_core.o(.bss)
    OSTCBHighRdy                             0x40000098   Data           4  Os_core.o(.bss)
    OSTCBList                                0x4000009c   Data           4  Os_core.o(.bss)
    OSTime                                   0x400000a0   Data           4  Os_core.o(.bss)
    OSEventTbl                               0x400000a4   Data         180  Os_core.o(.bss)
    OSTaskStatStk                            0x40000158   Data        1024  Os_core.o(.bss)
    OSTaskIdleStk                            0x40000558   Data        1024  Os_core.o(.bss)
    OSTCBPrioTbl                             0x40000958   Data          84  Os_core.o(.bss)
    OSTCBTbl                                 0x400009ac   Data         884  Os_core.o(.bss)
    OSFlagTbl                                0x40000d20   Data          60  Os_core.o(.bss)
    OSFlagFreeList                           0x40000d5c   Data           4  Os_core.o(.bss)
    OSMemFreeList                            0x40000d60   Data           4  Os_core.o(.bss)
    OSMemTbl                                 0x40000d64   Data         100  Os_core.o(.bss)
    OSQFreeList                              0x40000dc8   Data           4  Os_core.o(.bss)
    OSQTbl                                   0x40000dcc   Data          48  Os_core.o(.bss)
    TaskTestStk                              0x40000dfc   Data        1024  main.o(.bss)
    TaskPADRecHandleStk                      0x400011fc   Data        1024  main.o(.bss)
    TaskDeviceCommandStk                     0x400015fc   Data        1024  main.o(.bss)
    TaskServerHandleStk                      0x400019fc   Data        1024  main.o(.bss)
    TaskChipCommStk                          0x40001dfc   Data        1024  main.o(.bss)
    TaskDataStoreStk                         0x400021fc   Data        1024  main.o(.bss)
    Uart1Sem                                 0x4000270c   Data           4  uart1.o(.bss)
    UART1SendBuf                             0x40002714   Data         128  uart1.o(.bss)
    UART1RecBuf                              0x40002794   Data         128  uart1.o(.bss)
    sys_state                                0x40002814   Data          36  sys_state.o(.bss)
    data_updata_sem                          0x40002838   Data           4  chip_communication.o(.bss)
    curr_line                                0x4000283c   Data         612  chip_communication.o(.bss)
    device_control                           0x40002aa0   Data         144  chip_communication.o(.bss)
    chip_communication_temp                  0x40002b30   Data          32  chip_communication.o(.bss)
    changesite_flag                          0x40002c35   Data           1  padcommunication.o(.bss)
    old_station                              0x40002c36   Data           1  padcommunication.o(.bss)
    curr_station                             0x40002c37   Data           1  padcommunication.o(.bss)
    run_direction                            0x40002c38   Data           1  padcommunication.o(.bss)
    trade_amount                             0x40002e48   Data          16  eeprom.o(.bss)
    bottom_of_heap                           0x4000313c   Data           1  Startup.o(Heap)
    StackUsr                                 0x40008000   Data           0  Startup.o(Stacks)


================================================================================

Memory Map of the image

  Image Entry point : 0x00000000

  Load Region ROM_LOAD (Base: 0x00000000, Size: 0x00009614, Max: 0xffffffff, ABSOLUTE)

    Execution Region ROM_EXEC (Base: 0x00000000, Size: 0x000095ac, Max: 0xffffffff, ABSOLUTE)

    Base Addr    Size         Type   Attr  Idx  E Section Name        Object

    0x00000000   0x000000b8   Code   RO   151   * vectors             Startup.o
    0x000000b8   0x000000a8   Code   RO   439   * !!!                 __main.o(c_a__un.l)
    0x00000160   0x00000184   Code   RO     6     .text               Os_cpu_c.o
    0x000002e4   0x00000270   Code   RO   127     .text               target.o
    0x00000554   0x00000884   Code   RO   158     .text               Os_core.o
    0x00000dd8   0x0000097c   Code   RO   178     .text               Os_flag.o
    0x00001754   0x000004c8   Code   RO   187     .text               Os_mbox.o
    0x00001c1c   0x000002b4   Code   RO   196     .text               Os_mem.o
    0x00001ed0   0x00000800   Code   RO   214     .text               Os_q.o
    0x000026d0   0x000003e4   Code   RO   223     .text               Os_sem.o
    0x00002ab4   0x00000850   Code   RO   232     .text               Os_task.o
    0x00003304   0x00000224   Code   RO   241     .text               Os_time.o
    0x00003528   0x000000c8   Code   RO   250     .text               main.o
    0x000035f0   0x000002c8   Code   RO   264     .text               queue.o
    0x000038b8   0x00000278   Code   RO   273     .text               comm.o
    0x00003b30   0x00000494   Code   RO   282     .text               uart0.o
    0x00003fc4   0x00000490   Code   RO   294     .text               uart1.o
    0x00004454   0x00000068   Code   RO   307     .text               test.o
    0x000044bc   0x000000e0   Code   RO   317     .text               IO_driver.o
    0x0000459c   0x00000dfc   Code   RO   346     .text               chip_communication.o
    0x00005398   0x0000000c   Code   RO   362     .text               server_communication.o
    0x000053a4   0x00000414   Code   RO   371     .text               i2c0.o
    0x000057b8   0x00000180   Code   RO   382     .text               spi0.o
    0x00005938   0x00001ea8   Code   RO   394     .text               padcommunication.o
    0x000077e0   0x0000023c   Code   RO   419     .text               eeprom.o
    0x00007a1c   0x00000008   Code   RO   441     .text               _no_redirect.o(c_a__un.l)
    0x00007a24   0x00000070   Code   RO   443     .text               _sprintf.o(c_a__un.l)
    0x00007a94   0x000000fc   Code   RO   445     .text               rand.o(c_a__un.l)
    0x00007b90   0x00000044   Code   RO   448     .text               rt_memclr.o(c_a__un.l)
    0x00007bd4   0x00000058   Code   RO   450     .text               rt_memclr_w.o(c_a__un.l)
    0x00007c2c   0x000000b4   Code   RO   452     .text               rt_memcpy.o(c_a__un.l)
    0x00007ce0   0x0000006c   Code   RO   454     .text               rt_memcpy_w.o(c_a__un.l)
    0x00007d4c   0x000000c0   Code   RO   456     .text               rt_udiv.o(c_a__un.l)
    0x00007e0c   0x00000068   Code   RO   458     .text               strlen.o(c_a__un.l)
    0x00007e74   0x0000007c   Code   RO   460     .text               strncmp.o(c_a__un.l)
    0x00007ef0   0x00000004   Code   RO   462     .text               use_no_semi.o(c_a__un.l)
    0x00007ef4   0x00000d38   Code   RO   464     .text               __vfpntf.o(c_a__un.l)
    0x00008c2c   0x0000001c   Code   RO   466     .text               _sputc.o(c_a__un.l)
    0x00008c48   0x00000028   Code   RO   468     .text               kernel.o(c_a__un.l)
    0x00008c70   0x00000018   Code   RO   470     .text               exit.o(c_a__un.l)
    0x00008c88   0x000000fc   Code   RO   472     .text               lib_init.o(c_a__un.l)
    0x00008d84   0x00000098   Code   RO   474     .text               lludiv10.o(c_a__un.l)
    0x00008e1c   0x0000002c   Code   RO   476     .text               rtudiv10.o(c_a__un.l)
    0x00008e48   0x000000fc   Code   RO   478     .text               stkheap1.o(c_a__un.l)
    0x00008f44   0x0000000c   Code   RO   482     .text               libspace.o(c_a__un.l)
    0x00008f50   0x00000008   Code   RO   485     .text               nofpdisp.o(c_a__un.l)
    0x00008f58   0x00000010   Code   RO   489     .text               rt_fp_status_addr.o(c_a__un.l)
    0x00008f68   0x00000318   Code   RO   147     IRQ                 IRQ.o
    0x00009280   0x00000110   Code   RO     1     subr                Os_cpu_a.o
    0x00009390   0x00000014   Code   RO   487     x$fpl$fpinit        fpinit.o(f_a_p.l)
    0x000093a4   0x00000004   Code   RO   480     x$fpl$printf2       printf2.o(f_a_p.l)
    0x000093a8   0x00000108   Data   RO   159     .constdata          Os_core.o
    0x000094b0   0x00000010   Data   RO   252     .constdata          main.o
    0x000094c0   0x00000020   Data   RO   283     .constdata          uart0.o
    0x000094e0   0x00000020   Data   RO   295     .constdata          uart1.o
    0x00009500   0x00000013   Data   RO   308     .constdata          test.o
    0x00009513   0x00000001   PAD
    0x00009514   0x00000058   Data   RO   396     .constdata          padcommunication.o
    0x0000956c   0x00000030   Data   RO   491     Region$$Table       anon$$obj.o
    0x0000959c   0x00000010   Data   RO   492     ZISection$$Table    anon$$obj.o


    Execution Region IRAM (Base: 0x40000000, Size: 0x0000313c, Max: 0xffffffff, ABSOLUTE)

    Base Addr    Size         Type   Attr  Idx  E Section Name        Object

    0x40000000   0x00000068   Data   RW   395     .data               padcommunication.o
    0x40000068   0x00000004   Zero   RW     7     .bss                Os_cpu_c.o
    0x4000006c   0x00000cb4   Zero   RW   160     .bss                Os_core.o
    0x40000d20   0x0000003c   Zero   RW   161     .bss                Os_core.o
    0x40000d5c   0x00000004   Zero   RW   162     .bss                Os_core.o
    0x40000d60   0x00000004   Zero   RW   163     .bss                Os_core.o
    0x40000d64   0x00000064   Zero   RW   164     .bss                Os_core.o
    0x40000dc8   0x00000004   Zero   RW   165     .bss                Os_core.o
    0x40000dcc   0x00000030   Zero   RW   166     .bss                Os_core.o
    0x40000dfc   0x00001800   Zero   RW   251     .bss                main.o
    0x400025fc   0x0000010c   Zero   RW   284     .bss                uart0.o
    0x40002708   0x0000010c   Zero   RW   296     .bss                uart1.o
    0x40002814   0x00000024   Zero   RW   338     .bss                sys_state.o
    0x40002838   0x00000318   Zero   RW   347     .bss                chip_communication.o
    0x40002b50   0x00000018   Zero   RW   372     .bss                i2c0.o
    0x40002b68   0x000000cc   Zero   RW   383     .bss                spi0.o
    0x40002c34   0x00000214   Zero   RW   397     .bss                padcommunication.o
    0x40002e48   0x00000010   Zero   RW   420     .bss                eeprom.o
    0x40002e58   0x000000e4   Zero   RW   446     .bss                rand.o(c_a__un.l)
    0x40002f3c   0x00000060   Zero   RW   483     .bss                libspace.o(c_a__un.l)
    0x40002f9c   0x00000120   Zero   RW   152     MyStacks            Startup.o
    0x400030bc   0x00000080   Zero   RW     2     SWIStacks           Os_cpu_a.o


    Execution Region HEAP (Base: 0x4000313c, Size: 0x00000004, Max: 0xffffffff, ABSOLUTE, UNINIT)

    Base Addr    Size         Type   Attr  Idx  E Section Name        Object

    0x4000313c   0x00000004   Zero   RW   153     Heap                Startup.o


    Execution Region STACKS (Base: 0x40008000, Size: 0x00000000, Max: 0xffffffff, ABSOLUTE, UNINIT)

    Base Addr    Size         Type   Attr  Idx  E Section Name        Object

    0x40008000   0x00000000   Zero   RW   154     Stacks              Startup.o



  Load Region LR$$Debug (Base: 0x00000000, Size: 0x00000000, Max: 0xffffffff, ABSOLUTE)

    Execution Region ER$$Debug (Base: 0x00000000, Size: 0x00000000, Max: 0xffffffff, ABSOLUTE)

    Base Addr    Size         Type   Attr  Idx  E Section Name        Object

    0x00000000   0x00000010   Dbug   RW     5     .debug_abbrev       Os_cpu_a.o
    0x00000010   0x000003ec   Dbug   RW    16     .debug_abbrev       Os_cpu_c.o
    0x000003fc   0x00000010   Dbug   RW   150     .debug_abbrev       IRQ.o
    0x0000040c   0x00000010   Dbug   RW   157     .debug_abbrev       Startup.o
    0x00000000   0x000000f8   Dbug   RW    15     .debug_frame        Os_cpu_c.o
    0x000000f8   0x000001a8   Dbug   RW   135     .debug_frame        target.o
    0x000002a0   0x000002c0   Dbug   RW   174     .debug_frame        Os_core.o
    0x00000560   0x00000188   Dbug   RW   186     .debug_frame        Os_flag.o
    0x000006e8   0x00000128   Dbug   RW   195     .debug_frame        Os_mbox.o
    0x00000810   0x000000cc   Dbug   RW   204     .debug_frame        Os_mem.o
    0x000008dc   0x00000184   Dbug   RW   222     .debug_frame        Os_q.o
    0x00000a60   0x00000104   Dbug   RW   231     .debug_frame        Os_sem.o
    0x00000b64   0x0000019c   Dbug   RW   240     .debug_frame        Os_task.o
    0x00000d00   0x000000dc   Dbug   RW   249     .debug_frame        Os_time.o
    0x00000ddc   0x00000048   Dbug   RW   261     .debug_frame        main.o
    0x00000e24   0x00000120   Dbug   RW   272     .debug_frame        queue.o
    0x00000f44   0x000000b8   Dbug   RW   281     .debug_frame        comm.o
    0x00000ffc   0x00000168   Dbug   RW   293     .debug_frame        uart0.o
    0x00001164   0x00000168   Dbug   RW   306     .debug_frame        uart1.o
    0x000012cc   0x00000048   Dbug   RW   316     .debug_frame        test.o
    0x00001314   0x0000003c   Dbug   RW   331     .debug_frame        IO_driver.o
    0x00001350   0x00000144   Dbug   RW   359     .debug_frame        chip_communication.o
    0x00001494   0x0000004c   Dbug   RW   370     .debug_frame        server_communication.o
    0x000014e0   0x00000110   Dbug   RW   381     .debug_frame        i2c0.o
    0x000015f0   0x00000080   Dbug   RW   393     .debug_frame        spi0.o
    0x00001670   0x000003a0   Dbug   RW   413     .debug_frame        padcommunication.o
    0x00001a10   0x000000a0   Dbug   RW   434     .debug_frame        eeprom.o
    0x00001ab0   0x0000003c   Dbug   RW   440     .debug_frame        __main.o(c_a__un.l)
    0x00001aec   0x0000004c   Dbug   RW   442     .debug_frame        _no_redirect.o(c_a__un.l)
    0x00001b38   0x0000005c   Dbug   RW   444     .debug_frame        _sprintf.o(c_a__un.l)
    0x00001b94   0x00000080   Dbug   RW   447     .debug_frame        rand.o(c_a__un.l)
    0x00001c14   0x00000044   Dbug   RW   449     .debug_frame        rt_memclr.o(c_a__un.l)
    0x00001c58   0x00000054   Dbug   RW   451     .debug_frame        rt_memclr_w.o(c_a__un.l)
    0x00001cac   0x0000003c   Dbug   RW   453     .debug_frame        rt_memcpy.o(c_a__un.l)
    0x00001ce8   0x00000054   Dbug   RW   455     .debug_frame        rt_memcpy_w.o(c_a__un.l)
    0x00001d3c   0x00000044   Dbug   RW   457     .debug_frame        rt_udiv.o(c_a__un.l)
    0x00001d80   0x0000003c   Dbug   RW   459     .debug_frame        strlen.o(c_a__un.l)
    0x00001dbc   0x0000004c   Dbug   RW   461     .debug_frame        strncmp.o(c_a__un.l)
    0x00001e08   0x00000044   Dbug   RW   463     .debug_frame        use_no_semi.o(c_a__un.l)
    0x00001e4c   0x000000b0   Dbug   RW   465     .debug_frame        __vfpntf.o(c_a__un.l)
    0x00001efc   0x0000004c   Dbug   RW   467     .debug_frame        _sputc.o(c_a__un.l)
    0x00001f48   0x00000058   Dbug   RW   469     .debug_frame        kernel.o(c_a__un.l)
    0x00001fa0   0x0000004c   Dbug   RW   471     .debug_frame        exit.o(c_a__un.l)
    0x00001fec   0x0000007c   Dbug   RW   473     .debug_frame        lib_init.o(c_a__un.l)
    0x00002068   0x00000058   Dbug   RW   475     .debug_frame        lludiv10.o(c_a__un.l)
    0x000020c0   0x00000044   Dbug   RW   477     .debug_frame        rtudiv10.o(c_a__un.l)
    0x00002104   0x00000080   Dbug   RW   479     .debug_frame        stkheap1.o(c_a__un.l)
    0x00002184   0x0000003c   Dbug   RW   481     .debug_frame        printf2.o(f_a_p.l)
    0x000021c0   0x00000044   Dbug   RW   484     .debug_frame        libspace.o(c_a__un.l)
    0x00002204   0x0000003c   Dbug   RW   486     .debug_frame        nofpdisp.o(c_a__un.l)
    0x00002240   0x0000004c   Dbug   RW   488     .debug_frame        fpinit.o(f_a_p.l)
    0x0000228c   0x0000004c   Dbug   RW   490     .debug_frame        rt_fp_status_addr.o(c_a__un.l)
    0x00000000   0x00000084   Dbug   RW     3     .debug_info         Os_cpu_a.o
    0x00000084   0x0000014c   Dbug   RW    22     .debug_info         Os_cpu_c.o
    0x000001d0   0x00000080   Dbug   RW     9     .debug_info         Os_cpu_c.o
    0x00000250   0x0000007c   Dbug   RW    26     .debug_info         Os_cpu_c.o
    0x000002cc   0x00000a38   Dbug   RW    30     .debug_info         Os_cpu_c.o
    0x00000d04   0x00000374   Dbug   RW    12     .debug_info         Os_cpu_c.o
    0x00001078   0x0000011c   Dbug   RW    18     .debug_info         Os_cpu_c.o
    0x00001194   0x00000108   Dbug   RW    41     .debug_info         Os_cpu_c.o
    0x0000129c   0x00000234   Dbug   RW    48     .debug_info         Os_cpu_c.o
    0x000014d0   0x00000114   Dbug   RW    60     .debug_info         Os_cpu_c.o
    0x000015e4   0x0000013c   Dbug   RW    68     .debug_info         Os_cpu_c.o
    0x00001720   0x000000e4   Dbug   RW    72     .debug_info         Os_cpu_c.o
    0x00001804   0x00000564   Dbug   RW   103     .debug_info         Os_cpu_c.o
    0x00001d68   0x000004ac   Dbug   RW   111     .debug_info         Os_cpu_c.o
    0x00002214   0x0000087c   Dbug   RW   115     .debug_info         Os_cpu_c.o
    0x00002a90   0x0000008c   Dbug   RW   129     .debug_info         target.o
    0x00002b1c   0x000000e4   Dbug   RW   144     .debug_info         target.o
    0x00002c00   0x0000068c   Dbug   RW   132     .debug_info         target.o
    0x0000328c   0x00000148   Dbug   RW   136     .debug_info         target.o
    0x000033d4   0x0000007c   Dbug   RW   139     .debug_info         target.o
    0x00003450   0x00000a38   Dbug   RW   141     .debug_info         target.o
    0x00003e88   0x00000080   Dbug   RW   148     .debug_info         IRQ.o
    0x00003f08   0x00000080   Dbug   RW   155     .debug_info         Startup.o
    0x00003f88   0x00000ae0   Dbug   RW   175     .debug_info         Os_core.o
    0x00004a68   0x000009f0   Dbug   RW   171     .debug_info         Os_core.o
    0x00005458   0x0000007c   Dbug   RW   180     .debug_info         Os_flag.o
    0x000054d4   0x00000b6c   Dbug   RW   183     .debug_info         Os_flag.o
    0x00006040   0x00000084   Dbug   RW   189     .debug_info         Os_mbox.o
    0x000060c4   0x00000660   Dbug   RW   192     .debug_info         Os_mbox.o
    0x00006724   0x00000080   Dbug   RW   198     .debug_info         Os_mem.o
    0x000067a4   0x00000384   Dbug   RW   201     .debug_info         Os_mem.o
    0x00006b28   0x00000080   Dbug   RW   216     .debug_info         Os_q.o
    0x00006ba8   0x0000093c   Dbug   RW   219     .debug_info         Os_q.o
    0x000074e4   0x0000007c   Dbug   RW   225     .debug_info         Os_sem.o
    0x00007560   0x000004c4   Dbug   RW   228     .debug_info         Os_sem.o
    0x00007a24   0x000009ec   Dbug   RW   237     .debug_info         Os_task.o
    0x00008410   0x0000031c   Dbug   RW   246     .debug_info         Os_time.o
    0x0000872c   0x00000180   Dbug   RW   254     .debug_info         main.o
    0x000088ac   0x000001c0   Dbug   RW   258     .debug_info         main.o
    0x00008a6c   0x00000158   Dbug   RW   262     .debug_info         main.o
    0x00008bc4   0x0000059c   Dbug   RW   269     .debug_info         queue.o
    0x00009160   0x00000078   Dbug   RW   275     .debug_info         comm.o
    0x000091d8   0x000003d4   Dbug   RW   278     .debug_info         comm.o
    0x000095ac   0x00000140   Dbug   RW   286     .debug_info         uart0.o
    0x000096ec   0x00000918   Dbug   RW   290     .debug_info         uart0.o
    0x0000a004   0x00000154   Dbug   RW   299     .debug_info         uart1.o
    0x0000a158   0x00000924   Dbug   RW   303     .debug_info         uart1.o
    0x0000aa7c   0x0000019c   Dbug   RW   313     .debug_info         test.o
    0x0000ac18   0x000000ac   Dbug   RW   328     .debug_info         IO_driver.o
    0x0000acc4   0x00000568   Dbug   RW   342     .debug_info         sys_state.o
    0x0000b22c   0x0000012c   Dbug   RW   352     .debug_info         chip_communication.o
    0x0000b358   0x000011f4   Dbug   RW   356     .debug_info         chip_communication.o
    0x0000c54c   0x00000888   Dbug   RW   360     .debug_info         chip_communication.o
    0x0000cdd4   0x000000f8   Dbug   RW   367     .debug_info         server_communication.o
    0x0000cecc   0x0000012c   Dbug   RW   374     .debug_info         i2c0.o
    0x0000cff8   0x000005c0   Dbug   RW   378     .debug_info         i2c0.o
    0x0000d5b8   0x000000f4   Dbug   RW   386     .debug_info         spi0.o
    0x0000d6ac   0x000002b0   Dbug   RW   390     .debug_info         spi0.o
    0x0000d95c   0x0000028c   Dbug   RW   414     .debug_info         padcommunication.o
    0x0000dbe8   0x00000228   Dbug   RW   406     .debug_info         padcommunication.o
    0x0000de10   0x00002308   Dbug   RW   410     .debug_info         padcommunication.o
    0x00010118   0x000004b4   Dbug   RW   431     .debug_info         eeprom.o
    0x000105cc   0x000004b0   Dbug   RW   435     .debug_info         eeprom.o
    0x00010a7c   0x0000087c   Dbug   RW   437     .debug_info         eeprom.o
    0x00000000   0x000000a4   Dbug   RW     4     .debug_line         Os_cpu_a.o
    0x000000a4   0x00000094   Dbug   RW     8     .debug_line         Os_cpu_c.o
    0x00000138   0x00000134   Dbug   RW    11     .debug_line         Os_cpu_c.o
    0x0000026c   0x00000054   Dbug   RW    17     .debug_line         Os_cpu_c.o
    0x000002c0   0x00000058   Dbug   RW    21     .debug_line         Os_cpu_c.o
    0x00000318   0x00000058   Dbug   RW    25     .debug_line         Os_cpu_c.o
    0x00000370   0x00000058   Dbug   RW    29     .debug_line         Os_cpu_c.o
    0x000003c8   0x00000050   Dbug   RW    40     .debug_line         Os_cpu_c.o
    0x00000418   0x00000050   Dbug   RW    47     .debug_line         Os_cpu_c.o
    0x00000468   0x00000054   Dbug   RW    59     .debug_line         Os_cpu_c.o
    0x000004bc   0x00000054   Dbug   RW    63     .debug_line         Os_cpu_c.o
    0x00000510   0x00000054   Dbug   RW    67     .debug_line         Os_cpu_c.o
    0x00000564   0x00000058   Dbug   RW    71     .debug_line         Os_cpu_c.o
    0x000005bc   0x0000005c   Dbug   RW   102     .debug_line         Os_cpu_c.o
    0x00000618   0x000000a4   Dbug   RW   106     .debug_line         Os_cpu_c.o
    0x000006bc   0x0000005c   Dbug   RW   110     .debug_line         Os_cpu_c.o
    0x00000718   0x000000dc   Dbug   RW   114     .debug_line         Os_cpu_c.o
    0x000007f4   0x000000d4   Dbug   RW   128     .debug_line         target.o
    0x000008c8   0x00000178   Dbug   RW   131     .debug_line         target.o
    0x00000a40   0x00000050   Dbug   RW   143     .debug_line         target.o
    0x00000a90   0x0000007c   Dbug   RW   149     .debug_line         IRQ.o
    0x00000b0c   0x00000098   Dbug   RW   156     .debug_line         Startup.o
    0x00000ba4   0x00000314   Dbug   RW   170     .debug_line         Os_core.o
    0x00000eb8   0x00000094   Dbug   RW   179     .debug_line         Os_flag.o
    0x00000f4c   0x0000037c   Dbug   RW   182     .debug_line         Os_flag.o
    0x000012c8   0x00000094   Dbug   RW   188     .debug_line         Os_mbox.o
    0x0000135c   0x00000228   Dbug   RW   191     .debug_line         Os_mbox.o
    0x00001584   0x00000094   Dbug   RW   197     .debug_line         Os_mem.o
    0x00001618   0x00000188   Dbug   RW   200     .debug_line         Os_mem.o
    0x000017a0   0x00000090   Dbug   RW   215     .debug_line         Os_q.o
    0x00001830   0x000002f4   Dbug   RW   218     .debug_line         Os_q.o
    0x00001b24   0x00000094   Dbug   RW   224     .debug_line         Os_sem.o
    0x00001bb8   0x000001e0   Dbug   RW   227     .debug_line         Os_sem.o
    0x00001d98   0x000002d0   Dbug   RW   236     .debug_line         Os_task.o
    0x00002068   0x00000124   Dbug   RW   245     .debug_line         Os_time.o
    0x0000218c   0x000000c4   Dbug   RW   253     .debug_line         main.o
    0x00002250   0x000000a8   Dbug   RW   257     .debug_line         main.o
    0x000022f8   0x00000144   Dbug   RW   268     .debug_line         queue.o
    0x0000243c   0x00000090   Dbug   RW   274     .debug_line         comm.o
    0x000024cc   0x00000148   Dbug   RW   277     .debug_line         comm.o
    0x00002614   0x00000094   Dbug   RW   285     .debug_line         uart0.o
    0x000026a8   0x000001d8   Dbug   RW   289     .debug_line         uart0.o
    0x00002880   0x00000094   Dbug   RW   298     .debug_line         uart1.o
    0x00002914   0x000001d4   Dbug   RW   302     .debug_line         uart1.o
    0x00002ae8   0x000000b0   Dbug   RW   312     .debug_line         test.o
    0x00002b98   0x000000bc   Dbug   RW   327     .debug_line         IO_driver.o
    0x00002c54   0x000000a4   Dbug   RW   351     .debug_line         chip_communication.o
    0x00002cf8   0x000002d4   Dbug   RW   355     .debug_line         chip_communication.o
    0x00002fcc   0x000000b8   Dbug   RW   366     .debug_line         server_communication.o
    0x00003084   0x00000094   Dbug   RW   373     .debug_line         i2c0.o
    0x00003118   0x0000017c   Dbug   RW   377     .debug_line         i2c0.o
    0x00003294   0x00000094   Dbug   RW   385     .debug_line         spi0.o
    0x00003328   0x0000010c   Dbug   RW   389     .debug_line         spi0.o
    0x00003434   0x000000a4   Dbug   RW   405     .debug_line         padcommunication.o
    0x000034d8   0x00000650   Dbug   RW   409     .debug_line         padcommunication.o
    0x00003b28   0x000000f4   Dbug   RW   430     .debug_line         eeprom.o
    0x00000000   0x000002b4   Dbug   RW    14     .debug_loc          Os_cpu_c.o
    0x000002b4   0x00000324   Dbug   RW   134     .debug_loc          target.o
    0x000005d8   0x0000065c   Dbug   RW   173     .debug_loc          Os_core.o
    0x00000c34   0x000009e8   Dbug   RW   185     .debug_loc          Os_flag.o
    0x0000161c   0x00000464   Dbug   RW   194     .debug_loc          Os_mbox.o
    0x00001a80   0x000002b8   Dbug   RW   203     .debug_loc          Os_mem.o
    0x00001d38   0x000006a8   Dbug   RW   221     .debug_loc          Os_q.o
    0x000023e0   0x00000368   Dbug   RW   230     .debug_loc          Os_sem.o
    0x00002748   0x00000774   Dbug   RW   239     .debug_loc          Os_task.o
    0x00002ebc   0x00000234   Dbug   RW   248     .debug_loc          Os_time.o
    0x000030f0   0x000000b8   Dbug   RW   260     .debug_loc          main.o
    0x000031a8   0x00000414   Dbug   RW   271     .debug_loc          queue.o
    0x000035bc   0x0000034c   Dbug   RW   280     .debug_loc          comm.o
    0x00003908   0x00000564   Dbug   RW   292     .debug_loc          uart0.o
    0x00003e6c   0x00000564   Dbug   RW   305     .debug_loc          uart1.o
    0x000043d0   0x00000078   Dbug   RW   315     .debug_loc          test.o
    0x00004448   0x00000014   Dbug   RW   330     .debug_loc          IO_driver.o
    0x0000445c   0x00000830   Dbug   RW   358     .debug_loc          chip_communication.o
    0x00004c8c   0x00000014   Dbug   RW   369     .debug_loc          server_communication.o
    0x00004ca0   0x00000410   Dbug   RW   380     .debug_loc          i2c0.o
    0x000050b0   0x00000134   Dbug   RW   392     .debug_loc          spi0.o
    0x000051e4   0x000012f8   Dbug   RW   412     .debug_loc          padcommunication.o
    0x000064dc   0x000001b8   Dbug   RW   433     .debug_loc          eeprom.o
    0x00000000   0x00000194   Dbug   RW    10     .debug_macinfo      Os_cpu_c.o
    0x00000194   0x000000a0   Dbug   RW    20     .debug_macinfo      Os_cpu_c.o
    0x00000234   0x000000cc   Dbug   RW    24     .debug_macinfo      Os_cpu_c.o
    0x00000300   0x00000408   Dbug   RW    28     .debug_macinfo      Os_cpu_c.o
    0x00000708   0x00000904   Dbug   RW    32     .debug_macinfo      Os_cpu_c.o
    0x0000100c   0x000001f0   Dbug   RW    43     .debug_macinfo      Os_cpu_c.o
    0x000011fc   0x0000015c   Dbug   RW    50     .debug_macinfo      Os_cpu_c.o
    0x00001358   0x0000007c   Dbug   RW    62     .debug_macinfo      Os_cpu_c.o
    0x000013d4   0x00000020   Dbug   RW    66     .debug_macinfo      Os_cpu_c.o
    0x000013f4   0x0000009c   Dbug   RW    70     .debug_macinfo      Os_cpu_c.o
    0x00001490   0x0000009c   Dbug   RW    74     .debug_macinfo      Os_cpu_c.o
    0x0000152c   0x00000074   Dbug   RW   105     .debug_macinfo      Os_cpu_c.o
    0x000015a0   0x0000028c   Dbug   RW   109     .debug_macinfo      Os_cpu_c.o
    0x0000182c   0x00000098   Dbug   RW   113     .debug_macinfo      Os_cpu_c.o
    0x000018c4   0x000007b0   Dbug   RW   117     .debug_macinfo      Os_cpu_c.o
    0x00002074   0x00000198   Dbug   RW   130     .debug_macinfo      target.o
    0x0000220c   0x000000d4   Dbug   RW   138     .debug_macinfo      target.o
    0x000022e0   0x0000004c   Dbug   RW   146     .debug_macinfo      target.o
    0x0000232c   0x00000900   Dbug   RW   177     .debug_macinfo      Os_core.o
    0x00002c2c   0x00000180   Dbug   RW   181     .debug_macinfo      Os_flag.o
    0x00002dac   0x00000180   Dbug   RW   190     .debug_macinfo      Os_mbox.o
    0x00002f2c   0x00000180   Dbug   RW   199     .debug_macinfo      Os_mem.o
    0x000030ac   0x00000180   Dbug   RW   217     .debug_macinfo      Os_q.o
    0x0000322c   0x00000180   Dbug   RW   226     .debug_macinfo      Os_sem.o
    0x000033ac   0x00000218   Dbug   RW   256     .debug_macinfo      main.o
    0x000035c4   0x00000180   Dbug   RW   276     .debug_macinfo      comm.o
    0x00003744   0x00000180   Dbug   RW   288     .debug_macinfo      uart0.o
    0x000038c4   0x00000180   Dbug   RW   301     .debug_macinfo      uart1.o
    0x00003a44   0x00000180   Dbug   RW   354     .debug_macinfo      chip_communication.o
    0x00003bc4   0x00000180   Dbug   RW   376     .debug_macinfo      i2c0.o
    0x00003d44   0x000001b0   Dbug   RW   388     .debug_macinfo      spi0.o
    0x00003ef4   0x000003d4   Dbug   RW   408     .debug_macinfo      padcommunication.o
    0x00000000   0x000000f4   Dbug   RW    13     .debug_pubnames     Os_cpu_c.o
    0x000000f4   0x00000064   Dbug   RW    19     .debug_pubnames     Os_cpu_c.o
    0x00000158   0x0000008c   Dbug   RW    23     .debug_pubnames     Os_cpu_c.o
    0x000001e4   0x00000020   Dbug   RW    27     .debug_pubnames     Os_cpu_c.o
    0x00000204   0x000002e0   Dbug   RW    31     .debug_pubnames     Os_cpu_c.o
    0x000004e4   0x00000084   Dbug   RW    42     .debug_pubnames     Os_cpu_c.o
    0x00000568   0x000000e0   Dbug   RW    49     .debug_pubnames     Os_cpu_c.o
    0x00000648   0x00000020   Dbug   RW    61     .debug_pubnames     Os_cpu_c.o
    0x00000668   0x00000034   Dbug   RW    69     .debug_pubnames     Os_cpu_c.o
    0x0000069c   0x0000004c   Dbug   RW    73     .debug_pubnames     Os_cpu_c.o
    0x000006e8   0x000000d0   Dbug   RW   104     .debug_pubnames     Os_cpu_c.o
    0x000007b8   0x000000f0   Dbug   RW   112     .debug_pubnames     Os_cpu_c.o
    0x000008a8   0x00000168   Dbug   RW   116     .debug_pubnames     Os_cpu_c.o
    0x00000a10   0x00000174   Dbug   RW   133     .debug_pubnames     target.o
    0x00000b84   0x0000008c   Dbug   RW   137     .debug_pubnames     target.o
    0x00000c10   0x00000020   Dbug   RW   140     .debug_pubnames     target.o
    0x00000c30   0x000002e0   Dbug   RW   142     .debug_pubnames     target.o
    0x00000f10   0x00000058   Dbug   RW   145     .debug_pubnames     target.o
    0x00000f68   0x000001a4   Dbug   RW   172     .debug_pubnames     Os_core.o
    0x0000110c   0x000002e0   Dbug   RW   176     .debug_pubnames     Os_core.o
    0x000013ec   0x000000b8   Dbug   RW   184     .debug_pubnames     Os_flag.o
    0x000014a4   0x00000084   Dbug   RW   193     .debug_pubnames     Os_mbox.o
    0x00001528   0x0000005c   Dbug   RW   202     .debug_pubnames     Os_mem.o
    0x00001584   0x00000098   Dbug   RW   220     .debug_pubnames     Os_q.o
    0x0000161c   0x0000006c   Dbug   RW   229     .debug_pubnames     Os_sem.o
    0x00001688   0x000000b0   Dbug   RW   238     .debug_pubnames     Os_task.o
    0x00001738   0x00000064   Dbug   RW   247     .debug_pubnames     Os_time.o
    0x0000179c   0x00000094   Dbug   RW   255     .debug_pubnames     main.o
    0x00001830   0x0000001c   Dbug   RW   259     .debug_pubnames     main.o
    0x0000184c   0x000000dc   Dbug   RW   263     .debug_pubnames     main.o
    0x00001928   0x00000080   Dbug   RW   270     .debug_pubnames     queue.o
    0x000019a8   0x00000050   Dbug   RW   279     .debug_pubnames     comm.o
    0x000019f8   0x00000084   Dbug   RW   287     .debug_pubnames     uart0.o
    0x00001a7c   0x000000b0   Dbug   RW   291     .debug_pubnames     uart0.o
    0x00001b2c   0x00000090   Dbug   RW   300     .debug_pubnames     uart1.o
    0x00001bbc   0x000000b0   Dbug   RW   304     .debug_pubnames     uart1.o
    0x00001c6c   0x00000020   Dbug   RW   314     .debug_pubnames     test.o
    0x00001c8c   0x00000020   Dbug   RW   329     .debug_pubnames     IO_driver.o
    0x00001cac   0x000000d0   Dbug   RW   343     .debug_pubnames     sys_state.o
    0x00001d7c   0x00000070   Dbug   RW   353     .debug_pubnames     chip_communication.o
    0x00001dec   0x000000a4   Dbug   RW   357     .debug_pubnames     chip_communication.o
    0x00001e90   0x00000168   Dbug   RW   361     .debug_pubnames     chip_communication.o
    0x00001ff8   0x0000003c   Dbug   RW   368     .debug_pubnames     server_communication.o
    0x00002034   0x0000007c   Dbug   RW   375     .debug_pubnames     i2c0.o
    0x000020b0   0x00000084   Dbug   RW   379     .debug_pubnames     i2c0.o
    0x00002134   0x00000054   Dbug   RW   387     .debug_pubnames     spi0.o
    0x00002188   0x00000048   Dbug   RW   391     .debug_pubnames     spi0.o
    0x000021d0   0x000000f4   Dbug   RW   407     .debug_pubnames     padcommunication.o
    0x000022c4   0x0000016c   Dbug   RW   411     .debug_pubnames     padcommunication.o
    0x00002430   0x000000ac   Dbug   RW   415     .debug_pubnames     padcommunication.o
    0x000024dc   0x00000070   Dbug   RW   432     .debug_pubnames     eeprom.o
    0x0000254c   0x000000f0   Dbug   RW   436     .debug_pubnames     eeprom.o
    0x0000263c   0x00000168   Dbug   RW   438     .debug_pubnames     eeprom.o


================================================================================

Image component sizes


      Code    RO Data    RW Data    ZI Data      Debug   Object Name

       692          0          0          0       2944   Os_mem.o
       104         19          0          0        812   test.o
       996          0          0          0       3596   Os_sem.o
       548          0          0          0       1972   Os_time.o
       632          0          0          0       3064   comm.o
      1172         32          0        268       5700   uart0.o
      1168         32          0        268       5740   uart1.o
       384          0          0        204       2372   spi0.o
         0          0          0         36       1592   sys_state.o
         0         64          0          0          0   anon$$obj.o
      2428          0          0          0       7584   Os_flag.o
      7848         88        104        532      19496   padcommunication.o
      2180        264          0       3472      11908   Os_core.o
      2128          0          0          0       5756   Os_task.o
       184          0          0        292        296   Startup.o
      2048          0          0          0       6020   Os_q.o
       712          0          0          0       3220   queue.o
      3580          0          0        792      11408   chip_communication.o
       272          0          0        128        312   Os_cpu_a.o
       200         16          0       6144       2728   main.o
        12          0          0          0        588   server_communication.o
      1044          0          0         24       4252   i2c0.o
       388          0          0          4      25464   Os_cpu_c.o
       624          0          0          0       9072   target.o
      1224          0          0          0       4400   Os_mbox.o
       792          0          0          0        268   IRQ.o
       224          0          0          0        472   IO_driver.o
       572          0          0         16       6132   eeprom.o

    ------------------------------------------------------------------------
     32156        515        104      12180     147168   Object Totals

    ------------------------------------------------------------------------

      Code    RO Data    RW Data    ZI Data      Debug   Library Member Name

       252          0          0          0        128   stkheap1.o
        40          0          0          0         88   kernel.o
        68          0          0          0         68   rt_memclr.o
        88          0          0          0         84   rt_memclr_w.o
         4          0          0          0         60   printf2.o
         8          0          0          0         76   _no_redirect.o
       112          0          0          0         92   _sprintf.o
         4          0          0          0         68   use_no_semi.o
         8          0          0          0         60   nofpdisp.o
       104          0          0          0         60   strlen.o
        12          0          0         96         68   libspace.o
       180          0          0          0         60   rt_memcpy.o
       252          0          0        228        128   rand.o
        28          0          0          0         76   _sputc.o
       168          0          0          0         60   __main.o
       108          0          0          0         84   rt_memcpy_w.o
        16          0          0          0         76   rt_fp_status_addr.o
        44          0          0          0         68   rtudiv10.o
      3384          0          0          0        176   __vfpntf.o
        24          0          0          0         76   exit.o
       252          0          0          0        124   lib_init.o
       124          0          0          0         76   strncmp.o
        20          0          0          0         76   fpinit.o
       152          0          0          0         88   lludiv10.o
       192          0          0          0         68   rt_udiv.o

    ------------------------------------------------------------------------
      5644          0          0        324       2088   Library Totals

    ------------------------------------------------------------------------

      Code    RO Data    RW Data    ZI Data      Debug   Library Name

      5620          0          0        324       1952   c_a__un.l
        24          0          0          0        136   f_a_p.l

    ------------------------------------------------------------------------
      5644          0          0        324       2088   Library Totals

    ------------------------------------------------------------------------

================================================================================


      Code    RO Data    RW Data    ZI Data      Debug   

     37800        515        104      12504     149256   Grand Totals

================================================================================

    Total RO  Size(Code + RO Data)                38315 (  37.42kB)
    Total RW  Size(RW Data + ZI Data)             12608 (  12.31kB)
    Total ROM Size(Code + RO Data + RW Data)      38419 (  37.52kB)

================================================================================

