
================================================================================

Section Cross References

    Os_cpu_a.o(subr) refers to Os_cpu_c.o(.text) for SWI_Exception
    Os_cpu_a.o(subr) refers to Os_cpu_a.o(SWIStacks) for SvcStackSpace
    Os_cpu_a.o(subr) refers to Os_cpu_c.o(.bss) for OsEnterSum
    Os_cpu_a.o(subr) refers to Os_core.o(.bss) for OSTCBCur
    Os_cpu_c.o(.text) refers to Os_cpu_c.o(.bss) for .bss$2
    Os_cpu_c.o(.text) refers to Os_core.o(.bss) for OSTCBPrioTbl
    target.o(.text) refers to Os_core.o(.text) for OSTimeTick
    target.o(.text) refers to rand.o(.text) for srand
    target.o(.text) refers to IO_driver.o(.text) for IoInit
    target.o(.text) refers to uart0.o(.text) for UART0Init
    target.o(.text) refers to uart1.o(.text) for UART1Init
    target.o(.text) refers to i2c0.o(.text) for I2c0Init
    target.o(.text) refers to spi0.o(.text) for Spi0Init
    target.o(.text) refers to padcommunication.o(.text) for PadCommInit
    target.o(.text) refers to chip_communication.o(.text) for ChipCommInit
    target.o(.text) refers to server_communication.o(.text) for ServerCommInit
    target.o(.text) refers to IRQ.o(IRQ) for IRQ_Handler
    target.o(.text) refers (Special) to use_no_semi.o(.text) for __use_no_semihosting_swi
    IRQ.o(IRQ) refers to target.o(.text) for IRQ_Exception
    IRQ.o(IRQ) refers to Os_core.o(.text) for OSIntExit
    IRQ.o(IRQ) refers to uart0.o(.text) for UART0_Exception
    IRQ.o(IRQ) refers to uart1.o(.text) for UART1_Exception
    IRQ.o(IRQ) refers to spi0.o(.text) for Spi0_Exception
    IRQ.o(IRQ) refers to i2c0.o(.text) for I2c0_Exception
    IRQ.o(IRQ) refers to Os_core.o(.bss) for OSIntNesting
    IRQ.o(IRQ) refers to Startup.o(Stacks) for StackUsr
    IRQ.o(IRQ) refers to Os_cpu_c.o(.bss) for OsEnterSum
    IRQ.o(IRQ) refers to Os_cpu_a.o(subr) for OSIntCtxSw
    Startup.o(vectors) refers to Os_cpu_a.o(subr) for SoftwareInterrupt
    Startup.o(vectors) refers to target.o(.text) for FIQ_Exception
    Startup.o(vectors) refers to __main.o(!!!) for __main
    Startup.o(vectors) refers to Startup.o(MyStacks) for IrqStackSpace
    Startup.o(vectors) refers to Startup.o(Stacks) for StackUsr
    Startup.o(vectors) refers to Startup.o(Heap) for bottom_of_heap
    Startup.o(vectors) refers (Special) to use_no_semi.o(.text) for __use_no_semihosting_swi
    Startup.o(MyStacks) refers (Special) to use_no_semi.o(.text) for __use_no_semihosting_swi
    Startup.o(Heap) refers (Special) to use_no_semi.o(.text) for __use_no_semihosting_swi
    Startup.o(Stacks) refers (Special) to use_no_semi.o(.text) for __use_no_semihosting_swi
    Os_core.o(.text) refers to Os_time.o(.text) for OSTimeDly
    Os_core.o(.text) refers to rt_udiv.o(.text) for __rt_udiv
    Os_core.o(.text) refers to Os_cpu_c.o(.text) for OSTaskStatHook
    Os_core.o(.text) refers to Os_task.o(.text) for OSTaskCreateExt
    Os_core.o(.text) refers to Os_flag.o(.text) for OS_FlagInit
    Os_core.o(.text) refers to Os_mem.o(.text) for OS_MemInit
    Os_core.o(.text) refers to Os_q.o(.text) for OS_QInit
    Os_core.o(.text) refers to Os_core.o(.bss) for .bss$2
    Os_core.o(.text) refers to Os_core.o(.constdata) for .constdata$1
    Os_flag.o(.text) refers to Os_core.o(.text) for OS_Sched
    Os_flag.o(.text) refers to Os_core.o(.bss) for OSIntNesting
    Os_flag.o(.text) refers to Os_core.o(.bss) for OSFlagFreeList
    Os_flag.o(.text) refers to Os_core.o(.bss) for OSFlagTbl
    Os_mbox.o(.text) refers to Os_core.o(.text) for OS_EventWaitListInit
    Os_mbox.o(.text) refers to Os_core.o(.bss) for OSIntNesting
    Os_mem.o(.text) refers to Os_core.o(.bss) for OSMemFreeList
    Os_mem.o(.text) refers to Os_core.o(.bss) for OSMemTbl
    Os_mutex.o(.text) refers to Os_core.o(.text) for OS_EventWaitListInit
    Os_mutex.o(.text) refers to Os_core.o(.bss) for OSIntNesting
    Os_mutex.o(.text) refers to Os_core.o(.constdata) for OSMapTbl
    Os_q.o(.text) refers to Os_core.o(.text) for OS_EventWaitListInit
    Os_q.o(.text) refers to Os_core.o(.bss) for OSIntNesting
    Os_q.o(.text) refers to Os_core.o(.bss) for OSQFreeList
    Os_q.o(.text) refers to Os_core.o(.bss) for OSQTbl
    Os_sem.o(.text) refers to Os_core.o(.text) for OS_EventWaitListInit
    Os_sem.o(.text) refers to Os_core.o(.bss) for OSIntNesting
    Os_task.o(.text) refers to Os_core.o(.text) for OS_Sched
    Os_task.o(.text) refers to Os_cpu_c.o(.text) for OSTaskStkInit
    Os_task.o(.text) refers to rt_memclr_w.o(.text) for __rt_memclr_w
    Os_task.o(.text) refers to Os_flag.o(.text) for OS_FlagUnlink
    Os_task.o(.text) refers to rt_memcpy_w.o(.text) for __rt_memcpy_w
    Os_task.o(.text) refers to Os_core.o(.bss) for OSTCBPrioTbl
    Os_task.o(.text) refers to Os_core.o(.constdata) for OSMapTbl
    Os_time.o(.text) refers to Os_core.o(.text) for OS_Sched
    Os_time.o(.text) refers to rt_udiv.o(.text) for __rt_udiv
    Os_time.o(.text) refers to Os_core.o(.bss) for OSTCBCur
    main.o(.text) refers to Os_core.o(.text) for OSInit
[...]
    _region_table                            0x00000150   Data           0  __main.o(!!!)
    ../../armsys.c                           0x00000000   Number         0  _no_redirect.o ABSOLUTE
    .text                                    0x0000a1c0   ARM Code       0  _no_redirect.o(.text)
    C$debug_frame18                          0x00002244   Data           0  _no_redirect.o(.debug_frame)
    ../../printf.c                           0x00000000   Number         0  _sprintf.o ABSOLUTE
    .text                                    0x0000a1c8   ARM Code       0  _sprintf.o(.text)
    C$debug_frame18                          0x00002290   Data           0  _sprintf.o(.debug_frame)
    ../../scanf.c                            0x00000000   Number         0  atoi.o ABSOLUTE
    .text                                    0x0000a238   ARM Code       0  atoi.o(.text)
    C$debug_frame22                          0x000022ec   Data           0  atoi.o(.debug_frame)
    ../../string.c                           0x00000000   Number         0  memcmp.o ABSOLUTE
    .text                                    0x0000a26c   ARM Code       0  memcmp.o(.text)
    C$debug_frame12                          0x0000233c   Data           0  memcmp.o(.debug_frame)
    ../../stdlib.c                           0x00000000   Number         0  rand.o ABSOLUTE
    .bss                                     0x4000342c   Data           0  rand.o(.bss)
    .text                                    0x0000a2ec   ARM Code       0  rand.o(.text)
    C$debug_frame11                          0x00002378   Data           0  rand.o(.debug_frame)
    .bss$2                                   0x4000342c   Data           0  rand.o(.bss)
    _random_j                                0x4000342c   Data           4  rand.o(.bss)
    _random_k                                0x40003430   Data           4  rand.o(.bss)
    _random_number_seed                      0x40003434   Data         220  rand.o(.bss)
    ../../memcpset.s                         0x00000000   Number         0  rt_memclr.o ABSOLUTE
    .text                                    0x0000a3e8   ARM Code      68  rt_memclr.o(.text)
    <Anonymous Symbol>                       0x000023f8   Data          68  rt_memclr.o(.debug_frame)
    _Bytes                                   0x0000a418   ARM Code       0  rt_memclr.o(.text)
    ../../memcpset.s                         0x00000000   Number         0  rt_memclr_w.o ABSOLUTE
    <Anonymous Symbol>                       0x0000243c   Data          84  rt_memclr_w.o(.debug_frame)
    .text                                    0x0000a42c   ARM Code      88  rt_memclr_w.o(.text)
    _loop                                    0x0000a444   ARM Code       0  rt_memclr_w.o(.text)
    ../../memcpset.s                         0x00000000   Number         0  rt_memcpy.o ABSOLUTE
    .text                                    0x0000a484   ARM Code     180  rt_memcpy.o(.text)
    <Anonymous Symbol>                       0x00002490   Data          60  rt_memcpy.o(.debug_frame)
    _memcpy_dest_aligned                     0x0000a4b8   ARM Code       0  rt_memcpy.o(.text)
    _memcpy_src1_loop                        0x0000a4d8   ARM Code       0  rt_memcpy.o(.text)
    _memcpy_src2_loop                        0x0000a4f8   ARM Code       0  rt_memcpy.o(.text)
    _memcpy_src3_loop                        0x0000a518   ARM Code       0  rt_memcpy.o(.text)
    ../../memcpset.s                         0x00000000   Number         0  rt_memcpy_w.o ABSOLUTE
    <Anonymous Symbol>                       0x000024cc   Data          84  rt_memcpy_w.o(.debug_frame)
    .text                                    0x0000a538   ARM Code     108  rt_memcpy_w.o(.text)
    _memcpy_aligned_loop                     0x0000a544   ARM Code       0  rt_memcpy_w.o(.text)
    _memcpy_small                            0x0000a55c   ARM Code       0  rt_memcpy_w.o(.text)
    ../../division.s                         0x00000000   Number         0  rt_udiv.o ABSOLUTE
    .text                                    0x0000a5a4   ARM Code     192  rt_udiv.o(.text)
    <Anonymous Symbol>                       0x00002520   Data          68  rt_udiv.o(.debug_frame)
    ../../division.s                         0x00000000   Number         0  rtudiv10.o ABSOLUTE
    .text                                    0x0000a664   ARM Code      44  rtudiv10.o(.text)
    <Anonymous Symbol>                       0x00002564   Data          68  rtudiv10.o(.debug_frame)
    ../../string.c                           0x00000000   Number         0  strlen.o ABSOLUTE
    .text                                    0x0000a690   ARM Code       0  strlen.o(.text)
    C$debug_frame12                          0x000025a8   Data           0  strlen.o(.debug_frame)
    ../../string.c                           0x00000000   Number         0  strncmp.o ABSOLUTE
    .text                                    0x0000a6f8   ARM Code       0  strncmp.o(.text)
    C$debug_frame12                          0x000025e4   Data           0  strncmp.o(.debug_frame)
    ../../string.c                           0x00000000   Number         0  strncpy.o ABSOLUTE
    .text                                    0x0000a774   ARM Code       0  strncpy.o(.text)
    C$debug_frame12                          0x00002630   Data           0  strncpy.o(.debug_frame)
    ../../string.c                           0x00000000   Number         0  strstr.o ABSOLUTE
    .text                                    0x0000a800   ARM Code       0  strstr.o(.text)
    C$debug_frame12                          0x0000268c   Data           0  strstr.o(.debug_frame)
    ../../angel/sys.s                        0x00000000   Number         0  use_no_semi.o ABSOLUTE
    <Anonymous Symbol>                       0x000026d8   Data          68  use_no_semi.o(.debug_frame)
    .text                                    0x0000a83c   ARM Code       4  use_no_semi.o(.text)
    ../../printf.c                           0x00000000   Number         0  __vfpntf.o ABSOLUTE
    .text                                    0x0000a840   ARM Code       0  __vfpntf.o(.text)
    C$debug_frame18                          0x0000271c   Data           0  __vfpntf.o(.debug_frame)
    _printf_display                          0x0000b048   ARM Code    1328  __vfpntf.o(.text)
    ../../printf.c                           0x00000000   Number         0  _sputc.o ABSOLUTE
    .text                                    0x0000b578   ARM Code       0  _sputc.o(.text)
    C$debug_frame18                          0x000027cc   Data           0  _sputc.o(.debug_frame)
    ../../angel/kernel.s                     0x00000000   Number         0  kernel.o ABSOLUTE
    <Anonymous Symbol>                       0x00002818   Data          88  kernel.o(.debug_frame)
    .text                                    0x0000b594   ARM Code      40  kernel.o(.text)
    __rt_abort1                              0x0000b5b8   ARM Code       0  kernel.o(.text)
    ../../angel/rt.s                         0x00000000   Number         0  rt_errno_addr.o ABSOLUTE
    <Anonymous Symbol>                       0x00002870   Data          76  rt_errno_addr.o(.debug_frame)
    .text                                    0x0000b5bc   ARM Code      12  rt_errno_addr.o(.text)
    ../../scanf.c                            0x00000000   Number         0  strtol.o ABSOLUTE
    .text                                    0x0000b5c8   ARM Code       0  strtol.o(.text)
    C$debug_frame22                          0x000028bc   Data           0  strtol.o(.debug_frame)
    ../../scanf.c                            0x00000000   Number         0  _strtoul.o ABSOLUTE
    .text                                    0x0000b688   ARM Code       0  _strtoul.o(.text)
    C$debug_frame22                          0x00002924   Data           0  _strtoul.o(.debug_frame)
    ../../stdlib.c                           0x00000000   Number         0  exit.o ABSOLUTE
    .text                                    0x0000b790   ARM Code       0  exit.o(.text)
    C$debug_frame12                          0x000029a4   Data           0  exit.o(.debug_frame)
    ../../armsys.c                           0x00000000   Number         0  lib_init.o ABSOLUTE
    .text                                    0x0000b7a8   ARM Code       0  lib_init.o(.text)
    C$debug_frame18                          0x000029f0   Data           0  lib_init.o(.debug_frame)
    ../../angel/sys.s                        0x00000000   Number         0  libspace.o ABSOLUTE
    <Anonymous Symbol>                       0x00002a6c   Data          68  libspace.o(.debug_frame)
    .bss                                     0x40003510   Data          96  libspace.o(.bss)
    .text                                    0x0000b8a4   ARM Code      12  libspace.o(.text)
    __libspace_start                         0x40003510   Data          96  libspace.o(.bss)
    ../../longlong.s                         0x00000000   Number         0  lludiv10.o ABSOLUTE
    <Anonymous Symbol>                       0x00002ab0   Data          88  lludiv10.o(.debug_frame)
    .text                                    0x0000b8b0   ARM Code     152  lludiv10.o(.text)
    ../../angel/rt.s                         0x00000000   Number         0  rt_ctype_table.o ABSOLUTE
    .text                                    0x0000b948   ARM Code      20  rt_ctype_table.o(.text)
    <Anonymous Symbol>                       0x00002b08   Data          76  rt_ctype_table.o(.debug_frame)
    ../../stkheap1.s                         0x00000000   Number         0  stkheap1.o ABSOLUTE
    .text                                    0x0000b95c   ARM Code     252  stkheap1.o(.text)
    <Anonymous Symbol>                       0x00002b54   Data         128  stkheap1.o(.debug_frame)
    _heap_overflow                           0x0000ba48   ARM Code       0  stkheap1.o(.text)
    ../../printf2.s                          0x00000000   Number         0  printf2.o ABSOLUTE
    <Anonymous Symbol>                       0x00002bd4   Data          60  printf2.o(.debug_frame)
    x$fpl$printf2                            0x0000bfa8   ARM Code       4  printf2.o(x$fpl$printf2)
    ../../scanf.c                            0x00000000   Number         0  _chval.o ABSOLUTE
    .text                                    0x0000ba58   ARM Code       0  _chval.o(.text)
    C$debug_frame22                          0x00002c10   Data           0  _chval.o(.debug_frame)
    ../../locale.c                           0x00000000   Number         0  lc_ctype_c.o ABSOLUTE
    .constdata                               0x0000c318   Data           0  lc_ctype_c.o(.constdata)
    .text                                    0x0000ba78   ARM Code       0  lc_ctype_c.o(.text)
    C$debug_frame19                          0x00002c4c   Data           0  lc_ctype_c.o(.debug_frame)
    .constdata$1                             0x0000c318   Data           0  lc_ctype_c.o(.constdata)
    __lcctype_c_index                        0x0000c318   Data           4  lc_ctype_c.o(.constdata)
    __lcctype_c_lname                        0x0000c31c   Data           4  lc_ctype_c.o(.constdata)
    __lcctype_c_pname                        0x0000c320   Data           4  lc_ctype_c.o(.constdata)
    __lcctype_c_start                        0x0000c324   Data           1  lc_ctype_c.o(.constdata)
    ../../printf.c                           0x00000000   Number         0  nofpdisp.o ABSOLUTE
    .text                                    0x0000bab4   ARM Code       0  nofpdisp.o(.text)
    C$debug_frame18                          0x00002c98   Data           0  nofpdisp.o(.debug_frame)
    ../../fpinit.s                           0x00000000   Number         0  fpinit.o ABSOLUTE
    <Anonymous Symbol>                       0x00002cd4   Data          76  fpinit.o(.debug_frame)
    x$fpl$fpinit                             0x0000bf94   ARM Code      20  fpinit.o(x$fpl$fpinit)
    ../../angel/rt.s                         0x00000000   Number         0  rt_fp_status_addr.o ABSOLUTE
    .text                                    0x0000babc   ARM Code      16  rt_fp_status_addr.o(.text)
    <Anonymous Symbol>                       0x00002d20   Data          76  rt_fp_status_addr.o(.debug_frame)
    ../../memcpset.s                         0x00000000   Number         0  strcmp.o ABSOLUTE
    <Anonymous Symbol>                       0x00002d6c   Data          84  strcmp.o(.debug_frame)
    .text                                    0x0000bacc   Data         160  strcmp.o(.text)
    _ones_word                               0x0000bacc   Data           4  strcmp.o(.text)
    _strcmp_loop                             0x0000bae4   ARM Code       0  strcmp.o(.text)
    _strcmp_return                           0x0000bb34   ARM Code       0  strcmp.o(.text)
    _strcmp_byteloop                         0x0000bb3c   ARM Code       0  strcmp.o(.text)
    _strcmp_byteend                          0x0000bb64   ARM Code       0  strcmp.o(.text)

    Global Symbols

    Symbol Name                              Value     Ov Type        Size  Object(Section)

    BuildAttributes$$ARM_ISAv4$M$PE$A:L22$X:L11$S22$~IW$USESV6$~STKCKD$USESV7$~SHL$OSPACE 0x00000000   Number         0  anon$$obj.o ABSOLUTE
    Reset                                    0x00000000   ARM Code       0  Startup.o(vectors)
    __Heap_DescSize                           - Undefined Weak Reference
    __alloca_initialize                       - Undefined Weak Reference
    __argv_alloc                              - Undefined Weak Reference
    __call_ctors()                            - Undefined Weak Reference
    __cpp_finalise                            - Undefined Weak Reference
    __cpp_initialise                          - Undefined Weak Reference
    __rt_get_argv                             - Undefined Weak Reference
    __user_heap_extend                        - Undefined Weak Reference
    __user_stack_slop                         - Undefined Weak Reference
    _atexit_init                              - Undefined Weak Reference
    _call_atexit_fns                          - Undefined Weak Reference
    _clock_init                               - Undefined Weak Reference
    _get_lc_collate                           - Undefined Weak Reference
    _get_lc_monetary                          - Undefined Weak Reference
    _get_lc_numeric                           - Undefined Weak Reference
    _get_lc_time                              - Undefined Weak Reference
    _getenv_init                              - Undefined Weak Reference
    _init_alloc                               - Undefined Weak Reference
    _init_user_alloc                          - Undefined Weak Reference
    _initio                                   - Undefined Weak Reference
    _signal_init                              - Undefined Weak Reference
    _terminate_user_alloc                     - Undefined Weak Reference
    _terminateio                              - Undefined Weak Reference
    __user_initial_stackheap                 0x00000098   ARM Code       0  Startup.o(vectors)
    __main                                   0x000000b8   ARM Code     152  __main.o(!!!)
    OSTaskStkInit                            0x00000160   ARM Code      88  Os_cpu_c.o(.text)
    SWI_Exception                            0x000001b8   ARM Code     244  Os_cpu_c.o(.text)
    OSStartHighRdy                           0x000002ac   ARM Code      12  Os_cpu_c.o(.text)
    OSInitHookBegin                          0x000002b8   ARM Code       4  Os_cpu_c.o(.text)
    OSInitHookEnd                            0x000002bc   ARM Code       4  Os_cpu_c.o(.text)
    OSTaskCreateHook                         0x000002c0   ARM Code       4  Os_cpu_c.o(.text)
    OSTaskDelHook                            0x000002c4   ARM Code       4  Os_cpu_c.o(.text)
    OSTaskSwHook                             0x000002c8   ARM Code       4  Os_cpu_c.o(.text)
    OSTaskStatHook                           0x000002cc   ARM Code       4  Os_cpu_c.o(.text)
    OSTCBInitHook                            0x000002d0   ARM Code       4  Os_cpu_c.o(.text)
    OSTimeTickHook                           0x000002d4   ARM Code       4  Os_cpu_c.o(.text)
    OSTaskIdleHook                           0x000002d8   ARM Code       4  Os_cpu_c.o(.text)
    IRQ_Exception                            0x000002e4   ARM Code       4  target.o(.text)
    FIQ_Exception                            0x000002e8   ARM Code       4  target.o(.text)
    Timer0_Exception                         0x000002ec   ARM Code      24  target.o(.text)
    Timer0Init                               0x00000304   ARM Code      48  target.o(.text)
    QEventCreate                             0x00000334   ARM Code       4  target.o(.text)
    SemCreate                                0x00000338   ARM Code       4  target.o(.text)
    VICInit                                  0x0000033c   ARM Code     120  target.o(.text)
    TargetInit                               0x000003b4   ARM Code      72  target.o(.text)
    TargetResetInit                          0x000003fc   ARM Code     196  target.o(.text)
    __rt_div0                                0x000004c0   ARM Code       8  target.o(.text)
    fputc                                    0x000004c8   ARM Code       8  target.o(.text)
    fgetc                                    0x000004d0   ARM Code       8  target.o(.text)
    _sys_close                               0x000004d8   ARM Code       8  target.o(.text)
    _sys_write                               0x000004e0   ARM Code       8  target.o(.text)
    _sys_read                                0x000004e8   ARM Code       8  target.o(.text)
    _ttywrch                                 0x000004f0   ARM Code       4  target.o(.text)
    _sys_istty                               0x000004f4   ARM Code       8  target.o(.text)
    _sys_seek                                0x000004fc   ARM Code       8  target.o(.text)
    _sys_ensure                              0x00000504   ARM Code       8  target.o(.text)
    _sys_flen                                0x0000050c   ARM Code       8  target.o(.text)
    _sys_tmpnam                              0x00000514   ARM Code       8  target.o(.text)
    _sys_exit                                0x0000051c   ARM Code       4  target.o(.text)
    _sys_command_string                      0x00000520   ARM Code       8  target.o(.text)
    OS_TaskStat                              0x00000554   ARM Code     168  Os_core.o(.text)
    OS_TaskIdle                              0x00000644   ARM Code      36  Os_core.o(.text)
    OSInit                                   0x000007dc   ARM Code      52  Os_core.o(.text)
    OSIntEnter                               0x00000810   ARM Code      40  Os_core.o(.text)
    OSIntExit                                0x00000838   ARM Code     152  Os_core.o(.text)
    OSSchedLock                              0x000008d0   ARM Code      52  Os_core.o(.text)
    OS_Sched                                 0x00000904   ARM Code     112  Os_core.o(.text)
    OSSchedUnlock                            0x00000974   ARM Code      88  Os_core.o(.text)
    OSStart                                  0x000009cc   ARM Code      80  Os_core.o(.text)
    OSStatInit                               0x00000a1c   ARM Code      68  Os_core.o(.text)
    OSTimeTick                               0x00000a60   ARM Code     180  Os_core.o(.text)
    OSVersion                                0x00000b14   ARM Code       8  Os_core.o(.text)
    OS_Dummy                                 0x00000b1c   ARM Code       4  Os_core.o(.text)
    OS_EventTaskRdy                          0x00000b20   ARM Code     156  Os_core.o(.text)
    OS_EventTaskWait                         0x00000bbc   ARM Code     104  Os_core.o(.text)
    OS_EventTO                               0x00000c24   ARM Code      76  Os_core.o(.text)
    OS_EventWaitListInit                     0x00000c70   ARM Code      28  Os_core.o(.text)
    OS_TCBInit                               0x00000c8c   ARM Code     332  Os_core.o(.text)
    OSFlagAccept                             0x00000dd8   ARM Code     376  Os_flag.o(.text)
    OSFlagCreate                             0x00000f50   ARM Code     128  Os_flag.o(.text)
    OS_FlagUnlink                            0x00000fd0   ARM Code      72  Os_flag.o(.text)
    OSFlagDel                                0x00001084   ARM Code     304  Os_flag.o(.text)
    OSFlagPend                               0x00001244   ARM Code     692  Os_flag.o(.text)
    OSFlagPost                               0x000014f8   ARM Code     416  Os_flag.o(.text)
    OSFlagQuery                              0x00001698   ARM Code      92  Os_flag.o(.text)
    OS_FlagInit                              0x000016f4   ARM Code      96  Os_flag.o(.text)
    OSMboxAccept                             0x00001754   ARM Code      72  Os_mbox.o(.text)
    OSMboxCreate                             0x0000179c   ARM Code     112  Os_mbox.o(.text)
    OSMboxDel                                0x0000180c   ARM Code     308  Os_mbox.o(.text)
    OSMboxPend                               0x00001940   ARM Code     256  Os_mbox.o(.text)
    OSMboxPost                               0x00001a40   ARM Code     152  Os_mbox.o(.text)
    OSMboxPostOpt                            0x00001ad8   ARM Code     200  Os_mbox.o(.text)
    OSMboxQuery                              0x00001ba0   ARM Code     112  Os_mbox.o(.text)
    OSMemCreate                              0x00001c1c   ARM Code     240  Os_mem.o(.text)
    OSMemGet                                 0x00001d0c   ARM Code     112  Os_mem.o(.text)
    OSMemPut                                 0x00001d7c   ARM Code     112  Os_mem.o(.text)
    OSMemQuery                               0x00001dec   ARM Code     116  Os_mem.o(.text)
    OS_MemInit                               0x00001e60   ARM Code     104  Os_mem.o(.text)
    OSQAccept                                0x00001ed0   ARM Code     136  Os_q.o(.text)
    OSQCreate                                0x00001f58   ARM Code     200  Os_q.o(.text)
    OSQDel                                   0x00002020   ARM Code     344  Os_q.o(.text)
    OSQFlush                                 0x00002178   ARM Code      88  Os_q.o(.text)
    OSQPend                                  0x000021d0   ARM Code     308  Os_q.o(.text)
    OSQPost                                  0x00002304   ARM Code     208  Os_q.o(.text)
    OSQPostFront                             0x000023d4   ARM Code     208  Os_q.o(.text)
    OSQPostOpt                               0x000024a4   ARM Code     308  Os_q.o(.text)
    OSQQuery                                 0x000025d8   ARM Code     160  Os_q.o(.text)
    OS_QInit                                 0x00002678   ARM Code      68  Os_q.o(.text)
    OSSemAccept                              0x000026d0   ARM Code      84  Os_sem.o(.text)
    OSSemCreate                              0x00002724   ARM Code     112  Os_sem.o(.text)
    OSSemDel                                 0x00002794   ARM Code     308  Os_sem.o(.text)
    OSSemPend                                0x000028c8   ARM Code     228  Os_sem.o(.text)
    OSSemPost                                0x000029ac   ARM Code     140  Os_sem.o(.text)
    OSSemQuery                               0x00002a38   ARM Code     112  Os_sem.o(.text)
    OSTaskChangePrio                         0x00002ab4   ARM Code     372  Os_task.o(.text)
    OSTaskCreate                             0x00002c28   ARM Code     216  Os_task.o(.text)
    OSTaskCreateExt                          0x00002d00   ARM Code     252  Os_task.o(.text)
    OSTaskDel                                0x00002dfc   ARM Code     424  Os_task.o(.text)
    OSTaskDelReq                             0x00002fa4   ARM Code     132  Os_task.o(.text)
    OSTaskResume                             0x00003028   ARM Code     172  Os_task.o(.text)
    OSTaskStkChk                             0x000030d4   ARM Code     188  Os_task.o(.text)
    OSTaskSuspend                            0x00003190   ARM Code     216  Os_task.o(.text)
    OSTaskQuery                              0x00003268   ARM Code     156  Os_task.o(.text)
    OSTimeDly                                0x00003304   ARM Code      96  Os_time.o(.text)
    OSTimeDlyHMSM                            0x00003364   ARM Code     208  Os_time.o(.text)
    OSTimeDlyResume                          0x00003434   ARM Code     168  Os_time.o(.text)
    OSTimeGet                                0x000034dc   ARM Code      28  Os_time.o(.text)
    OSTimeSet                                0x000034f8   ARM Code      28  Os_time.o(.text)
    main                                     0x00003528   ARM Code     172  main.o(.text)
    QueueCreate                              0x0000360c   ARM Code     116  queue.o(.text)
    QueueRead                                0x00003680   ARM Code     152  queue.o(.text)
    QueueWrite                               0x00003718   ARM Code     156  queue.o(.text)
    QueueWriteFront                          0x000037b4   ARM Code     160  queue.o(.text)
    QueueNData                               0x00003854   ARM Code      40  queue.o(.text)
    QueueSize                                0x0000387c   ARM Code      40  queue.o(.text)
    QueueFlush                               0x000038a4   ARM Code      48  queue.o(.text)
    delay10us                                0x000038d4   ARM Code      44  comm.o(.text)
    delayus                                  0x00003900   ARM Code      48  comm.o(.text)
    stoi                                     0x00003930   ARM Code     292  comm.o(.text)
    CRCByte                                  0x00003a54   ARM Code      40  comm.o(.text)
    TimeDay                                  0x00003a7c   ARM Code     208  comm.o(.text)
    TimeSec                                  0x00003b4c   ARM Code     276  comm.o(.text)
    Uart0WriteFull                           0x00003c70   ARM Code      68  uart0.o(.text)
    UART0Init                                0x00003cb4   ARM Code     232  uart0.o(.text)
    RequestUart0                             0x00003d9c   ARM Code      60  uart0.o(.text)
    FreeUart0                                0x00003dd8   ARM Code      12  uart0.o(.text)
    Uart0SendByte                            0x00003de4   ARM Code     156  uart0.o(.text)
    Uart0SendString                          0x00003e80   ARM Code     156  uart0.o(.text)
    Uart0SendBytes                           0x00003f1c   ARM Code     156  uart0.o(.text)
    Uart0RecByte                             0x00003fb8   ARM Code     112  uart0.o(.text)
    UART0_Exception                          0x00004028   ARM Code     188  uart0.o(.text)
    Uart1WriteFull                           0x00004104   ARM Code      68  uart1.o(.text)
    UART1Init                                0x00004148   ARM Code     232  uart1.o(.text)
    RequestUart1                             0x00004230   ARM Code      60  uart1.o(.text)
    FreeUart1                                0x0000426c   ARM Code      12  uart1.o(.text)
    Uart1SendByte                            0x00004278   ARM Code     156  uart1.o(.text)
    Uart1SendString                          0x00004314   ARM Code     156  uart1.o(.text)
    Uart1SendBytes                           0x000043b0   ARM Code     156  uart1.o(.text)
    Uart1RecByte                             0x0000444c   ARM Code     112  uart1.o(.text)
    UART1_Exception                          0x000044bc   ARM Code     184  uart1.o(.text)
    TaskTest                                 0x00004594   ARM Code     100  test.o(.text)
    IoInit                                   0x000045fc   ARM Code     220  IO_driver.o(.text)
    ChipCommInit                             0x000046dc   ARM Code      36  chip_communication.o(.text)
    RequestUpload                            0x00004700   ARM Code      12  chip_communication.o(.text)
    ChipWriteFrame                           0x0000470c   ARM Code     264  chip_communication.o(.text)
    ChipReadFrame                            0x00004814   ARM Code     288  chip_communication.o(.text)
    ChipDataUpload                           0x00004934   ARM Code     456  chip_communication.o(.text)
    SysCommandHandle                         0x00004afc   ARM Code     160  chip_communication.o(.text)
    TradeHandle                              0x00004b9c   ARM Code     188  chip_communication.o(.text)
    TaskChipComm                             0x00004c58   ARM Code    2488  chip_communication.o(.text)
    GetNextPackage                           0x00005610   ARM Code      44  server_communication.o(.text)
    ServerCommInit                           0x0000563c   ARM Code      52  server_communication.o(.text)
    RequestServerCommunication               0x00005670   ARM Code      28  server_communication.o(.text)
    FreeServerCommunication                  0x0000568c   ARM Code      12  server_communication.o(.text)
    CrcString                                0x00005698   ARM Code      44  server_communication.o(.text)
    GprsSendFrameToServer                    0x000056c4   ARM Code     548  server_communication.o(.text)
    ServerOnLine                             0x000058e8   ARM Code     160  server_communication.o(.text)
    ServerUploadTradeData                    0x00005988   ARM Code     436  server_communication.o(.text)
    ServerTimeSync                           0x00005b3c   ARM Code     148  server_communication.o(.text)
    ServerCashBoxBalance                     0x00005bd0   ARM Code     204  server_communication.o(.text)
    ServerGPSData                            0x00005c9c   ARM Code     276  server_communication.o(.text)
    ServerLogin                              0x00005db0   ARM Code     200  server_communication.o(.text)
    ServerLogout                             0x00005e78   ARM Code     188  server_communication.o(.text)
    GetVersion                               0x00005f34   ARM Code      72  server_communication.o(.text)
    GetUartConfig                            0x00005f7c   ARM Code     180  server_communication.o(.text)
    UartConfig                               0x00006030   ARM Code     220  server_communication.o(.text)
    GetFuncConfig                            0x0000610c   ARM Code      60  server_communication.o(.text)
    FuncConfig                               0x00006148   ARM Code      40  server_communication.o(.text)
    GetCashboxConfig                         0x00006170   ARM Code      96  server_communication.o(.text)
    CashboxConfig                            0x000061d0   ARM Code     284  server_communication.o(.text)
    GetSysPerformanceConfig                  0x000062ec   ARM Code     108  server_communication.o(.text)
    SysPerformanceConfig                     0x00006358   ARM Code     220  server_communication.o(.text)
    GetServerCommConfig                      0x00006434   ARM Code      72  server_communication.o(.text)
    ServerCommConfig                         0x0000647c   ARM Code     280  server_communication.o(.text)
    GetPrintConfig                           0x00006594   ARM Code      24  server_communication.o(.text)
    PrintConfig                              0x000065ac   ARM Code      44  server_communication.o(.text)
    ServerDownloadConfigData                 0x000065d8   ARM Code     136  server_communication.o(.text)
    ServerGetConfigData                      0x00006660   ARM Code     124  server_communication.o(.text)
    ReturnOK                                 0x000066dc   ARM Code      76  server_communication.o(.text)
    ReturnER                                 0x00006728   ARM Code      76  server_communication.o(.text)
    ReturnConfig                             0x00006774   ARM Code      88  server_communication.o(.text)
    StartGdtu                                0x000067cc   ARM Code     124  server_communication.o(.text)
    DetectedAndConfigGdtu                    0x00006848   ARM Code     248  server_communication.o(.text)
    GprsReceiveFrameFromServer               0x00006940   ARM Code    1228  server_communication.o(.text)
    TaskServerHandle                         0x00006e0c   ARM Code      32  server_communication.o(.text)
    I2c0Init                                 0x00006e2c   ARM Code     132  i2c0.o(.text)
    I2c0WriteBytes                           0x00006eb0   ARM Code     148  i2c0.o(.text)
    I2c0WriteMemery                          0x00006f44   ARM Code     324  i2c0.o(.text)
    I2c0ReadBytes                            0x00007088   ARM Code     156  i2c0.o(.text)
    I2c0WriteReadBytes                       0x00007124   ARM Code     176  i2c0.o(.text)
    I2c0ReadMemery                           0x000071d4   ARM Code     340  i2c0.o(.text)
    I2c0_Exception                           0x00007328   ARM Code     476  i2c0.o(.text)
    Spi0Init                                 0x0000751c   ARM Code     100  spi0.o(.text)
    Spi0TranceByte                           0x00007580   ARM Code     216  spi0.o(.text)
    Spi0_Exception                           0x00007658   ARM Code      48  spi0.o(.text)
    PadCommInit                              0x0000769c   ARM Code      88  padcommunication.o(.text)
    RequestPADCommunication                  0x000076f4   ARM Code      28  padcommunication.o(.text)
    FreePADCommunication                     0x00007710   ARM Code      12  padcommunication.o(.text)
    SendToPadCom                             0x0000771c   ARM Code     560  padcommunication.o(.text)
    LogOut                                   0x0000794c   ARM Code     144  padcommunication.o(.text)
    GetDeviceState                           0x000079dc   ARM Code      92  padcommunication.o(.text)
    ExceptionHandle                          0x00007a38   ARM Code     108  padcommunication.o(.text)
    ChangeSite                               0x00007aa4   ARM Code     160  padcommunication.o(.text)
    RideMess                                 0x00007b44   ARM Code     320  padcommunication.o(.text)
    MakeChange                               0x00007c84   ARM Code     576  padcommunication.o(.text)
    Print                                    0x00007ec4   ARM Code     508  padcommunication.o(.text)
    StopTrade                                0x000080c0   ARM Code     108  padcommunication.o(.text)
    ShutDown                                 0x0000812c   ARM Code     148  padcommunication.o(.text)
    RequestLogin                             0x000081c0   ARM Code     136  padcommunication.o(.text)
    CashboxInit                              0x00008248   ARM Code     116  padcommunication.o(.text)
    DisplayMessage                           0x000082bc   ARM Code     316  padcommunication.o(.text)
    Online                                   0x000083f8   ARM Code     384  padcommunication.o(.text)
    Login                                    0x00008578   ARM Code     352  padcommunication.o(.text)
    TimeSync                                 0x000086d8   ARM Code     336  padcommunication.o(.text)
    GetStationMess                           0x00008828   ARM Code     620  padcommunication.o(.text)
    StationSync                              0x00008a94   ARM Code     360  padcommunication.o(.text)
    TaskPADRecHandle                         0x00008bfc   ARM Code     968  padcommunication.o(.text)
    TaskDeviceCommand                        0x00008fc4   ARM Code    1548  padcommunication.o(.text)
    InitLog                                  0x000095d0   ARM Code      96  log_data_handle.o(.text)
    StoreLog                                 0x00009630   ARM Code     496  log_data_handle.o(.text)
    ReadLog                                  0x00009820   ARM Code     416  log_data_handle.o(.text)
    ConfigInit                               0x000099d4   ARM Code     196  config_manage.o(.text)
    GetDeviceAddr                            0x00009a98   ARM Code      92  config_manage.o(.text)
    SetDeviceAddr                            0x00009af4   ARM Code      76  config_manage.o(.text)
    TaskConfig                               0x00009b40   ARM Code       4  config_manage.o(.text)
    ReadExternMemery                         0x00009b44   ARM Code     256  virtual_memery.o(.text)
    WriteExternMemery                        0x00009c44   ARM Code     236  virtual_memery.o(.text)
    InitConfigData                           0x00009d30   ARM Code       4  virtual_memery.o(.text)
    InitTradeManageData                      0x00009d38   ARM Code      64  trade.o(.text)
    TradeAmountDataSave                      0x00009d78   ARM Code     156  trade.o(.text)
    TradeAmountDataRead                      0x00009e14   ARM Code       8  trade.o(.text)
    TradeDataSave                            0x00009e1c   ARM Code       8  trade.o(.text)
    TradeDataRead                            0x00009e24   ARM Code       8  trade.o(.text)
    TaskTrade                                0x00009e2c   ARM Code     796  trade.o(.text)
    TaskDataUpload                           0x0000a168   ARM Code      84  data_upload.o(.text)
    _main_redirection                        0x0000a1c0   ARM Code       4  _no_redirect.o(.text)
    _main                                    0x0000a1c4   ARM Code       4  _no_redirect.o(.text)
    _sprintf                                 0x0000a1c8   ARM Code     104  _sprintf.o(.text)
    atoi                                     0x0000a238   ARM Code      52  atoi.o(.text)
    memcmp                                   0x0000a26c   ARM Code     128  memcmp.o(.text)
    srand                                    0x0000a2ec   ARM Code      68  rand.o(.text)
    _rand_init                               0x0000a330   ARM Code      72  rand.o(.text)
    rand                                     0x0000a378   ARM Code      96  rand.o(.text)
    __rt_memclr                              0x0000a3e8   ARM Code      68  rt_memclr.o(.text)
    _memset                                  0x0000a3ec   ARM Code       0  rt_memclr.o(.text)
    __rt_memclr_w                            0x0000a42c   ARM Code      88  rt_memclr_w.o(.text)
    _memset_w                                0x0000a430   ARM Code       0  rt_memclr_w.o(.text)
    __rt_memcpy                              0x0000a484   ARM Code     180  rt_memcpy.o(.text)
    __rt_memcpy_w                            0x0000a538   ARM Code     108  rt_memcpy_w.o(.text)
    _memcpy_lastbytes                        0x0000a584   ARM Code       0  rt_memcpy_w.o(.text)
    __rt_udiv                                0x0000a5a4   ARM Code     192  rt_udiv.o(.text)
    __rt_udiv10                              0x0000a664   ARM Code      44  rtudiv10.o(.text)
    strlen                                   0x0000a690   ARM Code     100  strlen.o(.text)
    strncmp                                  0x0000a6f8   ARM Code     120  strncmp.o(.text)
    strncpy                                  0x0000a774   ARM Code     136  strncpy.o(.text)
    strstr                                   0x0000a800   ARM Code      60  strstr.o(.text)
    __32__use_no_semihosting_swi             0x0000a83c   ARM Code       0  use_no_semi.o(.text)
    __semihosting_swi_guard                  0x0000a83c   ARM Code       0  use_no_semi.o(.text)
    __use_no_semihosting_swi                 0x0000a83c   ARM Code       4  use_no_semi.o(.text)
    __vfprintf                               0x0000a840   ARM Code    2056  __vfpntf.o(.text)
    _sputc                                   0x0000b578   ARM Code      20  _sputc.o(.text)
    _serror                                  0x0000b58c   ARM Code       8  _sputc.o(.text)
    __rt_entry                               0x0000b594   ARM Code       0  kernel.o(.text)
    __32__rt_exit                            0x0000b5a4   ARM Code       0  kernel.o(.text)
    __rt_exit                                0x0000b5a4   ARM Code      16  kernel.o(.text)
    __32__rt_abort                           0x0000b5b4   ARM Code       0  kernel.o(.text)
    __rt_abort                               0x0000b5b4   ARM Code       8  kernel.o(.text)
    __rt_errno_addr                          0x0000b5bc   ARM Code      12  rt_errno_addr.o(.text)
    strtol                                   0x0000b5c8   ARM Code     192  strtol.o(.text)
    _strtoul                                 0x0000b688   ARM Code     264  _strtoul.o(.text)
    exit                                     0x0000b790   ARM Code      24  exit.o(.text)
    __rt_lib_init                            0x0000b7a8   ARM Code     228  lib_init.o(.text)
    __rt_lib_shutdown                        0x0000b88c   ARM Code      20  lib_init.o(.text)
    __user_libspace                          0x0000b8a4   ARM Code       8  libspace.o(.text)
    _ll_udiv10                               0x0000b8b0   ARM Code     152  lludiv10.o(.text)
    __rt_ctype_table                         0x0000b948   ARM Code      20  rt_ctype_table.o(.text)
    __rt_stackheap_init                      0x0000b95c   ARM Code     144  stkheap1.o(.text)
    __rt_heap_extend                         0x0000b9ec   ARM Code     108  stkheap1.o(.text)
    _chval                                   0x0000ba58   ARM Code      32  _chval.o(.text)
    _get_lc_ctype                            0x0000ba78   ARM Code      60  lc_ctype_c.o(.text)
    _no_fp_display                           0x0000bab4   ARM Code       8  nofpdisp.o(.text)
    __rt_fp_status_addr                      0x0000babc   ARM Code      16  rt_fp_status_addr.o(.text)
    strcmp                                   0x0000bad0   ARM Code     156  strcmp.o(.text)
    IRQ_Handler                              0x0000bb6c   ARM Code       0  IRQ.o(IRQ)
    Uart0_Handler                            0x0000bbec   ARM Code       0  IRQ.o(IRQ)
    Uart1_Handler                            0x0000bc6c   ARM Code       0  IRQ.o(IRQ)
    Spi0_Handler                             0x0000bcec   ARM Code       0  IRQ.o(IRQ)
    I2c0_Handler                             0x0000bd6c   ARM Code       0  IRQ.o(IRQ)
    Timer0_Handler                           0x0000bdec   ARM Code       0  IRQ.o(IRQ)
    SoftwareInterrupt                        0x0000be84   ARM Code       0  Os_cpu_a.o(subr)
    OSIntCtxSw                               0x0000bec0   ARM Code       0  Os_cpu_a.o(subr)
    __OSStartHighRdy                         0x0000bf54   ARM Code       0  Os_cpu_a.o(subr)
    _fp_init                                 0x0000bf94   ARM Code      20  fpinit.o(x$fpl$fpinit)
    __fplib_config_pureend_doubles           0x0000bfa4   ARM Code       0  fpinit.o(x$fpl$fpinit)
    _fp_display_gate                         0x0000bfa8   ARM Code       4  printf2.o(x$fpl$printf2)
    OSMapTbl                                 0x0000bfac   Data           8  Os_core.o(.constdata)
    OSUnMapTbl                               0x0000bfb4   Data         256  Os_core.o(.constdata)
    completeversion                          0x0000c0b4   Data          16  main.o(.constdata)
    config_corresponding_table               0x0000c118   Data          96  server_communication.o(.constdata)
    rj45_comm                                0x0000c1c0   Data          88  padcommunication.o(.constdata)
    config_init_from_rom                     0x0000c218   Data         144  config_manage.o(.constdata)
    memery_chip                              0x0000c2a8   Data         112  virtual_memery.o(.constdata)
    __ctype                                  0x0000c325   Data         256  lc_ctype_c.o(.constdata)
    Region$$Table$$Base                      0x0000c428   Data           0  anon$$obj.o(Region$$Table)
    Region$$Table$$Limit                     0x0000c458   Data           0  anon$$obj.o(Region$$Table)
    ZISection$$Table$$Base                   0x0000c458   Data           0  anon$$obj.o(ZISection$$Table)
    ZISection$$Table$$Limit                  0x0000c468   Data           0  anon$$obj.o(ZISection$$Table)
    delay_time                               0x40000000   Data           4  padcommunication.o(.data)
    promptmess                               0x40000004   Data         100  padcommunication.o(.data)
    OsEnterSum                               0x40000068   Data           4  Os_cpu_c.o(.bss)
    OSCPUUsage                               0x4000006c   Data           1  Os_core.o(.bss)
    OSStatRdy                                0x4000006d   Data           1  Os_core.o(.bss)
    OSIntNesting                             0x4000006e   Data           1  Os_core.o(.bss)
    OSIntExitY                               0x4000006f   Data           1  Os_core.o(.bss)
    OSLockNesting                            0x40000070   Data           1  Os_core.o(.bss)
    OSPrioCur                                0x40000071   Data           1  Os_core.o(.bss)
    OSPrioHighRdy                            0x40000072   Data           1  Os_core.o(.bss)
    OSRdyGrp                                 0x40000073   Data           1  Os_core.o(.bss)
    OSRunning                                0x40000074   Data           1  Os_core.o(.bss)
    OSTaskCtr                                0x40000075   Data           1  Os_core.o(.bss)
    OSRdyTbl                                 0x40000076   Data           3  Os_core.o(.bss)
    OSCtxSwCtr                               0x4000007c   Data           4  Os_core.o(.bss)
    OSEventFreeList                          0x40000080   Data           4  Os_core.o(.bss)
    OSIdleCtrMax                             0x40000084   Data           4  Os_core.o(.bss)
    OSIdleCtrRun                             0x40000088   Data           4  Os_core.o(.bss)
    OSIdleCtr                                0x4000008c   Data           4  Os_core.o(.bss)
    OSTCBCur                                 0x40000090   Data           4  Os_core.o(.bss)
    OSTCBFreeList                            0x40000094   Data           4  Os_core.o(.bss)
    OSTCBHighRdy                             0x40000098   Data           4  Os_core.o(.bss)
    OSTCBList                                0x4000009c   Data           4  Os_core.o(.bss)
    OSTime                                   0x400000a0   Data           4  Os_core.o(.bss)
    OSEventTbl                               0x400000a4   Data         180  Os_core.o(.bss)
    OSTaskStatStk                            0x40000158   Data        1024  Os_core.o(.bss)
    OSTaskIdleStk                            0x40000558   Data        1024  Os_core.o(.bss)
    OSTCBPrioTbl                             0x40000958   Data          84  Os_core.o(.bss)
    OSTCBTbl                                 0x400009ac   Data         884  Os_core.o(.bss)
    OSFlagTbl                                0x40000d20   Data          60  Os_core.o(.bss)
    OSFlagFreeList                           0x40000d5c   Data           4  Os_core.o(.bss)
    OSMemFreeList                            0x40000d60   Data           4  Os_core.o(.bss)
    OSMemTbl                                 0x40000d64   Data         100  Os_core.o(.bss)
    OSQFreeList                              0x40000dc8   Data           4  Os_core.o(.bss)
    OSQTbl                                   0x40000dcc   Data          48  Os_core.o(.bss)
    TaskTestStk                              0x40000dfc   Data        1024  main.o(.bss)
    TaskPADRecHandleStk                      0x400011fc   Data        1024  main.o(.bss)
    TaskDeviceCommandStk                     0x400015fc   Data        1024  main.o(.bss)
    TaskServerHandleStk                      0x400019fc   Data        1024  main.o(.bss)
    TaskChipCommStk                          0x40001dfc   Data        1024  main.o(.bss)
    TaskTradeStk                             0x400021fc   Data        1024  main.o(.bss)
    TaskDataUploadStk                        0x400025fc   Data        1024  main.o(.bss)
    Uart1Sem                                 0x40002b0c   Data           4  uart1.o(.bss)
    UART1SendBuf                             0x40002b14   Data         128  uart1.o(.bss)
    UART1RecBuf                              0x40002b94   Data         128  uart1.o(.bss)
    sys_state                                0x40002c14   Data          36  sys_state.o(.bss)
    data_upload_sem                          0x40002c38   Data           4  chip_communication.o(.bss)
    user_staffid_old                         0x40002c3c   Data           8  chip_communication.o(.bss)
    curr_line                                0x40002c44   Data         612  chip_communication.o(.bss)
    device_control                           0x40002ea8   Data         156  chip_communication.o(.bss)
    chip_communication_temp                  0x40002f44   Data          32  chip_communication.o(.bss)
    gprs_rec_buffer                          0x40002f70   Data          94  server_communication.o(.bss)
    gprs_send_buffer                         0x40002fce   Data          94  server_communication.o(.bss)
    changesite_flag                          0x40003111   Data           1  padcommunication.o(.bss)
    old_station                              0x40003112   Data           1  padcommunication.o(.bss)
    curr_station                             0x40003113   Data           1  padcommunication.o(.bss)
    run_direction                            0x40003114   Data           1  padcommunication.o(.bss)
    PAD_version                              0x40003324   Data          16  padcommunication.o(.bss)
    store_log_sem                            0x40003338   Data           4  log_data_handle.o(.bss)
    log_index                                0x4000333c   Data           8  log_data_handle.o(.bss)
    log_data                                 0x40003344   Data           8  log_data_handle.o(.bss)
    config_ram                               0x4000334c   Data         144  config_manage.o(.bss)
    current_trade_index                      0x400033dc   Data           4  trade.o(.bss)
    trade_data_temp                          0x400033e0   Data          40  trade.o(.bss)
    trade_manage_data_temp                   0x40003408   Data          36  trade.o(.bss)
    bottom_of_heap                           0x40003710   Data           1  Startup.o(Heap)
    StackUsr                                 0x40008000   Data           0  Startup.o(Stacks)


================================================================================

Memory Map of the image

  Image Entry point : 0x00000000

  Load Region ROM_LOAD (Base: 0x00000000, Size: 0x0000c4d0, Max: 0xffffffff, ABSOLUTE)

    Execution Region ROM_EXEC (Base: 0x00000000, Size: 0x0000c468, Max: 0xffffffff, ABSOLUTE)

    Base Addr    Size         Type   Attr  Idx  E Section Name        Object

    0x00000000   0x000000b8   Code   RO   166   * vectors             Startup.o
    0x000000b8   0x000000a8   Code   RO   497   * !!!                 __main.o(c_a__un.l)
    0x00000160   0x00000184   Code   RO     6     .text               Os_cpu_c.o
    0x000002e4   0x00000270   Code   RO   142     .text               target.o
    0x00000554   0x00000884   Code   RO   173     .text               Os_core.o
    0x00000dd8   0x0000097c   Code   RO   193     .text               Os_flag.o
    0x00001754   0x000004c8   Code   RO   202     .text               Os_mbox.o
    0x00001c1c   0x000002b4   Code   RO   211     .text               Os_mem.o
    0x00001ed0   0x00000800   Code   RO   229     .text               Os_q.o
    0x000026d0   0x000003e4   Code   RO   238     .text               Os_sem.o
    0x00002ab4   0x00000850   Code   RO   247     .text               Os_task.o
    0x00003304   0x00000224   Code   RO   256     .text               Os_time.o
    0x00003528   0x000000e4   Code   RO   265     .text               main.o
    0x0000360c   0x000002c8   Code   RO   279     .text               queue.o
    0x000038d4   0x0000039c   Code   RO   288     .text               comm.o
    0x00003c70   0x00000494   Code   RO   297     .text               uart0.o
    0x00004104   0x00000490   Code   RO   309     .text               uart1.o
    0x00004594   0x00000068   Code   RO   322     .text               test.o
    0x000045fc   0x000000e0   Code   RO   332     .text               IO_driver.o
    0x000046dc   0x00000f34   Code   RO   355     .text               chip_communication.o
    0x00005610   0x0000181c   Code   RO   369     .text               server_communication.o
    0x00006e2c   0x000006f0   Code   RO   387     .text               i2c0.o
    0x0000751c   0x00000180   Code   RO   398     .text               spi0.o
    0x0000769c   0x00001f34   Code   RO   410     .text               padcommunication.o
    0x000095d0   0x00000404   Code   RO   436     .text               log_data_handle.o
    0x000099d4   0x00000170   Code   RO   449     .text               config_manage.o
    0x00009b44   0x000001f4   Code   RO   463     .text               virtual_memery.o
    0x00009d38   0x00000430   Code   RO   474     .text               trade.o
    0x0000a168   0x00000058   Code   RO   488     .text               data_upload.o
    0x0000a1c0   0x00000008   Code   RO   499     .text               _no_redirect.o(c_a__un.l)
    0x0000a1c8   0x00000070   Code   RO   501     .text               _sprintf.o(c_a__un.l)
    0x0000a238   0x00000034   Code   RO   503     .text               atoi.o(c_a__un.l)
    0x0000a26c   0x00000080   Code   RO   505     .text               memcmp.o(c_a__un.l)
    0x0000a2ec   0x000000fc   Code   RO   507     .text               rand.o(c_a__un.l)
    0x0000a3e8   0x00000044   Code   RO   510     .text               rt_memclr.o(c_a__un.l)
    0x0000a42c   0x00000058   Code   RO   512     .text               rt_memclr_w.o(c_a__un.l)
    0x0000a484   0x000000b4   Code   RO   514     .text               rt_memcpy.o(c_a__un.l)
    0x0000a538   0x0000006c   Code   RO   516     .text               rt_memcpy_w.o(c_a__un.l)
    0x0000a5a4   0x000000c0   Code   RO   518     .text               rt_udiv.o(c_a__un.l)
    0x0000a664   0x0000002c   Code   RO   520     .text               rtudiv10.o(c_a__un.l)
    0x0000a690   0x00000068   Code   RO   522     .text               strlen.o(c_a__un.l)
    0x0000a6f8   0x0000007c   Code   RO   524     .text               strncmp.o(c_a__un.l)
    0x0000a774   0x0000008c   Code   RO   526     .text               strncpy.o(c_a__un.l)
    0x0000a800   0x0000003c   Code   RO   528     .text               strstr.o(c_a__un.l)
    0x0000a83c   0x00000004   Code   RO   530     .text               use_no_semi.o(c_a__un.l)
    0x0000a840   0x00000d38   Code   RO   532     .text               __vfpntf.o(c_a__un.l)
    0x0000b578   0x0000001c   Code   RO   534     .text               _sputc.o(c_a__un.l)
    0x0000b594   0x00000028   Code   RO   536     .text               kernel.o(c_a__un.l)
    0x0000b5bc   0x0000000c   Code   RO   538     .text               rt_errno_addr.o(c_a__un.l)
    0x0000b5c8   0x000000c0   Code   RO   540     .text               strtol.o(c_a__un.l)
    0x0000b688   0x00000108   Code   RO   542     .text               _strtoul.o(c_a__un.l)
    0x0000b790   0x00000018   Code   RO   544     .text               exit.o(c_a__un.l)
    0x0000b7a8   0x000000fc   Code   RO   546     .text               lib_init.o(c_a__un.l)
    0x0000b8a4   0x0000000c   Code   RO   548     .text               libspace.o(c_a__un.l)
    0x0000b8b0   0x00000098   Code   RO   551     .text               lludiv10.o(c_a__un.l)
    0x0000b948   0x00000014   Code   RO   553     .text               rt_ctype_table.o(c_a__un.l)
    0x0000b95c   0x000000fc   Code   RO   555     .text               stkheap1.o(c_a__un.l)
    0x0000ba58   0x00000020   Code   RO   559     .text               _chval.o(c_a__un.l)
    0x0000ba78   0x0000003c   Code   RO   561     .text               lc_ctype_c.o(c_a__un.l)
    0x0000bab4   0x00000008   Code   RO   564     .text               nofpdisp.o(c_a__un.l)
    0x0000babc   0x00000010   Code   RO   568     .text               rt_fp_status_addr.o(c_a__un.l)
    0x0000bacc   0x000000a0   Code   RO   570     .text               strcmp.o(c_a__un.l)
    0x0000bb6c   0x00000318   Code   RO   162     IRQ                 IRQ.o
    0x0000be84   0x00000110   Code   RO     1     subr                Os_cpu_a.o
    0x0000bf94   0x00000014   Code   RO   566     x$fpl$fpinit        fpinit.o(f_a_p.l)
    0x0000bfa8   0x00000004   Code   RO   557     x$fpl$printf2       printf2.o(f_a_p.l)
    0x0000bfac   0x00000108   Data   RO   174     .constdata          Os_core.o
    0x0000c0b4   0x00000010   Data   RO   267     .constdata          main.o
    0x0000c0c4   0x00000020   Data   RO   298     .constdata          uart0.o
    0x0000c0e4   0x00000020   Data   RO   310     .constdata          uart1.o
    0x0000c104   0x00000013   Data   RO   323     .constdata          test.o
    0x0000c117   0x00000001   PAD
    0x0000c118   0x000000a8   Data   RO   370     .constdata          server_communication.o
    0x0000c1c0   0x00000058   Data   RO   412     .constdata          padcommunication.o
    0x0000c218   0x00000090   Data   RO   450     .constdata          config_manage.o
    0x0000c2a8   0x00000070   Data   RO   464     .constdata          virtual_memery.o
    0x0000c318   0x00000110   Data   RO   562     .constdata          lc_ctype_c.o(c_a__un.l)
    0x0000c428   0x00000030   Data   RO   572     Region$$Table       anon$$obj.o
    0x0000c458   0x00000010   Data   RO   573     ZISection$$Table    anon$$obj.o


    Execution Region IRAM (Base: 0x40000000, Size: 0x00003710, Max: 0xffffffff, ABSOLUTE)

    Base Addr    Size         Type   Attr  Idx  E Section Name        Object

    0x40000000   0x00000068   Data   RW   411     .data               padcommunication.o
    0x40000068   0x00000004   Zero   RW     7     .bss                Os_cpu_c.o
    0x4000006c   0x00000cb4   Zero   RW   175     .bss                Os_core.o
    0x40000d20   0x0000003c   Zero   RW   176     .bss                Os_core.o
    0x40000d5c   0x00000004   Zero   RW   177     .bss                Os_core.o
    0x40000d60   0x00000004   Zero   RW   178     .bss                Os_core.o
    0x40000d64   0x00000064   Zero   RW   179     .bss                Os_core.o
    0x40000dc8   0x00000004   Zero   RW   180     .bss                Os_core.o
    0x40000dcc   0x00000030   Zero   RW   181     .bss                Os_core.o
    0x40000dfc   0x00001c00   Zero   RW   266     .bss                main.o
    0x400029fc   0x0000010c   Zero   RW   299     .bss                uart0.o
    0x40002b08   0x0000010c   Zero   RW   311     .bss                uart1.o
    0x40002c14   0x00000024   Zero   RW   347     .bss                sys_state.o
    0x40002c38   0x0000032c   Zero   RW   356     .bss                chip_communication.o
    0x40002f64   0x000000c8   Zero   RW   371     .bss                server_communication.o
    0x4000302c   0x00000018   Zero   RW   388     .bss                i2c0.o
    0x40003044   0x000000cc   Zero   RW   399     .bss                spi0.o
    0x40003110   0x00000224   Zero   RW   413     .bss                padcommunication.o
    0x40003334   0x00000018   Zero   RW   437     .bss                log_data_handle.o
    0x4000334c   0x00000090   Zero   RW   451     .bss                config_manage.o
    0x400033dc   0x00000050   Zero   RW   475     .bss                trade.o
    0x4000342c   0x000000e4   Zero   RW   508     .bss                rand.o(c_a__un.l)
    0x40003510   0x00000060   Zero   RW   549     .bss                libspace.o(c_a__un.l)
    0x40003570   0x00000120   Zero   RW   167     MyStacks            Startup.o
    0x40003690   0x00000080   Zero   RW     2     SWIStacks           Os_cpu_a.o


    Execution Region HEAP (Base: 0x40003710, Size: 0x00000004, Max: 0xffffffff, ABSOLUTE, UNINIT)

    Base Addr    Size         Type   Attr  Idx  E Section Name        Object

    0x40003710   0x00000004   Zero   RW   168     Heap                Startup.o


    Execution Region STACKS (Base: 0x40008000, Size: 0x00000000, Max: 0xffffffff, ABSOLUTE, UNINIT)

    Base Addr    Size         Type   Attr  Idx  E Section Name        Object

    0x40008000   0x00000000   Zero   RW   169     Stacks              Startup.o



  Load Region LR$$Debug (Base: 0x00000000, Size: 0x00000000, Max: 0xffffffff, ABSOLUTE)

    Execution Region ER$$Debug (Base: 0x00000000, Size: 0x00000000, Max: 0xffffffff, ABSOLUTE)

    Base Addr    Size         Type   Attr  Idx  E Section Name        Object

    0x00000000   0x00000010   Dbug   RW     5     .debug_abbrev       Os_cpu_a.o
    0x00000010   0x000003ec   Dbug   RW    16     .debug_abbrev       Os_cpu_c.o
    0x000003fc   0x00000010   Dbug   RW   165     .debug_abbrev       IRQ.o
    0x0000040c   0x00000010   Dbug   RW   172     .debug_abbrev       Startup.o
    0x00000000   0x000000f8   Dbug   RW    15     .debug_frame        Os_cpu_c.o
    0x000000f8   0x000001a8   Dbug   RW   150     .debug_frame        target.o
    0x000002a0   0x000002c0   Dbug   RW   189     .debug_frame        Os_core.o
    0x00000560   0x00000188   Dbug   RW   201     .debug_frame        Os_flag.o
    0x000006e8   0x00000128   Dbug   RW   210     .debug_frame        Os_mbox.o
    0x00000810   0x000000cc   Dbug   RW   219     .debug_frame        Os_mem.o
    0x000008dc   0x00000184   Dbug   RW   237     .debug_frame        Os_q.o
    0x00000a60   0x00000104   Dbug   RW   246     .debug_frame        Os_sem.o
    0x00000b64   0x0000019c   Dbug   RW   255     .debug_frame        Os_task.o
    0x00000d00   0x000000dc   Dbug   RW   264     .debug_frame        Os_time.o
    0x00000ddc   0x00000048   Dbug   RW   276     .debug_frame        main.o
    0x00000e24   0x00000120   Dbug   RW   287     .debug_frame        queue.o
    0x00000f44   0x000000dc   Dbug   RW   296     .debug_frame        comm.o
    0x00001020   0x00000168   Dbug   RW   308     .debug_frame        uart0.o
    0x00001188   0x00000168   Dbug   RW   321     .debug_frame        uart1.o
    0x000012f0   0x00000048   Dbug   RW   331     .debug_frame        test.o
    0x00001338   0x0000003c   Dbug   RW   346     .debug_frame        IO_driver.o
    0x00001374   0x00000148   Dbug   RW   366     .debug_frame        chip_communication.o
    0x000014bc   0x000004bc   Dbug   RW   386     .debug_frame        server_communication.o
    0x00001978   0x00000150   Dbug   RW   397     .debug_frame        i2c0.o
    0x00001ac8   0x00000080   Dbug   RW   409     .debug_frame        spi0.o
    0x00001b48   0x000003b4   Dbug   RW   426     .debug_frame        padcommunication.o
    0x00001efc   0x000000b8   Dbug   RW   446     .debug_frame        log_data_handle.o
    0x00001fb4   0x000000ac   Dbug   RW   460     .debug_frame        config_manage.o
    0x00002060   0x0000009c   Dbug   RW   473     .debug_frame        virtual_memery.o
    0x000020fc   0x000000c8   Dbug   RW   485     .debug_frame        trade.o
    0x000021c4   0x00000044   Dbug   RW   496     .debug_frame        data_upload.o
    0x00002208   0x0000003c   Dbug   RW   498     .debug_frame        __main.o(c_a__un.l)
    0x00002244   0x0000004c   Dbug   RW   500     .debug_frame        _no_redirect.o(c_a__un.l)
    0x00002290   0x0000005c   Dbug   RW   502     .debug_frame        _sprintf.o(c_a__un.l)
    0x000022ec   0x00000050   Dbug   RW   504     .debug_frame        atoi.o(c_a__un.l)
    0x0000233c   0x0000003c   Dbug   RW   506     .debug_frame        memcmp.o(c_a__un.l)
    0x00002378   0x00000080   Dbug   RW   509     .debug_frame        rand.o(c_a__un.l)
    0x000023f8   0x00000044   Dbug   RW   511     .debug_frame        rt_memclr.o(c_a__un.l)
    0x0000243c   0x00000054   Dbug   RW   513     .debug_frame        rt_memclr_w.o(c_a__un.l)
    0x00002490   0x0000003c   Dbug   RW   515     .debug_frame        rt_memcpy.o(c_a__un.l)
    0x000024cc   0x00000054   Dbug   RW   517     .debug_frame        rt_memcpy_w.o(c_a__un.l)
    0x00002520   0x00000044   Dbug   RW   519     .debug_frame        rt_udiv.o(c_a__un.l)
    0x00002564   0x00000044   Dbug   RW   521     .debug_frame        rtudiv10.o(c_a__un.l)
    0x000025a8   0x0000003c   Dbug   RW   523     .debug_frame        strlen.o(c_a__un.l)
    0x000025e4   0x0000004c   Dbug   RW   525     .debug_frame        strncmp.o(c_a__un.l)
    0x00002630   0x0000005c   Dbug   RW   527     .debug_frame        strncpy.o(c_a__un.l)
    0x0000268c   0x0000004c   Dbug   RW   529     .debug_frame        strstr.o(c_a__un.l)
    0x000026d8   0x00000044   Dbug   RW   531     .debug_frame        use_no_semi.o(c_a__un.l)
    0x0000271c   0x000000b0   Dbug   RW   533     .debug_frame        __vfpntf.o(c_a__un.l)
    0x000027cc   0x0000004c   Dbug   RW   535     .debug_frame        _sputc.o(c_a__un.l)
    0x00002818   0x00000058   Dbug   RW   537     .debug_frame        kernel.o(c_a__un.l)
    0x00002870   0x0000004c   Dbug   RW   539     .debug_frame        rt_errno_addr.o(c_a__un.l)
    0x000028bc   0x00000068   Dbug   RW   541     .debug_frame        strtol.o(c_a__un.l)
    0x00002924   0x00000080   Dbug   RW   543     .debug_frame        _strtoul.o(c_a__un.l)
    0x000029a4   0x0000004c   Dbug   RW   545     .debug_frame        exit.o(c_a__un.l)
    0x000029f0   0x0000007c   Dbug   RW   547     .debug_frame        lib_init.o(c_a__un.l)
    0x00002a6c   0x00000044   Dbug   RW   550     .debug_frame        libspace.o(c_a__un.l)
    0x00002ab0   0x00000058   Dbug   RW   552     .debug_frame        lludiv10.o(c_a__un.l)
    0x00002b08   0x0000004c   Dbug   RW   554     .debug_frame        rt_ctype_table.o(c_a__un.l)
    0x00002b54   0x00000080   Dbug   RW   556     .debug_frame        stkheap1.o(c_a__un.l)
    0x00002bd4   0x0000003c   Dbug   RW   558     .debug_frame        printf2.o(f_a_p.l)
    0x00002c10   0x0000003c   Dbug   RW   560     .debug_frame        _chval.o(c_a__un.l)
    0x00002c4c   0x0000004c   Dbug   RW   563     .debug_frame        lc_ctype_c.o(c_a__un.l)
    0x00002c98   0x0000003c   Dbug   RW   565     .debug_frame        nofpdisp.o(c_a__un.l)
    0x00002cd4   0x0000004c   Dbug   RW   567     .debug_frame        fpinit.o(f_a_p.l)
    0x00002d20   0x0000004c   Dbug   RW   569     .debug_frame        rt_fp_status_addr.o(c_a__un.l)
    0x00002d6c   0x00000054   Dbug   RW   571     .debug_frame        strcmp.o(c_a__un.l)
    0x00000000   0x000000b4   Dbug   RW     3     .debug_info         Os_cpu_a.o
    0x000000b4   0x00000180   Dbug   RW    22     .debug_info         Os_cpu_c.o
    0x00000234   0x000000b0   Dbug   RW     9     .debug_info         Os_cpu_c.o
    0x000002e4   0x000000b0   Dbug   RW    26     .debug_info         Os_cpu_c.o
    0x00000394   0x00000a68   Dbug   RW    30     .debug_info         Os_cpu_c.o
    0x00000dfc   0x000003a8   Dbug   RW    12     .debug_info         Os_cpu_c.o
    0x000011a4   0x0000014c   Dbug   RW    18     .debug_info         Os_cpu_c.o
    0x000012f0   0x00000108   Dbug   RW    41     .debug_info         Os_cpu_c.o
    0x000013f8   0x00000234   Dbug   RW    48     .debug_info         Os_cpu_c.o
    0x0000162c   0x0000014c   Dbug   RW    60     .debug_info         Os_cpu_c.o
    0x00001778   0x00000170   Dbug   RW    68     .debug_info         Os_cpu_c.o
    0x000018e8   0x00000114   Dbug   RW    72     .debug_info         Os_cpu_c.o
    0x000019fc   0x000005d0   Dbug   RW    99     .debug_info         Os_cpu_c.o
    0x00001fcc   0x000003b8   Dbug   RW   110     .debug_info         Os_cpu_c.o
    0x00002384   0x00000680   Dbug   RW   121     .debug_info         Os_cpu_c.o
    0x00002a04   0x000000c0   Dbug   RW   144     .debug_info         target.o
    0x00002ac4   0x000000e4   Dbug   RW   159     .debug_info         target.o
    0x00002ba8   0x000006bc   Dbug   RW   147     .debug_info         target.o
    0x00003264   0x0000017c   Dbug   RW   151     .debug_info         target.o
    0x000033e0   0x000000b0   Dbug   RW   154     .debug_info         target.o
    0x00003490   0x00000a68   Dbug   RW   156     .debug_info         target.o
    0x00003ef8   0x000000b4   Dbug   RW   163     .debug_info         IRQ.o
    0x00003fac   0x000000b4   Dbug   RW   170     .debug_info         Startup.o
    0x00004060   0x00000b14   Dbug   RW   190     .debug_info         Os_core.o
    0x00004b74   0x00000a20   Dbug   RW   186     .debug_info         Os_core.o
    0x00005594   0x000000b0   Dbug   RW   195     .debug_info         Os_flag.o
    0x00005644   0x00000ba0   Dbug   RW   198     .debug_info         Os_flag.o
    0x000061e4   0x000000b8   Dbug   RW   204     .debug_info         Os_mbox.o
    0x0000629c   0x00000694   Dbug   RW   207     .debug_info         Os_mbox.o
    0x00006930   0x000000b4   Dbug   RW   213     .debug_info         Os_mem.o
    0x000069e4   0x000003b8   Dbug   RW   216     .debug_info         Os_mem.o
    0x00006d9c   0x000000b4   Dbug   RW   231     .debug_info         Os_q.o
    0x00006e50   0x00000970   Dbug   RW   234     .debug_info         Os_q.o
    0x000077c0   0x000000b0   Dbug   RW   240     .debug_info         Os_sem.o
    0x00007870   0x000004f4   Dbug   RW   243     .debug_info         Os_sem.o
    0x00007d64   0x00000a20   Dbug   RW   252     .debug_info         Os_task.o
    0x00008784   0x0000034c   Dbug   RW   261     .debug_info         Os_time.o
    0x00008ad0   0x000001dc   Dbug   RW   269     .debug_info         main.o
    0x00008cac   0x00000218   Dbug   RW   273     .debug_info         main.o
    0x00008ec4   0x0000019c   Dbug   RW   277     .debug_info         main.o
    0x00009060   0x000005d0   Dbug   RW   284     .debug_info         queue.o
    0x00009630   0x000000ac   Dbug   RW   290     .debug_info         comm.o
    0x000096dc   0x0000051c   Dbug   RW   293     .debug_info         comm.o
    0x00009bf8   0x00000174   Dbug   RW   301     .debug_info         uart0.o
    0x00009d6c   0x0000094c   Dbug   RW   305     .debug_info         uart0.o
    0x0000a6b8   0x00000188   Dbug   RW   314     .debug_info         uart1.o
    0x0000a840   0x00000958   Dbug   RW   318     .debug_info         uart1.o
    0x0000b198   0x000001cc   Dbug   RW   328     .debug_info         test.o
    0x0000b364   0x000000dc   Dbug   RW   343     .debug_info         IO_driver.o
    0x0000b440   0x000005d4   Dbug   RW   351     .debug_info         sys_state.o
    0x0000ba14   0x00000150   Dbug   RW   359     .debug_info         chip_communication.o
    0x0000bb64   0x000012d8   Dbug   RW   363     .debug_info         chip_communication.o
    0x0000ce3c   0x000008f8   Dbug   RW   367     .debug_info         chip_communication.o
    0x0000d734   0x000002bc   Dbug   RW   379     .debug_info         server_communication.o
    0x0000d9f0   0x000027a8   Dbug   RW   383     .debug_info         server_communication.o
    0x00010198   0x00000160   Dbug   RW   390     .debug_info         i2c0.o
    0x000102f8   0x00000814   Dbug   RW   394     .debug_info         i2c0.o
    0x00010b0c   0x00000128   Dbug   RW   402     .debug_info         spi0.o
    0x00010c34   0x000002e4   Dbug   RW   406     .debug_info         spi0.o
    0x00010f18   0x000002c0   Dbug   RW   427     .debug_info         padcommunication.o
    0x000111d8   0x00000204   Dbug   RW   419     .debug_info         padcommunication.o
    0x000113dc   0x00002354   Dbug   RW   423     .debug_info         padcommunication.o
    0x00013730   0x00000684   Dbug   RW   429     .debug_info         padcommunication.o
    0x00013db4   0x000000d4   Dbug   RW   439     .debug_info         log_data_handle.o
    0x00013e88   0x00000150   Dbug   RW   447     .debug_info         log_data_handle.o
    0x00013fd8   0x00000834   Dbug   RW   443     .debug_info         log_data_handle.o
    0x0001480c   0x00000544   Dbug   RW   461     .debug_info         config_manage.o
    0x00014d50   0x000000e4   Dbug   RW   453     .debug_info         config_manage.o
    0x00014e34   0x0000039c   Dbug   RW   457     .debug_info         config_manage.o
    0x000151d0   0x000000dc   Dbug   RW   466     .debug_info         virtual_memery.o
    0x000152ac   0x000003c4   Dbug   RW   470     .debug_info         virtual_memery.o
    0x00015670   0x00000234   Dbug   RW   486     .debug_info         trade.o
    0x000158a4   0x00000490   Dbug   RW   482     .debug_info         trade.o
    0x00015d34   0x0000017c   Dbug   RW   493     .debug_info         data_upload.o
    0x00000000   0x000000d8   Dbug   RW     4     .debug_line         Os_cpu_a.o
    0x000000d8   0x000000f8   Dbug   RW     8     .debug_line         Os_cpu_c.o
    0x000001d0   0x00000198   Dbug   RW    11     .debug_line         Os_cpu_c.o
    0x00000368   0x00000084   Dbug   RW    17     .debug_line         Os_cpu_c.o
    0x000003ec   0x00000088   Dbug   RW    21     .debug_line         Os_cpu_c.o
    0x00000474   0x00000088   Dbug   RW    25     .debug_line         Os_cpu_c.o
    0x000004fc   0x00000088   Dbug   RW    29     .debug_line         Os_cpu_c.o
    0x00000584   0x00000050   Dbug   RW    40     .debug_line         Os_cpu_c.o
    0x000005d4   0x00000050   Dbug   RW    47     .debug_line         Os_cpu_c.o
    0x00000624   0x00000084   Dbug   RW    59     .debug_line         Os_cpu_c.o
    0x000006a8   0x00000088   Dbug   RW    63     .debug_line         Os_cpu_c.o
    0x00000730   0x00000088   Dbug   RW    67     .debug_line         Os_cpu_c.o
    0x000007b8   0x0000008c   Dbug   RW    71     .debug_line         Os_cpu_c.o
    0x00000844   0x0000008c   Dbug   RW    98     .debug_line         Os_cpu_c.o
    0x000008d0   0x00000108   Dbug   RW   105     .debug_line         Os_cpu_c.o
    0x000009d8   0x00000094   Dbug   RW   109     .debug_line         Os_cpu_c.o
    0x00000a6c   0x00000178   Dbug   RW   113     .debug_line         Os_cpu_c.o
    0x00000be4   0x00000108   Dbug   RW   120     .debug_line         Os_cpu_c.o
    0x00000cec   0x000000fc   Dbug   RW   127     .debug_line         Os_cpu_c.o
    0x00000de8   0x00000094   Dbug   RW   131     .debug_line         Os_cpu_c.o
    0x00000e7c   0x000000f4   Dbug   RW   135     .debug_line         Os_cpu_c.o
    0x00000f70   0x00000138   Dbug   RW   143     .debug_line         target.o
    0x000010a8   0x000001a8   Dbug   RW   146     .debug_line         target.o
    0x00001250   0x00000050   Dbug   RW   158     .debug_line         target.o
    0x000012a0   0x000000ac   Dbug   RW   164     .debug_line         IRQ.o
    0x0000134c   0x000000cc   Dbug   RW   171     .debug_line         Startup.o
    0x00001418   0x00000378   Dbug   RW   185     .debug_line         Os_core.o
    0x00001790   0x000000f8   Dbug   RW   194     .debug_line         Os_flag.o
    0x00001888   0x000003e0   Dbug   RW   197     .debug_line         Os_flag.o
    0x00001c68   0x000000f8   Dbug   RW   203     .debug_line         Os_mbox.o
    0x00001d60   0x0000028c   Dbug   RW   206     .debug_line         Os_mbox.o
    0x00001fec   0x000000f8   Dbug   RW   212     .debug_line         Os_mem.o
    0x000020e4   0x000001ec   Dbug   RW   215     .debug_line         Os_mem.o
    0x000022d0   0x000000f4   Dbug   RW   230     .debug_line         Os_q.o
    0x000023c4   0x00000358   Dbug   RW   233     .debug_line         Os_q.o
    0x0000271c   0x000000f8   Dbug   RW   239     .debug_line         Os_sem.o
    0x00002814   0x00000244   Dbug   RW   242     .debug_line         Os_sem.o
    0x00002a58   0x00000334   Dbug   RW   251     .debug_line         Os_task.o
    0x00002d8c   0x00000188   Dbug   RW   260     .debug_line         Os_time.o
    0x00002f14   0x00000128   Dbug   RW   268     .debug_line         main.o
    0x0000303c   0x000000dc   Dbug   RW   272     .debug_line         main.o
    0x00003118   0x000001a8   Dbug   RW   283     .debug_line         queue.o
    0x000032c0   0x000000f4   Dbug   RW   289     .debug_line         comm.o
    0x000033b4   0x000001f0   Dbug   RW   292     .debug_line         comm.o
    0x000035a4   0x000000f8   Dbug   RW   300     .debug_line         uart0.o
    0x0000369c   0x0000023c   Dbug   RW   304     .debug_line         uart0.o
    0x000038d8   0x000000f8   Dbug   RW   313     .debug_line         uart1.o
    0x000039d0   0x00000238   Dbug   RW   317     .debug_line         uart1.o
    0x00003c08   0x00000114   Dbug   RW   327     .debug_line         test.o
    0x00003d1c   0x00000120   Dbug   RW   342     .debug_line         IO_driver.o
    0x00003e3c   0x00000108   Dbug   RW   358     .debug_line         chip_communication.o
    0x00003f44   0x00000368   Dbug   RW   362     .debug_line         chip_communication.o
    0x000042ac   0x0000010c   Dbug   RW   378     .debug_line         server_communication.o
    0x000043b8   0x0000044c   Dbug   RW   382     .debug_line         server_communication.o
    0x00004804   0x000000f8   Dbug   RW   389     .debug_line         i2c0.o
    0x000048fc   0x00000258   Dbug   RW   393     .debug_line         i2c0.o
    0x00004b54   0x000000f8   Dbug   RW   401     .debug_line         spi0.o
    0x00004c4c   0x00000170   Dbug   RW   405     .debug_line         spi0.o
    0x00004dbc   0x00000108   Dbug   RW   418     .debug_line         padcommunication.o
    0x00004ec4   0x000006c8   Dbug   RW   422     .debug_line         padcommunication.o
    0x0000558c   0x00000100   Dbug   RW   438     .debug_line         log_data_handle.o
    0x0000568c   0x000001c4   Dbug   RW   442     .debug_line         log_data_handle.o
    0x00005850   0x00000100   Dbug   RW   452     .debug_line         config_manage.o
    0x00005950   0x0000013c   Dbug   RW   456     .debug_line         config_manage.o
    0x00005a8c   0x00000104   Dbug   RW   465     .debug_line         virtual_memery.o
    0x00005b90   0x00000164   Dbug   RW   469     .debug_line         virtual_memery.o
    0x00005cf4   0x000001a0   Dbug   RW   481     .debug_line         trade.o
    0x00005e94   0x0000010c   Dbug   RW   492     .debug_line         data_upload.o
    0x00000000   0x000002b4   Dbug   RW    14     .debug_loc          Os_cpu_c.o
    0x000002b4   0x00000324   Dbug   RW   149     .debug_loc          target.o
    0x000005d8   0x0000065c   Dbug   RW   188     .debug_loc          Os_core.o
    0x00000c34   0x000009e8   Dbug   RW   200     .debug_loc          Os_flag.o
    0x0000161c   0x00000464   Dbug   RW   209     .debug_loc          Os_mbox.o
    0x00001a80   0x000002b8   Dbug   RW   218     .debug_loc          Os_mem.o
    0x00001d38   0x000006a8   Dbug   RW   236     .debug_loc          Os_q.o
    0x000023e0   0x00000368   Dbug   RW   245     .debug_loc          Os_sem.o
    0x00002748   0x00000774   Dbug   RW   254     .debug_loc          Os_task.o
    0x00002ebc   0x00000234   Dbug   RW   263     .debug_loc          Os_time.o
    0x000030f0   0x000000cc   Dbug   RW   275     .debug_loc          main.o
    0x000031bc   0x00000414   Dbug   RW   286     .debug_loc          queue.o
    0x000035d0   0x0000048c   Dbug   RW   295     .debug_loc          comm.o
    0x00003a5c   0x00000564   Dbug   RW   307     .debug_loc          uart0.o
    0x00003fc0   0x00000564   Dbug   RW   320     .debug_loc          uart1.o
    0x00004524   0x00000078   Dbug   RW   330     .debug_loc          test.o
    0x0000459c   0x00000014   Dbug   RW   345     .debug_loc          IO_driver.o
    0x000045b0   0x00000894   Dbug   RW   365     .debug_loc          chip_communication.o
    0x00004e44   0x0000172c   Dbug   RW   385     .debug_loc          server_communication.o
    0x00006570   0x000004f0   Dbug   RW   396     .debug_loc          i2c0.o
    0x00006a60   0x00000134   Dbug   RW   408     .debug_loc          spi0.o
    0x00006b94   0x0000131c   Dbug   RW   425     .debug_loc          padcommunication.o
    0x00007eb0   0x000003ac   Dbug   RW   445     .debug_loc          log_data_handle.o
    0x0000825c   0x00000180   Dbug   RW   459     .debug_loc          config_manage.o
    0x000083dc   0x00000208   Dbug   RW   472     .debug_loc          virtual_memery.o
    0x000085e4   0x000001d8   Dbug   RW   484     .debug_loc          trade.o
    0x000087bc   0x0000006c   Dbug   RW   495     .debug_loc          data_upload.o
    0x00000000   0x00000194   Dbug   RW    10     .debug_macinfo      Os_cpu_c.o
    0x00000194   0x000000a0   Dbug   RW    20     .debug_macinfo      Os_cpu_c.o
    0x00000234   0x000000cc   Dbug   RW    24     .debug_macinfo      Os_cpu_c.o
    0x00000300   0x00000408   Dbug   RW    28     .debug_macinfo      Os_cpu_c.o
    0x00000708   0x00000904   Dbug   RW    32     .debug_macinfo      Os_cpu_c.o
    0x0000100c   0x000001f0   Dbug   RW    43     .debug_macinfo      Os_cpu_c.o
    0x000011fc   0x0000015c   Dbug   RW    50     .debug_macinfo      Os_cpu_c.o
    0x00001358   0x0000007c   Dbug   RW    62     .debug_macinfo      Os_cpu_c.o
    0x000013d4   0x00000020   Dbug   RW    66     .debug_macinfo      Os_cpu_c.o
    0x000013f4   0x0000009c   Dbug   RW    70     .debug_macinfo      Os_cpu_c.o
    0x00001490   0x0000009c   Dbug   RW    74     .debug_macinfo      Os_cpu_c.o
    0x0000152c   0x000001a8   Dbug   RW   101     .debug_macinfo      Os_cpu_c.o
    0x000016d4   0x0000028c   Dbug   RW   108     .debug_macinfo      Os_cpu_c.o
    0x00001960   0x00000384   Dbug   RW   112     .debug_macinfo      Os_cpu_c.o
    0x00001ce4   0x000007b0   Dbug   RW   116     .debug_macinfo      Os_cpu_c.o
    0x00002494   0x0000013c   Dbug   RW   123     .debug_macinfo      Os_cpu_c.o
    0x000025d0   0x0000107c   Dbug   RW   130     .debug_macinfo      Os_cpu_c.o
    0x0000364c   0x00000088   Dbug   RW   134     .debug_macinfo      Os_cpu_c.o
    0x000036d4   0x00000058   Dbug   RW   138     .debug_macinfo      Os_cpu_c.o
    0x0000372c   0x00000198   Dbug   RW   145     .debug_macinfo      target.o
    0x000038c4   0x000000d4   Dbug   RW   153     .debug_macinfo      target.o
    0x00003998   0x0000004c   Dbug   RW   161     .debug_macinfo      target.o
    0x000039e4   0x00000900   Dbug   RW   192     .debug_macinfo      Os_core.o
    0x000042e4   0x00000180   Dbug   RW   196     .debug_macinfo      Os_flag.o
    0x00004464   0x00000180   Dbug   RW   205     .debug_macinfo      Os_mbox.o
    0x000045e4   0x00000180   Dbug   RW   214     .debug_macinfo      Os_mem.o
    0x00004764   0x00000180   Dbug   RW   232     .debug_macinfo      Os_q.o
    0x000048e4   0x00000180   Dbug   RW   241     .debug_macinfo      Os_sem.o
    0x00004a64   0x0000022c   Dbug   RW   271     .debug_macinfo      main.o
    0x00004c90   0x00000180   Dbug   RW   291     .debug_macinfo      comm.o
    0x00004e10   0x00000180   Dbug   RW   303     .debug_macinfo      uart0.o
    0x00004f90   0x00000180   Dbug   RW   316     .debug_macinfo      uart1.o
    0x00005110   0x00000180   Dbug   RW   361     .debug_macinfo      chip_communication.o
    0x00005290   0x00000320   Dbug   RW   381     .debug_macinfo      server_communication.o
    0x000055b0   0x00000180   Dbug   RW   392     .debug_macinfo      i2c0.o
    0x00005730   0x000001b0   Dbug   RW   404     .debug_macinfo      spi0.o
    0x000058e0   0x000003d4   Dbug   RW   421     .debug_macinfo      padcommunication.o
    0x00005cb4   0x00000180   Dbug   RW   441     .debug_macinfo      log_data_handle.o
    0x00005e34   0x0000020c   Dbug   RW   455     .debug_macinfo      config_manage.o
    0x00006040   0x00000180   Dbug   RW   468     .debug_macinfo      virtual_memery.o
    0x00000000   0x000000f4   Dbug   RW    13     .debug_pubnames     Os_cpu_c.o
    0x000000f4   0x00000064   Dbug   RW    19     .debug_pubnames     Os_cpu_c.o
    0x00000158   0x0000008c   Dbug   RW    23     .debug_pubnames     Os_cpu_c.o
    0x000001e4   0x00000020   Dbug   RW    27     .debug_pubnames     Os_cpu_c.o
    0x00000204   0x000002e0   Dbug   RW    31     .debug_pubnames     Os_cpu_c.o
    0x000004e4   0x00000084   Dbug   RW    42     .debug_pubnames     Os_cpu_c.o
    0x00000568   0x000000e0   Dbug   RW    49     .debug_pubnames     Os_cpu_c.o
    0x00000648   0x00000020   Dbug   RW    61     .debug_pubnames     Os_cpu_c.o
    0x00000668   0x00000034   Dbug   RW    69     .debug_pubnames     Os_cpu_c.o
    0x0000069c   0x0000004c   Dbug   RW    73     .debug_pubnames     Os_cpu_c.o
    0x000006e8   0x000000d0   Dbug   RW   100     .debug_pubnames     Os_cpu_c.o
    0x000007b8   0x000000ac   Dbug   RW   111     .debug_pubnames     Os_cpu_c.o
    0x00000864   0x00000144   Dbug   RW   122     .debug_pubnames     Os_cpu_c.o
    0x000009a8   0x00000174   Dbug   RW   148     .debug_pubnames     target.o
    0x00000b1c   0x0000008c   Dbug   RW   152     .debug_pubnames     target.o
    0x00000ba8   0x00000020   Dbug   RW   155     .debug_pubnames     target.o
    0x00000bc8   0x000002e0   Dbug   RW   157     .debug_pubnames     target.o
    0x00000ea8   0x00000058   Dbug   RW   160     .debug_pubnames     target.o
    0x00000f00   0x000001a4   Dbug   RW   187     .debug_pubnames     Os_core.o
    0x000010a4   0x000002e0   Dbug   RW   191     .debug_pubnames     Os_core.o
    0x00001384   0x000000b8   Dbug   RW   199     .debug_pubnames     Os_flag.o
    0x0000143c   0x00000084   Dbug   RW   208     .debug_pubnames     Os_mbox.o
    0x000014c0   0x0000005c   Dbug   RW   217     .debug_pubnames     Os_mem.o
    0x0000151c   0x00000098   Dbug   RW   235     .debug_pubnames     Os_q.o
    0x000015b4   0x0000006c   Dbug   RW   244     .debug_pubnames     Os_sem.o
    0x00001620   0x000000b0   Dbug   RW   253     .debug_pubnames     Os_task.o
    0x000016d0   0x00000064   Dbug   RW   262     .debug_pubnames     Os_time.o
    0x00001734   0x000000a8   Dbug   RW   270     .debug_pubnames     main.o
    0x000017dc   0x0000001c   Dbug   RW   274     .debug_pubnames     main.o
    0x000017f8   0x000000ec   Dbug   RW   278     .debug_pubnames     main.o
    0x000018e4   0x00000080   Dbug   RW   285     .debug_pubnames     queue.o
    0x00001964   0x0000005c   Dbug   RW   294     .debug_pubnames     comm.o
    0x000019c0   0x00000084   Dbug   RW   302     .debug_pubnames     uart0.o
    0x00001a44   0x000000b0   Dbug   RW   306     .debug_pubnames     uart0.o
    0x00001af4   0x00000090   Dbug   RW   315     .debug_pubnames     uart1.o
    0x00001b84   0x000000b0   Dbug   RW   319     .debug_pubnames     uart1.o
    0x00001c34   0x00000020   Dbug   RW   329     .debug_pubnames     test.o
    0x00001c54   0x00000020   Dbug   RW   344     .debug_pubnames     IO_driver.o
    0x00001c74   0x000000d0   Dbug   RW   352     .debug_pubnames     sys_state.o
    0x00001d44   0x00000068   Dbug   RW   360     .debug_pubnames     chip_communication.o
    0x00001dac   0x000000a4   Dbug   RW   364     .debug_pubnames     chip_communication.o
    0x00001e50   0x00000168   Dbug   RW   368     .debug_pubnames     chip_communication.o
    0x00001fb8   0x00000108   Dbug   RW   380     .debug_pubnames     server_communication.o
    0x000020c0   0x000002e0   Dbug   RW   384     .debug_pubnames     server_communication.o
    0x000023a0   0x0000007c   Dbug   RW   391     .debug_pubnames     i2c0.o
    0x0000241c   0x00000098   Dbug   RW   395     .debug_pubnames     i2c0.o
    0x000024b4   0x00000054   Dbug   RW   403     .debug_pubnames     spi0.o
    0x00002508   0x00000048   Dbug   RW   407     .debug_pubnames     spi0.o
    0x00002550   0x000000c8   Dbug   RW   420     .debug_pubnames     padcommunication.o
    0x00002618   0x00000190   Dbug   RW   424     .debug_pubnames     padcommunication.o
    0x000027a8   0x000000ac   Dbug   RW   428     .debug_pubnames     padcommunication.o
    0x00002854   0x00000144   Dbug   RW   430     .debug_pubnames     padcommunication.o
    0x00002998   0x00000024   Dbug   RW   440     .debug_pubnames     log_data_handle.o
    0x000029bc   0x00000038   Dbug   RW   444     .debug_pubnames     log_data_handle.o
    0x000029f4   0x0000004c   Dbug   RW   448     .debug_pubnames     log_data_handle.o
    0x00002a40   0x0000002c   Dbug   RW   454     .debug_pubnames     config_manage.o
    0x00002a6c   0x00000054   Dbug   RW   458     .debug_pubnames     config_manage.o
    0x00002ac0   0x000000d4   Dbug   RW   462     .debug_pubnames     config_manage.o
    0x00002b94   0x00000024   Dbug   RW   467     .debug_pubnames     virtual_memery.o
    0x00002bb8   0x00000050   Dbug   RW   471     .debug_pubnames     virtual_memery.o
    0x00002c08   0x0000008c   Dbug   RW   483     .debug_pubnames     trade.o
    0x00002c94   0x00000074   Dbug   RW   487     .debug_pubnames     trade.o
    0x00002d08   0x00000028   Dbug   RW   494     .debug_pubnames     data_upload.o


================================================================================

Image component sizes


      Code    RO Data    RW Data    ZI Data      Debug   Object Name

       692          0          0          0       3248   Os_mem.o
      1072          0          0         80       3076   trade.o
       104         19          0          0        960   test.o
       368        144          0        144       4492   config_manage.o
       996          0          0          0       3896   Os_sem.o
       548          0          0          0       2120   Os_time.o
       924          0          0          0       4080   comm.o
      1172         32          0        268       6004   uart0.o
      1028          0          0         24       5032   log_data_handle.o
      1168         32          0        268       6044   uart1.o
       384          0          0        204       2676   spi0.o
         0          0          0         36       1700   sys_state.o
         0         64          0          0          0   anon$$obj.o
      2428          0          0          0       7888   Os_flag.o
      7988         88        104        548      21848   padcommunication.o
      2180        264          0       3472      12108   Os_core.o
       500        112          0          0       2976   virtual_memery.o
      2128          0          0          0       5908   Os_task.o
       184          0          0        292        400   Startup.o
        88          0          0          0        864   data_upload.o
      2048          0          0          0       6324   Os_q.o
       712          0          0          0       3372   queue.o
      3892          0          0        812      12128   chip_communication.o
       272          0          0        128        412   Os_cpu_a.o
       228         16          0       7168       3204   main.o
      6172        168          0        200      21164   server_communication.o
      1776          0          0         24       5528   i2c0.o
       388          0          0          4      32852   Os_cpu_c.o
       624          0          0          0       9472   target.o
      1224          0          0          0       4704   Os_mbox.o
       792          0          0          0        368   IRQ.o
       224          0          0          0        620   IO_driver.o

    ------------------------------------------------------------------------
     42304        939        104      13672     195468   Object Totals

    ------------------------------------------------------------------------

      Code    RO Data    RW Data    ZI Data      Debug   Library Member Name

       160          0          0          0         84   strcmp.o
       252          0          0          0        128   stkheap1.o
        40          0          0          0         88   kernel.o
        68          0          0          0         68   rt_memclr.o
        88          0          0          0         84   rt_memclr_w.o
         4          0          0          0         60   printf2.o
         8          0          0          0         76   _no_redirect.o
       112          0          0          0         92   _sprintf.o
        60          0          0          0         76   strstr.o
         4          0          0          0         68   use_no_semi.o
         8          0          0          0         60   nofpdisp.o
       104          0          0          0         60   strlen.o
        12          0          0         96         68   libspace.o
       180          0          0          0         60   rt_memcpy.o
        20          0          0          0         76   rt_ctype_table.o
       252          0          0        228        128   rand.o
       264          0          0          0        128   _strtoul.o
        28          0          0          0         76   _sputc.o
       168          0          0          0         60   __main.o
       108          0          0          0         84   rt_memcpy_w.o
        16          0          0          0         76   rt_fp_status_addr.o
        44          0          0          0         68   rtudiv10.o
      3384          0          0          0        176   __vfpntf.o
        24          0          0          0         76   exit.o
        32          0          0          0         60   _chval.o
       128          0          0          0         60   memcmp.o
       252          0          0          0        124   lib_init.o
       124          0          0          0         76   strncmp.o
        52          0          0          0         80   atoi.o
        20          0          0          0         76   fpinit.o
       192          0          0          0        104   strtol.o
       140          0          0          0         92   strncpy.o
       152          0          0          0         88   lludiv10.o
       192          0          0          0         68   rt_udiv.o
        60        272          0          0         76   lc_ctype_c.o
        12          0          0          0         76   rt_errno_addr.o

    ------------------------------------------------------------------------
      6764        272          0        324       3000   Library Totals

    ------------------------------------------------------------------------

      Code    RO Data    RW Data    ZI Data      Debug   Library Name

      6740        272          0        324       2864   c_a__un.l
        24          0          0          0        136   f_a_p.l

    ------------------------------------------------------------------------
      6764        272          0        324       3000   Library Totals

    ------------------------------------------------------------------------

================================================================================


      Code    RO Data    RW Data    ZI Data      Debug   

     49068       1211        104      13996     198468   Grand Totals

================================================================================

    Total RO  Size(Code + RO Data)                50279 (  49.10kB)
    Total RW  Size(RW Data + ZI Data)             14100 (  13.77kB)
    Total ROM Size(Code + RO Data + RW Data)      50383 (  49.20kB)

================================================================================

