
================================================================================

Section Cross References

    Os_cpu_a.o(subr) refers to Os_cpu_c.o(.text) for SWI_Exception
    Os_cpu_a.o(subr) refers to Os_cpu_a.o(SWIStacks) for SvcStackSpace
    Os_cpu_a.o(subr) refers to Os_cpu_c.o(.bss) for OsEnterSum
    Os_cpu_a.o(subr) refers to Os_core.o(.bss) for OSTCBCur
    Os_cpu_c.o(.text) refers to Os_cpu_c.o(.bss) for .bss$2
    Os_cpu_c.o(.text) refers to Os_core.o(.bss) for OSTCBPrioTbl
    target.o(.text) refers to Os_core.o(.text) for OSTimeTick
    target.o(.text) refers to rand.o(.text) for srand
    target.o(.text) refers to IO_driver.o(.text) for IoInit
    target.o(.text) refers to uart0.o(.text) for UART0Init
    target.o(.text) refers to uart1.o(.text) for UART1Init
    target.o(.text) refers to i2c0.o(.text) for I2c0Init
    target.o(.text) refers to spi0.o(.text) for Spi0Init
    target.o(.text) refers to padcommunication.o(.text) for PadCommInit
    target.o(.text) refers to chip_communication.o(.text) for ChipCommInit
    target.o(.text) refers to server_communication.o(.text) for ServerCommInit
    target.o(.text) refers to IRQ.o(IRQ) for IRQ_Handler
    target.o(.text) refers (Special) to use_no_semi.o(.text) for __use_no_semihosting_swi
    IRQ.o(IRQ) refers to target.o(.text) for IRQ_Exception
    IRQ.o(IRQ) refers to Os_core.o(.text) for OSIntExit
    IRQ.o(IRQ) refers to uart0.o(.text) for UART0_Exception
    IRQ.o(IRQ) refers to uart1.o(.text) for UART1_Exception
    IRQ.o(IRQ) refers to spi0.o(.text) for Spi0_Exception
    IRQ.o(IRQ) refers to i2c0.o(.text) for I2c0_Exception
    IRQ.o(IRQ) refers to Os_core.o(.bss) for OSIntNesting
    IRQ.o(IRQ) refers to Startup.o(Stacks) for StackUsr
    IRQ.o(IRQ) refers to Os_cpu_c.o(.bss) for OsEnterSum
    IRQ.o(IRQ) refers to Os_cpu_a.o(subr) for OSIntCtxSw
    Startup.o(vectors) refers to Os_cpu_a.o(subr) for SoftwareInterrupt
    Startup.o(vectors) refers to target.o(.text) for FIQ_Exception
    Startup.o(vectors) refers to __main.o(!!!) for __main
    Startup.o(vectors) refers to Startup.o(MyStacks) for IrqStackSpace
    Startup.o(vectors) refers to Startup.o(Stacks) for StackUsr
    Startup.o(vectors) refers to Startup.o(Heap) for bottom_of_heap
    Startup.o(vectors) refers (Special) to use_no_semi.o(.text) for __use_no_semihosting_swi
    Startup.o(MyStacks) refers (Special) to use_no_semi.o(.text) for __use_no_semihosting_swi
    Startup.o(Heap) refers (Special) to use_no_semi.o(.text) for __use_no_semihosting_swi
    Startup.o(Stacks) refers (Special) to use_no_semi.o(.text) for __use_no_semihosting_swi
    Os_core.o(.text) refers to Os_time.o(.text) for OSTimeDly
    Os_core.o(.text) refers to rt_udiv.o(.text) for __rt_udiv
    Os_core.o(.text) refers to Os_cpu_c.o(.text) for OSTaskStatHook
    Os_core.o(.text) refers to Os_task.o(.text) for OSTaskCreateExt
    Os_core.o(.text) refers to Os_flag.o(.text) for OS_FlagInit
    Os_core.o(.text) refers to Os_mem.o(.text) for OS_MemInit
    Os_core.o(.text) refers to Os_q.o(.text) for OS_QInit
    Os_core.o(.text) refers to Os_core.o(.bss) for .bss$2
    Os_core.o(.text) refers to Os_core.o(.constdata) for .constdata$1
    Os_flag.o(.text) refers to Os_core.o(.text) for OS_Sched
    Os_flag.o(.text) refers to Os_core.o(.bss) for OSIntNesting
    Os_flag.o(.text) refers to Os_core.o(.bss) for OSFlagFreeList
    Os_flag.o(.text) refers to Os_core.o(.bss) for OSFlagTbl
    Os_mbox.o(.text) refers to Os_core.o(.text) for OS_EventWaitListInit
    Os_mbox.o(.text) refers to Os_core.o(.bss) for OSIntNesting
    Os_mem.o(.text) refers to Os_core.o(.bss) for OSMemFreeList
    Os_mem.o(.text) refers to Os_core.o(.bss) for OSMemTbl
    Os_mutex.o(.text) refers to Os_core.o(.text) for OS_EventWaitListInit
    Os_mutex.o(.text) refers to Os_core.o(.bss) for OSIntNesting
    Os_mutex.o(.text) refers to Os_core.o(.constdata) for OSMapTbl
    Os_q.o(.text) refers to Os_core.o(.text) for OS_EventWaitListInit
    Os_q.o(.text) refers to Os_core.o(.bss) for OSIntNesting
    Os_q.o(.text) refers to Os_core.o(.bss) for OSQFreeList
    Os_q.o(.text) refers to Os_core.o(.bss) for OSQTbl
    Os_sem.o(.text) refers to Os_core.o(.text) for OS_EventWaitListInit
    Os_sem.o(.text) refers to Os_core.o(.bss) for OSIntNesting
    Os_task.o(.text) refers to Os_core.o(.text) for OS_Sched
    Os_task.o(.text) refers to Os_cpu_c.o(.text) for OSTaskStkInit
    Os_task.o(.text) refers to rt_memclr_w.o(.text) for __rt_memclr_w
    Os_task.o(.text) refers to Os_flag.o(.text) for OS_FlagUnlink
    Os_task.o(.text) refers to rt_memcpy_w.o(.text) for __rt_memcpy_w
    Os_task.o(.text) refers to Os_core.o(.bss) for OSTCBPrioTbl
    Os_task.o(.text) refers to Os_core.o(.constdata) for OSMapTbl
    Os_time.o(.text) refers to Os_core.o(.text) for OS_Sched
    Os_time.o(.text) refers to rt_udiv.o(.text) for __rt_udiv
    Os_time.o(.text) refers to Os_core.o(.bss) for OSTCBCur
    main.o(.text) refers to Os_core.o(.text) for OSInit
[...]
    C$debug_line62                           0x000005d4   Data           0  Os_cpu_c.o(.debug_line)
    C$debug_line80                           0x00000624   Data           0  Os_cpu_c.o(.debug_line)
    C$debug_pubnames82                       0x00000648   Data           0  Os_cpu_c.o(.debug_pubnames)
    C$debug_pubnames94                       0x00000668   Data           0  Os_cpu_c.o(.debug_pubnames)
    C$debug_pubnames100                      0x0000069c   Data           0  Os_cpu_c.o(.debug_pubnames)
    C$debug_line86                           0x000006a8   Data           0  Os_cpu_c.o(.debug_line)
    C$debug_pubnames154                      0x000006e8   Data           0  Os_cpu_c.o(.debug_pubnames)
    C$debug_macinfo35                        0x00000708   Data           0  Os_cpu_c.o(.debug_macinfo)
    C$debug_line92                           0x00000730   Data           0  Os_cpu_c.o(.debug_line)
    C$debug_line98                           0x000007b8   Data           0  Os_cpu_c.o(.debug_line)
    C$debug_pubnames184                      0x000007b8   Data           0  Os_cpu_c.o(.debug_pubnames)
    C$debug_line152                          0x00000844   Data           0  Os_cpu_c.o(.debug_line)
    C$debug_pubnames190                      0x00000868   Data           0  Os_cpu_c.o(.debug_pubnames)
    C$debug_line158                          0x000008d0   Data           0  Os_cpu_c.o(.debug_line)
    C$debug_line182                          0x000009d8   Data           0  Os_cpu_c.o(.debug_line)
    C$debug_line170                          0x00000a6c   Data           0  Os_cpu_c.o(.debug_line)
    C$debug_pubnames22                       0x00000ad8   Data           0  target.o(.debug_pubnames)
    C$debug_pubnames28                       0x00000b64   Data           0  target.o(.debug_pubnames)
    C$debug_pubnames34                       0x00000b84   Data           0  target.o(.debug_pubnames)
    C$debug_line188                          0x00000be4   Data           0  Os_cpu_c.o(.debug_line)
    C$debug_line212                          0x00000cec   Data           0  Os_cpu_c.o(.debug_line)
    C$debug_line224                          0x00000d7c   Data           0  Os_cpu_c.o(.debug_line)
    C$debug_macinfo53                        0x0000100c   Data           0  Os_cpu_c.o(.debug_macinfo)
    C$debug_info15                           0x000011a4   Data           0  Os_cpu_c.o(.debug_info)
    C$debug_macinfo65                        0x000011fc   Data           0  Os_cpu_c.o(.debug_macinfo)
    C$debug_info51                           0x000012f0   Data           0  Os_cpu_c.o(.debug_info)
    C$debug_macinfo83                        0x00001358   Data           0  Os_cpu_c.o(.debug_macinfo)
    C$debug_macinfo89                        0x000013d4   Data           0  Os_cpu_c.o(.debug_macinfo)
    C$debug_macinfo95                        0x000013f4   Data           0  Os_cpu_c.o(.debug_macinfo)
    C$debug_info63                           0x000013f8   Data           0  Os_cpu_c.o(.debug_info)
    C$debug_macinfo101                       0x00001490   Data           0  Os_cpu_c.o(.debug_macinfo)
    C$debug_macinfo155                       0x0000152c   Data           0  Os_cpu_c.o(.debug_macinfo)
    C$debug_info81                           0x0000162c   Data           0  Os_cpu_c.o(.debug_info)
    C$debug_macinfo161                       0x000016d4   Data           0  Os_cpu_c.o(.debug_macinfo)
    C$debug_info93                           0x00001778   Data           0  Os_cpu_c.o(.debug_info)
    C$debug_info99                           0x000018e8   Data           0  Os_cpu_c.o(.debug_info)
    C$debug_macinfo185                       0x00001960   Data           0  Os_cpu_c.o(.debug_macinfo)
    C$debug_info153                          0x00001a18   Data           0  Os_cpu_c.o(.debug_info)
    C$debug_macinfo173                       0x00001ce4   Data           0  Os_cpu_c.o(.debug_macinfo)
    C$debug_frame241                         0x00001df8   Data           0  trade.o(.debug_frame)
    C$debug_info183                          0x00001fe8   Data           0  Os_cpu_c.o(.debug_info)
    C$debug_info189                          0x00002344   Data           0  Os_cpu_c.o(.debug_info)
    C$debug_macinfo191                       0x00002494   Data           0  Os_cpu_c.o(.debug_macinfo)
    C$debug_macinfo215                       0x000025d0   Data           0  Os_cpu_c.o(.debug_macinfo)
    C$debug_macinfo227                       0x00002640   Data           0  Os_cpu_c.o(.debug_macinfo)
    C$debug_pubnames4                        0x000027ac   Data           0  trade.o(.debug_pubnames)
    C$debug_pubnames238                      0x000027ec   Data           0  trade.o(.debug_pubnames)
    C$debug_macinfo23                        0x00002820   Data           0  target.o(.debug_macinfo)
    C$debug_pubnames226                      0x00002824   Data           0  trade.o(.debug_pubnames)
    C$debug_info21                           0x00003108   Data           0  target.o(.debug_info)
    C$debug_info27                           0x00003284   Data           0  target.o(.debug_info)
    C$debug_info33                           0x00003334   Data           0  target.o(.debug_info)
    C$debug_macinfo5                         0x00004d78   Data           0  trade.o(.debug_macinfo)
    C$debug_line2                            0x000055a8   Data           0  trade.o(.debug_line)
    C$debug_line236                          0x000056a0   Data           0  trade.o(.debug_line)
    C$debug_loc240                           0x000077c0   Data           0  trade.o(.debug_loc)
    C$debug_info3                            0x00013238   Data           0  trade.o(.debug_info)
    C$debug_info237                          0x00013320   Data           0  trade.o(.debug_info)
    C$debug_info225                          0x000135f0   Data           0  trade.o(.debug_info)
    .bss$2                                   0x40002f40   Data           0  trade.o(.bss)
    ../../angel/startup.s                    0x00000000   Number         0  __main.o ABSOLUTE
    !!!                                      0x000000b8   ARM Code     168  __main.o(!!!)
    <Anonymous Symbol>                       0x00001e6c   Data          60  __main.o(.debug_frame)
    _move_region                             0x000000d8   ARM Code       0  __main.o(!!!)
    _move_loop                               0x00000108   ARM Code       0  __main.o(!!!)
    _zero_region                             0x0000011c   ARM Code       0  __main.o(!!!)
    _zero_loop                               0x00000140   ARM Code       0  __main.o(!!!)
    _region_table                            0x00000150   Data           0  __main.o(!!!)
    ../../armsys.c                           0x00000000   Number         0  _no_redirect.o ABSOLUTE
    .text                                    0x00009090   ARM Code       0  _no_redirect.o(.text)
    C$debug_frame18                          0x00001ea8   Data           0  _no_redirect.o(.debug_frame)
    ../../printf.c                           0x00000000   Number         0  _sprintf.o ABSOLUTE
    .text                                    0x00009098   ARM Code       0  _sprintf.o(.text)
    C$debug_frame18                          0x00001ef4   Data           0  _sprintf.o(.debug_frame)
    ../../scanf.c                            0x00000000   Number         0  atoi.o ABSOLUTE
    .text                                    0x00009108   ARM Code       0  atoi.o(.text)
    C$debug_frame22                          0x00001f50   Data           0  atoi.o(.debug_frame)
    ../../string.c                           0x00000000   Number         0  memcmp.o ABSOLUTE
    .text                                    0x0000913c   ARM Code       0  memcmp.o(.text)
    C$debug_frame12                          0x00001fa0   Data           0  memcmp.o(.debug_frame)
    ../../stdlib.c                           0x00000000   Number         0  rand.o ABSOLUTE
    .text                                    0x000091bc   ARM Code       0  rand.o(.text)
    .bss                                     0x40002f90   Data           0  rand.o(.bss)
    C$debug_frame11                          0x00001fdc   Data           0  rand.o(.debug_frame)
    .bss$2                                   0x40002f90   Data           0  rand.o(.bss)
    _random_j                                0x40002f90   Data           4  rand.o(.bss)
    _random_k                                0x40002f94   Data           4  rand.o(.bss)
    _random_number_seed                      0x40002f98   Data         220  rand.o(.bss)
    ../../memcpset.s                         0x00000000   Number         0  rt_memclr.o ABSOLUTE
    <Anonymous Symbol>                       0x0000205c   Data          68  rt_memclr.o(.debug_frame)
    .text                                    0x000092b8   ARM Code      68  rt_memclr.o(.text)
    _Bytes                                   0x000092e8   ARM Code       0  rt_memclr.o(.text)
    ../../memcpset.s                         0x00000000   Number         0  rt_memclr_w.o ABSOLUTE
    <Anonymous Symbol>                       0x000020a0   Data          84  rt_memclr_w.o(.debug_frame)
    .text                                    0x000092fc   ARM Code      88  rt_memclr_w.o(.text)
    _loop                                    0x00009314   ARM Code       0  rt_memclr_w.o(.text)
    ../../memcpset.s                         0x00000000   Number         0  rt_memcpy.o ABSOLUTE
    <Anonymous Symbol>                       0x000020f4   Data          60  rt_memcpy.o(.debug_frame)
    .text                                    0x00009354   ARM Code     180  rt_memcpy.o(.text)
    _memcpy_dest_aligned                     0x00009388   ARM Code       0  rt_memcpy.o(.text)
    _memcpy_src1_loop                        0x000093a8   ARM Code       0  rt_memcpy.o(.text)
    _memcpy_src2_loop                        0x000093c8   ARM Code       0  rt_memcpy.o(.text)
    _memcpy_src3_loop                        0x000093e8   ARM Code       0  rt_memcpy.o(.text)
    ../../memcpset.s                         0x00000000   Number         0  rt_memcpy_w.o ABSOLUTE
    .text                                    0x00009408   ARM Code     108  rt_memcpy_w.o(.text)
    <Anonymous Symbol>                       0x00002130   Data          84  rt_memcpy_w.o(.debug_frame)
    _memcpy_aligned_loop                     0x00009414   ARM Code       0  rt_memcpy_w.o(.text)
    _memcpy_small                            0x0000942c   ARM Code       0  rt_memcpy_w.o(.text)
    ../../division.s                         0x00000000   Number         0  rt_udiv.o ABSOLUTE
    .text                                    0x00009474   ARM Code     192  rt_udiv.o(.text)
    <Anonymous Symbol>                       0x00002184   Data          68  rt_udiv.o(.debug_frame)
    ../../division.s                         0x00000000   Number         0  rtudiv10.o ABSOLUTE
    .text                                    0x00009534   ARM Code      44  rtudiv10.o(.text)
    <Anonymous Symbol>                       0x000021c8   Data          68  rtudiv10.o(.debug_frame)
    ../../string.c                           0x00000000   Number         0  strlen.o ABSOLUTE
    .text                                    0x00009560   ARM Code       0  strlen.o(.text)
    C$debug_frame12                          0x0000220c   Data           0  strlen.o(.debug_frame)
    ../../string.c                           0x00000000   Number         0  strncmp.o ABSOLUTE
    .text                                    0x000095c8   ARM Code       0  strncmp.o(.text)
    C$debug_frame12                          0x00002248   Data           0  strncmp.o(.debug_frame)
    ../../string.c                           0x00000000   Number         0  strstr.o ABSOLUTE
    .text                                    0x00009644   ARM Code       0  strstr.o(.text)
    C$debug_frame12                          0x00002294   Data           0  strstr.o(.debug_frame)
    ../../angel/sys.s                        0x00000000   Number         0  use_no_semi.o ABSOLUTE
    <Anonymous Symbol>                       0x000022e0   Data          68  use_no_semi.o(.debug_frame)
    .text                                    0x00009680   ARM Code       4  use_no_semi.o(.text)
    ../../printf.c                           0x00000000   Number         0  __vfpntf.o ABSOLUTE
    .text                                    0x00009684   ARM Code       0  __vfpntf.o(.text)
    C$debug_frame18                          0x00002324   Data           0  __vfpntf.o(.debug_frame)
    _printf_display                          0x00009e8c   ARM Code    1328  __vfpntf.o(.text)
    ../../printf.c                           0x00000000   Number         0  _sputc.o ABSOLUTE
    .text                                    0x0000a3bc   ARM Code       0  _sputc.o(.text)
    C$debug_frame18                          0x000023d4   Data           0  _sputc.o(.debug_frame)
    ../../angel/kernel.s                     0x00000000   Number         0  kernel.o ABSOLUTE
    .text                                    0x0000a3d8   ARM Code      40  kernel.o(.text)
    <Anonymous Symbol>                       0x00002420   Data          88  kernel.o(.debug_frame)
    __rt_abort1                              0x0000a3fc   ARM Code       0  kernel.o(.text)
    ../../angel/rt.s                         0x00000000   Number         0  rt_errno_addr.o ABSOLUTE
    <Anonymous Symbol>                       0x00002478   Data          76  rt_errno_addr.o(.debug_frame)
    .text                                    0x0000a400   ARM Code      12  rt_errno_addr.o(.text)
    ../../scanf.c                            0x00000000   Number         0  strtol.o ABSOLUTE
    .text                                    0x0000a40c   ARM Code       0  strtol.o(.text)
    C$debug_frame22                          0x000024c4   Data           0  strtol.o(.debug_frame)
    ../../scanf.c                            0x00000000   Number         0  _strtoul.o ABSOLUTE
    .text                                    0x0000a4cc   ARM Code       0  _strtoul.o(.text)
    C$debug_frame22                          0x0000252c   Data           0  _strtoul.o(.debug_frame)
    ../../stdlib.c                           0x00000000   Number         0  exit.o ABSOLUTE
    .text                                    0x0000a5d4   ARM Code       0  exit.o(.text)
    C$debug_frame12                          0x000025ac   Data           0  exit.o(.debug_frame)
    ../../armsys.c                           0x00000000   Number         0  lib_init.o ABSOLUTE
    .text                                    0x0000a5ec   ARM Code       0  lib_init.o(.text)
    C$debug_frame18                          0x000025f8   Data           0  lib_init.o(.debug_frame)
    ../../angel/sys.s                        0x00000000   Number         0  libspace.o ABSOLUTE
    .bss                                     0x40003074   Data          96  libspace.o(.bss)
    <Anonymous Symbol>                       0x00002674   Data          68  libspace.o(.debug_frame)
    .text                                    0x0000a6e8   ARM Code      12  libspace.o(.text)
    __libspace_start                         0x40003074   Data          96  libspace.o(.bss)
    ../../longlong.s                         0x00000000   Number         0  lludiv10.o ABSOLUTE
    .text                                    0x0000a6f4   ARM Code     152  lludiv10.o(.text)
    <Anonymous Symbol>                       0x000026b8   Data          88  lludiv10.o(.debug_frame)
    ../../angel/rt.s                         0x00000000   Number         0  rt_ctype_table.o ABSOLUTE
    .text                                    0x0000a78c   ARM Code      20  rt_ctype_table.o(.text)
    <Anonymous Symbol>                       0x00002710   Data          76  rt_ctype_table.o(.debug_frame)
    ../../stkheap1.s                         0x00000000   Number         0  stkheap1.o ABSOLUTE
    .text                                    0x0000a7a0   ARM Code     252  stkheap1.o(.text)
    <Anonymous Symbol>                       0x0000275c   Data         128  stkheap1.o(.debug_frame)
    _heap_overflow                           0x0000a88c   ARM Code       0  stkheap1.o(.text)
    ../../printf2.s                          0x00000000   Number         0  printf2.o ABSOLUTE
    <Anonymous Symbol>                       0x000027dc   Data          60  printf2.o(.debug_frame)
    x$fpl$printf2                            0x0000adec   ARM Code       4  printf2.o(x$fpl$printf2)
    ../../scanf.c                            0x00000000   Number         0  _chval.o ABSOLUTE
    .text                                    0x0000a89c   ARM Code       0  _chval.o(.text)
    C$debug_frame22                          0x00002818   Data           0  _chval.o(.debug_frame)
    ../../locale.c                           0x00000000   Number         0  lc_ctype_c.o ABSOLUTE
    .constdata                               0x0000b024   Data           0  lc_ctype_c.o(.constdata)
    .text                                    0x0000a8bc   ARM Code       0  lc_ctype_c.o(.text)
    C$debug_frame19                          0x00002854   Data           0  lc_ctype_c.o(.debug_frame)
    .constdata$1                             0x0000b024   Data           0  lc_ctype_c.o(.constdata)
    __lcctype_c_index                        0x0000b024   Data           4  lc_ctype_c.o(.constdata)
    __lcctype_c_lname                        0x0000b028   Data           4  lc_ctype_c.o(.constdata)
    __lcctype_c_pname                        0x0000b02c   Data           4  lc_ctype_c.o(.constdata)
    __lcctype_c_start                        0x0000b030   Data           1  lc_ctype_c.o(.constdata)
    ../../printf.c                           0x00000000   Number         0  nofpdisp.o ABSOLUTE
    .text                                    0x0000a8f8   ARM Code       0  nofpdisp.o(.text)
    C$debug_frame18                          0x000028a0   Data           0  nofpdisp.o(.debug_frame)
    ../../fpinit.s                           0x00000000   Number         0  fpinit.o ABSOLUTE
    <Anonymous Symbol>                       0x000028dc   Data          76  fpinit.o(.debug_frame)
    x$fpl$fpinit                             0x0000add8   ARM Code      20  fpinit.o(x$fpl$fpinit)
    ../../angel/rt.s                         0x00000000   Number         0  rt_fp_status_addr.o ABSOLUTE
    <Anonymous Symbol>                       0x00002928   Data          76  rt_fp_status_addr.o(.debug_frame)
    .text                                    0x0000a900   ARM Code      16  rt_fp_status_addr.o(.text)
    ../../memcpset.s                         0x00000000   Number         0  strcmp.o ABSOLUTE
    <Anonymous Symbol>                       0x00002974   Data          84  strcmp.o(.debug_frame)
    .text                                    0x0000a910   Data         160  strcmp.o(.text)
    _ones_word                               0x0000a910   Data           4  strcmp.o(.text)
    _strcmp_loop                             0x0000a928   ARM Code       0  strcmp.o(.text)
    _strcmp_return                           0x0000a978   ARM Code       0  strcmp.o(.text)
    _strcmp_byteloop                         0x0000a980   ARM Code       0  strcmp.o(.text)
    _strcmp_byteend                          0x0000a9a8   ARM Code       0  strcmp.o(.text)

    Global Symbols

    Symbol Name                              Value     Ov Type        Size  Object(Section)

    BuildAttributes$$ARM_ISAv4$M$PE$A:L22$X:L11$S22$~IW$USESV6$~STKCKD$USESV7$~SHL$OSPACE 0x00000000   Number         0  anon$$obj.o ABSOLUTE
    Reset                                    0x00000000   ARM Code       0  Startup.o(vectors)
    __Heap_DescSize                           - Undefined Weak Reference
    __alloca_initialize                       - Undefined Weak Reference
    __argv_alloc                              - Undefined Weak Reference
    __call_ctors()                            - Undefined Weak Reference
    __cpp_finalise                            - Undefined Weak Reference
    __cpp_initialise                          - Undefined Weak Reference
    __rt_get_argv                             - Undefined Weak Reference
    __user_heap_extend                        - Undefined Weak Reference
    __user_stack_slop                         - Undefined Weak Reference
    _atexit_init                              - Undefined Weak Reference
    _call_atexit_fns                          - Undefined Weak Reference
    _clock_init                               - Undefined Weak Reference
    _get_lc_collate                           - Undefined Weak Reference
    _get_lc_monetary                          - Undefined Weak Reference
    _get_lc_numeric                           - Undefined Weak Reference
    _get_lc_time                              - Undefined Weak Reference
    _getenv_init                              - Undefined Weak Reference
    _init_alloc                               - Undefined Weak Reference
    _init_user_alloc                          - Undefined Weak Reference
    _initio                                   - Undefined Weak Reference
    _signal_init                              - Undefined Weak Reference
    _terminate_user_alloc                     - Undefined Weak Reference
    _terminateio                              - Undefined Weak Reference
    __user_initial_stackheap                 0x00000098   ARM Code       0  Startup.o(vectors)
    __main                                   0x000000b8   ARM Code     152  __main.o(!!!)
    OSTaskStkInit                            0x00000160   ARM Code      88  Os_cpu_c.o(.text)
    SWI_Exception                            0x000001b8   ARM Code     244  Os_cpu_c.o(.text)
    OSStartHighRdy                           0x000002ac   ARM Code      12  Os_cpu_c.o(.text)
    OSInitHookBegin                          0x000002b8   ARM Code       4  Os_cpu_c.o(.text)
    OSInitHookEnd                            0x000002bc   ARM Code       4  Os_cpu_c.o(.text)
    OSTaskCreateHook                         0x000002c0   ARM Code       4  Os_cpu_c.o(.text)
    OSTaskDelHook                            0x000002c4   ARM Code       4  Os_cpu_c.o(.text)
    OSTaskSwHook                             0x000002c8   ARM Code       4  Os_cpu_c.o(.text)
    OSTaskStatHook                           0x000002cc   ARM Code       4  Os_cpu_c.o(.text)
    OSTCBInitHook                            0x000002d0   ARM Code       4  Os_cpu_c.o(.text)
    OSTimeTickHook                           0x000002d4   ARM Code       4  Os_cpu_c.o(.text)
    OSTaskIdleHook                           0x000002d8   ARM Code       4  Os_cpu_c.o(.text)
    IRQ_Exception                            0x000002e4   ARM Code       4  target.o(.text)
    FIQ_Exception                            0x000002e8   ARM Code       4  target.o(.text)
    Timer0_Exception                         0x000002ec   ARM Code      24  target.o(.text)
    Timer0Init                               0x00000304   ARM Code      48  target.o(.text)
    QEventCreate                             0x00000334   ARM Code       4  target.o(.text)
    SemCreate                                0x00000338   ARM Code       4  target.o(.text)
    VICInit                                  0x0000033c   ARM Code     120  target.o(.text)
    TargetInit                               0x000003b4   ARM Code      72  target.o(.text)
    TargetResetInit                          0x000003fc   ARM Code     196  target.o(.text)
    __rt_div0                                0x000004c0   ARM Code       8  target.o(.text)
    fputc                                    0x000004c8   ARM Code       8  target.o(.text)
    fgetc                                    0x000004d0   ARM Code       8  target.o(.text)
    _sys_close                               0x000004d8   ARM Code       8  target.o(.text)
    _sys_write                               0x000004e0   ARM Code       8  target.o(.text)
    _sys_read                                0x000004e8   ARM Code       8  target.o(.text)
    _ttywrch                                 0x000004f0   ARM Code       4  target.o(.text)
    _sys_istty                               0x000004f4   ARM Code       8  target.o(.text)
    _sys_seek                                0x000004fc   ARM Code       8  target.o(.text)
    _sys_ensure                              0x00000504   ARM Code       8  target.o(.text)
    _sys_flen                                0x0000050c   ARM Code       8  target.o(.text)
    _sys_tmpnam                              0x00000514   ARM Code       8  target.o(.text)
    _sys_exit                                0x0000051c   ARM Code       4  target.o(.text)
    _sys_command_string                      0x00000520   ARM Code       8  target.o(.text)
    OS_TaskStat                              0x00000554   ARM Code     168  Os_core.o(.text)
    OS_TaskIdle                              0x00000644   ARM Code      36  Os_core.o(.text)
    OSInit                                   0x000007dc   ARM Code      52  Os_core.o(.text)
    OSIntEnter                               0x00000810   ARM Code      40  Os_core.o(.text)
    OSIntExit                                0x00000838   ARM Code     152  Os_core.o(.text)
    OSSchedLock                              0x000008d0   ARM Code      52  Os_core.o(.text)
    OS_Sched                                 0x00000904   ARM Code     112  Os_core.o(.text)
    OSSchedUnlock                            0x00000974   ARM Code      88  Os_core.o(.text)
    OSStart                                  0x000009cc   ARM Code      80  Os_core.o(.text)
    OSStatInit                               0x00000a1c   ARM Code      68  Os_core.o(.text)
    OSTimeTick                               0x00000a60   ARM Code     180  Os_core.o(.text)
    OSVersion                                0x00000b14   ARM Code       8  Os_core.o(.text)
    OS_Dummy                                 0x00000b1c   ARM Code       4  Os_core.o(.text)
    OS_EventTaskRdy                          0x00000b20   ARM Code     156  Os_core.o(.text)
    OS_EventTaskWait                         0x00000bbc   ARM Code     104  Os_core.o(.text)
    OS_EventTO                               0x00000c24   ARM Code      76  Os_core.o(.text)
    OS_EventWaitListInit                     0x00000c70   ARM Code      28  Os_core.o(.text)
    OS_TCBInit                               0x00000c8c   ARM Code     332  Os_core.o(.text)
    OSFlagAccept                             0x00000dd8   ARM Code     376  Os_flag.o(.text)
    OSFlagCreate                             0x00000f50   ARM Code     128  Os_flag.o(.text)
    OS_FlagUnlink                            0x00000fd0   ARM Code      72  Os_flag.o(.text)
    OSFlagDel                                0x00001084   ARM Code     304  Os_flag.o(.text)
    OSFlagPend                               0x00001244   ARM Code     692  Os_flag.o(.text)
    OSFlagPost                               0x000014f8   ARM Code     416  Os_flag.o(.text)
    OSFlagQuery                              0x00001698   ARM Code      92  Os_flag.o(.text)
    OS_FlagInit                              0x000016f4   ARM Code      96  Os_flag.o(.text)
    OSMboxAccept                             0x00001754   ARM Code      72  Os_mbox.o(.text)
    OSMboxCreate                             0x0000179c   ARM Code     112  Os_mbox.o(.text)
    OSMboxDel                                0x0000180c   ARM Code     308  Os_mbox.o(.text)
    OSMboxPend                               0x00001940   ARM Code     256  Os_mbox.o(.text)
    OSMboxPost                               0x00001a40   ARM Code     152  Os_mbox.o(.text)
    OSMboxPostOpt                            0x00001ad8   ARM Code     200  Os_mbox.o(.text)
    OSMboxQuery                              0x00001ba0   ARM Code     112  Os_mbox.o(.text)
    OSMemCreate                              0x00001c1c   ARM Code     240  Os_mem.o(.text)
    OSMemGet                                 0x00001d0c   ARM Code     112  Os_mem.o(.text)
    OSMemPut                                 0x00001d7c   ARM Code     112  Os_mem.o(.text)
    OSMemQuery                               0x00001dec   ARM Code     116  Os_mem.o(.text)
    OS_MemInit                               0x00001e60   ARM Code     104  Os_mem.o(.text)
    OSQAccept                                0x00001ed0   ARM Code     136  Os_q.o(.text)
    OSQCreate                                0x00001f58   ARM Code     200  Os_q.o(.text)
    OSQDel                                   0x00002020   ARM Code     344  Os_q.o(.text)
    OSQFlush                                 0x00002178   ARM Code      88  Os_q.o(.text)
    OSQPend                                  0x000021d0   ARM Code     308  Os_q.o(.text)
    OSQPost                                  0x00002304   ARM Code     208  Os_q.o(.text)
    OSQPostFront                             0x000023d4   ARM Code     208  Os_q.o(.text)
    OSQPostOpt                               0x000024a4   ARM Code     308  Os_q.o(.text)
    OSQQuery                                 0x000025d8   ARM Code     160  Os_q.o(.text)
    OS_QInit                                 0x00002678   ARM Code      68  Os_q.o(.text)
    OSSemAccept                              0x000026d0   ARM Code      84  Os_sem.o(.text)
    OSSemCreate                              0x00002724   ARM Code     112  Os_sem.o(.text)
    OSSemDel                                 0x00002794   ARM Code     308  Os_sem.o(.text)
    OSSemPend                                0x000028c8   ARM Code     228  Os_sem.o(.text)
    OSSemPost                                0x000029ac   ARM Code     140  Os_sem.o(.text)
    OSSemQuery                               0x00002a38   ARM Code     112  Os_sem.o(.text)
    OSTaskChangePrio                         0x00002ab4   ARM Code     372  Os_task.o(.text)
    OSTaskCreate                             0x00002c28   ARM Code     216  Os_task.o(.text)
    OSTaskCreateExt                          0x00002d00   ARM Code     252  Os_task.o(.text)
    OSTaskDel                                0x00002dfc   ARM Code     424  Os_task.o(.text)
    OSTaskDelReq                             0x00002fa4   ARM Code     132  Os_task.o(.text)
    OSTaskResume                             0x00003028   ARM Code     172  Os_task.o(.text)
    OSTaskStkChk                             0x000030d4   ARM Code     188  Os_task.o(.text)
    OSTaskSuspend                            0x00003190   ARM Code     216  Os_task.o(.text)
    OSTaskQuery                              0x00003268   ARM Code     156  Os_task.o(.text)
    OSTimeDly                                0x00003304   ARM Code      96  Os_time.o(.text)
    OSTimeDlyHMSM                            0x00003364   ARM Code     208  Os_time.o(.text)
    OSTimeDlyResume                          0x00003434   ARM Code     168  Os_time.o(.text)
    OSTimeGet                                0x000034dc   ARM Code      28  Os_time.o(.text)
    OSTimeSet                                0x000034f8   ARM Code      28  Os_time.o(.text)
    main                                     0x00003528   ARM Code     152  main.o(.text)
    QueueCreate                              0x000035f0   ARM Code     116  queue.o(.text)
    QueueRead                                0x00003664   ARM Code     152  queue.o(.text)
    QueueWrite                               0x000036fc   ARM Code     156  queue.o(.text)
    QueueWriteFront                          0x00003798   ARM Code     160  queue.o(.text)
    QueueNData                               0x00003838   ARM Code      40  queue.o(.text)
    QueueSize                                0x00003860   ARM Code      40  queue.o(.text)
    QueueFlush                               0x00003888   ARM Code      48  queue.o(.text)
    delay10us                                0x000038b8   ARM Code      44  comm.o(.text)
    delayus                                  0x000038e4   ARM Code      48  comm.o(.text)
    str2int                                  0x00003914   ARM Code     296  comm.o(.text)
    CRCByte                                  0x00003a3c   ARM Code      40  comm.o(.text)
    TimeDay                                  0x00003a64   ARM Code     208  comm.o(.text)
    TimeSec                                  0x00003b34   ARM Code     276  comm.o(.text)
    Uart0WriteFull                           0x00003c5c   ARM Code      68  uart0.o(.text)
    UART0Init                                0x00003ca0   ARM Code     232  uart0.o(.text)
    RequestUart0                             0x00003d88   ARM Code      60  uart0.o(.text)
    FreeUart0                                0x00003dc4   ARM Code      12  uart0.o(.text)
    Uart0SendByte                            0x00003dd0   ARM Code     156  uart0.o(.text)
    Uart0SendString                          0x00003e6c   ARM Code     156  uart0.o(.text)
    Uart0SendBytes                           0x00003f08   ARM Code     156  uart0.o(.text)
    Uart0RecByte                             0x00003fa4   ARM Code     112  uart0.o(.text)
    UART0_Exception                          0x00004014   ARM Code     188  uart0.o(.text)
    Uart1WriteFull                           0x000040f0   ARM Code      68  uart1.o(.text)
    UART1Init                                0x00004134   ARM Code     232  uart1.o(.text)
    RequestUart1                             0x0000421c   ARM Code      60  uart1.o(.text)
    FreeUart1                                0x00004258   ARM Code      12  uart1.o(.text)
    Uart1SendByte                            0x00004264   ARM Code     156  uart1.o(.text)
    Uart1SendString                          0x00004300   ARM Code     156  uart1.o(.text)
    Uart1SendBytes                           0x0000439c   ARM Code     156  uart1.o(.text)
    Uart1RecByte                             0x00004438   ARM Code     112  uart1.o(.text)
    UART1_Exception                          0x000044a8   ARM Code     184  uart1.o(.text)
    TaskTest                                 0x00004580   ARM Code     100  test.o(.text)
    IoInit                                   0x000045e8   ARM Code     220  IO_driver.o(.text)
    ChipCommInit                             0x000046c8   ARM Code      36  chip_communication.o(.text)
    RequestUpdata                            0x000046ec   ARM Code      12  chip_communication.o(.text)
    ChipWriteFrame                           0x000046f8   ARM Code     264  chip_communication.o(.text)
    ChipReadFrame                            0x00004800   ARM Code     288  chip_communication.o(.text)
    ChipDataUpdata                           0x00004920   ARM Code     456  chip_communication.o(.text)
    SysCommandHandle                         0x00004ae8   ARM Code     160  chip_communication.o(.text)
    TradeHandle                              0x00004b88   ARM Code     188  chip_communication.o(.text)
    TaskChipComm                             0x00004c44   ARM Code    2136  chip_communication.o(.text)
    SetNextPackage                           0x0000549c   ARM Code      40  server_communication.o(.text)
    ServerCommInit                           0x000054c4   ARM Code      52  server_communication.o(.text)
    CrcString                                0x000054f8   ARM Code      44  server_communication.o(.text)
    GprsSendFrameToServer                    0x00005524   ARM Code     588  server_communication.o(.text)
    ServerOnLine                             0x00005770   ARM Code     152  server_communication.o(.text)
    ServerUpdataTradeData                    0x00005808   ARM Code     428  server_communication.o(.text)
    ServerTimeSync                           0x000059b4   ARM Code     144  server_communication.o(.text)
    ServerCashBoxBalance                     0x00005a44   ARM Code     184  server_communication.o(.text)
    ServerGPSData                            0x00005afc   ARM Code     260  server_communication.o(.text)
    ServerLogin                              0x00005c00   ARM Code     192  server_communication.o(.text)
    ServerLogout                             0x00005cc0   ARM Code     172  server_communication.o(.text)
    ReturnOK                                 0x00005d6c   ARM Code      68  server_communication.o(.text)
    ReturnER                                 0x00005db0   ARM Code      72  server_communication.o(.text)
    ServerMessage                            0x00005df8   ARM Code       4  server_communication.o(.text)
    UartConfig                               0x00005dfc   ARM Code     188  server_communication.o(.text)
    FuncConfig                               0x00005eb8   ARM Code       4  server_communication.o(.text)
    CashboxConfig                            0x00005ebc   ARM Code       4  server_communication.o(.text)
    SysPerfConfig                            0x00005ec0   ARM Code       4  server_communication.o(.text)
    ServerCommConfig                         0x00005ec4   ARM Code       4  server_communication.o(.text)
    PrintConfig                              0x00005ec8   ARM Code       4  server_communication.o(.text)
    ServerDownloadConfigData                 0x00005ecc   ARM Code     148  server_communication.o(.text)
    ServerGetConfigData                      0x00005f60   ARM Code      16  server_communication.o(.text)
    StartGdtu                                0x00005f70   ARM Code     124  server_communication.o(.text)
    DetectedAndConfigGdtu                    0x00005fec   ARM Code     248  server_communication.o(.text)
    GprsReceiveFrameFromServer               0x000060e4   ARM Code    1232  server_communication.o(.text)
    TaskServerHandle                         0x000065b4   ARM Code     236  server_communication.o(.text)
    I2c0Init                                 0x000066a4   ARM Code     132  i2c0.o(.text)
    I2c0WriteBytes                           0x00006728   ARM Code     148  i2c0.o(.text)
    I2c0WriteMemery                          0x000067bc   ARM Code     308  i2c0.o(.text)
    I2c0ReadBytes                            0x000068f0   ARM Code     156  i2c0.o(.text)
    I2c0WriteReadBytes                       0x0000698c   ARM Code     176  i2c0.o(.text)
    I2c0_Exception                           0x00006a3c   ARM Code     476  i2c0.o(.text)
    Spi0Init                                 0x00006c30   ARM Code     100  spi0.o(.text)
    Spi0TranceByte                           0x00006c94   ARM Code     216  spi0.o(.text)
    Spi0_Exception                           0x00006d6c   ARM Code      48  spi0.o(.text)
    PadCommInit                              0x00006db0   ARM Code      88  padcommunication.o(.text)
    SendToPadCom                             0x00006e08   ARM Code     560  padcommunication.o(.text)
    ReadVariable                             0x00007038   ARM Code      16  padcommunication.o(.text)
    LogOut                                   0x00007048   ARM Code     144  padcommunication.o(.text)
    GetDeviceState                           0x000070d8   ARM Code      92  padcommunication.o(.text)
    ExceptionHandle                          0x00007134   ARM Code     108  padcommunication.o(.text)
    ChangeSite                               0x000071a0   ARM Code     160  padcommunication.o(.text)
    RideMess                                 0x00007240   ARM Code     320  padcommunication.o(.text)
    MakeChange                               0x00007380   ARM Code     576  padcommunication.o(.text)
    Print                                    0x000075c0   ARM Code     364  padcommunication.o(.text)
    StopTrade                                0x0000772c   ARM Code     108  padcommunication.o(.text)
    ShutDown                                 0x00007798   ARM Code     148  padcommunication.o(.text)
    RequestLogin                             0x0000782c   ARM Code     136  padcommunication.o(.text)
    CashboxInit                              0x000078b4   ARM Code     116  padcommunication.o(.text)
    DisplayMessage                           0x00007928   ARM Code     308  padcommunication.o(.text)
    Online                                   0x00007a5c   ARM Code     348  padcommunication.o(.text)
    Login                                    0x00007bb8   ARM Code     344  padcommunication.o(.text)
    TimeSync                                 0x00007d10   ARM Code     328  padcommunication.o(.text)
    GetStationMess                           0x00007e58   ARM Code     612  padcommunication.o(.text)
    StationSync                              0x000080bc   ARM Code     344  padcommunication.o(.text)
    TaskPADRecHandle                         0x00008214   ARM Code     968  padcommunication.o(.text)
    TaskDeviceCommand                        0x000085dc   ARM Code    1524  padcommunication.o(.text)
    ReadExternMemery                         0x00008bd0   ARM Code     256  virtual_memery.o(.text)
    WriteExternMemery                        0x00008cd0   ARM Code     232  virtual_memery.o(.text)
    InitConfigData                           0x00008db8   ARM Code       4  virtual_memery.o(.text)
    InitTradeManageData                      0x00008dc0   ARM Code      44  trade.o(.text)
    TaskTrade                                0x00008dec   ARM Code     648  trade.o(.text)
    _main_redirection                        0x00009090   ARM Code       4  _no_redirect.o(.text)
    _main                                    0x00009094   ARM Code       4  _no_redirect.o(.text)
    _sprintf                                 0x00009098   ARM Code     104  _sprintf.o(.text)
    atoi                                     0x00009108   ARM Code      52  atoi.o(.text)
    memcmp                                   0x0000913c   ARM Code     128  memcmp.o(.text)
    srand                                    0x000091bc   ARM Code      68  rand.o(.text)
    _rand_init                               0x00009200   ARM Code      72  rand.o(.text)
    rand                                     0x00009248   ARM Code      96  rand.o(.text)
    __rt_memclr                              0x000092b8   ARM Code      68  rt_memclr.o(.text)
    _memset                                  0x000092bc   ARM Code       0  rt_memclr.o(.text)
    __rt_memclr_w                            0x000092fc   ARM Code      88  rt_memclr_w.o(.text)
    _memset_w                                0x00009300   ARM Code       0  rt_memclr_w.o(.text)
    __rt_memcpy                              0x00009354   ARM Code     180  rt_memcpy.o(.text)
    __rt_memcpy_w                            0x00009408   ARM Code     108  rt_memcpy_w.o(.text)
    _memcpy_lastbytes                        0x00009454   ARM Code       0  rt_memcpy_w.o(.text)
    __rt_udiv                                0x00009474   ARM Code     192  rt_udiv.o(.text)
    __rt_udiv10                              0x00009534   ARM Code      44  rtudiv10.o(.text)
    strlen                                   0x00009560   ARM Code     100  strlen.o(.text)
    strncmp                                  0x000095c8   ARM Code     120  strncmp.o(.text)
    strstr                                   0x00009644   ARM Code      60  strstr.o(.text)
    __32__use_no_semihosting_swi             0x00009680   ARM Code       0  use_no_semi.o(.text)
    __semihosting_swi_guard                  0x00009680   ARM Code       0  use_no_semi.o(.text)
    __use_no_semihosting_swi                 0x00009680   ARM Code       4  use_no_semi.o(.text)
    __vfprintf                               0x00009684   ARM Code    2056  __vfpntf.o(.text)
    _sputc                                   0x0000a3bc   ARM Code      20  _sputc.o(.text)
    _serror                                  0x0000a3d0   ARM Code       8  _sputc.o(.text)
    __rt_entry                               0x0000a3d8   ARM Code       0  kernel.o(.text)
    __32__rt_exit                            0x0000a3e8   ARM Code       0  kernel.o(.text)
    __rt_exit                                0x0000a3e8   ARM Code      16  kernel.o(.text)
    __32__rt_abort                           0x0000a3f8   ARM Code       0  kernel.o(.text)
    __rt_abort                               0x0000a3f8   ARM Code       8  kernel.o(.text)
    __rt_errno_addr                          0x0000a400   ARM Code      12  rt_errno_addr.o(.text)
    strtol                                   0x0000a40c   ARM Code     192  strtol.o(.text)
    _strtoul                                 0x0000a4cc   ARM Code     264  _strtoul.o(.text)
    exit                                     0x0000a5d4   ARM Code      24  exit.o(.text)
    __rt_lib_init                            0x0000a5ec   ARM Code     228  lib_init.o(.text)
    __rt_lib_shutdown                        0x0000a6d0   ARM Code      20  lib_init.o(.text)
    __user_libspace                          0x0000a6e8   ARM Code       8  libspace.o(.text)
    _ll_udiv10                               0x0000a6f4   ARM Code     152  lludiv10.o(.text)
    __rt_ctype_table                         0x0000a78c   ARM Code      20  rt_ctype_table.o(.text)
    __rt_stackheap_init                      0x0000a7a0   ARM Code     144  stkheap1.o(.text)
    __rt_heap_extend                         0x0000a830   ARM Code     108  stkheap1.o(.text)
    _chval                                   0x0000a89c   ARM Code      32  _chval.o(.text)
    _get_lc_ctype                            0x0000a8bc   ARM Code      60  lc_ctype_c.o(.text)
    _no_fp_display                           0x0000a8f8   ARM Code       8  nofpdisp.o(.text)
    __rt_fp_status_addr                      0x0000a900   ARM Code      16  rt_fp_status_addr.o(.text)
    strcmp                                   0x0000a914   ARM Code     156  strcmp.o(.text)
    IRQ_Handler                              0x0000a9b0   ARM Code       0  IRQ.o(IRQ)
    Uart0_Handler                            0x0000aa30   ARM Code       0  IRQ.o(IRQ)
    Uart1_Handler                            0x0000aab0   ARM Code       0  IRQ.o(IRQ)
    Spi0_Handler                             0x0000ab30   ARM Code       0  IRQ.o(IRQ)
    I2c0_Handler                             0x0000abb0   ARM Code       0  IRQ.o(IRQ)
    Timer0_Handler                           0x0000ac30   ARM Code       0  IRQ.o(IRQ)
    SoftwareInterrupt                        0x0000acc8   ARM Code       0  Os_cpu_a.o(subr)
    OSIntCtxSw                               0x0000ad04   ARM Code       0  Os_cpu_a.o(subr)
    __OSStartHighRdy                         0x0000ad98   ARM Code       0  Os_cpu_a.o(subr)
    _fp_init                                 0x0000add8   ARM Code      20  fpinit.o(x$fpl$fpinit)
    __fplib_config_pureend_doubles           0x0000ade8   ARM Code       0  fpinit.o(x$fpl$fpinit)
    _fp_display_gate                         0x0000adec   ARM Code       4  printf2.o(x$fpl$printf2)
    OSMapTbl                                 0x0000adf0   Data           8  Os_core.o(.constdata)
    OSUnMapTbl                               0x0000adf8   Data         256  Os_core.o(.constdata)
    completeversion                          0x0000aef8   Data          16  main.o(.constdata)
    rj45_comm                                0x0000af5c   Data          88  padcommunication.o(.constdata)
    memery_chip                              0x0000afb4   Data         112  virtual_memery.o(.constdata)
    __ctype                                  0x0000b031   Data         256  lc_ctype_c.o(.constdata)
    Region$$Table$$Base                      0x0000b134   Data           0  anon$$obj.o(Region$$Table)
    Region$$Table$$Limit                     0x0000b164   Data           0  anon$$obj.o(Region$$Table)
    ZISection$$Table$$Base                   0x0000b164   Data           0  anon$$obj.o(ZISection$$Table)
    ZISection$$Table$$Limit                  0x0000b174   Data           0  anon$$obj.o(ZISection$$Table)
    delay_time                               0x40000000   Data           4  padcommunication.o(.data)
    promptmess                               0x40000004   Data         100  padcommunication.o(.data)
    OsEnterSum                               0x40000068   Data           4  Os_cpu_c.o(.bss)
    OSCPUUsage                               0x4000006c   Data           1  Os_core.o(.bss)
    OSStatRdy                                0x4000006d   Data           1  Os_core.o(.bss)
    OSIntNesting                             0x4000006e   Data           1  Os_core.o(.bss)
    OSIntExitY                               0x4000006f   Data           1  Os_core.o(.bss)
    OSLockNesting                            0x40000070   Data           1  Os_core.o(.bss)
    OSPrioCur                                0x40000071   Data           1  Os_core.o(.bss)
    OSPrioHighRdy                            0x40000072   Data           1  Os_core.o(.bss)
    OSRdyGrp                                 0x40000073   Data           1  Os_core.o(.bss)
    OSRunning                                0x40000074   Data           1  Os_core.o(.bss)
    OSTaskCtr                                0x40000075   Data           1  Os_core.o(.bss)
    OSRdyTbl                                 0x40000076   Data           3  Os_core.o(.bss)
    OSCtxSwCtr                               0x4000007c   Data           4  Os_core.o(.bss)
    OSEventFreeList                          0x40000080   Data           4  Os_core.o(.bss)
    OSIdleCtrMax                             0x40000084   Data           4  Os_core.o(.bss)
    OSIdleCtrRun                             0x40000088   Data           4  Os_core.o(.bss)
    OSIdleCtr                                0x4000008c   Data           4  Os_core.o(.bss)
    OSTCBCur                                 0x40000090   Data           4  Os_core.o(.bss)
    OSTCBFreeList                            0x40000094   Data           4  Os_core.o(.bss)
    OSTCBHighRdy                             0x40000098   Data           4  Os_core.o(.bss)
    OSTCBList                                0x4000009c   Data           4  Os_core.o(.bss)
    OSTime                                   0x400000a0   Data           4  Os_core.o(.bss)
    OSEventTbl                               0x400000a4   Data         180  Os_core.o(.bss)
    OSTaskStatStk                            0x40000158   Data        1024  Os_core.o(.bss)
    OSTaskIdleStk                            0x40000558   Data        1024  Os_core.o(.bss)
    OSTCBPrioTbl                             0x40000958   Data          84  Os_core.o(.bss)
    OSTCBTbl                                 0x400009ac   Data         884  Os_core.o(.bss)
    OSFlagTbl                                0x40000d20   Data          60  Os_core.o(.bss)
    OSFlagFreeList                           0x40000d5c   Data           4  Os_core.o(.bss)
    OSMemFreeList                            0x40000d60   Data           4  Os_core.o(.bss)
    OSMemTbl                                 0x40000d64   Data         100  Os_core.o(.bss)
    OSQFreeList                              0x40000dc8   Data           4  Os_core.o(.bss)
    OSQTbl                                   0x40000dcc   Data          48  Os_core.o(.bss)
    TaskTestStk                              0x40000dfc   Data        1024  main.o(.bss)
    TaskPADRecHandleStk                      0x400011fc   Data        1024  main.o(.bss)
    TaskDeviceCommandStk                     0x400015fc   Data        1024  main.o(.bss)
    TaskServerHandleStk                      0x400019fc   Data        1024  main.o(.bss)
    TaskChipCommStk                          0x40001dfc   Data        1024  main.o(.bss)
    TaskTradeStk                             0x400021fc   Data        1024  main.o(.bss)
    Uart1Sem                                 0x4000270c   Data           4  uart1.o(.bss)
    UART1SendBuf                             0x40002714   Data         128  uart1.o(.bss)
    UART1RecBuf                              0x40002794   Data         128  uart1.o(.bss)
    sys_state                                0x40002814   Data          40  sys_state.o(.bss)
    data_updata_sem                          0x4000283c   Data           4  chip_communication.o(.bss)
    curr_line                                0x40002840   Data         612  chip_communication.o(.bss)
    device_control                           0x40002aa4   Data         144  chip_communication.o(.bss)
    chip_communication_temp                  0x40002b34   Data          32  chip_communication.o(.bss)
    gprs_rec_buffer                          0x40002b60   Data          94  server_communication.o(.bss)
    changesite_flag                          0x40002ca5   Data           1  padcommunication.o(.bss)
    old_station                              0x40002ca6   Data           1  padcommunication.o(.bss)
    curr_station                             0x40002ca7   Data           1  padcommunication.o(.bss)
    run_direction                            0x40002ca8   Data           1  padcommunication.o(.bss)
    config_ram                               0x40002eb8   Data         136  config_manage.o(.bss)
    current_trade_index                      0x40002f40   Data           4  trade.o(.bss)
    trade_data_temp                          0x40002f44   Data          40  trade.o(.bss)
    trade_manage_data_temp                   0x40002f6c   Data          36  trade.o(.bss)
    bottom_of_heap                           0x40003274   Data           1  Startup.o(Heap)
    StackUsr                                 0x40008000   Data           0  Startup.o(Stacks)


================================================================================

Memory Map of the image

  Image Entry point : 0x00000000

  Load Region ROM_LOAD (Base: 0x00000000, Size: 0x0000b1dc, Max: 0xffffffff, ABSOLUTE)

    Execution Region ROM_EXEC (Base: 0x00000000, Size: 0x0000b174, Max: 0xffffffff, ABSOLUTE)

    Base Addr    Size         Type   Attr  Idx  E Section Name        Object

    0x00000000   0x000000b8   Code   RO   167   * vectors             Startup.o
    0x000000b8   0x000000a8   Code   RO   493   * !!!                 __main.o(c_a__un.l)
    0x00000160   0x00000184   Code   RO     6     .text               Os_cpu_c.o
    0x000002e4   0x00000270   Code   RO   143     .text               target.o
    0x00000554   0x00000884   Code   RO   174     .text               Os_core.o
    0x00000dd8   0x0000097c   Code   RO   194     .text               Os_flag.o
    0x00001754   0x000004c8   Code   RO   203     .text               Os_mbox.o
    0x00001c1c   0x000002b4   Code   RO   212     .text               Os_mem.o
    0x00001ed0   0x00000800   Code   RO   230     .text               Os_q.o
    0x000026d0   0x000003e4   Code   RO   239     .text               Os_sem.o
    0x00002ab4   0x00000850   Code   RO   248     .text               Os_task.o
    0x00003304   0x00000224   Code   RO   257     .text               Os_time.o
    0x00003528   0x000000c8   Code   RO   266     .text               main.o
    0x000035f0   0x000002c8   Code   RO   280     .text               queue.o
    0x000038b8   0x000003a4   Code   RO   289     .text               comm.o
    0x00003c5c   0x00000494   Code   RO   298     .text               uart0.o
    0x000040f0   0x00000490   Code   RO   310     .text               uart1.o
    0x00004580   0x00000068   Code   RO   323     .text               test.o
    0x000045e8   0x000000e0   Code   RO   333     .text               IO_driver.o
    0x000046c8   0x00000dd4   Code   RO   362     .text               chip_communication.o
    0x0000549c   0x00001208   Code   RO   378     .text               server_communication.o
    0x000066a4   0x0000058c   Code   RO   395     .text               i2c0.o
    0x00006c30   0x00000180   Code   RO   406     .text               spi0.o
    0x00006db0   0x00001e20   Code   RO   418     .text               padcommunication.o
    0x00008bd0   0x000001f0   Code   RO   469     .text               virtual_memery.o
    0x00008dc0   0x000002d0   Code   RO   480     .text               trade.o
    0x00009090   0x00000008   Code   RO   495     .text               _no_redirect.o(c_a__un.l)
    0x00009098   0x00000070   Code   RO   497     .text               _sprintf.o(c_a__un.l)
    0x00009108   0x00000034   Code   RO   499     .text               atoi.o(c_a__un.l)
    0x0000913c   0x00000080   Code   RO   501     .text               memcmp.o(c_a__un.l)
    0x000091bc   0x000000fc   Code   RO   503     .text               rand.o(c_a__un.l)
    0x000092b8   0x00000044   Code   RO   506     .text               rt_memclr.o(c_a__un.l)
    0x000092fc   0x00000058   Code   RO   508     .text               rt_memclr_w.o(c_a__un.l)
    0x00009354   0x000000b4   Code   RO   510     .text               rt_memcpy.o(c_a__un.l)
    0x00009408   0x0000006c   Code   RO   512     .text               rt_memcpy_w.o(c_a__un.l)
    0x00009474   0x000000c0   Code   RO   514     .text               rt_udiv.o(c_a__un.l)
    0x00009534   0x0000002c   Code   RO   516     .text               rtudiv10.o(c_a__un.l)
    0x00009560   0x00000068   Code   RO   518     .text               strlen.o(c_a__un.l)
    0x000095c8   0x0000007c   Code   RO   520     .text               strncmp.o(c_a__un.l)
    0x00009644   0x0000003c   Code   RO   522     .text               strstr.o(c_a__un.l)
    0x00009680   0x00000004   Code   RO   524     .text               use_no_semi.o(c_a__un.l)
    0x00009684   0x00000d38   Code   RO   526     .text               __vfpntf.o(c_a__un.l)
    0x0000a3bc   0x0000001c   Code   RO   528     .text               _sputc.o(c_a__un.l)
    0x0000a3d8   0x00000028   Code   RO   530     .text               kernel.o(c_a__un.l)
    0x0000a400   0x0000000c   Code   RO   532     .text               rt_errno_addr.o(c_a__un.l)
    0x0000a40c   0x000000c0   Code   RO   534     .text               strtol.o(c_a__un.l)
    0x0000a4cc   0x00000108   Code   RO   536     .text               _strtoul.o(c_a__un.l)
    0x0000a5d4   0x00000018   Code   RO   538     .text               exit.o(c_a__un.l)
    0x0000a5ec   0x000000fc   Code   RO   540     .text               lib_init.o(c_a__un.l)
    0x0000a6e8   0x0000000c   Code   RO   542     .text               libspace.o(c_a__un.l)
    0x0000a6f4   0x00000098   Code   RO   545     .text               lludiv10.o(c_a__un.l)
    0x0000a78c   0x00000014   Code   RO   547     .text               rt_ctype_table.o(c_a__un.l)
    0x0000a7a0   0x000000fc   Code   RO   549     .text               stkheap1.o(c_a__un.l)
    0x0000a89c   0x00000020   Code   RO   553     .text               _chval.o(c_a__un.l)
    0x0000a8bc   0x0000003c   Code   RO   555     .text               lc_ctype_c.o(c_a__un.l)
    0x0000a8f8   0x00000008   Code   RO   558     .text               nofpdisp.o(c_a__un.l)
    0x0000a900   0x00000010   Code   RO   562     .text               rt_fp_status_addr.o(c_a__un.l)
    0x0000a910   0x000000a0   Code   RO   564     .text               strcmp.o(c_a__un.l)
    0x0000a9b0   0x00000318   Code   RO   163     IRQ                 IRQ.o
    0x0000acc8   0x00000110   Code   RO     1     subr                Os_cpu_a.o
    0x0000add8   0x00000014   Code   RO   560     x$fpl$fpinit        fpinit.o(f_a_p.l)
    0x0000adec   0x00000004   Code   RO   551     x$fpl$printf2       printf2.o(f_a_p.l)
    0x0000adf0   0x00000108   Data   RO   175     .constdata          Os_core.o
    0x0000aef8   0x00000010   Data   RO   268     .constdata          main.o
    0x0000af08   0x00000020   Data   RO   299     .constdata          uart0.o
    0x0000af28   0x00000020   Data   RO   311     .constdata          uart1.o
    0x0000af48   0x00000013   Data   RO   324     .constdata          test.o
    0x0000af5b   0x00000001   PAD
    0x0000af5c   0x00000058   Data   RO   420     .constdata          padcommunication.o
    0x0000afb4   0x00000070   Data   RO   470     .constdata          virtual_memery.o
    0x0000b024   0x00000110   Data   RO   556     .constdata          lc_ctype_c.o(c_a__un.l)
    0x0000b134   0x00000030   Data   RO   566     Region$$Table       anon$$obj.o
    0x0000b164   0x00000010   Data   RO   567     ZISection$$Table    anon$$obj.o


    Execution Region IRAM (Base: 0x40000000, Size: 0x00003274, Max: 0xffffffff, ABSOLUTE)

    Base Addr    Size         Type   Attr  Idx  E Section Name        Object

    0x40000000   0x00000068   Data   RW   419     .data               padcommunication.o
    0x40000068   0x00000004   Zero   RW     7     .bss                Os_cpu_c.o
    0x4000006c   0x00000cb4   Zero   RW   176     .bss                Os_core.o
    0x40000d20   0x0000003c   Zero   RW   177     .bss                Os_core.o
    0x40000d5c   0x00000004   Zero   RW   178     .bss                Os_core.o
    0x40000d60   0x00000004   Zero   RW   179     .bss                Os_core.o
    0x40000d64   0x00000064   Zero   RW   180     .bss                Os_core.o
    0x40000dc8   0x00000004   Zero   RW   181     .bss                Os_core.o
    0x40000dcc   0x00000030   Zero   RW   182     .bss                Os_core.o
    0x40000dfc   0x00001800   Zero   RW   267     .bss                main.o
    0x400025fc   0x0000010c   Zero   RW   300     .bss                uart0.o
    0x40002708   0x0000010c   Zero   RW   312     .bss                uart1.o
    0x40002814   0x00000028   Zero   RW   354     .bss                sys_state.o
    0x4000283c   0x00000318   Zero   RW   363     .bss                chip_communication.o
    0x40002b54   0x0000006c   Zero   RW   379     .bss                server_communication.o
    0x40002bc0   0x00000018   Zero   RW   396     .bss                i2c0.o
    0x40002bd8   0x000000cc   Zero   RW   407     .bss                spi0.o
    0x40002ca4   0x00000214   Zero   RW   421     .bss                padcommunication.o
    0x40002eb8   0x00000088   Zero   RW   457     .bss                config_manage.o
    0x40002f40   0x00000050   Zero   RW   481     .bss                trade.o
    0x40002f90   0x000000e4   Zero   RW   504     .bss                rand.o(c_a__un.l)
    0x40003074   0x00000060   Zero   RW   543     .bss                libspace.o(c_a__un.l)
    0x400030d4   0x00000120   Zero   RW   168     MyStacks            Startup.o
    0x400031f4   0x00000080   Zero   RW     2     SWIStacks           Os_cpu_a.o


    Execution Region HEAP (Base: 0x40003274, Size: 0x00000004, Max: 0xffffffff, ABSOLUTE, UNINIT)

    Base Addr    Size         Type   Attr  Idx  E Section Name        Object

    0x40003274   0x00000004   Zero   RW   169     Heap                Startup.o


    Execution Region STACKS (Base: 0x40008000, Size: 0x00000000, Max: 0xffffffff, ABSOLUTE, UNINIT)

    Base Addr    Size         Type   Attr  Idx  E Section Name        Object

    0x40008000   0x00000000   Zero   RW   170     Stacks              Startup.o



  Load Region LR$$Debug (Base: 0x00000000, Size: 0x00000000, Max: 0xffffffff, ABSOLUTE)

    Execution Region ER$$Debug (Base: 0x00000000, Size: 0x00000000, Max: 0xffffffff, ABSOLUTE)

    Base Addr    Size         Type   Attr  Idx  E Section Name        Object

    0x00000000   0x00000010   Dbug   RW     5     .debug_abbrev       Os_cpu_a.o
    0x00000010   0x000003ec   Dbug   RW    16     .debug_abbrev       Os_cpu_c.o
    0x000003fc   0x00000010   Dbug   RW   166     .debug_abbrev       IRQ.o
    0x0000040c   0x00000010   Dbug   RW   173     .debug_abbrev       Startup.o
    0x00000000   0x000000f8   Dbug   RW    15     .debug_frame        Os_cpu_c.o
    0x000000f8   0x000001a8   Dbug   RW   151     .debug_frame        target.o
    0x000002a0   0x000002c0   Dbug   RW   190     .debug_frame        Os_core.o
    0x00000560   0x00000188   Dbug   RW   202     .debug_frame        Os_flag.o
    0x000006e8   0x00000128   Dbug   RW   211     .debug_frame        Os_mbox.o
    0x00000810   0x000000cc   Dbug   RW   220     .debug_frame        Os_mem.o
    0x000008dc   0x00000184   Dbug   RW   238     .debug_frame        Os_q.o
    0x00000a60   0x00000104   Dbug   RW   247     .debug_frame        Os_sem.o
    0x00000b64   0x0000019c   Dbug   RW   256     .debug_frame        Os_task.o
    0x00000d00   0x000000dc   Dbug   RW   265     .debug_frame        Os_time.o
    0x00000ddc   0x00000048   Dbug   RW   277     .debug_frame        main.o
    0x00000e24   0x00000120   Dbug   RW   288     .debug_frame        queue.o
    0x00000f44   0x000000e0   Dbug   RW   297     .debug_frame        comm.o
    0x00001024   0x00000168   Dbug   RW   309     .debug_frame        uart0.o
    0x0000118c   0x00000168   Dbug   RW   322     .debug_frame        uart1.o
    0x000012f4   0x00000048   Dbug   RW   332     .debug_frame        test.o
    0x0000133c   0x0000003c   Dbug   RW   347     .debug_frame        IO_driver.o
    0x00001378   0x00000148   Dbug   RW   375     .debug_frame        chip_communication.o
    0x000014c0   0x00000360   Dbug   RW   394     .debug_frame        server_communication.o
    0x00001820   0x0000011c   Dbug   RW   405     .debug_frame        i2c0.o
    0x0000193c   0x00000080   Dbug   RW   417     .debug_frame        spi0.o
    0x000019bc   0x000003a0   Dbug   RW   437     .debug_frame        padcommunication.o
    0x00001d5c   0x0000009c   Dbug   RW   479     .debug_frame        virtual_memery.o
    0x00001df8   0x00000074   Dbug   RW   490     .debug_frame        trade.o
    0x00001e6c   0x0000003c   Dbug   RW   494     .debug_frame        __main.o(c_a__un.l)
    0x00001ea8   0x0000004c   Dbug   RW   496     .debug_frame        _no_redirect.o(c_a__un.l)
    0x00001ef4   0x0000005c   Dbug   RW   498     .debug_frame        _sprintf.o(c_a__un.l)
    0x00001f50   0x00000050   Dbug   RW   500     .debug_frame        atoi.o(c_a__un.l)
    0x00001fa0   0x0000003c   Dbug   RW   502     .debug_frame        memcmp.o(c_a__un.l)
    0x00001fdc   0x00000080   Dbug   RW   505     .debug_frame        rand.o(c_a__un.l)
    0x0000205c   0x00000044   Dbug   RW   507     .debug_frame        rt_memclr.o(c_a__un.l)
    0x000020a0   0x00000054   Dbug   RW   509     .debug_frame        rt_memclr_w.o(c_a__un.l)
    0x000020f4   0x0000003c   Dbug   RW   511     .debug_frame        rt_memcpy.o(c_a__un.l)
    0x00002130   0x00000054   Dbug   RW   513     .debug_frame        rt_memcpy_w.o(c_a__un.l)
    0x00002184   0x00000044   Dbug   RW   515     .debug_frame        rt_udiv.o(c_a__un.l)
    0x000021c8   0x00000044   Dbug   RW   517     .debug_frame        rtudiv10.o(c_a__un.l)
    0x0000220c   0x0000003c   Dbug   RW   519     .debug_frame        strlen.o(c_a__un.l)
    0x00002248   0x0000004c   Dbug   RW   521     .debug_frame        strncmp.o(c_a__un.l)
    0x00002294   0x0000004c   Dbug   RW   523     .debug_frame        strstr.o(c_a__un.l)
    0x000022e0   0x00000044   Dbug   RW   525     .debug_frame        use_no_semi.o(c_a__un.l)
    0x00002324   0x000000b0   Dbug   RW   527     .debug_frame        __vfpntf.o(c_a__un.l)
    0x000023d4   0x0000004c   Dbug   RW   529     .debug_frame        _sputc.o(c_a__un.l)
    0x00002420   0x00000058   Dbug   RW   531     .debug_frame        kernel.o(c_a__un.l)
    0x00002478   0x0000004c   Dbug   RW   533     .debug_frame        rt_errno_addr.o(c_a__un.l)
    0x000024c4   0x00000068   Dbug   RW   535     .debug_frame        strtol.o(c_a__un.l)
    0x0000252c   0x00000080   Dbug   RW   537     .debug_frame        _strtoul.o(c_a__un.l)
    0x000025ac   0x0000004c   Dbug   RW   539     .debug_frame        exit.o(c_a__un.l)
    0x000025f8   0x0000007c   Dbug   RW   541     .debug_frame        lib_init.o(c_a__un.l)
    0x00002674   0x00000044   Dbug   RW   544     .debug_frame        libspace.o(c_a__un.l)
    0x000026b8   0x00000058   Dbug   RW   546     .debug_frame        lludiv10.o(c_a__un.l)
    0x00002710   0x0000004c   Dbug   RW   548     .debug_frame        rt_ctype_table.o(c_a__un.l)
    0x0000275c   0x00000080   Dbug   RW   550     .debug_frame        stkheap1.o(c_a__un.l)
    0x000027dc   0x0000003c   Dbug   RW   552     .debug_frame        printf2.o(f_a_p.l)
    0x00002818   0x0000003c   Dbug   RW   554     .debug_frame        _chval.o(c_a__un.l)
    0x00002854   0x0000004c   Dbug   RW   557     .debug_frame        lc_ctype_c.o(c_a__un.l)
    0x000028a0   0x0000003c   Dbug   RW   559     .debug_frame        nofpdisp.o(c_a__un.l)
    0x000028dc   0x0000004c   Dbug   RW   561     .debug_frame        fpinit.o(f_a_p.l)
    0x00002928   0x0000004c   Dbug   RW   563     .debug_frame        rt_fp_status_addr.o(c_a__un.l)
    0x00002974   0x00000054   Dbug   RW   565     .debug_frame        strcmp.o(c_a__un.l)
    0x00000000   0x000000b4   Dbug   RW     3     .debug_info         Os_cpu_a.o
    0x000000b4   0x00000180   Dbug   RW    22     .debug_info         Os_cpu_c.o
    0x00000234   0x000000b0   Dbug   RW     9     .debug_info         Os_cpu_c.o
    0x000002e4   0x000000b0   Dbug   RW    26     .debug_info         Os_cpu_c.o
    0x00000394   0x00000a68   Dbug   RW    30     .debug_info         Os_cpu_c.o
    0x00000dfc   0x000003a8   Dbug   RW    12     .debug_info         Os_cpu_c.o
    0x000011a4   0x0000014c   Dbug   RW    18     .debug_info         Os_cpu_c.o
    0x000012f0   0x00000108   Dbug   RW    41     .debug_info         Os_cpu_c.o
    0x000013f8   0x00000234   Dbug   RW    48     .debug_info         Os_cpu_c.o
    0x0000162c   0x0000014c   Dbug   RW    60     .debug_info         Os_cpu_c.o
    0x00001778   0x00000170   Dbug   RW    68     .debug_info         Os_cpu_c.o
    0x000018e8   0x00000130   Dbug   RW    72     .debug_info         Os_cpu_c.o
    0x00001a18   0x000005d0   Dbug   RW   103     .debug_info         Os_cpu_c.o
    0x00001fe8   0x0000035c   Dbug   RW   111     .debug_info         Os_cpu_c.o
    0x00002344   0x00000564   Dbug   RW   122     .debug_info         Os_cpu_c.o
    0x000028a8   0x000000c0   Dbug   RW   145     .debug_info         target.o
    0x00002968   0x000000e4   Dbug   RW   160     .debug_info         target.o
    0x00002a4c   0x000006bc   Dbug   RW   148     .debug_info         target.o
    0x00003108   0x0000017c   Dbug   RW   152     .debug_info         target.o
    0x00003284   0x000000b0   Dbug   RW   155     .debug_info         target.o
    0x00003334   0x00000a68   Dbug   RW   157     .debug_info         target.o
    0x00003d9c   0x000000b4   Dbug   RW   164     .debug_info         IRQ.o
    0x00003e50   0x000000b4   Dbug   RW   171     .debug_info         Startup.o
    0x00003f04   0x00000b14   Dbug   RW   191     .debug_info         Os_core.o
    0x00004a18   0x00000a20   Dbug   RW   187     .debug_info         Os_core.o
    0x00005438   0x000000b0   Dbug   RW   196     .debug_info         Os_flag.o
    0x000054e8   0x00000ba0   Dbug   RW   199     .debug_info         Os_flag.o
    0x00006088   0x000000b8   Dbug   RW   205     .debug_info         Os_mbox.o
    0x00006140   0x00000694   Dbug   RW   208     .debug_info         Os_mbox.o
    0x000067d4   0x000000b4   Dbug   RW   214     .debug_info         Os_mem.o
    0x00006888   0x000003b8   Dbug   RW   217     .debug_info         Os_mem.o
    0x00006c40   0x000000b4   Dbug   RW   232     .debug_info         Os_q.o
    0x00006cf4   0x00000970   Dbug   RW   235     .debug_info         Os_q.o
    0x00007664   0x000000b0   Dbug   RW   241     .debug_info         Os_sem.o
    0x00007714   0x000004f4   Dbug   RW   244     .debug_info         Os_sem.o
    0x00007c08   0x00000a20   Dbug   RW   253     .debug_info         Os_task.o
    0x00008628   0x0000034c   Dbug   RW   262     .debug_info         Os_time.o
    0x00008974   0x000001b4   Dbug   RW   270     .debug_info         main.o
    0x00008b28   0x000001f0   Dbug   RW   274     .debug_info         main.o
    0x00008d18   0x00000188   Dbug   RW   278     .debug_info         main.o
    0x00008ea0   0x000005d0   Dbug   RW   285     .debug_info         queue.o
    0x00009470   0x000000ac   Dbug   RW   291     .debug_info         comm.o
    0x0000951c   0x0000052c   Dbug   RW   294     .debug_info         comm.o
    0x00009a48   0x00000174   Dbug   RW   302     .debug_info         uart0.o
    0x00009bbc   0x0000094c   Dbug   RW   306     .debug_info         uart0.o
    0x0000a508   0x00000188   Dbug   RW   315     .debug_info         uart1.o
    0x0000a690   0x00000958   Dbug   RW   319     .debug_info         uart1.o
    0x0000afe8   0x000001cc   Dbug   RW   329     .debug_info         test.o
    0x0000b1b4   0x000000dc   Dbug   RW   344     .debug_info         IO_driver.o
    0x0000b290   0x000005d4   Dbug   RW   358     .debug_info         sys_state.o
    0x0000b864   0x0000015c   Dbug   RW   368     .debug_info         chip_communication.o
    0x0000b9c0   0x00001190   Dbug   RW   372     .debug_info         chip_communication.o
    0x0000cb50   0x000008bc   Dbug   RW   376     .debug_info         chip_communication.o
    0x0000d40c   0x00000208   Dbug   RW   387     .debug_info         server_communication.o
    0x0000d614   0x00001f74   Dbug   RW   391     .debug_info         server_communication.o
    0x0000f588   0x00000160   Dbug   RW   398     .debug_info         i2c0.o
    0x0000f6e8   0x000006b8   Dbug   RW   402     .debug_info         i2c0.o
    0x0000fda0   0x00000128   Dbug   RW   410     .debug_info         spi0.o
    0x0000fec8   0x000002e4   Dbug   RW   414     .debug_info         spi0.o
    0x000101ac   0x00000298   Dbug   RW   438     .debug_info         padcommunication.o
    0x00010444   0x00000270   Dbug   RW   430     .debug_info         padcommunication.o
    0x000106b4   0x00002298   Dbug   RW   434     .debug_info         padcommunication.o
    0x0001294c   0x00000444   Dbug   RW   467     .debug_info         config_manage.o
    0x00012d90   0x000000dc   Dbug   RW   472     .debug_info         virtual_memery.o
    0x00012e6c   0x000003cc   Dbug   RW   476     .debug_info         virtual_memery.o
    0x00013238   0x000000e8   Dbug   RW   483     .debug_info         trade.o
    0x00013320   0x000002d0   Dbug   RW   487     .debug_info         trade.o
    0x000135f0   0x000001f4   Dbug   RW   491     .debug_info         trade.o
    0x00000000   0x000000d8   Dbug   RW     4     .debug_line         Os_cpu_a.o
    0x000000d8   0x000000f8   Dbug   RW     8     .debug_line         Os_cpu_c.o
    0x000001d0   0x00000198   Dbug   RW    11     .debug_line         Os_cpu_c.o
    0x00000368   0x00000084   Dbug   RW    17     .debug_line         Os_cpu_c.o
    0x000003ec   0x00000088   Dbug   RW    21     .debug_line         Os_cpu_c.o
    0x00000474   0x00000088   Dbug   RW    25     .debug_line         Os_cpu_c.o
    0x000004fc   0x00000088   Dbug   RW    29     .debug_line         Os_cpu_c.o
    0x00000584   0x00000050   Dbug   RW    40     .debug_line         Os_cpu_c.o
    0x000005d4   0x00000050   Dbug   RW    47     .debug_line         Os_cpu_c.o
    0x00000624   0x00000084   Dbug   RW    59     .debug_line         Os_cpu_c.o
    0x000006a8   0x00000088   Dbug   RW    63     .debug_line         Os_cpu_c.o
    0x00000730   0x00000088   Dbug   RW    67     .debug_line         Os_cpu_c.o
    0x000007b8   0x0000008c   Dbug   RW    71     .debug_line         Os_cpu_c.o
    0x00000844   0x0000008c   Dbug   RW   102     .debug_line         Os_cpu_c.o
    0x000008d0   0x00000108   Dbug   RW   106     .debug_line         Os_cpu_c.o
    0x000009d8   0x00000094   Dbug   RW   110     .debug_line         Os_cpu_c.o
    0x00000a6c   0x00000178   Dbug   RW   114     .debug_line         Os_cpu_c.o
    0x00000be4   0x00000108   Dbug   RW   121     .debug_line         Os_cpu_c.o
    0x00000cec   0x00000090   Dbug   RW   128     .debug_line         Os_cpu_c.o
    0x00000d7c   0x000000f4   Dbug   RW   136     .debug_line         Os_cpu_c.o
    0x00000e70   0x00000138   Dbug   RW   144     .debug_line         target.o
    0x00000fa8   0x000001a8   Dbug   RW   147     .debug_line         target.o
    0x00001150   0x00000050   Dbug   RW   159     .debug_line         target.o
    0x000011a0   0x000000ac   Dbug   RW   165     .debug_line         IRQ.o
    0x0000124c   0x000000cc   Dbug   RW   172     .debug_line         Startup.o
    0x00001318   0x00000378   Dbug   RW   186     .debug_line         Os_core.o
    0x00001690   0x000000f8   Dbug   RW   195     .debug_line         Os_flag.o
    0x00001788   0x000003e0   Dbug   RW   198     .debug_line         Os_flag.o
    0x00001b68   0x000000f8   Dbug   RW   204     .debug_line         Os_mbox.o
    0x00001c60   0x0000028c   Dbug   RW   207     .debug_line         Os_mbox.o
    0x00001eec   0x000000f8   Dbug   RW   213     .debug_line         Os_mem.o
    0x00001fe4   0x000001ec   Dbug   RW   216     .debug_line         Os_mem.o
    0x000021d0   0x000000f4   Dbug   RW   231     .debug_line         Os_q.o
    0x000022c4   0x00000358   Dbug   RW   234     .debug_line         Os_q.o
    0x0000261c   0x000000f8   Dbug   RW   240     .debug_line         Os_sem.o
    0x00002714   0x00000244   Dbug   RW   243     .debug_line         Os_sem.o
    0x00002958   0x00000334   Dbug   RW   252     .debug_line         Os_task.o
    0x00002c8c   0x00000188   Dbug   RW   261     .debug_line         Os_time.o
    0x00002e14   0x00000128   Dbug   RW   269     .debug_line         main.o
    0x00002f3c   0x000000d8   Dbug   RW   273     .debug_line         main.o
    0x00003014   0x000001a8   Dbug   RW   284     .debug_line         queue.o
    0x000031bc   0x000000f4   Dbug   RW   290     .debug_line         comm.o
    0x000032b0   0x000001f0   Dbug   RW   293     .debug_line         comm.o
    0x000034a0   0x000000f8   Dbug   RW   301     .debug_line         uart0.o
    0x00003598   0x0000023c   Dbug   RW   305     .debug_line         uart0.o
    0x000037d4   0x000000f8   Dbug   RW   314     .debug_line         uart1.o
    0x000038cc   0x00000238   Dbug   RW   318     .debug_line         uart1.o
    0x00003b04   0x00000114   Dbug   RW   328     .debug_line         test.o
    0x00003c18   0x00000120   Dbug   RW   343     .debug_line         IO_driver.o
    0x00003d38   0x00000108   Dbug   RW   367     .debug_line         chip_communication.o
    0x00003e40   0x00000334   Dbug   RW   371     .debug_line         chip_communication.o
    0x00004174   0x0000010c   Dbug   RW   386     .debug_line         server_communication.o
    0x00004280   0x000003a4   Dbug   RW   390     .debug_line         server_communication.o
    0x00004624   0x000000f8   Dbug   RW   397     .debug_line         i2c0.o
    0x0000471c   0x0000021c   Dbug   RW   401     .debug_line         i2c0.o
    0x00004938   0x000000f8   Dbug   RW   409     .debug_line         spi0.o
    0x00004a30   0x00000170   Dbug   RW   413     .debug_line         spi0.o
    0x00004ba0   0x00000108   Dbug   RW   429     .debug_line         padcommunication.o
    0x00004ca8   0x00000698   Dbug   RW   433     .debug_line         padcommunication.o
    0x00005340   0x00000104   Dbug   RW   471     .debug_line         virtual_memery.o
    0x00005444   0x00000164   Dbug   RW   475     .debug_line         virtual_memery.o
    0x000055a8   0x000000f8   Dbug   RW   482     .debug_line         trade.o
    0x000056a0   0x0000015c   Dbug   RW   486     .debug_line         trade.o
    0x00000000   0x000002b4   Dbug   RW    14     .debug_loc          Os_cpu_c.o
    0x000002b4   0x00000324   Dbug   RW   150     .debug_loc          target.o
    0x000005d8   0x0000065c   Dbug   RW   189     .debug_loc          Os_core.o
    0x00000c34   0x000009e8   Dbug   RW   201     .debug_loc          Os_flag.o
    0x0000161c   0x00000464   Dbug   RW   210     .debug_loc          Os_mbox.o
    0x00001a80   0x000002b8   Dbug   RW   219     .debug_loc          Os_mem.o
    0x00001d38   0x000006a8   Dbug   RW   237     .debug_loc          Os_q.o
    0x000023e0   0x00000368   Dbug   RW   246     .debug_loc          Os_sem.o
    0x00002748   0x00000774   Dbug   RW   255     .debug_loc          Os_task.o
    0x00002ebc   0x00000234   Dbug   RW   264     .debug_loc          Os_time.o
    0x000030f0   0x000000b8   Dbug   RW   276     .debug_loc          main.o
    0x000031a8   0x00000414   Dbug   RW   287     .debug_loc          queue.o
    0x000035bc   0x0000048c   Dbug   RW   296     .debug_loc          comm.o
    0x00003a48   0x00000564   Dbug   RW   308     .debug_loc          uart0.o
    0x00003fac   0x00000564   Dbug   RW   321     .debug_loc          uart1.o
    0x00004510   0x00000078   Dbug   RW   331     .debug_loc          test.o
    0x00004588   0x00000014   Dbug   RW   346     .debug_loc          IO_driver.o
    0x0000459c   0x00000834   Dbug   RW   374     .debug_loc          chip_communication.o
    0x00004dd0   0x00000fb0   Dbug   RW   393     .debug_loc          server_communication.o
    0x00005d80   0x0000040c   Dbug   RW   404     .debug_loc          i2c0.o
    0x0000618c   0x00000134   Dbug   RW   416     .debug_loc          spi0.o
    0x000062c0   0x000012f8   Dbug   RW   436     .debug_loc          padcommunication.o
    0x000075b8   0x00000208   Dbug   RW   478     .debug_loc          virtual_memery.o
    0x000077c0   0x000000fc   Dbug   RW   489     .debug_loc          trade.o
    0x00000000   0x00000194   Dbug   RW    10     .debug_macinfo      Os_cpu_c.o
    0x00000194   0x000000a0   Dbug   RW    20     .debug_macinfo      Os_cpu_c.o
    0x00000234   0x000000cc   Dbug   RW    24     .debug_macinfo      Os_cpu_c.o
    0x00000300   0x00000408   Dbug   RW    28     .debug_macinfo      Os_cpu_c.o
    0x00000708   0x00000904   Dbug   RW    32     .debug_macinfo      Os_cpu_c.o
    0x0000100c   0x000001f0   Dbug   RW    43     .debug_macinfo      Os_cpu_c.o
    0x000011fc   0x0000015c   Dbug   RW    50     .debug_macinfo      Os_cpu_c.o
    0x00001358   0x0000007c   Dbug   RW    62     .debug_macinfo      Os_cpu_c.o
    0x000013d4   0x00000020   Dbug   RW    66     .debug_macinfo      Os_cpu_c.o
    0x000013f4   0x0000009c   Dbug   RW    70     .debug_macinfo      Os_cpu_c.o
    0x00001490   0x0000009c   Dbug   RW    74     .debug_macinfo      Os_cpu_c.o
    0x0000152c   0x000001a8   Dbug   RW   105     .debug_macinfo      Os_cpu_c.o
    0x000016d4   0x0000028c   Dbug   RW   109     .debug_macinfo      Os_cpu_c.o
    0x00001960   0x00000384   Dbug   RW   113     .debug_macinfo      Os_cpu_c.o
    0x00001ce4   0x000007b0   Dbug   RW   117     .debug_macinfo      Os_cpu_c.o
    0x00002494   0x0000013c   Dbug   RW   124     .debug_macinfo      Os_cpu_c.o
    0x000025d0   0x00000070   Dbug   RW   131     .debug_macinfo      Os_cpu_c.o
    0x00002640   0x00000048   Dbug   RW   139     .debug_macinfo      Os_cpu_c.o
    0x00002688   0x00000198   Dbug   RW   146     .debug_macinfo      target.o
    0x00002820   0x000000d4   Dbug   RW   154     .debug_macinfo      target.o
    0x000028f4   0x0000004c   Dbug   RW   162     .debug_macinfo      target.o
    0x00002940   0x00000900   Dbug   RW   193     .debug_macinfo      Os_core.o
    0x00003240   0x00000180   Dbug   RW   197     .debug_macinfo      Os_flag.o
    0x000033c0   0x00000180   Dbug   RW   206     .debug_macinfo      Os_mbox.o
    0x00003540   0x00000180   Dbug   RW   215     .debug_macinfo      Os_mem.o
    0x000036c0   0x00000180   Dbug   RW   233     .debug_macinfo      Os_q.o
    0x00003840   0x00000180   Dbug   RW   242     .debug_macinfo      Os_sem.o
    0x000039c0   0x00000214   Dbug   RW   272     .debug_macinfo      main.o
    0x00003bd4   0x00000180   Dbug   RW   292     .debug_macinfo      comm.o
    0x00003d54   0x00000180   Dbug   RW   304     .debug_macinfo      uart0.o
    0x00003ed4   0x00000180   Dbug   RW   317     .debug_macinfo      uart1.o
    0x00004054   0x00000180   Dbug   RW   370     .debug_macinfo      chip_communication.o
    0x000041d4   0x00000320   Dbug   RW   389     .debug_macinfo      server_communication.o
    0x000044f4   0x00000180   Dbug   RW   400     .debug_macinfo      i2c0.o
    0x00004674   0x000001b0   Dbug   RW   412     .debug_macinfo      spi0.o
    0x00004824   0x000003d4   Dbug   RW   432     .debug_macinfo      padcommunication.o
    0x00004bf8   0x00000180   Dbug   RW   474     .debug_macinfo      virtual_memery.o
    0x00004d78   0x000001b8   Dbug   RW   485     .debug_macinfo      trade.o
    0x00000000   0x000000f4   Dbug   RW    13     .debug_pubnames     Os_cpu_c.o
    0x000000f4   0x00000064   Dbug   RW    19     .debug_pubnames     Os_cpu_c.o
    0x00000158   0x0000008c   Dbug   RW    23     .debug_pubnames     Os_cpu_c.o
    0x000001e4   0x00000020   Dbug   RW    27     .debug_pubnames     Os_cpu_c.o
    0x00000204   0x000002e0   Dbug   RW    31     .debug_pubnames     Os_cpu_c.o
    0x000004e4   0x00000084   Dbug   RW    42     .debug_pubnames     Os_cpu_c.o
    0x00000568   0x000000e0   Dbug   RW    49     .debug_pubnames     Os_cpu_c.o
    0x00000648   0x00000020   Dbug   RW    61     .debug_pubnames     Os_cpu_c.o
    0x00000668   0x00000034   Dbug   RW    69     .debug_pubnames     Os_cpu_c.o
    0x0000069c   0x0000004c   Dbug   RW    73     .debug_pubnames     Os_cpu_c.o
    0x000006e8   0x000000d0   Dbug   RW   104     .debug_pubnames     Os_cpu_c.o
    0x000007b8   0x000000b0   Dbug   RW   112     .debug_pubnames     Os_cpu_c.o
    0x00000868   0x000000fc   Dbug   RW   123     .debug_pubnames     Os_cpu_c.o
    0x00000964   0x00000174   Dbug   RW   149     .debug_pubnames     target.o
    0x00000ad8   0x0000008c   Dbug   RW   153     .debug_pubnames     target.o
    0x00000b64   0x00000020   Dbug   RW   156     .debug_pubnames     target.o
    0x00000b84   0x000002e0   Dbug   RW   158     .debug_pubnames     target.o
    0x00000e64   0x00000058   Dbug   RW   161     .debug_pubnames     target.o
    0x00000ebc   0x000001a4   Dbug   RW   188     .debug_pubnames     Os_core.o
    0x00001060   0x000002e0   Dbug   RW   192     .debug_pubnames     Os_core.o
    0x00001340   0x000000b8   Dbug   RW   200     .debug_pubnames     Os_flag.o
    0x000013f8   0x00000084   Dbug   RW   209     .debug_pubnames     Os_mbox.o
    0x0000147c   0x0000005c   Dbug   RW   218     .debug_pubnames     Os_mem.o
    0x000014d8   0x00000098   Dbug   RW   236     .debug_pubnames     Os_q.o
    0x00001570   0x0000006c   Dbug   RW   245     .debug_pubnames     Os_sem.o
    0x000015dc   0x000000b0   Dbug   RW   254     .debug_pubnames     Os_task.o
    0x0000168c   0x00000064   Dbug   RW   263     .debug_pubnames     Os_time.o
    0x000016f0   0x00000090   Dbug   RW   271     .debug_pubnames     main.o
    0x00001780   0x0000001c   Dbug   RW   275     .debug_pubnames     main.o
    0x0000179c   0x000000d8   Dbug   RW   279     .debug_pubnames     main.o
    0x00001874   0x00000080   Dbug   RW   286     .debug_pubnames     queue.o
    0x000018f4   0x0000005c   Dbug   RW   295     .debug_pubnames     comm.o
    0x00001950   0x00000084   Dbug   RW   303     .debug_pubnames     uart0.o
    0x000019d4   0x000000b0   Dbug   RW   307     .debug_pubnames     uart0.o
    0x00001a84   0x00000090   Dbug   RW   316     .debug_pubnames     uart1.o
    0x00001b14   0x000000b0   Dbug   RW   320     .debug_pubnames     uart1.o
    0x00001bc4   0x00000020   Dbug   RW   330     .debug_pubnames     test.o
    0x00001be4   0x00000020   Dbug   RW   345     .debug_pubnames     IO_driver.o
    0x00001c04   0x000000d0   Dbug   RW   359     .debug_pubnames     sys_state.o
    0x00001cd4   0x00000070   Dbug   RW   369     .debug_pubnames     chip_communication.o
    0x00001d44   0x000000a4   Dbug   RW   373     .debug_pubnames     chip_communication.o
    0x00001de8   0x00000168   Dbug   RW   377     .debug_pubnames     chip_communication.o
    0x00001f50   0x000000b4   Dbug   RW   388     .debug_pubnames     server_communication.o
    0x00002004   0x00000210   Dbug   RW   392     .debug_pubnames     server_communication.o
    0x00002214   0x0000007c   Dbug   RW   399     .debug_pubnames     i2c0.o
    0x00002290   0x00000084   Dbug   RW   403     .debug_pubnames     i2c0.o
    0x00002314   0x00000054   Dbug   RW   411     .debug_pubnames     spi0.o
    0x00002368   0x00000048   Dbug   RW   415     .debug_pubnames     spi0.o
    0x000023b0   0x00000100   Dbug   RW   431     .debug_pubnames     padcommunication.o
    0x000024b0   0x0000016c   Dbug   RW   435     .debug_pubnames     padcommunication.o
    0x0000261c   0x0000009c   Dbug   RW   439     .debug_pubnames     padcommunication.o
    0x000026b8   0x00000080   Dbug   RW   468     .debug_pubnames     config_manage.o
    0x00002738   0x00000024   Dbug   RW   473     .debug_pubnames     virtual_memery.o
    0x0000275c   0x00000050   Dbug   RW   477     .debug_pubnames     virtual_memery.o
    0x000027ac   0x00000040   Dbug   RW   484     .debug_pubnames     trade.o
    0x000027ec   0x00000038   Dbug   RW   488     .debug_pubnames     trade.o
    0x00002824   0x00000048   Dbug   RW   492     .debug_pubnames     trade.o


================================================================================

Image component sizes


      Code    RO Data    RW Data    ZI Data      Debug   Object Name

       692          0          0          0       3248   Os_mem.o
       720          0          0         80       3048   trade.o
       104         19          0          0        960   test.o
         0          0          0        136       1220   config_manage.o
       996          0          0          0       3896   Os_sem.o
       548          0          0          0       2120   Os_time.o
       932          0          0          0       4100   comm.o
      1172         32          0        268       6004   uart0.o
      1168         32          0        268       6044   uart1.o
       384          0          0        204       2676   spi0.o
         0          0          0         40       1700   sys_state.o
         0         64          0          0          0   anon$$obj.o
      2428          0          0          0       7888   Os_flag.o
      7712         88        104        532      19636   padcommunication.o
      2180        264          0       3472      12108   Os_core.o
       496        112          0          0       2984   virtual_memery.o
      2128          0          0          0       5908   Os_task.o
       184          0          0        292        400   Startup.o
      2048          0          0          0       6324   Os_q.o
       712          0          0          0       3372   queue.o
      3540          0          0        792      11612   chip_communication.o
       272          0          0        128        412   Os_cpu_a.o
       200         16          0       6144       3012   main.o
      4616          0          0        108      16160   server_communication.o
      1420          0          0         24       4820   i2c0.o
       388          0          0          4      27920   Os_cpu_c.o
       624          0          0          0       9472   target.o
      1224          0          0          0       4704   Os_mbox.o
       792          0          0          0        368   IRQ.o
       224          0          0          0        620   IO_driver.o

    ------------------------------------------------------------------------
     37904        627        104      12492     172736   Object Totals

    ------------------------------------------------------------------------

      Code    RO Data    RW Data    ZI Data      Debug   Library Member Name

       160          0          0          0         84   strcmp.o
       252          0          0          0        128   stkheap1.o
        40          0          0          0         88   kernel.o
        68          0          0          0         68   rt_memclr.o
        88          0          0          0         84   rt_memclr_w.o
         4          0          0          0         60   printf2.o
         8          0          0          0         76   _no_redirect.o
       112          0          0          0         92   _sprintf.o
        60          0          0          0         76   strstr.o
         4          0          0          0         68   use_no_semi.o
         8          0          0          0         60   nofpdisp.o
       104          0          0          0         60   strlen.o
        12          0          0         96         68   libspace.o
       180          0          0          0         60   rt_memcpy.o
        20          0          0          0         76   rt_ctype_table.o
       252          0          0        228        128   rand.o
       264          0          0          0        128   _strtoul.o
        28          0          0          0         76   _sputc.o
       168          0          0          0         60   __main.o
       108          0          0          0         84   rt_memcpy_w.o
        16          0          0          0         76   rt_fp_status_addr.o
        44          0          0          0         68   rtudiv10.o
      3384          0          0          0        176   __vfpntf.o
        24          0          0          0         76   exit.o
        32          0          0          0         60   _chval.o
       128          0          0          0         60   memcmp.o
       252          0          0          0        124   lib_init.o
       124          0          0          0         76   strncmp.o
        52          0          0          0         80   atoi.o
        20          0          0          0         76   fpinit.o
       192          0          0          0        104   strtol.o
       152          0          0          0         88   lludiv10.o
       192          0          0          0         68   rt_udiv.o
        60        272          0          0         76   lc_ctype_c.o
        12          0          0          0         76   rt_errno_addr.o

    ------------------------------------------------------------------------
      6624        272          0        324       2908   Library Totals

    ------------------------------------------------------------------------

      Code    RO Data    RW Data    ZI Data      Debug   Library Name

      6600        272          0        324       2772   c_a__un.l
        24          0          0          0        136   f_a_p.l

    ------------------------------------------------------------------------
      6624        272          0        324       2908   Library Totals

    ------------------------------------------------------------------------

================================================================================


      Code    RO Data    RW Data    ZI Data      Debug   

     44528        899        104      12816     175644   Grand Totals

================================================================================

    Total RO  Size(Code + RO Data)                45427 (  44.36kB)
    Total RW  Size(RW Data + ZI Data)             12920 (  12.62kB)
    Total ROM Size(Code + RO Data + RW Data)      45531 (  44.46kB)

================================================================================

