
================================================================================

Section Cross References

    Os_cpu_a.o(subr) refers to Os_cpu_c.o(.text) for SWI_Exception
    Os_cpu_a.o(subr) refers to Os_cpu_a.o(SWIStacks) for SvcStackSpace
    Os_cpu_a.o(subr) refers to Os_cpu_c.o(.bss) for OsEnterSum
    Os_cpu_a.o(subr) refers to Os_core.o(.bss) for OSTCBCur
    Os_cpu_c.o(.text) refers to Os_cpu_c.o(.bss) for .bss$2
    Os_cpu_c.o(.text) refers to Os_core.o(.bss) for OSTCBPrioTbl
    target.o(.text) refers to Os_core.o(.text) for OSTimeTick
    target.o(.text) refers to rand.o(.text) for srand
    target.o(.text) refers to IO_driver.o(.text) for IoInit
    target.o(.text) refers to uart0.o(.text) for UART0Init
    target.o(.text) refers to uart1.o(.text) for UART1Init
    target.o(.text) refers to i2c0.o(.text) for I2c0Init
    target.o(.text) refers to spi0.o(.text) for Spi0Init
    target.o(.text) refers to crt_188_dy1.o(.text) for Crt188Init
    target.o(.text) refers to syn6288.o(.text) for Syn6288Init
    target.o(.text) refers to spi0.o(.bss) for spi0_tick
    target.o(.text) refers to gps.o(.bss) for gps_tick
    target.o(.text) refers to IRQ.o(IRQ) for IRQ_Handler
    target.o(.text) refers (Special) to use_no_semi.o(.text) for __use_no_semihosting_swi
    IRQ.o(IRQ) refers to target.o(.text) for IRQ_Exception
    IRQ.o(IRQ) refers to Os_core.o(.text) for OSIntExit
    IRQ.o(IRQ) refers to uart0.o(.text) for UART0_Exception
    IRQ.o(IRQ) refers to uart1.o(.text) for UART1_Exception
    IRQ.o(IRQ) refers to spi0.o(.text) for Spi0_Exception
    IRQ.o(IRQ) refers to i2c0.o(.text) for I2c0_Exception
    IRQ.o(IRQ) refers to IO_driver.o(.text) for Io2Exception
    IRQ.o(IRQ) refers to Os_core.o(.bss) for OSIntNesting
    IRQ.o(IRQ) refers to Startup.o(Stacks) for StackUsr
    IRQ.o(IRQ) refers to Os_cpu_c.o(.bss) for OsEnterSum
    IRQ.o(IRQ) refers to Os_cpu_a.o(subr) for OSIntCtxSw
    Startup.o(vectors) refers to Os_cpu_a.o(subr) for SoftwareInterrupt
    Startup.o(vectors) refers to target.o(.text) for FIQ_Exception
    Startup.o(vectors) refers to __main.o(!!!) for __main
    Startup.o(vectors) refers to Startup.o(MyStacks) for IrqStackSpace
    Startup.o(vectors) refers to Startup.o(Stacks) for StackUsr
    Startup.o(vectors) refers to Startup.o(Heap) for bottom_of_heap
    Startup.o(vectors) refers (Special) to use_no_semi.o(.text) for __use_no_semihosting_swi
    Startup.o(MyStacks) refers (Special) to use_no_semi.o(.text) for __use_no_semihosting_swi
    Startup.o(Heap) refers (Special) to use_no_semi.o(.text) for __use_no_semihosting_swi
    Startup.o(Stacks) refers (Special) to use_no_semi.o(.text) for __use_no_semihosting_swi
    Os_core.o(.text) refers to Os_time.o(.text) for OSTimeDly
    Os_core.o(.text) refers to rt_udiv.o(.text) for __rt_udiv
    Os_core.o(.text) refers to Os_cpu_c.o(.text) for OSTaskStatHook
    Os_core.o(.text) refers to Os_task.o(.text) for OSTaskCreateExt
    Os_core.o(.text) refers to Os_flag.o(.text) for OS_FlagInit
    Os_core.o(.text) refers to Os_mem.o(.text) for OS_MemInit
    Os_core.o(.text) refers to Os_q.o(.text) for OS_QInit
    Os_core.o(.text) refers to Os_core.o(.bss) for .bss$2
    Os_core.o(.text) refers to Os_core.o(.constdata) for .constdata$1
    Os_flag.o(.text) refers to Os_core.o(.text) for OS_Sched
    Os_flag.o(.text) refers to Os_core.o(.bss) for OSIntNesting
    Os_flag.o(.text) refers to Os_core.o(.bss) for OSFlagFreeList
    Os_flag.o(.text) refers to Os_core.o(.bss) for OSFlagTbl
    Os_mbox.o(.text) refers to Os_core.o(.text) for OS_EventWaitListInit
    Os_mbox.o(.text) refers to Os_core.o(.bss) for OSIntNesting
    Os_mem.o(.text) refers to Os_core.o(.bss) for OSMemFreeList
    Os_mem.o(.text) refers to Os_core.o(.bss) for OSMemTbl
    Os_mutex.o(.text) refers to Os_core.o(.text) for OS_EventWaitListInit
    Os_mutex.o(.text) refers to Os_core.o(.bss) for OSIntNesting
    Os_mutex.o(.text) refers to Os_core.o(.constdata) for OSMapTbl
    Os_q.o(.text) refers to Os_core.o(.text) for OS_EventWaitListInit
    Os_q.o(.text) refers to Os_core.o(.bss) for OSIntNesting
    Os_q.o(.text) refers to Os_core.o(.bss) for OSQFreeList
    Os_q.o(.text) refers to Os_core.o(.bss) for OSQTbl
    Os_sem.o(.text) refers to Os_core.o(.text) for OS_EventWaitListInit
    Os_sem.o(.text) refers to Os_core.o(.bss) for OSIntNesting
    Os_task.o(.text) refers to Os_core.o(.text) for OS_Sched
    Os_task.o(.text) refers to Os_cpu_c.o(.text) for OSTaskStkInit
    Os_task.o(.text) refers to rt_memclr_w.o(.text) for __rt_memclr_w
    Os_task.o(.text) refers to Os_flag.o(.text) for OS_FlagUnlink
    Os_task.o(.text) refers to rt_memcpy_w.o(.text) for __rt_memcpy_w
    Os_task.o(.text) refers to Os_core.o(.bss) for OSTCBPrioTbl
    Os_task.o(.text) refers to Os_core.o(.constdata) for OSMapTbl
    Os_time.o(.text) refers to Os_core.o(.text) for OS_Sched
    Os_time.o(.text) refers to rt_udiv.o(.text) for __rt_udiv
[...]
    .text                                    0x0000bc74   ARM Code       0  _strtoul.o(.text)
    C$debug_frame22                          0x000026e4   Data           0  _strtoul.o(.debug_frame)
    ../../angel/kernel.s                     0x00000000   Number         0  kernel.o ABSOLUTE
    <Anonymous Symbol>                       0x00002764   Data          88  kernel.o(.debug_frame)
    .text                                    0x0000bd7c   ARM Code      40  kernel.o(.text)
    __rt_abort1                              0x0000bda0   ARM Code       0  kernel.o(.text)
    ../../angel/rt.s                         0x00000000   Number         0  rt_ctype_table.o ABSOLUTE
    .text                                    0x0000bda4   ARM Code      20  rt_ctype_table.o(.text)
    <Anonymous Symbol>                       0x000027bc   Data          76  rt_ctype_table.o(.debug_frame)
    ../../angel/rt.s                         0x00000000   Number         0  rt_errno_addr.o ABSOLUTE
    <Anonymous Symbol>                       0x00002808   Data          76  rt_errno_addr.o(.debug_frame)
    .text                                    0x0000bdb8   ARM Code      12  rt_errno_addr.o(.text)
    ../../scanf.c                            0x00000000   Number         0  _chval.o ABSOLUTE
    .text                                    0x0000bdc4   ARM Code       0  _chval.o(.text)
    C$debug_frame22                          0x00002854   Data           0  _chval.o(.debug_frame)
    ../../stdlib.c                           0x00000000   Number         0  exit.o ABSOLUTE
    .text                                    0x0000bde4   ARM Code       0  exit.o(.text)
    C$debug_frame12                          0x00002890   Data           0  exit.o(.debug_frame)
    ../../locale.c                           0x00000000   Number         0  lc_ctype_c.o ABSOLUTE
    .text                                    0x0000bdfc   ARM Code       0  lc_ctype_c.o(.text)
    .constdata                               0x0000c8f0   Data           0  lc_ctype_c.o(.constdata)
    C$debug_frame19                          0x000028dc   Data           0  lc_ctype_c.o(.debug_frame)
    .constdata$1                             0x0000c8f0   Data           0  lc_ctype_c.o(.constdata)
    __lcctype_c_index                        0x0000c8f0   Data           4  lc_ctype_c.o(.constdata)
    __lcctype_c_lname                        0x0000c8f4   Data           4  lc_ctype_c.o(.constdata)
    __lcctype_c_pname                        0x0000c8f8   Data           4  lc_ctype_c.o(.constdata)
    __lcctype_c_start                        0x0000c8fc   Data           1  lc_ctype_c.o(.constdata)
    ../../armsys.c                           0x00000000   Number         0  lib_init.o ABSOLUTE
    .text                                    0x0000be38   ARM Code       0  lib_init.o(.text)
    C$debug_frame18                          0x00002928   Data           0  lib_init.o(.debug_frame)
    ../../angel/sys.s                        0x00000000   Number         0  libspace.o ABSOLUTE
    <Anonymous Symbol>                       0x000029a4   Data          68  libspace.o(.debug_frame)
    .bss                                     0x40003258   Data          96  libspace.o(.bss)
    .text                                    0x0000bf34   ARM Code      12  libspace.o(.text)
    __libspace_start                         0x40003258   Data          96  libspace.o(.bss)
    ../../longlong.s                         0x00000000   Number         0  lludiv10.o ABSOLUTE
    .text                                    0x0000bf40   ARM Code     152  lludiv10.o(.text)
    <Anonymous Symbol>                       0x000029e8   Data          88  lludiv10.o(.debug_frame)
    ../../stkheap1.s                         0x00000000   Number         0  stkheap1.o ABSOLUTE
    <Anonymous Symbol>                       0x00002a40   Data         128  stkheap1.o(.debug_frame)
    .text                                    0x0000bfd8   ARM Code     252  stkheap1.o(.text)
    _heap_overflow                           0x0000c0c4   ARM Code       0  stkheap1.o(.text)
    ../../printf2.s                          0x00000000   Number         0  printf2.o ABSOLUTE
    <Anonymous Symbol>                       0x00002ac0   Data          60  printf2.o(.debug_frame)
    x$fpl$printf2                            0x0000c648   ARM Code       4  printf2.o(x$fpl$printf2)
    ../../printf.c                           0x00000000   Number         0  nofpdisp.o ABSOLUTE
    .text                                    0x0000c0d4   ARM Code       0  nofpdisp.o(.text)
    C$debug_frame18                          0x00002afc   Data           0  nofpdisp.o(.debug_frame)
    ../../memcpset.s                         0x00000000   Number         0  strcmp.o ABSOLUTE
    <Anonymous Symbol>                       0x00002b38   Data          84  strcmp.o(.debug_frame)
    .text                                    0x0000c0dc   Data         160  strcmp.o(.text)
    _ones_word                               0x0000c0dc   Data           4  strcmp.o(.text)
    _strcmp_loop                             0x0000c0f4   ARM Code       0  strcmp.o(.text)
    _strcmp_return                           0x0000c144   ARM Code       0  strcmp.o(.text)
    _strcmp_byteloop                         0x0000c14c   ARM Code       0  strcmp.o(.text)
    _strcmp_byteend                          0x0000c174   ARM Code       0  strcmp.o(.text)
    ../../fpinit.s                           0x00000000   Number         0  fpinit.o ABSOLUTE
    x$fpl$fpinit                             0x0000c634   ARM Code      20  fpinit.o(x$fpl$fpinit)
    <Anonymous Symbol>                       0x00002b8c   Data          76  fpinit.o(.debug_frame)
    ../../angel/rt.s                         0x00000000   Number         0  rt_fp_status_addr.o ABSOLUTE
    .text                                    0x0000c17c   ARM Code      16  rt_fp_status_addr.o(.text)
    <Anonymous Symbol>                       0x00002bd8   Data          76  rt_fp_status_addr.o(.debug_frame)

    Global Symbols

    Symbol Name                              Value     Ov Type        Size  Object(Section)

    BuildAttributes$$ARM_ISAv4$M$PE$A:L22$X:L11$S22$~IW$USESV6$~STKCKD$USESV7$~SHL$OSPACE 0x00000000   Number         0  anon$$obj.o ABSOLUTE
    Reset                                    0x00000000   ARM Code       0  Startup.o(vectors)
    __Heap_DescSize                           - Undefined Weak Reference
    __alloca_initialize                       - Undefined Weak Reference
    __argv_alloc                              - Undefined Weak Reference
    __call_ctors()                            - Undefined Weak Reference
    __cpp_finalise                            - Undefined Weak Reference
    __cpp_initialise                          - Undefined Weak Reference
    __rt_get_argv                             - Undefined Weak Reference
    __user_heap_extend                        - Undefined Weak Reference
    __user_stack_slop                         - Undefined Weak Reference
    _atexit_init                              - Undefined Weak Reference
    _call_atexit_fns                          - Undefined Weak Reference
    _clock_init                               - Undefined Weak Reference
    _get_lc_collate                           - Undefined Weak Reference
    _get_lc_monetary                          - Undefined Weak Reference
    _get_lc_numeric                           - Undefined Weak Reference
    _get_lc_time                              - Undefined Weak Reference
    _getenv_init                              - Undefined Weak Reference
    _init_alloc                               - Undefined Weak Reference
    _init_user_alloc                          - Undefined Weak Reference
    _initio                                   - Undefined Weak Reference
    _signal_init                              - Undefined Weak Reference
    _terminate_user_alloc                     - Undefined Weak Reference
    _terminateio                              - Undefined Weak Reference
    __user_initial_stackheap                 0x00000098   ARM Code       0  Startup.o(vectors)
    __main                                   0x000000b8   ARM Code     152  __main.o(!!!)
    OSTaskStkInit                            0x00000160   ARM Code      88  Os_cpu_c.o(.text)
    SWI_Exception                            0x000001b8   ARM Code     244  Os_cpu_c.o(.text)
    OSStartHighRdy                           0x000002ac   ARM Code      12  Os_cpu_c.o(.text)
    OSInitHookBegin                          0x000002b8   ARM Code       4  Os_cpu_c.o(.text)
    OSInitHookEnd                            0x000002bc   ARM Code       4  Os_cpu_c.o(.text)
    OSTaskCreateHook                         0x000002c0   ARM Code       4  Os_cpu_c.o(.text)
    OSTaskDelHook                            0x000002c4   ARM Code       4  Os_cpu_c.o(.text)
    OSTaskSwHook                             0x000002c8   ARM Code       4  Os_cpu_c.o(.text)
    OSTaskStatHook                           0x000002cc   ARM Code       4  Os_cpu_c.o(.text)
    OSTCBInitHook                            0x000002d0   ARM Code       4  Os_cpu_c.o(.text)
    OSTimeTickHook                           0x000002d4   ARM Code       4  Os_cpu_c.o(.text)
    OSTaskIdleHook                           0x000002d8   ARM Code       4  Os_cpu_c.o(.text)
    IRQ_Exception                            0x000002e4   ARM Code       4  target.o(.text)
    FIQ_Exception                            0x000002e8   ARM Code       4  target.o(.text)
    Timer0_Exception                         0x000002ec   ARM Code      64  target.o(.text)
    Timer0Init                               0x0000032c   ARM Code      48  target.o(.text)
    QEventCreate                             0x0000035c   ARM Code       4  target.o(.text)
    SemCreate                                0x00000360   ARM Code       4  target.o(.text)
    VICInit                                  0x00000364   ARM Code     144  target.o(.text)
    TargetInit                               0x000003f4   ARM Code      68  target.o(.text)
    TargetResetInit                          0x00000438   ARM Code     200  target.o(.text)
    __rt_div0                                0x00000500   ARM Code       8  target.o(.text)
    fputc                                    0x00000508   ARM Code       8  target.o(.text)
    fgetc                                    0x00000510   ARM Code       8  target.o(.text)
    _sys_close                               0x00000518   ARM Code       8  target.o(.text)
    _sys_write                               0x00000520   ARM Code       8  target.o(.text)
    _sys_read                                0x00000528   ARM Code       8  target.o(.text)
    _ttywrch                                 0x00000530   ARM Code       4  target.o(.text)
    _sys_istty                               0x00000534   ARM Code       8  target.o(.text)
    _sys_seek                                0x0000053c   ARM Code       8  target.o(.text)
    _sys_ensure                              0x00000544   ARM Code       8  target.o(.text)
    _sys_flen                                0x0000054c   ARM Code       8  target.o(.text)
    _sys_tmpnam                              0x00000554   ARM Code       8  target.o(.text)
    _sys_exit                                0x0000055c   ARM Code       4  target.o(.text)
    _sys_command_string                      0x00000560   ARM Code       8  target.o(.text)
    OS_TaskStat                              0x00000598   ARM Code     168  Os_core.o(.text)
    OS_TaskIdle                              0x00000688   ARM Code      36  Os_core.o(.text)
    OSInit                                   0x00000820   ARM Code      52  Os_core.o(.text)
    OSIntEnter                               0x00000854   ARM Code      40  Os_core.o(.text)
    OSIntExit                                0x0000087c   ARM Code     152  Os_core.o(.text)
    OSSchedLock                              0x00000914   ARM Code      52  Os_core.o(.text)
    OS_Sched                                 0x00000948   ARM Code     112  Os_core.o(.text)
    OSSchedUnlock                            0x000009b8   ARM Code      88  Os_core.o(.text)
    OSStart                                  0x00000a10   ARM Code      80  Os_core.o(.text)
    OSStatInit                               0x00000a60   ARM Code      68  Os_core.o(.text)
    OSTimeTick                               0x00000aa4   ARM Code     180  Os_core.o(.text)
    OSVersion                                0x00000b58   ARM Code       8  Os_core.o(.text)
    OS_Dummy                                 0x00000b60   ARM Code       4  Os_core.o(.text)
    OS_EventTaskRdy                          0x00000b64   ARM Code     156  Os_core.o(.text)
    OS_EventTaskWait                         0x00000c00   ARM Code     104  Os_core.o(.text)
    OS_EventTO                               0x00000c68   ARM Code      76  Os_core.o(.text)
    OS_EventWaitListInit                     0x00000cb4   ARM Code      28  Os_core.o(.text)
    OS_TCBInit                               0x00000cd0   ARM Code     332  Os_core.o(.text)
    OSFlagAccept                             0x00000e1c   ARM Code     376  Os_flag.o(.text)
    OSFlagCreate                             0x00000f94   ARM Code     128  Os_flag.o(.text)
    OS_FlagUnlink                            0x00001014   ARM Code      72  Os_flag.o(.text)
    OSFlagDel                                0x000010c8   ARM Code     304  Os_flag.o(.text)
    OSFlagPend                               0x00001288   ARM Code     692  Os_flag.o(.text)
    OSFlagPost                               0x0000153c   ARM Code     416  Os_flag.o(.text)
    OSFlagQuery                              0x000016dc   ARM Code      92  Os_flag.o(.text)
    OS_FlagInit                              0x00001738   ARM Code      96  Os_flag.o(.text)
    OSMboxAccept                             0x00001798   ARM Code      72  Os_mbox.o(.text)
    OSMboxCreate                             0x000017e0   ARM Code     112  Os_mbox.o(.text)
    OSMboxDel                                0x00001850   ARM Code     308  Os_mbox.o(.text)
    OSMboxPend                               0x00001984   ARM Code     256  Os_mbox.o(.text)
    OSMboxPost                               0x00001a84   ARM Code     152  Os_mbox.o(.text)
    OSMboxPostOpt                            0x00001b1c   ARM Code     200  Os_mbox.o(.text)
    OSMboxQuery                              0x00001be4   ARM Code     112  Os_mbox.o(.text)
    OSMemCreate                              0x00001c60   ARM Code     240  Os_mem.o(.text)
    OSMemGet                                 0x00001d50   ARM Code     112  Os_mem.o(.text)
    OSMemPut                                 0x00001dc0   ARM Code     112  Os_mem.o(.text)
    OSMemQuery                               0x00001e30   ARM Code     116  Os_mem.o(.text)
    OS_MemInit                               0x00001ea4   ARM Code     104  Os_mem.o(.text)
    OSQAccept                                0x00001f14   ARM Code     136  Os_q.o(.text)
    OSQCreate                                0x00001f9c   ARM Code     200  Os_q.o(.text)
    OSQDel                                   0x00002064   ARM Code     344  Os_q.o(.text)
    OSQFlush                                 0x000021bc   ARM Code      88  Os_q.o(.text)
    OSQPend                                  0x00002214   ARM Code     308  Os_q.o(.text)
    OSQPost                                  0x00002348   ARM Code     208  Os_q.o(.text)
    OSQPostFront                             0x00002418   ARM Code     208  Os_q.o(.text)
    OSQPostOpt                               0x000024e8   ARM Code     308  Os_q.o(.text)
    OSQQuery                                 0x0000261c   ARM Code     160  Os_q.o(.text)
    OS_QInit                                 0x000026bc   ARM Code      68  Os_q.o(.text)
    OSSemAccept                              0x00002714   ARM Code      84  Os_sem.o(.text)
    OSSemCreate                              0x00002768   ARM Code     112  Os_sem.o(.text)
    OSSemDel                                 0x000027d8   ARM Code     308  Os_sem.o(.text)
    OSSemPend                                0x0000290c   ARM Code     228  Os_sem.o(.text)
    OSSemPost                                0x000029f0   ARM Code     140  Os_sem.o(.text)
    OSSemQuery                               0x00002a7c   ARM Code     112  Os_sem.o(.text)
    OSTaskChangePrio                         0x00002af8   ARM Code     372  Os_task.o(.text)
    OSTaskCreate                             0x00002c6c   ARM Code     216  Os_task.o(.text)
    OSTaskCreateExt                          0x00002d44   ARM Code     252  Os_task.o(.text)
    OSTaskDel                                0x00002e40   ARM Code     424  Os_task.o(.text)
    OSTaskDelReq                             0x00002fe8   ARM Code     132  Os_task.o(.text)
    OSTaskResume                             0x0000306c   ARM Code     172  Os_task.o(.text)
    OSTaskStkChk                             0x00003118   ARM Code     188  Os_task.o(.text)
    OSTaskSuspend                            0x000031d4   ARM Code     216  Os_task.o(.text)
    OSTaskQuery                              0x000032ac   ARM Code     156  Os_task.o(.text)
    OSTimeDly                                0x00003348   ARM Code      96  Os_time.o(.text)
    OSTimeDlyHMSM                            0x000033a8   ARM Code     208  Os_time.o(.text)
    OSTimeDlyResume                          0x00003478   ARM Code     168  Os_time.o(.text)
    OSTimeGet                                0x00003520   ARM Code      28  Os_time.o(.text)
    OSTimeSet                                0x0000353c   ARM Code      28  Os_time.o(.text)
    main                                     0x0000356c   ARM Code     212  main.o(.text)
    QueueCreate                              0x00003678   ARM Code     116  queue.o(.text)
    QueueRead                                0x000036ec   ARM Code     152  queue.o(.text)
    QueueWrite                               0x00003784   ARM Code     156  queue.o(.text)
    QueueWriteFront                          0x00003820   ARM Code     160  queue.o(.text)
    QueueNData                               0x000038c0   ARM Code      40  queue.o(.text)
    QueueSize                                0x000038e8   ARM Code      40  queue.o(.text)
    QueueFlush                               0x00003910   ARM Code      48  queue.o(.text)
    delay10us                                0x00003940   ARM Code      44  comm.o(.text)
    delayus                                  0x0000396c   ARM Code      48  comm.o(.text)
    CRCByte                                  0x0000399c   ARM Code      40  comm.o(.text)
    TimeDay                                  0x000039c4   ARM Code     268  comm.o(.text)
    TimeSec                                  0x00003ad0   ARM Code     276  comm.o(.text)
    GetDateTimeFromSecond                    0x00003be4   ARM Code     384  comm.o(.text)
    stoi                                     0x00003d64   ARM Code     292  comm.o(.text)
    Uart0WriteFull                           0x00003ea0   ARM Code      68  uart0.o(.text)
    UART0Init                                0x00003ee4   ARM Code     248  uart0.o(.text)
    RequestUart0                             0x000040cc   ARM Code     128  uart0.o(.text)
    FreeUart0                                0x0000414c   ARM Code      12  uart0.o(.text)
    Uart0SendByte                            0x00004158   ARM Code     156  uart0.o(.text)
    Uart0SendString                          0x000041f4   ARM Code     156  uart0.o(.text)
    Uart0SendBytes                           0x00004290   ARM Code     156  uart0.o(.text)
    Uart0RecByte                             0x0000432c   ARM Code     112  uart0.o(.text)
    UART0_Exception                          0x0000439c   ARM Code     188  uart0.o(.text)
    Uart1WriteFull                           0x00004478   ARM Code      68  uart1.o(.text)
    UART1Init                                0x000044bc   ARM Code     296  uart1.o(.text)
    RequestUart1                             0x000046dc   ARM Code     120  uart1.o(.text)
    FreeUart1                                0x00004754   ARM Code      12  uart1.o(.text)
    Uart1SendByte                            0x00004760   ARM Code     156  uart1.o(.text)
    Uart1SendString                          0x000047fc   ARM Code     156  uart1.o(.text)
    Uart1SendBytes                           0x00004898   ARM Code     156  uart1.o(.text)
    Uart1RecByte                             0x00004934   ARM Code     112  uart1.o(.text)
    UART1_Exception                          0x000049a4   ARM Code     184  uart1.o(.text)
    Spi0Init                                 0x00004a7c   ARM Code     168  spi0.o(.text)
    SpiDataHandle                            0x00004b24   ARM Code     780  spi0.o(.text)
    Spi0_Exception                           0x00004e30   ARM Code      64  spi0.o(.text)
    I2c0Init                                 0x00004e8c   ARM Code     112  i2c0.o(.text)
    I2c0WriteBytes                           0x00004efc   ARM Code      88  i2c0.o(.text)
    I2c0ReadBytes                            0x00004f54   ARM Code     124  i2c0.o(.text)
    I2c0WriteReadBytes                       0x00004fd0   ARM Code     128  i2c0.o(.text)
    I2c0_Exception                           0x00005050   ARM Code     476  i2c0.o(.text)
    IoInit                                   0x00005238   ARM Code     340  IO_driver.o(.text)
    Io2Exception                             0x0000538c   ARM Code     424  IO_driver.o(.text)
    print_mode                               0x00005550   ARM Code      52  print_machine.o(.text)
    freed                                    0x00005584   ARM Code      52  print_machine.o(.text)
    back                                     0x000055b8   ARM Code      52  print_machine.o(.text)
    CutALL                                   0x000055ec   ARM Code      60  print_machine.o(.text)
    cut                                      0x00005628   ARM Code      72  print_machine.o(.text)
    get_point                                0x00005670   ARM Code      72  print_machine.o(.text)
    set_thick                                0x000056b8   ARM Code      52  print_machine.o(.text)
    set_position                             0x000056ec   ARM Code      52  print_machine.o(.text)
    SetLeftMargin                            0x00005720   ARM Code      52  print_machine.o(.text)
    Ent                                      0x00005754   ARM Code      60  print_machine.o(.text)
    PrintAmount                              0x00005790   ARM Code    1200  print_machine.o(.text)
    PrintReceipt                             0x00005c40   ARM Code    1012  print_machine.o(.text)
    TaskPTRExe                               0x00006034   ARM Code     676  print_machine.o(.text)
    ChipCommInit                             0x000062d8   ARM Code       4  chip_communication.o(.text)
    TaskChipComm                             0x000062dc   ARM Code     808  chip_communication.o(.text)
    GetTradeSt                               0x00006604   ARM Code      16  chip_communication.o(.text)
    sendCommand                              0x00006614   ARM Code     748  coin_machine.o(.text)
    strLen                                   0x00006900   ARM Code      60  coin_machine.o(.text)
    checkSum                                 0x0000693c   ARM Code     104  coin_machine.o(.text)
    calSr5Method                             0x000069a4   ARM Code    3820  coin_machine.o(.text)
    dispenseCoin                             0x00007890   ARM Code     568  coin_machine.o(.text)
    TaskHopperExe                            0x00007ac8   ARM Code     280  coin_machine.o(.text)
    Crt188Init                               0x00007bf0   ARM Code     120  crt_188_dy1.o(.text)
    Crt188SendCmd                            0x00007c68   ARM Code     180  crt_188_dy1.o(.text)
    Crt188GetACK                             0x00007d1c   ARM Code     108  crt_188_dy1.o(.text)
    Crt188GetENQ                             0x00007d88   ARM Code     304  crt_188_dy1.o(.text)
    Crt188CommandHandle                      0x00007eb8   ARM Code     320  crt_188_dy1.o(.text)
    Crt188Reset                              0x00007ff8   ARM Code      88  crt_188_dy1.o(.text)
    Crt188ReadCardType                       0x00008050   ARM Code     596  crt_188_dy1.o(.text)
    Crt188ReadState                          0x000082a4   ARM Code     104  crt_188_dy1.o(.text)
    Crt188SetType24CXX                       0x0000830c   ARM Code     240  crt_188_dy1.o(.text)
    Crt188Read24CXX                          0x000083fc   ARM Code     312  crt_188_dy1.o(.text)
    Crt188Write24CXX                         0x00008534   ARM Code     308  crt_188_dy1.o(.text)
    Crt188ICPower                            0x00008668   ARM Code     108  crt_188_dy1.o(.text)
    Crt188CPUCardColdReset                   0x000086d4   ARM Code      92  crt_188_dy1.o(.text)
    Crt188CPUCardHotReset                    0x00008730   ARM Code      92  crt_188_dy1.o(.text)
    Crt188CPUT0CardOp                        0x0000878c   ARM Code       8  crt_188_dy1.o(.text)
    Crt188CPUT1CardOp                        0x00008794   ARM Code       8  crt_188_dy1.o(.text)
    TaskICCard                               0x0000879c   ARM Code     916  crt_188_dy1.o(.text)
    SDM2000SendCommand                       0x00008b44   ARM Code     256  note_machine.o(.text)
    GetNoteACK                               0x00008c44   ARM Code     120  note_machine.o(.text)
    GetNoteENQ                               0x00008cbc   ARM Code     308  note_machine.o(.text)
    SDM2000CommandHandle                     0x00008df0   ARM Code     488  note_machine.o(.text)
    Sdm2000Rest                              0x00008fd8   ARM Code      88  note_machine.o(.text)
    Sdm2000ReadState                         0x00009030   ARM Code      56  note_machine.o(.text)
    Sdm2000Diagnostics                       0x00009068   ARM Code      56  note_machine.o(.text)
    Sdm2000LastState                         0x000090a0   ARM Code      56  note_machine.o(.text)
    Sdm2000ConfigurationStatus               0x000090d8   ARM Code       8  note_machine.o(.text)
    Sdm2000SetBillThickness                  0x000090e0   ARM Code       8  note_machine.o(.text)
    Sdm2000GetBillThickness                  0x000090e8   ARM Code       8  note_machine.o(.text)
    Sdm2000SetBillSize                       0x000090f0   ARM Code       8  note_machine.o(.text)
    Sdm2000GetBillSize                       0x000090f8   ARM Code       8  note_machine.o(.text)
    Sdm2000MultiCassetteDispense             0x00009100   ARM Code      92  note_machine.o(.text)
    Sdm2000LearnBillParameter                0x0000915c   ARM Code       8  note_machine.o(.text)
    Sdm2000ReportRejectReason                0x00009164   ARM Code      56  note_machine.o(.text)
    Sdm2000SensorRead                        0x0000919c   ARM Code       8  note_machine.o(.text)
    Sdm2000TotalCounterReadClear             0x000091a4   ARM Code      72  note_machine.o(.text)
    CassetteDispense                         0x000091ec   ARM Code     160  note_machine.o(.text)
    NoteMachineInit                          0x0000928c   ARM Code     160  note_machine.o(.text)
    NoteDispenseBill                         0x0000932c   ARM Code     144  note_machine.o(.text)
    TaskNoteMachine                          0x000093bc   ARM Code    1172  note_machine.o(.text)
    ftoi                                     0x00009850   ARM Code     164  gps.o(.text)
    GetAndCheckNMEAGpsData                   0x000098f4   ARM Code     268  gps.o(.text)
    ParseNMEAGpsData                         0x00009a00   ARM Code     172  gps.o(.text)
    ExtractNMEAGpsData                       0x00009aac   ARM Code     108  gps.o(.text)
    GgaHandleFunc                            0x00009b18   ARM Code       8  gps.o(.text)
    GllHandleFunc                            0x00009b20   ARM Code       8  gps.o(.text)
    GsaHandleFunc                            0x00009b28   ARM Code       8  gps.o(.text)
    GsvHandleFunc                            0x00009b30   ARM Code       8  gps.o(.text)
    RmcHandleFunc                            0x00009b38   ARM Code      60  gps.o(.text)
    VtgHandleFunc                            0x00009b74   ARM Code       8  gps.o(.text)
    ZdaHandleFunc                            0x00009b7c   ARM Code       8  gps.o(.text)
    gps_init                                 0x00009b84   ARM Code       4  gps.o(.text)
    TaskGPS                                  0x00009b88   ARM Code     768  gps.o(.text)
    Syn6288Init                              0x00009ee0   ARM Code       4  syn6288.o(.text)
    Syn6288SendFrame                         0x00009ee4   ARM Code     224  syn6288.o(.text)
    Syn6288Test                              0x00009fc4   ARM Code      84  syn6288.o(.text)
    Syn6288Speak                             0x0000a018   ARM Code     116  syn6288.o(.text)
    ChangeBaudrate                           0x0000a08c   ARM Code      64  syn6288.o(.text)
    Syn6288Stop                              0x0000a0cc   ARM Code      56  syn6288.o(.text)
    Syn6288Pause                             0x0000a104   ARM Code      60  syn6288.o(.text)
    Syn6288Recover                           0x0000a140   ARM Code      60  syn6288.o(.text)
    Syn6288ReadState                         0x0000a17c   ARM Code      60  syn6288.o(.text)
    Syn6288PowerDown                         0x0000a1b8   ARM Code      60  syn6288.o(.text)
    TaskTest                                 0x0000a1fc   ARM Code    1432  test.o(.text)
    GetDeviceAddr                            0x0000a7a0   ARM Code      72  config_manage.o(.text)
    SetDeviceAddr                            0x0000a7e8   ARM Code      76  config_manage.o(.text)
    RequestUart                              0x0000a834   ARM Code      96  config_manage.o(.text)
    FreeUart                                 0x0000a894   ARM Code      68  config_manage.o(.text)
    _main_redirection                        0x0000a8dc   ARM Code       4  _no_redirect.o(.text)
    _main                                    0x0000a8e0   ARM Code       4  _no_redirect.o(.text)
    _sprintf                                 0x0000a8e4   ARM Code     104  _sprintf.o(.text)
    memcmp                                   0x0000a954   ARM Code     128  memcmp.o(.text)
    srand                                    0x0000a9d4   ARM Code      68  rand.o(.text)
    _rand_init                               0x0000aa18   ARM Code      72  rand.o(.text)
    rand                                     0x0000aa60   ARM Code      96  rand.o(.text)
    __rt_memclr                              0x0000aad0   ARM Code      68  rt_memclr.o(.text)
    _memset                                  0x0000aad4   ARM Code       0  rt_memclr.o(.text)
    __rt_memclr_w                            0x0000ab14   ARM Code      88  rt_memclr_w.o(.text)
    _memset_w                                0x0000ab18   ARM Code       0  rt_memclr_w.o(.text)
    __rt_memcpy                              0x0000ab6c   ARM Code     180  rt_memcpy.o(.text)
    __rt_memcpy_w                            0x0000ac20   ARM Code     108  rt_memcpy_w.o(.text)
    _memcpy_lastbytes                        0x0000ac6c   ARM Code       0  rt_memcpy_w.o(.text)
    __rt_udiv                                0x0000ac8c   ARM Code     192  rt_udiv.o(.text)
    __rt_udiv10                              0x0000ad4c   ARM Code      44  rtudiv10.o(.text)
    strlen                                   0x0000ad78   ARM Code     100  strlen.o(.text)
    strncmp                                  0x0000ade0   ARM Code     120  strncmp.o(.text)
    strtol                                   0x0000ae5c   ARM Code     192  strtol.o(.text)
    __32__use_no_semihosting_swi             0x0000af1c   ARM Code       0  use_no_semi.o(.text)
    __semihosting_swi_guard                  0x0000af1c   ARM Code       0  use_no_semi.o(.text)
    __use_no_semihosting_swi                 0x0000af1c   ARM Code       4  use_no_semi.o(.text)
    __vfprintf                               0x0000af20   ARM Code    2056  __vfpntf.o(.text)
    _sputc                                   0x0000bc58   ARM Code      20  _sputc.o(.text)
    _serror                                  0x0000bc6c   ARM Code       8  _sputc.o(.text)
    _strtoul                                 0x0000bc74   ARM Code     264  _strtoul.o(.text)
    __rt_entry                               0x0000bd7c   ARM Code       0  kernel.o(.text)
    __32__rt_exit                            0x0000bd8c   ARM Code       0  kernel.o(.text)
    __rt_exit                                0x0000bd8c   ARM Code      16  kernel.o(.text)
    __32__rt_abort                           0x0000bd9c   ARM Code       0  kernel.o(.text)
    __rt_abort                               0x0000bd9c   ARM Code       8  kernel.o(.text)
    __rt_ctype_table                         0x0000bda4   ARM Code      20  rt_ctype_table.o(.text)
    __rt_errno_addr                          0x0000bdb8   ARM Code      12  rt_errno_addr.o(.text)
    _chval                                   0x0000bdc4   ARM Code      32  _chval.o(.text)
    exit                                     0x0000bde4   ARM Code      24  exit.o(.text)
    _get_lc_ctype                            0x0000bdfc   ARM Code      60  lc_ctype_c.o(.text)
    __rt_lib_init                            0x0000be38   ARM Code     228  lib_init.o(.text)
    __rt_lib_shutdown                        0x0000bf1c   ARM Code      20  lib_init.o(.text)
    __user_libspace                          0x0000bf34   ARM Code       8  libspace.o(.text)
    _ll_udiv10                               0x0000bf40   ARM Code     152  lludiv10.o(.text)
    __rt_stackheap_init                      0x0000bfd8   ARM Code     144  stkheap1.o(.text)
    __rt_heap_extend                         0x0000c068   ARM Code     108  stkheap1.o(.text)
    _no_fp_display                           0x0000c0d4   ARM Code       8  nofpdisp.o(.text)
    strcmp                                   0x0000c0e0   ARM Code     156  strcmp.o(.text)
    __rt_fp_status_addr                      0x0000c17c   ARM Code      16  rt_fp_status_addr.o(.text)
    IRQ_Handler                              0x0000c18c   ARM Code       0  IRQ.o(IRQ)
    Uart0_Handler                            0x0000c20c   ARM Code       0  IRQ.o(IRQ)
    Uart1_Handler                            0x0000c28c   ARM Code       0  IRQ.o(IRQ)
    Spi0_Handler                             0x0000c30c   ARM Code       0  IRQ.o(IRQ)
    I2c0_Handler                             0x0000c38c   ARM Code       0  IRQ.o(IRQ)
    Timer0_Handler                           0x0000c40c   ARM Code       0  IRQ.o(IRQ)
    Io2_Handler                              0x0000c48c   ARM Code       0  IRQ.o(IRQ)
    SoftwareInterrupt                        0x0000c524   ARM Code       0  Os_cpu_a.o(subr)
    OSIntCtxSw                               0x0000c560   ARM Code       0  Os_cpu_a.o(subr)
    __OSStartHighRdy                         0x0000c5f4   ARM Code       0  Os_cpu_a.o(subr)
    _fp_init                                 0x0000c634   ARM Code      20  fpinit.o(x$fpl$fpinit)
    __fplib_config_pureend_doubles           0x0000c644   ARM Code       0  fpinit.o(x$fpl$fpinit)
    _fp_display_gate                         0x0000c648   ARM Code       4  printf2.o(x$fpl$printf2)
    OSMapTbl                                 0x0000c64c   Data           8  Os_core.o(.constdata)
    OSUnMapTbl                               0x0000c654   Data         256  Os_core.o(.constdata)
    DayOfMon                                 0x0000c754   Data          12  comm.o(.constdata)
    sr5PollStr                               0x0000c760   Data           5  coin_machine.o(.constdata)
    sr5Selfcheck                             0x0000c765   Data           5  coin_machine.o(.constdata)
    recCoinPoll                              0x0000c76a   Data           5  coin_machine.o(.constdata)
    readCoinState                            0x0000c76f   Data           5  coin_machine.o(.constdata)
    hopperPoll                               0x0000c774   Data           5  coin_machine.o(.constdata)
    hopperRequestStatus                      0x0000c779   Data           5  coin_machine.o(.constdata)
    hopperRequestKey                         0x0000c77e   Data           5  coin_machine.o(.constdata)
    hopperDispenseAccount                    0x0000c783   Data           5  coin_machine.o(.constdata)
    hopperEmergencyStop                      0x0000c788   Data           5  coin_machine.o(.constdata)
    hopperReset                              0x0000c78d   Data           5  coin_machine.o(.constdata)
    hopperTest                               0x0000c792   Data           5  coin_machine.o(.constdata)
    hopperQuerySensor                        0x0000c797   Data           5  coin_machine.o(.constdata)
    hopperPoll_bak                           0x0000c79c   Data           5  coin_machine.o(.constdata)
    hopperRequestStatus_bak                  0x0000c7a1   Data           5  coin_machine.o(.constdata)
    hopperRequestKey_bak                     0x0000c7a6   Data           5  coin_machine.o(.constdata)
    hopperDispenseAccount_bak                0x0000c7ab   Data           5  coin_machine.o(.constdata)
    hopperEmergencyStop_bak                  0x0000c7b0   Data           5  coin_machine.o(.constdata)
    hopperReset_bak                          0x0000c7b5   Data           5  coin_machine.o(.constdata)
    hopperTest_bak                           0x0000c7ba   Data           5  coin_machine.o(.constdata)
    hopperQuerySensor_bak                    0x0000c7bf   Data           5  coin_machine.o(.constdata)
    hopperEnable                             0x0000c7c4   Data           6  coin_machine.o(.constdata)
    hopperEnable_bak                         0x0000c7ca   Data           6  coin_machine.o(.constdata)
    colseCoinRec                             0x0000c7d0   Data           7  coin_machine.o(.constdata)
    gsa_argu                                 0x0000c7d8   Data           8  gps.o(.constdata)
    gsv_argu                                 0x0000c7e0   Data           8  gps.o(.constdata)
    gga_argu                                 0x0000c7e8   Data          48  gps.o(.constdata)
    gll_argu                                 0x0000c818   Data          48  gps.o(.constdata)
    rmc_argu                                 0x0000c848   Data          56  gps.o(.constdata)
    vtg_argu                                 0x0000c880   Data          16  gps.o(.constdata)
    zda_argu                                 0x0000c890   Data          24  gps.o(.constdata)
    gpsaddr                                  0x0000c8a8   Data          32  gps.o(.constdata)
    __ctype                                  0x0000c8fd   Data         256  lc_ctype_c.o(.constdata)
    Region$$Table$$Base                      0x0000ca00   Data           0  anon$$obj.o(Region$$Table)
    Region$$Table$$Limit                     0x0000ca30   Data           0  anon$$obj.o(Region$$Table)
    ZISection$$Table$$Base                   0x0000ca30   Data           0  anon$$obj.o(ZISection$$Table)
    ZISection$$Table$$Limit                  0x0000ca40   Data           0  anon$$obj.o(ZISection$$Table)
    df_card                                  0x40000000   Data           4  ic_card.o(.data)
    modifyCoinstyle                          0x40000004   Data           7  coin_machine.o(.data)
    modifyPath                               0x4000000b   Data           7  coin_machine.o(.data)
    hopperDispense                           0x40000012   Data          14  coin_machine.o(.data)
    hopperDispense_bak                       0x40000020   Data          14  coin_machine.o(.data)
    cashbox1_note_amount                     0x40000030   Data           4  note_machine.o(.data)
    cashbox2_note_amount                     0x40000034   Data           4  note_machine.o(.data)
    OsEnterSum                               0x40000038   Data           4  Os_cpu_c.o(.bss)
    OSCPUUsage                               0x4000003c   Data           1  Os_core.o(.bss)
    OSStatRdy                                0x4000003d   Data           1  Os_core.o(.bss)
    OSIntNesting                             0x4000003e   Data           1  Os_core.o(.bss)
    OSIntExitY                               0x4000003f   Data           1  Os_core.o(.bss)
    OSLockNesting                            0x40000040   Data           1  Os_core.o(.bss)
    OSPrioCur                                0x40000041   Data           1  Os_core.o(.bss)
    OSPrioHighRdy                            0x40000042   Data           1  Os_core.o(.bss)
    OSRdyGrp                                 0x40000043   Data           1  Os_core.o(.bss)
    OSRunning                                0x40000044   Data           1  Os_core.o(.bss)
    OSTaskCtr                                0x40000045   Data           1  Os_core.o(.bss)
    OSRdyTbl                                 0x40000046   Data           3  Os_core.o(.bss)
    OSCtxSwCtr                               0x4000004c   Data           4  Os_core.o(.bss)
    OSEventFreeList                          0x40000050   Data           4  Os_core.o(.bss)
    OSIdleCtrMax                             0x40000054   Data           4  Os_core.o(.bss)
    OSIdleCtrRun                             0x40000058   Data           4  Os_core.o(.bss)
    OSIdleCtr                                0x4000005c   Data           4  Os_core.o(.bss)
    OSTCBCur                                 0x40000060   Data           4  Os_core.o(.bss)
    OSTCBFreeList                            0x40000064   Data           4  Os_core.o(.bss)
    OSTCBHighRdy                             0x40000068   Data           4  Os_core.o(.bss)
    OSTCBList                                0x4000006c   Data           4  Os_core.o(.bss)
    OSTime                                   0x40000070   Data           4  Os_core.o(.bss)
    OSEventTbl                               0x40000074   Data         180  Os_core.o(.bss)
    OSTaskStatStk                            0x40000128   Data        1024  Os_core.o(.bss)
    OSTaskIdleStk                            0x40000528   Data        1024  Os_core.o(.bss)
    OSTCBPrioTbl                             0x40000928   Data          84  Os_core.o(.bss)
    OSTCBTbl                                 0x4000097c   Data         884  Os_core.o(.bss)
    OSFlagTbl                                0x40000cf0   Data          60  Os_core.o(.bss)
    OSFlagFreeList                           0x40000d2c   Data           4  Os_core.o(.bss)
    OSMemFreeList                            0x40000d30   Data           4  Os_core.o(.bss)
    OSMemTbl                                 0x40000d34   Data         100  Os_core.o(.bss)
    OSQFreeList                              0x40000d98   Data           4  Os_core.o(.bss)
    OSQTbl                                   0x40000d9c   Data          48  Os_core.o(.bss)
    TaskTestStk                              0x40000dcc   Data         512  main.o(.bss)
    TaskCrt188Stk                            0x40000fcc   Data        1024  main.o(.bss)
    TaskNoteMachineStk                       0x400013cc   Data        1024  main.o(.bss)
    TaskPTRExeStk                            0x400017cc   Data        1024  main.o(.bss)
    TaskGPSStk                               0x40001bcc   Data        1024  main.o(.bss)
    TaskHopperExeStk                         0x40001fcc   Data        1024  main.o(.bss)
    TaskChipCommStk                          0x400023cc   Data        1024  main.o(.bss)
    Uart1Sem                                 0x400028dc   Data           4  uart1.o(.bss)
    UART1SendBuf                             0x400028e4   Data         128  uart1.o(.bss)
    UART1RecBuf                              0x40002964   Data         256  uart1.o(.bss)
    spi0_send_data                           0x40002a67   Data           1  spi0.o(.bss)
    spi0_rec_data                            0x40002a68   Data           1  spi0.o(.bss)
    spi0_mbox                                0x40002a74   Data           4  spi0.o(.bss)
    spi0_tick                                0x40002a78   Data           4  spi0.o(.bss)
    spi_data_temp                            0x40002a7c   Data          32  spi0.o(.bss)
    data_pond                                0x40002a9c   Data          64  spi0.o(.bss)
    spi0_state                               0x40002adc   Data           1  spi0.o(.bss)
    df_card_data                             0x40002af8   Data         102  ic_card.o(.bss)
    sys_state                                0x40002b60   Data          20  sys_state.o(.bss)
    print_exe                                0x40002b74   Data           1  sys_state.o(.bss)
    print_buffer                             0x40002b75   Data          64  print_machine.o(.bss)
    device_control                           0x40002bb8   Data         172  chip_communication.o(.bss)
    curr_line                                0x40002c64   Data         612  chip_communication.o(.bss)
    sys_config_ram                           0x40002ec8   Data         100  eeprom.o(.bss)
    hopperR1State                            0x40002f2c   Data           1  coin_machine.o(.bss)
    hopperR2State                            0x40002f2d   Data           1  coin_machine.o(.bss)
    hopperR1State2                           0x40002f2e   Data           1  coin_machine.o(.bss)
    hopperR2State2                           0x40002f2f   Data           1  coin_machine.o(.bss)
    hopperChannge                            0x40002f30   Data           1  coin_machine.o(.bss)
    stopDispense                             0x40002f31   Data           1  coin_machine.o(.bss)
    uartnum_Sr                               0x40002f32   Data           1  coin_machine.o(.bss)
    clearCoinNum                             0x40002f34   Data           2  coin_machine.o(.bss)
    coin_machine_cmd                         0x40002f36   Data           2  coin_machine.o(.bss)
    RequestDisAccout                         0x40002f38   Data           4  coin_machine.o(.bss)
    rcv_buf_Sr                               0x40002f3c   Data          32  coin_machine.o(.bss)
    card_machine_state                       0x40002f5c   Data           1  crt_188_dy1.o(.bss)
    crt188_cmd_temp                          0x40002f6c   Data         140  crt_188_dy1.o(.bss)
    note_machine_cmd                         0x40002ff8   Data           3  note_machine.o(.bss)
    pHopBox1                                 0x40002ffc   Data           4  note_machine.o(.bss)
    bill_to_note                             0x40003000   Data           4  note_machine.o(.bss)
    bill_signal                              0x40003004   Data           4  note_machine.o(.bss)
    gps_tick                                 0x4000305c   Data           2  gps.o(.bss)
    move_speed_c                             0x4000305e   Data           7  gps.o(.bss)
    date_c                                   0x40003065   Data           7  gps.o(.bss)
    gps_time                                 0x4000306c   Data           8  gps.o(.bss)
    latitude_c                               0x40003074   Data          11  gps.o(.bss)
    longitude_c                              0x4000307f   Data          12  gps.o(.bss)
    time_c                                   0x4000308b   Data          10  gps.o(.bss)
    gps_data                                 0x40003098   Data          20  gps.o(.bss)
    latitude_indicator                       0x400030ac   Data           1  gps.o(.bss)
    longitude_indicator                      0x400030ad   Data           1  gps.o(.bss)
    year_c                                   0x400030ae   Data           5  gps.o(.bss)
    testitem                                 0x400030b3   Data           1  test.o(.bss)
    config_ram                               0x400030b4   Data         192  config_manage.o(.bss)
    bottom_of_heap                           0x40003458   Data           1  Startup.o(Heap)
    StackUsr                                 0x40008000   Data           0  Startup.o(Stacks)


================================================================================

Memory Map of the image

  Image Entry point : 0x00000000

  Load Region ROM_LOAD (Base: 0x00000000, Size: 0x0000ca78, Max: 0xffffffff, ABSOLUTE)

    Execution Region ROM_EXEC (Base: 0x00000000, Size: 0x0000ca40, Max: 0xffffffff, ABSOLUTE)

    Base Addr    Size         Type   Attr  Idx  E Section Name        Object

    0x00000000   0x000000b8   Code   RO   179   * vectors             Startup.o
    0x000000b8   0x000000a8   Code   RO   578   * !!!                 __main.o(c_a__un.l)
    0x00000160   0x00000184   Code   RO     6     .text               Os_cpu_c.o
    0x000002e4   0x000002b4   Code   RO   147     .text               target.o
    0x00000598   0x00000884   Code   RO   186     .text               Os_core.o
    0x00000e1c   0x0000097c   Code   RO   214     .text               Os_flag.o
    0x00001798   0x000004c8   Code   RO   223     .text               Os_mbox.o
    0x00001c60   0x000002b4   Code   RO   232     .text               Os_mem.o
    0x00001f14   0x00000800   Code   RO   250     .text               Os_q.o
    0x00002714   0x000003e4   Code   RO   259     .text               Os_sem.o
    0x00002af8   0x00000850   Code   RO   268     .text               Os_task.o
    0x00003348   0x00000224   Code   RO   277     .text               Os_time.o
    0x0000356c   0x0000010c   Code   RO   286     .text               main.o
    0x00003678   0x000002c8   Code   RO   297     .text               queue.o
    0x00003940   0x00000560   Code   RO   306     .text               comm.o
    0x00003ea0   0x000005d8   Code   RO   317     .text               uart0.o
    0x00004478   0x00000604   Code   RO   328     .text               uart1.o
    0x00004a7c   0x00000410   Code   RO   340     .text               spi0.o
    0x00004e8c   0x000003ac   Code   RO   355     .text               i2c0.o
    0x00005238   0x00000318   Code   RO   404     .text               IO_driver.o
    0x00005550   0x00000d88   Code   RO   415     .text               print_machine.o
    0x000062d8   0x0000033c   Code   RO   431     .text               chip_communication.o
    0x00006614   0x000015dc   Code   RO   462     .text               coin_machine.o
    0x00007bf0   0x00000f54   Code   RO   481     .text               crt_188_dy1.o
    0x00008b44   0x00000d0c   Code   RO   492     .text               note_machine.o
    0x00009850   0x00000690   Code   RO   508     .text               gps.o
    0x00009ee0   0x0000031c   Code   RO   541     .text               syn6288.o
    0x0000a1fc   0x000005a4   Code   RO   551     .text               test.o
    0x0000a7a0   0x0000013c   Code   RO   564     .text               config_manage.o
    0x0000a8dc   0x00000008   Code   RO   580     .text               _no_redirect.o(c_a__un.l)
    0x0000a8e4   0x00000070   Code   RO   582     .text               _sprintf.o(c_a__un.l)
    0x0000a954   0x00000080   Code   RO   584     .text               memcmp.o(c_a__un.l)
    0x0000a9d4   0x000000fc   Code   RO   586     .text               rand.o(c_a__un.l)
    0x0000aad0   0x00000044   Code   RO   589     .text               rt_memclr.o(c_a__un.l)
    0x0000ab14   0x00000058   Code   RO   591     .text               rt_memclr_w.o(c_a__un.l)
    0x0000ab6c   0x000000b4   Code   RO   593     .text               rt_memcpy.o(c_a__un.l)
    0x0000ac20   0x0000006c   Code   RO   595     .text               rt_memcpy_w.o(c_a__un.l)
    0x0000ac8c   0x000000c0   Code   RO   597     .text               rt_udiv.o(c_a__un.l)
    0x0000ad4c   0x0000002c   Code   RO   599     .text               rtudiv10.o(c_a__un.l)
    0x0000ad78   0x00000068   Code   RO   601     .text               strlen.o(c_a__un.l)
    0x0000ade0   0x0000007c   Code   RO   603     .text               strncmp.o(c_a__un.l)
    0x0000ae5c   0x000000c0   Code   RO   605     .text               strtol.o(c_a__un.l)
    0x0000af1c   0x00000004   Code   RO   607     .text               use_no_semi.o(c_a__un.l)
    0x0000af20   0x00000d38   Code   RO   609     .text               __vfpntf.o(c_a__un.l)
    0x0000bc58   0x0000001c   Code   RO   611     .text               _sputc.o(c_a__un.l)
    0x0000bc74   0x00000108   Code   RO   613     .text               _strtoul.o(c_a__un.l)
    0x0000bd7c   0x00000028   Code   RO   615     .text               kernel.o(c_a__un.l)
    0x0000bda4   0x00000014   Code   RO   617     .text               rt_ctype_table.o(c_a__un.l)
    0x0000bdb8   0x0000000c   Code   RO   619     .text               rt_errno_addr.o(c_a__un.l)
    0x0000bdc4   0x00000020   Code   RO   621     .text               _chval.o(c_a__un.l)
    0x0000bde4   0x00000018   Code   RO   623     .text               exit.o(c_a__un.l)
    0x0000bdfc   0x0000003c   Code   RO   625     .text               lc_ctype_c.o(c_a__un.l)
    0x0000be38   0x000000fc   Code   RO   628     .text               lib_init.o(c_a__un.l)
    0x0000bf34   0x0000000c   Code   RO   630     .text               libspace.o(c_a__un.l)
    0x0000bf40   0x00000098   Code   RO   633     .text               lludiv10.o(c_a__un.l)
    0x0000bfd8   0x000000fc   Code   RO   635     .text               stkheap1.o(c_a__un.l)
    0x0000c0d4   0x00000008   Code   RO   639     .text               nofpdisp.o(c_a__un.l)
    0x0000c0dc   0x000000a0   Code   RO   641     .text               strcmp.o(c_a__un.l)
    0x0000c17c   0x00000010   Code   RO   645     .text               rt_fp_status_addr.o(c_a__un.l)
    0x0000c18c   0x00000398   Code   RO   175     IRQ                 IRQ.o
    0x0000c524   0x00000110   Code   RO     1     subr                Os_cpu_a.o
    0x0000c634   0x00000014   Code   RO   643     x$fpl$fpinit        fpinit.o(f_a_p.l)
    0x0000c648   0x00000004   Code   RO   637     x$fpl$printf2       printf2.o(f_a_p.l)
    0x0000c64c   0x00000108   Data   RO   187     .constdata          Os_core.o
    0x0000c754   0x0000000c   Data   RO   307     .constdata          comm.o
    0x0000c760   0x00000077   Data   RO   464     .constdata          coin_machine.o
    0x0000c7d7   0x00000001   PAD
    0x0000c7d8   0x000000f0   Data   RO   509     .constdata          gps.o
    0x0000c8c8   0x0000000e   Data   RO   542     .constdata          syn6288.o
    0x0000c8d6   0x00000018   Data   RO   552     .constdata          test.o
    0x0000c8ee   0x00000002   PAD
    0x0000c8f0   0x00000110   Data   RO   626     .constdata          lc_ctype_c.o(c_a__un.l)
    0x0000ca00   0x00000030   Data   RO   647     Region$$Table       anon$$obj.o
    0x0000ca30   0x00000010   Data   RO   648     ZISection$$Table    anon$$obj.o


    Execution Region IRAM (Base: 0x40000000, Size: 0x00003458, Max: 0xffffffff, ABSOLUTE)

    Base Addr    Size         Type   Attr  Idx  E Section Name        Object

    0x40000000   0x00000004   Data   RW   366     .data               ic_card.o
    0x40000004   0x0000002a   Data   RW   463     .data               coin_machine.o
    0x4000002e   0x00000002   PAD
    0x40000030   0x00000008   Data   RW   493     .data               note_machine.o
    0x40000038   0x00000004   Zero   RW     7     .bss                Os_cpu_c.o
    0x4000003c   0x00000cb4   Zero   RW   188     .bss                Os_core.o
    0x40000cf0   0x0000003c   Zero   RW   189     .bss                Os_core.o
    0x40000d2c   0x00000004   Zero   RW   190     .bss                Os_core.o
    0x40000d30   0x00000004   Zero   RW   191     .bss                Os_core.o
    0x40000d34   0x00000064   Zero   RW   192     .bss                Os_core.o
    0x40000d98   0x00000004   Zero   RW   193     .bss                Os_core.o
    0x40000d9c   0x00000030   Zero   RW   194     .bss                Os_core.o
    0x40000dcc   0x00001a00   Zero   RW   287     .bss                main.o
    0x400027cc   0x0000010c   Zero   RW   318     .bss                uart0.o
    0x400028d8   0x0000018c   Zero   RW   329     .bss                uart1.o
    0x40002a64   0x00000078   Zero   RW   341     .bss                spi0.o
    0x40002adc   0x00000001   Zero   RW   342     .bss                spi0.o
    0x40002add   0x00000003   PAD
    0x40002ae0   0x00000018   Zero   RW   356     .bss                i2c0.o
    0x40002af8   0x00000066   Zero   RW   367     .bss                ic_card.o
    0x40002b5e   0x00000002   PAD
    0x40002b60   0x00000014   Zero   RW   381     .bss                sys_state.o
    0x40002b74   0x00000001   Zero   RW   384     .bss                sys_state.o
    0x40002b75   0x00000040   Zero   RW   416     .bss                print_machine.o
    0x40002bb5   0x00000003   PAD
    0x40002bb8   0x000000ac   Zero   RW   432     .bss                chip_communication.o
    0x40002c64   0x00000264   Zero   RW   434     .bss                chip_communication.o
    0x40002ec8   0x00000064   Zero   RW   448     .bss                eeprom.o
    0x40002f2c   0x00000030   Zero   RW   465     .bss                coin_machine.o
    0x40002f5c   0x0000009c   Zero   RW   482     .bss                crt_188_dy1.o
    0x40002ff8   0x00000064   Zero   RW   494     .bss                note_machine.o
    0x4000305c   0x00000050   Zero   RW   510     .bss                gps.o
    0x400030ac   0x00000001   Zero   RW   511     .bss                gps.o
    0x400030ad   0x00000001   Zero   RW   512     .bss                gps.o
    0x400030ae   0x00000005   Zero   RW   513     .bss                gps.o
    0x400030b3   0x00000001   Zero   RW   553     .bss                test.o
    0x400030b4   0x000000c0   Zero   RW   565     .bss                config_manage.o
    0x40003174   0x000000e4   Zero   RW   587     .bss                rand.o(c_a__un.l)
    0x40003258   0x00000060   Zero   RW   631     .bss                libspace.o(c_a__un.l)
    0x400032b8   0x00000120   Zero   RW   180     MyStacks            Startup.o
    0x400033d8   0x00000080   Zero   RW     2     SWIStacks           Os_cpu_a.o


    Execution Region HEAP (Base: 0x40003458, Size: 0x00000004, Max: 0xffffffff, ABSOLUTE, UNINIT)

    Base Addr    Size         Type   Attr  Idx  E Section Name        Object

    0x40003458   0x00000004   Zero   RW   181     Heap                Startup.o


    Execution Region STACKS (Base: 0x40008000, Size: 0x00000000, Max: 0xffffffff, ABSOLUTE, UNINIT)

    Base Addr    Size         Type   Attr  Idx  E Section Name        Object

    0x40008000   0x00000000   Zero   RW   182     Stacks              Startup.o



  Load Region LR$$Debug (Base: 0x00000000, Size: 0x00000000, Max: 0xffffffff, ABSOLUTE)

    Execution Region ER$$Debug (Base: 0x00000000, Size: 0x00000000, Max: 0xffffffff, ABSOLUTE)

    Base Addr    Size         Type   Attr  Idx  E Section Name        Object

    0x00000000   0x00000010   Dbug   RW     5     .debug_abbrev       Os_cpu_a.o
    0x00000010   0x000003ec   Dbug   RW    16     .debug_abbrev       Os_cpu_c.o
    0x000003fc   0x00000010   Dbug   RW   178     .debug_abbrev       IRQ.o
    0x0000040c   0x00000010   Dbug   RW   185     .debug_abbrev       Startup.o
    0x00000000   0x000000f8   Dbug   RW    15     .debug_frame        Os_cpu_c.o
    0x000000f8   0x000001a8   Dbug   RW   155     .debug_frame        target.o
    0x000002a0   0x000002c0   Dbug   RW   202     .debug_frame        Os_core.o
    0x00000560   0x00000188   Dbug   RW   222     .debug_frame        Os_flag.o
    0x000006e8   0x00000128   Dbug   RW   231     .debug_frame        Os_mbox.o
    0x00000810   0x000000cc   Dbug   RW   240     .debug_frame        Os_mem.o
    0x000008dc   0x00000184   Dbug   RW   258     .debug_frame        Os_q.o
    0x00000a60   0x00000104   Dbug   RW   267     .debug_frame        Os_sem.o
    0x00000b64   0x0000019c   Dbug   RW   276     .debug_frame        Os_task.o
    0x00000d00   0x000000dc   Dbug   RW   285     .debug_frame        Os_time.o
    0x00000ddc   0x00000048   Dbug   RW   296     .debug_frame        main.o
    0x00000e24   0x00000120   Dbug   RW   305     .debug_frame        queue.o
    0x00000f44   0x00000110   Dbug   RW   316     .debug_frame        comm.o
    0x00001054   0x00000190   Dbug   RW   327     .debug_frame        uart0.o
    0x000011e4   0x00000190   Dbug   RW   339     .debug_frame        uart1.o
    0x00001374   0x000000a0   Dbug   RW   352     .debug_frame        spi0.o
    0x00001414   0x000000dc   Dbug   RW   365     .debug_frame        i2c0.o
    0x000014f0   0x0000006c   Dbug   RW   414     .debug_frame        IO_driver.o
    0x0000155c   0x000001dc   Dbug   RW   428     .debug_frame        print_machine.o
    0x00001738   0x00000074   Dbug   RW   443     .debug_frame        chip_communication.o
    0x000017ac   0x000000f4   Dbug   RW   478     .debug_frame        coin_machine.o
    0x000018a0   0x00000264   Dbug   RW   491     .debug_frame        crt_188_dy1.o
    0x00001b04   0x000002b8   Dbug   RW   505     .debug_frame        note_machine.o
    0x00001dbc   0x00000178   Dbug   RW   522     .debug_frame        gps.o
    0x00001f34   0x00000154   Dbug   RW   550     .debug_frame        syn6288.o
    0x00002088   0x00000050   Dbug   RW   563     .debug_frame        test.o
    0x000020d8   0x0000008c   Dbug   RW   573     .debug_frame        config_manage.o
    0x00002164   0x0000003c   Dbug   RW   579     .debug_frame        __main.o(c_a__un.l)
    0x000021a0   0x0000004c   Dbug   RW   581     .debug_frame        _no_redirect.o(c_a__un.l)
    0x000021ec   0x0000005c   Dbug   RW   583     .debug_frame        _sprintf.o(c_a__un.l)
    0x00002248   0x0000003c   Dbug   RW   585     .debug_frame        memcmp.o(c_a__un.l)
    0x00002284   0x00000080   Dbug   RW   588     .debug_frame        rand.o(c_a__un.l)
    0x00002304   0x00000044   Dbug   RW   590     .debug_frame        rt_memclr.o(c_a__un.l)
    0x00002348   0x00000054   Dbug   RW   592     .debug_frame        rt_memclr_w.o(c_a__un.l)
    0x0000239c   0x0000003c   Dbug   RW   594     .debug_frame        rt_memcpy.o(c_a__un.l)
    0x000023d8   0x00000054   Dbug   RW   596     .debug_frame        rt_memcpy_w.o(c_a__un.l)
    0x0000242c   0x00000044   Dbug   RW   598     .debug_frame        rt_udiv.o(c_a__un.l)
    0x00002470   0x00000044   Dbug   RW   600     .debug_frame        rtudiv10.o(c_a__un.l)
    0x000024b4   0x0000003c   Dbug   RW   602     .debug_frame        strlen.o(c_a__un.l)
    0x000024f0   0x0000004c   Dbug   RW   604     .debug_frame        strncmp.o(c_a__un.l)
    0x0000253c   0x00000068   Dbug   RW   606     .debug_frame        strtol.o(c_a__un.l)
    0x000025a4   0x00000044   Dbug   RW   608     .debug_frame        use_no_semi.o(c_a__un.l)
    0x000025e8   0x000000b0   Dbug   RW   610     .debug_frame        __vfpntf.o(c_a__un.l)
    0x00002698   0x0000004c   Dbug   RW   612     .debug_frame        _sputc.o(c_a__un.l)
    0x000026e4   0x00000080   Dbug   RW   614     .debug_frame        _strtoul.o(c_a__un.l)
    0x00002764   0x00000058   Dbug   RW   616     .debug_frame        kernel.o(c_a__un.l)
    0x000027bc   0x0000004c   Dbug   RW   618     .debug_frame        rt_ctype_table.o(c_a__un.l)
    0x00002808   0x0000004c   Dbug   RW   620     .debug_frame        rt_errno_addr.o(c_a__un.l)
    0x00002854   0x0000003c   Dbug   RW   622     .debug_frame        _chval.o(c_a__un.l)
    0x00002890   0x0000004c   Dbug   RW   624     .debug_frame        exit.o(c_a__un.l)
    0x000028dc   0x0000004c   Dbug   RW   627     .debug_frame        lc_ctype_c.o(c_a__un.l)
    0x00002928   0x0000007c   Dbug   RW   629     .debug_frame        lib_init.o(c_a__un.l)
    0x000029a4   0x00000044   Dbug   RW   632     .debug_frame        libspace.o(c_a__un.l)
    0x000029e8   0x00000058   Dbug   RW   634     .debug_frame        lludiv10.o(c_a__un.l)
    0x00002a40   0x00000080   Dbug   RW   636     .debug_frame        stkheap1.o(c_a__un.l)
    0x00002ac0   0x0000003c   Dbug   RW   638     .debug_frame        printf2.o(f_a_p.l)
    0x00002afc   0x0000003c   Dbug   RW   640     .debug_frame        nofpdisp.o(c_a__un.l)
    0x00002b38   0x00000054   Dbug   RW   642     .debug_frame        strcmp.o(c_a__un.l)
    0x00002b8c   0x0000004c   Dbug   RW   644     .debug_frame        fpinit.o(f_a_p.l)
    0x00002bd8   0x0000004c   Dbug   RW   646     .debug_frame        rt_fp_status_addr.o(c_a__un.l)
    0x00000000   0x000000b4   Dbug   RW     3     .debug_info         Os_cpu_a.o
    0x000000b4   0x00000180   Dbug   RW    22     .debug_info         Os_cpu_c.o
    0x00000234   0x000000b0   Dbug   RW     9     .debug_info         Os_cpu_c.o
    0x000002e4   0x000000b0   Dbug   RW    26     .debug_info         Os_cpu_c.o
    0x00000394   0x00000a68   Dbug   RW    30     .debug_info         Os_cpu_c.o
    0x00000dfc   0x000003a8   Dbug   RW    12     .debug_info         Os_cpu_c.o
    0x000011a4   0x0000014c   Dbug   RW    18     .debug_info         Os_cpu_c.o
    0x000012f0   0x00000108   Dbug   RW    41     .debug_info         Os_cpu_c.o
    0x000013f8   0x00000234   Dbug   RW    48     .debug_info         Os_cpu_c.o
    0x0000162c   0x0000014c   Dbug   RW    60     .debug_info         Os_cpu_c.o
    0x00001778   0x0000014c   Dbug   RW    68     .debug_info         Os_cpu_c.o
    0x000018c4   0x00000730   Dbug   RW    75     .debug_info         Os_cpu_c.o
    0x00001ff4   0x00000398   Dbug   RW    99     .debug_info         Os_cpu_c.o
    0x0000238c   0x000004f8   Dbug   RW   106     .debug_info         Os_cpu_c.o
    0x00002884   0x000002d0   Dbug   RW   125     .debug_info         Os_cpu_c.o
    0x00002b54   0x00000238   Dbug   RW   129     .debug_info         Os_cpu_c.o
    0x00002d8c   0x000003c0   Dbug   RW   133     .debug_info         Os_cpu_c.o
    0x0000314c   0x000000fc   Dbug   RW   137     .debug_info         Os_cpu_c.o
    0x00003248   0x000000c0   Dbug   RW   149     .debug_info         target.o
    0x00003308   0x000000e4   Dbug   RW   172     .debug_info         target.o
    0x000033ec   0x000006dc   Dbug   RW   152     .debug_info         target.o
    0x00003ac8   0x0000017c   Dbug   RW   156     .debug_info         target.o
    0x00003c44   0x000000b0   Dbug   RW   159     .debug_info         target.o
    0x00003cf4   0x00000a68   Dbug   RW   161     .debug_info         target.o
    0x0000475c   0x000000b0   Dbug   RW   176     .debug_info         IRQ.o
    0x0000480c   0x000000b4   Dbug   RW   183     .debug_info         Startup.o
    0x000048c0   0x00000b14   Dbug   RW   203     .debug_info         Os_core.o
    0x000053d4   0x00000a20   Dbug   RW   199     .debug_info         Os_core.o
    0x00005df4   0x000000b0   Dbug   RW   216     .debug_info         Os_flag.o
    0x00005ea4   0x00000ba0   Dbug   RW   219     .debug_info         Os_flag.o
    0x00006a44   0x000000b8   Dbug   RW   225     .debug_info         Os_mbox.o
    0x00006afc   0x00000690   Dbug   RW   228     .debug_info         Os_mbox.o
    0x0000718c   0x000000b0   Dbug   RW   234     .debug_info         Os_mem.o
    0x0000723c   0x000003b8   Dbug   RW   237     .debug_info         Os_mem.o
    0x000075f4   0x000000b4   Dbug   RW   252     .debug_info         Os_q.o
    0x000076a8   0x00000970   Dbug   RW   255     .debug_info         Os_q.o
    0x00008018   0x000000ac   Dbug   RW   261     .debug_info         Os_sem.o
    0x000080c4   0x000004f4   Dbug   RW   264     .debug_info         Os_sem.o
    0x000085b8   0x00000a1c   Dbug   RW   273     .debug_info         Os_task.o
    0x00008fd4   0x0000034c   Dbug   RW   282     .debug_info         Os_time.o
    0x00009320   0x000001b4   Dbug   RW   289     .debug_info         main.o
    0x000094d4   0x000002e4   Dbug   RW   293     .debug_info         main.o
    0x000097b8   0x000005cc   Dbug   RW   302     .debug_info         queue.o
    0x00009d84   0x000000d8   Dbug   RW   309     .debug_info         comm.o
    0x00009e5c   0x0000060c   Dbug   RW   313     .debug_info         comm.o
    0x0000a468   0x0000014c   Dbug   RW   320     .debug_info         uart0.o
    0x0000a5b4   0x00000a84   Dbug   RW   324     .debug_info         uart0.o
    0x0000b038   0x00000160   Dbug   RW   332     .debug_info         uart1.o
    0x0000b198   0x00000a8c   Dbug   RW   336     .debug_info         uart1.o
    0x0000bc24   0x00000188   Dbug   RW   353     .debug_info         spi0.o
    0x0000bdac   0x00000108   Dbug   RW   345     .debug_info         spi0.o
    0x0000beb4   0x000004cc   Dbug   RW   349     .debug_info         spi0.o
    0x0000c380   0x0000015c   Dbug   RW   358     .debug_info         i2c0.o
    0x0000c4dc   0x000004e8   Dbug   RW   362     .debug_info         i2c0.o
    0x0000c9c4   0x000003a4   Dbug   RW   371     .debug_info         ic_card.o
    0x0000cd68   0x00000510   Dbug   RW   396     .debug_info         sys_state.o
    0x0000d278   0x00000440   Dbug   RW   411     .debug_info         IO_driver.o
    0x0000d6b8   0x00001d54   Dbug   RW   425     .debug_info         print_machine.o
    0x0000f40c   0x00000134   Dbug   RW   429     .debug_info         print_machine.o
    0x0000f540   0x00000388   Dbug   RW   440     .debug_info         chip_communication.o
    0x0000f8c8   0x0000088c   Dbug   RW   444     .debug_info         chip_communication.o
    0x00010154   0x00000368   Dbug   RW   460     .debug_info         eeprom.o
    0x000104bc   0x00000300   Dbug   RW   471     .debug_info         coin_machine.o
    0x000107bc   0x00001630   Dbug   RW   475     .debug_info         coin_machine.o
    0x00011dec   0x00000560   Dbug   RW   479     .debug_info         coin_machine.o
    0x0001234c   0x00000144   Dbug   RW   484     .debug_info         crt_188_dy1.o
    0x00012490   0x00001730   Dbug   RW   488     .debug_info         crt_188_dy1.o
    0x00013bc0   0x00001c74   Dbug   RW   506     .debug_info         note_machine.o
    0x00015834   0x00000134   Dbug   RW   498     .debug_info         note_machine.o
    0x00015968   0x0000161c   Dbug   RW   502     .debug_info         note_machine.o
    0x00016f84   0x00000240   Dbug   RW   523     .debug_info         gps.o
    0x000171c4   0x00000880   Dbug   RW   525     .debug_info         gps.o
    0x00017a44   0x000002b8   Dbug   RW   515     .debug_info         gps.o
    0x00017cfc   0x00000bf0   Dbug   RW   519     .debug_info         gps.o
    0x000188ec   0x000003c4   Dbug   RW   537     .debug_info         trade.o
    0x00018cb0   0x00000880   Dbug   RW   539     .debug_info         trade.o
    0x00019530   0x00000670   Dbug   RW   547     .debug_info         syn6288.o
    0x00019ba0   0x000000e8   Dbug   RW   556     .debug_info         test.o
    0x00019c88   0x000008ac   Dbug   RW   560     .debug_info         test.o
    0x0001a534   0x000000bc   Dbug   RW   567     .debug_info         config_manage.o
    0x0001a5f0   0x000002fc   Dbug   RW   570     .debug_info         config_manage.o
    0x0001a8ec   0x00000734   Dbug   RW   574     .debug_info         config_manage.o
    0x0001b020   0x00000360   Dbug   RW   576     .debug_info         config_manage.o
    0x00000000   0x000000d8   Dbug   RW     4     .debug_line         Os_cpu_a.o
    0x000000d8   0x000000f8   Dbug   RW     8     .debug_line         Os_cpu_c.o
    0x000001d0   0x00000194   Dbug   RW    11     .debug_line         Os_cpu_c.o
    0x00000364   0x00000084   Dbug   RW    17     .debug_line         Os_cpu_c.o
    0x000003e8   0x00000088   Dbug   RW    21     .debug_line         Os_cpu_c.o
    0x00000470   0x00000088   Dbug   RW    25     .debug_line         Os_cpu_c.o
    0x000004f8   0x00000088   Dbug   RW    29     .debug_line         Os_cpu_c.o
    0x00000580   0x00000050   Dbug   RW    40     .debug_line         Os_cpu_c.o
    0x000005d0   0x00000050   Dbug   RW    47     .debug_line         Os_cpu_c.o
    0x00000620   0x00000084   Dbug   RW    59     .debug_line         Os_cpu_c.o
    0x000006a4   0x00000088   Dbug   RW    67     .debug_line         Os_cpu_c.o
    0x0000072c   0x000000fc   Dbug   RW    74     .debug_line         Os_cpu_c.o
    0x00000828   0x00000088   Dbug   RW    84     .debug_line         Os_cpu_c.o
    0x000008b0   0x000000f4   Dbug   RW    88     .debug_line         Os_cpu_c.o
    0x000009a4   0x00000088   Dbug   RW    98     .debug_line         Os_cpu_c.o
    0x00000a2c   0x0000008c   Dbug   RW   105     .debug_line         Os_cpu_c.o
    0x00000ab8   0x00000094   Dbug   RW   112     .debug_line         Os_cpu_c.o
    0x00000b4c   0x00000094   Dbug   RW   116     .debug_line         Os_cpu_c.o
    0x00000be0   0x00000094   Dbug   RW   120     .debug_line         Os_cpu_c.o
    0x00000c74   0x00000094   Dbug   RW   124     .debug_line         Os_cpu_c.o
    0x00000d08   0x0000008c   Dbug   RW   128     .debug_line         Os_cpu_c.o
    0x00000d94   0x00000088   Dbug   RW   132     .debug_line         Os_cpu_c.o
    0x00000e1c   0x00000090   Dbug   RW   136     .debug_line         Os_cpu_c.o
    0x00000eac   0x00000170   Dbug   RW   140     .debug_line         Os_cpu_c.o
    0x0000101c   0x00000134   Dbug   RW   148     .debug_line         target.o
    0x00001150   0x000001b4   Dbug   RW   151     .debug_line         target.o
    0x00001304   0x00000050   Dbug   RW   171     .debug_line         target.o
    0x00001354   0x000000b0   Dbug   RW   177     .debug_line         IRQ.o
    0x00001404   0x000000c8   Dbug   RW   184     .debug_line         Startup.o
    0x000014cc   0x00000374   Dbug   RW   198     .debug_line         Os_core.o
    0x00001840   0x000000f4   Dbug   RW   215     .debug_line         Os_flag.o
    0x00001934   0x000003e0   Dbug   RW   218     .debug_line         Os_flag.o
    0x00001d14   0x000000f4   Dbug   RW   224     .debug_line         Os_mbox.o
    0x00001e08   0x0000028c   Dbug   RW   227     .debug_line         Os_mbox.o
    0x00002094   0x000000f4   Dbug   RW   233     .debug_line         Os_mem.o
    0x00002188   0x000001ec   Dbug   RW   236     .debug_line         Os_mem.o
    0x00002374   0x000000f4   Dbug   RW   251     .debug_line         Os_q.o
    0x00002468   0x00000358   Dbug   RW   254     .debug_line         Os_q.o
    0x000027c0   0x000000f4   Dbug   RW   260     .debug_line         Os_sem.o
    0x000028b4   0x00000244   Dbug   RW   263     .debug_line         Os_sem.o
    0x00002af8   0x00000334   Dbug   RW   272     .debug_line         Os_task.o
    0x00002e2c   0x00000184   Dbug   RW   281     .debug_line         Os_time.o
    0x00002fb0   0x00000124   Dbug   RW   288     .debug_line         main.o
    0x000030d4   0x000000e4   Dbug   RW   292     .debug_line         main.o
    0x000031b8   0x000001a8   Dbug   RW   301     .debug_line         queue.o
    0x00003360   0x000000f4   Dbug   RW   308     .debug_line         comm.o
    0x00003454   0x00000244   Dbug   RW   312     .debug_line         comm.o
    0x00003698   0x000000f8   Dbug   RW   319     .debug_line         uart0.o
    0x00003790   0x00000270   Dbug   RW   323     .debug_line         uart0.o
    0x00003a00   0x000000f8   Dbug   RW   331     .debug_line         uart1.o
    0x00003af8   0x00000270   Dbug   RW   335     .debug_line         uart1.o
    0x00003d68   0x000000f8   Dbug   RW   344     .debug_line         spi0.o
    0x00003e60   0x000001c8   Dbug   RW   348     .debug_line         spi0.o
    0x00004028   0x000000f8   Dbug   RW   357     .debug_line         i2c0.o
    0x00004120   0x000001d4   Dbug   RW   361     .debug_line         i2c0.o
    0x000042f4   0x000001ac   Dbug   RW   410     .debug_line         IO_driver.o
    0x000044a0   0x000002e4   Dbug   RW   424     .debug_line         print_machine.o
    0x00004784   0x000001a4   Dbug   RW   439     .debug_line         chip_communication.o
    0x00004928   0x00000100   Dbug   RW   470     .debug_line         coin_machine.o
    0x00004a28   0x0000052c   Dbug   RW   474     .debug_line         coin_machine.o
    0x00004f54   0x00000100   Dbug   RW   483     .debug_line         crt_188_dy1.o
    0x00005054   0x00000570   Dbug   RW   487     .debug_line         crt_188_dy1.o
    0x000055c4   0x00000100   Dbug   RW   497     .debug_line         note_machine.o
    0x000056c4   0x0000042c   Dbug   RW   501     .debug_line         note_machine.o
    0x00005af0   0x000000f8   Dbug   RW   514     .debug_line         gps.o
    0x00005be8   0x00000294   Dbug   RW   518     .debug_line         gps.o
    0x00005e7c   0x000001c4   Dbug   RW   546     .debug_line         syn6288.o
    0x00006040   0x000000f4   Dbug   RW   555     .debug_line         test.o
    0x00006134   0x000001f0   Dbug   RW   559     .debug_line         test.o
    0x00006324   0x000000fc   Dbug   RW   566     .debug_line         config_manage.o
    0x00006420   0x0000013c   Dbug   RW   569     .debug_line         config_manage.o
    0x00000000   0x000002b4   Dbug   RW    14     .debug_loc          Os_cpu_c.o
    0x000002b4   0x00000324   Dbug   RW   154     .debug_loc          target.o
    0x000005d8   0x0000065c   Dbug   RW   201     .debug_loc          Os_core.o
    0x00000c34   0x000009e8   Dbug   RW   221     .debug_loc          Os_flag.o
    0x0000161c   0x00000464   Dbug   RW   230     .debug_loc          Os_mbox.o
    0x00001a80   0x000002b8   Dbug   RW   239     .debug_loc          Os_mem.o
    0x00001d38   0x000006a8   Dbug   RW   257     .debug_loc          Os_q.o
    0x000023e0   0x00000368   Dbug   RW   266     .debug_loc          Os_sem.o
    0x00002748   0x00000774   Dbug   RW   275     .debug_loc          Os_task.o
    0x00002ebc   0x00000234   Dbug   RW   284     .debug_loc          Os_time.o
    0x000030f0   0x0000012c   Dbug   RW   295     .debug_loc          main.o
    0x0000321c   0x00000414   Dbug   RW   304     .debug_loc          queue.o
    0x00003630   0x00000540   Dbug   RW   315     .debug_loc          comm.o
    0x00003b70   0x0000062c   Dbug   RW   326     .debug_loc          uart0.o
    0x0000419c   0x00000618   Dbug   RW   338     .debug_loc          uart1.o
    0x000047b4   0x00000184   Dbug   RW   351     .debug_loc          spi0.o
    0x00004938   0x000002f4   Dbug   RW   364     .debug_loc          i2c0.o
    0x00004c2c   0x00000124   Dbug   RW   413     .debug_loc          IO_driver.o
    0x00004d50   0x0000105c   Dbug   RW   427     .debug_loc          print_machine.o
    0x00005dac   0x000000b8   Dbug   RW   442     .debug_loc          chip_communication.o
    0x00005e64   0x00000784   Dbug   RW   477     .debug_loc          coin_machine.o
    0x000065e8   0x00000dbc   Dbug   RW   490     .debug_loc          crt_188_dy1.o
    0x000073a4   0x00000b98   Dbug   RW   504     .debug_loc          note_machine.o
    0x00007f3c   0x0000055c   Dbug   RW   521     .debug_loc          gps.o
    0x00008498   0x00000348   Dbug   RW   549     .debug_loc          syn6288.o
    0x000087e0   0x000002dc   Dbug   RW   562     .debug_loc          test.o
    0x00008abc   0x0000017c   Dbug   RW   572     .debug_loc          config_manage.o
    0x00000000   0x00000194   Dbug   RW    10     .debug_macinfo      Os_cpu_c.o
    0x00000194   0x000000a0   Dbug   RW    20     .debug_macinfo      Os_cpu_c.o
    0x00000234   0x000000cc   Dbug   RW    24     .debug_macinfo      Os_cpu_c.o
    0x00000300   0x00000408   Dbug   RW    28     .debug_macinfo      Os_cpu_c.o
    0x00000708   0x00000904   Dbug   RW    32     .debug_macinfo      Os_cpu_c.o
    0x0000100c   0x000001f0   Dbug   RW    43     .debug_macinfo      Os_cpu_c.o
    0x000011fc   0x0000015c   Dbug   RW    50     .debug_macinfo      Os_cpu_c.o
    0x00001358   0x0000007c   Dbug   RW    62     .debug_macinfo      Os_cpu_c.o
    0x000013d4   0x0000009c   Dbug   RW    70     .debug_macinfo      Os_cpu_c.o
    0x00001470   0x000014b4   Dbug   RW    77     .debug_macinfo      Os_cpu_c.o
    0x00002924   0x000000b4   Dbug   RW    87     .debug_macinfo      Os_cpu_c.o
    0x000029d8   0x0000009c   Dbug   RW    91     .debug_macinfo      Os_cpu_c.o
    0x00002a74   0x0000039c   Dbug   RW   101     .debug_macinfo      Os_cpu_c.o
    0x00002e10   0x00000384   Dbug   RW   108     .debug_macinfo      Os_cpu_c.o
    0x00003194   0x00000344   Dbug   RW   115     .debug_macinfo      Os_cpu_c.o
    0x000034d8   0x00000098   Dbug   RW   119     .debug_macinfo      Os_cpu_c.o
    0x00003570   0x0000014c   Dbug   RW   123     .debug_macinfo      Os_cpu_c.o
    0x000036bc   0x00000504   Dbug   RW   127     .debug_macinfo      Os_cpu_c.o
    0x00003bc0   0x0000003c   Dbug   RW   131     .debug_macinfo      Os_cpu_c.o
    0x00003bfc   0x00000010   Dbug   RW   135     .debug_macinfo      Os_cpu_c.o
    0x00003c0c   0x000000ec   Dbug   RW   139     .debug_macinfo      Os_cpu_c.o
    0x00003cf8   0x00000088   Dbug   RW   143     .debug_macinfo      Os_cpu_c.o
    0x00003d80   0x00000198   Dbug   RW   150     .debug_macinfo      target.o
    0x00003f18   0x000000d4   Dbug   RW   158     .debug_macinfo      target.o
    0x00003fec   0x0000004c   Dbug   RW   174     .debug_macinfo      target.o
    0x00004038   0x00000900   Dbug   RW   205     .debug_macinfo      Os_core.o
    0x00004938   0x00000180   Dbug   RW   217     .debug_macinfo      Os_flag.o
    0x00004ab8   0x00000180   Dbug   RW   226     .debug_macinfo      Os_mbox.o
    0x00004c38   0x00000180   Dbug   RW   235     .debug_macinfo      Os_mem.o
    0x00004db8   0x00000180   Dbug   RW   253     .debug_macinfo      Os_q.o
    0x00004f38   0x00000180   Dbug   RW   262     .debug_macinfo      Os_sem.o
    0x000050b8   0x0000021c   Dbug   RW   291     .debug_macinfo      main.o
    0x000052d4   0x00000180   Dbug   RW   311     .debug_macinfo      comm.o
    0x00005454   0x00000180   Dbug   RW   322     .debug_macinfo      uart0.o
    0x000055d4   0x00000180   Dbug   RW   334     .debug_macinfo      uart1.o
    0x00005754   0x00000264   Dbug   RW   347     .debug_macinfo      spi0.o
    0x000059b8   0x00000180   Dbug   RW   360     .debug_macinfo      i2c0.o
    0x00005b38   0x00000304   Dbug   RW   473     .debug_macinfo      coin_machine.o
    0x00005e3c   0x000003a0   Dbug   RW   486     .debug_macinfo      crt_188_dy1.o
    0x000061dc   0x00000330   Dbug   RW   500     .debug_macinfo      note_machine.o
    0x0000650c   0x000002bc   Dbug   RW   517     .debug_macinfo      gps.o
    0x000067c8   0x00000180   Dbug   RW   558     .debug_macinfo      test.o
    0x00006948   0x00000180   Dbug   RW   568     .debug_macinfo      config_manage.o
    0x00000000   0x000000f4   Dbug   RW    13     .debug_pubnames     Os_cpu_c.o
    0x000000f4   0x00000064   Dbug   RW    19     .debug_pubnames     Os_cpu_c.o
    0x00000158   0x0000008c   Dbug   RW    23     .debug_pubnames     Os_cpu_c.o
    0x000001e4   0x00000020   Dbug   RW    27     .debug_pubnames     Os_cpu_c.o
    0x00000204   0x000002e0   Dbug   RW    31     .debug_pubnames     Os_cpu_c.o
    0x000004e4   0x00000084   Dbug   RW    42     .debug_pubnames     Os_cpu_c.o
    0x00000568   0x000000e0   Dbug   RW    49     .debug_pubnames     Os_cpu_c.o
    0x00000648   0x00000020   Dbug   RW    61     .debug_pubnames     Os_cpu_c.o
    0x00000668   0x00000028   Dbug   RW    69     .debug_pubnames     Os_cpu_c.o
    0x00000690   0x000001ac   Dbug   RW    76     .debug_pubnames     Os_cpu_c.o
    0x0000083c   0x000000b8   Dbug   RW   100     .debug_pubnames     Os_cpu_c.o
    0x000008f4   0x00000160   Dbug   RW   107     .debug_pubnames     Os_cpu_c.o
    0x00000a54   0x000000d4   Dbug   RW   126     .debug_pubnames     Os_cpu_c.o
    0x00000b28   0x0000008c   Dbug   RW   130     .debug_pubnames     Os_cpu_c.o
    0x00000bb4   0x0000009c   Dbug   RW   134     .debug_pubnames     Os_cpu_c.o
    0x00000c50   0x0000002c   Dbug   RW   138     .debug_pubnames     Os_cpu_c.o
    0x00000c7c   0x00000174   Dbug   RW   153     .debug_pubnames     target.o
    0x00000df0   0x0000008c   Dbug   RW   157     .debug_pubnames     target.o
    0x00000e7c   0x00000020   Dbug   RW   160     .debug_pubnames     target.o
    0x00000e9c   0x000002e0   Dbug   RW   162     .debug_pubnames     target.o
    0x0000117c   0x00000058   Dbug   RW   173     .debug_pubnames     target.o
    0x000011d4   0x000001a4   Dbug   RW   200     .debug_pubnames     Os_core.o
    0x00001378   0x000002e0   Dbug   RW   204     .debug_pubnames     Os_core.o
    0x00001658   0x000000b8   Dbug   RW   220     .debug_pubnames     Os_flag.o
    0x00001710   0x00000084   Dbug   RW   229     .debug_pubnames     Os_mbox.o
    0x00001794   0x0000005c   Dbug   RW   238     .debug_pubnames     Os_mem.o
    0x000017f0   0x00000098   Dbug   RW   256     .debug_pubnames     Os_q.o
    0x00001888   0x0000006c   Dbug   RW   265     .debug_pubnames     Os_sem.o
    0x000018f4   0x000000b0   Dbug   RW   274     .debug_pubnames     Os_task.o
    0x000019a4   0x00000064   Dbug   RW   283     .debug_pubnames     Os_time.o
    0x00001a08   0x00000098   Dbug   RW   290     .debug_pubnames     main.o
    0x00001aa0   0x0000001c   Dbug   RW   294     .debug_pubnames     main.o
    0x00001abc   0x00000080   Dbug   RW   303     .debug_pubnames     queue.o
    0x00001b3c   0x00000020   Dbug   RW   310     .debug_pubnames     comm.o
    0x00001b5c   0x00000074   Dbug   RW   314     .debug_pubnames     comm.o
    0x00001bd0   0x00000070   Dbug   RW   321     .debug_pubnames     uart0.o
    0x00001c40   0x000000c4   Dbug   RW   325     .debug_pubnames     uart0.o
    0x00001d04   0x0000007c   Dbug   RW   333     .debug_pubnames     uart1.o
    0x00001d80   0x000000c4   Dbug   RW   337     .debug_pubnames     uart1.o
    0x00001e44   0x00000034   Dbug   RW   346     .debug_pubnames     spi0.o
    0x00001e78   0x00000044   Dbug   RW   350     .debug_pubnames     spi0.o
    0x00001ebc   0x00000084   Dbug   RW   354     .debug_pubnames     spi0.o
    0x00001f40   0x0000007c   Dbug   RW   359     .debug_pubnames     i2c0.o
    0x00001fbc   0x00000070   Dbug   RW   363     .debug_pubnames     i2c0.o
    0x0000202c   0x000000b8   Dbug   RW   372     .debug_pubnames     ic_card.o
    0x000020e4   0x00000160   Dbug   RW   397     .debug_pubnames     sys_state.o
    0x00002244   0x00000030   Dbug   RW   412     .debug_pubnames     IO_driver.o
    0x00002274   0x000000c0   Dbug   RW   426     .debug_pubnames     print_machine.o
    0x00002334   0x00000058   Dbug   RW   430     .debug_pubnames     print_machine.o
    0x0000238c   0x00000044   Dbug   RW   441     .debug_pubnames     chip_communication.o
    0x000023d0   0x00000190   Dbug   RW   445     .debug_pubnames     chip_communication.o
    0x00002560   0x000000ac   Dbug   RW   461     .debug_pubnames     eeprom.o
    0x0000260c   0x000000cc   Dbug   RW   472     .debug_pubnames     coin_machine.o
    0x000026d8   0x00000070   Dbug   RW   476     .debug_pubnames     coin_machine.o
    0x00002748   0x000002c0   Dbug   RW   480     .debug_pubnames     coin_machine.o
    0x00002a08   0x00000078   Dbug   RW   485     .debug_pubnames     crt_188_dy1.o
    0x00002a80   0x0000016c   Dbug   RW   489     .debug_pubnames     crt_188_dy1.o
    0x00002bec   0x0000006c   Dbug   RW   499     .debug_pubnames     note_machine.o
    0x00002c58   0x0000021c   Dbug   RW   503     .debug_pubnames     note_machine.o
    0x00002e74   0x00000ae0   Dbug   RW   507     .debug_pubnames     note_machine.o
    0x00003954   0x00000108   Dbug   RW   516     .debug_pubnames     gps.o
    0x00003a5c   0x000000fc   Dbug   RW   520     .debug_pubnames     gps.o
    0x00003b58   0x0000008c   Dbug   RW   524     .debug_pubnames     gps.o
    0x00003be4   0x00000190   Dbug   RW   526     .debug_pubnames     gps.o
    0x00003d74   0x0000009c   Dbug   RW   538     .debug_pubnames     trade.o
    0x00003e10   0x00000190   Dbug   RW   540     .debug_pubnames     trade.o
    0x00003fa0   0x000000cc   Dbug   RW   548     .debug_pubnames     syn6288.o
    0x0000406c   0x0000002c   Dbug   RW   557     .debug_pubnames     test.o
    0x00004098   0x00000020   Dbug   RW   561     .debug_pubnames     test.o
    0x000040b8   0x00000054   Dbug   RW   571     .debug_pubnames     config_manage.o
    0x0000410c   0x000001ac   Dbug   RW   575     .debug_pubnames     config_manage.o
    0x000042b8   0x000000ac   Dbug   RW   577     .debug_pubnames     config_manage.o


================================================================================

Image component sizes


      Code    RO Data    RW Data    ZI Data      Debug   Object Name

       692          0          0          0       3240   Os_mem.o
         0          0          0          0       3696   trade.o
      1444         24          0          1       4464   test.o
       316          0          0        192       5816   config_manage.o
      5596        119         42         48      13364   coin_machine.o
       996          0          0          0       3888   Os_sem.o
       548          0          0          0       2116   Os_time.o
      1376         12          0          0       4736   comm.o
      1496          0          0        268       6568   uart0.o
      1540          0          0        396       6588   uart1.o
      1040          0          0        121       4000   spi0.o
         0          0          0         21       1648   sys_state.o
         0         64          0          0          0   anon$$obj.o
       796         14          0          0       3484   syn6288.o
      2428          0          0          0       7884   Os_flag.o
      3924          0          0        156      13448   crt_188_dy1.o
      3464          0          0         64      13500   print_machine.o
         0          0          4        102       1116   ic_card.o
      3340          0          8        100      22488   note_machine.o
      2180        264          0       3472      12104   Os_core.o
      2128          0          0          0       5904   Os_task.o
       184          0          0        292        396   Startup.o
      2048          0          0          0       6324   Os_q.o
       712          0          0          0       3368   queue.o
       828          0          0        784       4280   chip_communication.o
       272          0          0        128        412   Os_cpu_a.o
       268          0          0       6656       2788   main.o
       940          0          0         24       3916   i2c0.o
       388          0          0          4      37484   Os_cpu_c.o
       692          0          0          0       9512   target.o
      1224          0          0          0       4696   Os_mbox.o
       920          0          0          0        368   IRQ.o
      1680        240          0         87      10916   gps.o
       792          0          0          0       1964   IO_driver.o
         0          0          0        100       1044   eeprom.o

    ------------------------------------------------------------------------
     44252        737         54      13016     227520   Object Totals

    ------------------------------------------------------------------------

      Code    RO Data    RW Data    ZI Data      Debug   Library Member Name

       160          0          0          0         84   strcmp.o
       252          0          0          0        128   stkheap1.o
        40          0          0          0         88   kernel.o
        68          0          0          0         68   rt_memclr.o
        88          0          0          0         84   rt_memclr_w.o
         4          0          0          0         60   printf2.o
         8          0          0          0         76   _no_redirect.o
       112          0          0          0         92   _sprintf.o
         4          0          0          0         68   use_no_semi.o
         8          0          0          0         60   nofpdisp.o
       104          0          0          0         60   strlen.o
        12          0          0         96         68   libspace.o
       180          0          0          0         60   rt_memcpy.o
        20          0          0          0         76   rt_ctype_table.o
       252          0          0        228        128   rand.o
       264          0          0          0        128   _strtoul.o
        28          0          0          0         76   _sputc.o
       168          0          0          0         60   __main.o
       108          0          0          0         84   rt_memcpy_w.o
        16          0          0          0         76   rt_fp_status_addr.o
        44          0          0          0         68   rtudiv10.o
      3384          0          0          0        176   __vfpntf.o
        24          0          0          0         76   exit.o
        32          0          0          0         60   _chval.o
       128          0          0          0         60   memcmp.o
       252          0          0          0        124   lib_init.o
       124          0          0          0         76   strncmp.o
        20          0          0          0         76   fpinit.o
       192          0          0          0        104   strtol.o
       152          0          0          0         88   lludiv10.o
       192          0          0          0         68   rt_udiv.o
        60        272          0          0         76   lc_ctype_c.o
        12          0          0          0         76   rt_errno_addr.o

    ------------------------------------------------------------------------
      6512        272          0        324       2752   Library Totals

    ------------------------------------------------------------------------

      Code    RO Data    RW Data    ZI Data      Debug   Library Name

      6488        272          0        324       2616   c_a__un.l
        24          0          0          0        136   f_a_p.l

    ------------------------------------------------------------------------
      6512        272          0        324       2752   Library Totals

    ------------------------------------------------------------------------

================================================================================


      Code    RO Data    RW Data    ZI Data      Debug   

     50764       1009         54      13340     230272   Grand Totals

================================================================================

    Total RO  Size(Code + RO Data)                51773 (  50.56kB)
    Total RW  Size(RW Data + ZI Data)             13394 (  13.08kB)
    Total ROM Size(Code + RO Data + RW Data)      51827 (  50.61kB)

================================================================================

