
================================================================================

Section Cross References

    Os_cpu_a.o(subr) refers to Os_cpu_c.o(.text) for SWI_Exception
    Os_cpu_a.o(subr) refers to Os_cpu_a.o(SWIStacks) for SvcStackSpace
    Os_cpu_a.o(subr) refers to Os_cpu_c.o(.bss) for OsEnterSum
    Os_cpu_a.o(subr) refers to Os_core.o(.bss) for OSTCBCur
    Os_cpu_c.o(.text) refers to Os_cpu_c.o(.bss) for .bss$2
    Os_cpu_c.o(.text) refers to Os_core.o(.bss) for OSTCBPrioTbl
    target.o(.text) refers to Os_core.o(.text) for OSTimeTick
    target.o(.text) refers to rand.o(.text) for srand
    target.o(.text) refers to IO_driver.o(.text) for IoInit
    target.o(.text) refers to uart0.o(.text) for UART0Init
    target.o(.text) refers to uart1.o(.text) for UART1Init
    target.o(.text) refers to i2c0.o(.text) for I2c0Init
    target.o(.text) refers to spi0.o(.text) for Spi0Init
    target.o(.text) refers to crt_188_dy1.o(.text) for Crt188Init
    target.o(.text) refers to syn6288.o(.text) for Syn6288Init
    target.o(.text) refers to spi0.o(.bss) for spi0_tick
    target.o(.text) refers to gps.o(.bss) for gps_tick
    target.o(.text) refers to IRQ.o(IRQ) for IRQ_Handler
    target.o(.text) refers (Special) to use_no_semi.o(.text) for __use_no_semihosting_swi
    IRQ.o(IRQ) refers to target.o(.text) for IRQ_Exception
    IRQ.o(IRQ) refers to Os_core.o(.text) for OSIntExit
    IRQ.o(IRQ) refers to uart0.o(.text) for UART0_Exception
    IRQ.o(IRQ) refers to uart1.o(.text) for UART1_Exception
    IRQ.o(IRQ) refers to spi0.o(.text) for Spi0_Exception
    IRQ.o(IRQ) refers to i2c0.o(.text) for I2c0_Exception
    IRQ.o(IRQ) refers to IO_driver.o(.text) for Io2Exception
    IRQ.o(IRQ) refers to Os_core.o(.bss) for OSIntNesting
    IRQ.o(IRQ) refers to Startup.o(Stacks) for StackUsr
    IRQ.o(IRQ) refers to Os_cpu_c.o(.bss) for OsEnterSum
    IRQ.o(IRQ) refers to Os_cpu_a.o(subr) for OSIntCtxSw
    Startup.o(vectors) refers to Os_cpu_a.o(subr) for SoftwareInterrupt
    Startup.o(vectors) refers to target.o(.text) for FIQ_Exception
    Startup.o(vectors) refers to __main.o(!!!) for __main
    Startup.o(vectors) refers to Startup.o(MyStacks) for IrqStackSpace
    Startup.o(vectors) refers to Startup.o(Stacks) for StackUsr
    Startup.o(vectors) refers to Startup.o(Heap) for bottom_of_heap
    Startup.o(vectors) refers (Special) to use_no_semi.o(.text) for __use_no_semihosting_swi
    Startup.o(MyStacks) refers (Special) to use_no_semi.o(.text) for __use_no_semihosting_swi
    Startup.o(Heap) refers (Special) to use_no_semi.o(.text) for __use_no_semihosting_swi
    Startup.o(Stacks) refers (Special) to use_no_semi.o(.text) for __use_no_semihosting_swi
    Os_core.o(.text) refers to Os_time.o(.text) for OSTimeDly
    Os_core.o(.text) refers to rt_udiv.o(.text) for __rt_udiv
    Os_core.o(.text) refers to Os_cpu_c.o(.text) for OSTaskStatHook
    Os_core.o(.text) refers to Os_task.o(.text) for OSTaskCreateExt
    Os_core.o(.text) refers to Os_flag.o(.text) for OS_FlagInit
    Os_core.o(.text) refers to Os_mem.o(.text) for OS_MemInit
    Os_core.o(.text) refers to Os_q.o(.text) for OS_QInit
    Os_core.o(.text) refers to Os_core.o(.bss) for .bss$2
    Os_core.o(.text) refers to Os_core.o(.constdata) for .constdata$1
    Os_flag.o(.text) refers to Os_core.o(.text) for OS_Sched
    Os_flag.o(.text) refers to Os_core.o(.bss) for OSIntNesting
    Os_flag.o(.text) refers to Os_core.o(.bss) for OSFlagFreeList
    Os_flag.o(.text) refers to Os_core.o(.bss) for OSFlagTbl
    Os_mbox.o(.text) refers to Os_core.o(.text) for OS_EventWaitListInit
    Os_mbox.o(.text) refers to Os_core.o(.bss) for OSIntNesting
    Os_mem.o(.text) refers to Os_core.o(.bss) for OSMemFreeList
    Os_mem.o(.text) refers to Os_core.o(.bss) for OSMemTbl
    Os_mutex.o(.text) refers to Os_core.o(.text) for OS_EventWaitListInit
    Os_mutex.o(.text) refers to Os_core.o(.bss) for OSIntNesting
    Os_mutex.o(.text) refers to Os_core.o(.constdata) for OSMapTbl
    Os_q.o(.text) refers to Os_core.o(.text) for OS_EventWaitListInit
    Os_q.o(.text) refers to Os_core.o(.bss) for OSIntNesting
    Os_q.o(.text) refers to Os_core.o(.bss) for OSQFreeList
    Os_q.o(.text) refers to Os_core.o(.bss) for OSQTbl
    Os_sem.o(.text) refers to Os_core.o(.text) for OS_EventWaitListInit
    Os_sem.o(.text) refers to Os_core.o(.bss) for OSIntNesting
    Os_task.o(.text) refers to Os_core.o(.text) for OS_Sched
    Os_task.o(.text) refers to Os_cpu_c.o(.text) for OSTaskStkInit
    Os_task.o(.text) refers to rt_memclr_w.o(.text) for __rt_memclr_w
    Os_task.o(.text) refers to Os_flag.o(.text) for OS_FlagUnlink
    Os_task.o(.text) refers to rt_memcpy_w.o(.text) for __rt_memcpy_w
    Os_task.o(.text) refers to Os_core.o(.bss) for OSTCBPrioTbl
    Os_task.o(.text) refers to Os_core.o(.constdata) for OSMapTbl
    Os_time.o(.text) refers to Os_core.o(.text) for OS_Sched
    Os_time.o(.text) refers to rt_udiv.o(.text) for __rt_udiv
[...]
    _memcpy_src3_loop                        0x00009e7c   ARM Code       0  rt_memcpy.o(.text)
    ../../memcpset.s                         0x00000000   Number         0  rt_memcpy_w.o ABSOLUTE
    <Anonymous Symbol>                       0x00002288   Data          84  rt_memcpy_w.o(.debug_frame)
    .text                                    0x00009e9c   ARM Code     108  rt_memcpy_w.o(.text)
    _memcpy_aligned_loop                     0x00009ea8   ARM Code       0  rt_memcpy_w.o(.text)
    _memcpy_small                            0x00009ec0   ARM Code       0  rt_memcpy_w.o(.text)
    ../../division.s                         0x00000000   Number         0  rt_udiv.o ABSOLUTE
    .text                                    0x00009f08   ARM Code     192  rt_udiv.o(.text)
    <Anonymous Symbol>                       0x000022dc   Data          68  rt_udiv.o(.debug_frame)
    ../../division.s                         0x00000000   Number         0  rtudiv10.o ABSOLUTE
    <Anonymous Symbol>                       0x00002320   Data          68  rtudiv10.o(.debug_frame)
    .text                                    0x00009fc8   ARM Code      44  rtudiv10.o(.text)
    ../../string.c                           0x00000000   Number         0  strlen.o ABSOLUTE
    .text                                    0x00009ff4   ARM Code       0  strlen.o(.text)
    C$debug_frame12                          0x00002364   Data           0  strlen.o(.debug_frame)
    ../../string.c                           0x00000000   Number         0  strncmp.o ABSOLUTE
    .text                                    0x0000a05c   ARM Code       0  strncmp.o(.text)
    C$debug_frame12                          0x000023a0   Data           0  strncmp.o(.debug_frame)
    ../../scanf.c                            0x00000000   Number         0  strtol.o ABSOLUTE
    .text                                    0x0000a0d8   ARM Code       0  strtol.o(.text)
    C$debug_frame22                          0x000023ec   Data           0  strtol.o(.debug_frame)
    ../../angel/sys.s                        0x00000000   Number         0  use_no_semi.o ABSOLUTE
    <Anonymous Symbol>                       0x00002454   Data          68  use_no_semi.o(.debug_frame)
    .text                                    0x0000a198   ARM Code       4  use_no_semi.o(.text)
    ../../printf.c                           0x00000000   Number         0  __vfpntf.o ABSOLUTE
    .text                                    0x0000a19c   ARM Code       0  __vfpntf.o(.text)
    C$debug_frame18                          0x00002498   Data           0  __vfpntf.o(.debug_frame)
    _printf_display                          0x0000a9a4   ARM Code    1328  __vfpntf.o(.text)
    ../../printf.c                           0x00000000   Number         0  _sputc.o ABSOLUTE
    .text                                    0x0000aed4   ARM Code       0  _sputc.o(.text)
    C$debug_frame18                          0x00002548   Data           0  _sputc.o(.debug_frame)
    ../../scanf.c                            0x00000000   Number         0  _strtoul.o ABSOLUTE
    .text                                    0x0000aef0   ARM Code       0  _strtoul.o(.text)
    C$debug_frame22                          0x00002594   Data           0  _strtoul.o(.debug_frame)
    ../../angel/kernel.s                     0x00000000   Number         0  kernel.o ABSOLUTE
    .text                                    0x0000aff8   ARM Code      40  kernel.o(.text)
    <Anonymous Symbol>                       0x00002614   Data          88  kernel.o(.debug_frame)
    __rt_abort1                              0x0000b01c   ARM Code       0  kernel.o(.text)
    ../../angel/rt.s                         0x00000000   Number         0  rt_ctype_table.o ABSOLUTE
    <Anonymous Symbol>                       0x0000266c   Data          76  rt_ctype_table.o(.debug_frame)
    .text                                    0x0000b020   ARM Code      20  rt_ctype_table.o(.text)
    ../../angel/rt.s                         0x00000000   Number         0  rt_errno_addr.o ABSOLUTE
    .text                                    0x0000b034   ARM Code      12  rt_errno_addr.o(.text)
    <Anonymous Symbol>                       0x000026b8   Data          76  rt_errno_addr.o(.debug_frame)
    ../../scanf.c                            0x00000000   Number         0  _chval.o ABSOLUTE
    .text                                    0x0000b040   ARM Code       0  _chval.o(.text)
    C$debug_frame22                          0x00002704   Data           0  _chval.o(.debug_frame)
    ../../stdlib.c                           0x00000000   Number         0  exit.o ABSOLUTE
    .text                                    0x0000b060   ARM Code       0  exit.o(.text)
    C$debug_frame12                          0x00002740   Data           0  exit.o(.debug_frame)
    ../../locale.c                           0x00000000   Number         0  lc_ctype_c.o ABSOLUTE
    .constdata                               0x0000bb94   Data           0  lc_ctype_c.o(.constdata)
    .text                                    0x0000b078   ARM Code       0  lc_ctype_c.o(.text)
    C$debug_frame19                          0x0000278c   Data           0  lc_ctype_c.o(.debug_frame)
    .constdata$1                             0x0000bb94   Data           0  lc_ctype_c.o(.constdata)
    __lcctype_c_index                        0x0000bb94   Data           4  lc_ctype_c.o(.constdata)
    __lcctype_c_lname                        0x0000bb98   Data           4  lc_ctype_c.o(.constdata)
    __lcctype_c_pname                        0x0000bb9c   Data           4  lc_ctype_c.o(.constdata)
    __lcctype_c_start                        0x0000bba0   Data           1  lc_ctype_c.o(.constdata)
    ../../armsys.c                           0x00000000   Number         0  lib_init.o ABSOLUTE
    .text                                    0x0000b0b4   ARM Code       0  lib_init.o(.text)
    C$debug_frame18                          0x000027d8   Data           0  lib_init.o(.debug_frame)
    ../../angel/sys.s                        0x00000000   Number         0  libspace.o ABSOLUTE
    <Anonymous Symbol>                       0x00002854   Data          68  libspace.o(.debug_frame)
    .text                                    0x0000b1b0   ARM Code      12  libspace.o(.text)
    .bss                                     0x40002f74   Data          96  libspace.o(.bss)
    __libspace_start                         0x40002f74   Data          96  libspace.o(.bss)
    ../../longlong.s                         0x00000000   Number         0  lludiv10.o ABSOLUTE
    <Anonymous Symbol>                       0x00002898   Data          88  lludiv10.o(.debug_frame)
    .text                                    0x0000b1bc   ARM Code     152  lludiv10.o(.text)
    ../../stkheap1.s                         0x00000000   Number         0  stkheap1.o ABSOLUTE
    <Anonymous Symbol>                       0x000028f0   Data         128  stkheap1.o(.debug_frame)
    .text                                    0x0000b254   ARM Code     252  stkheap1.o(.text)
    _heap_overflow                           0x0000b340   ARM Code       0  stkheap1.o(.text)
    ../../printf2.s                          0x00000000   Number         0  printf2.o ABSOLUTE
    <Anonymous Symbol>                       0x00002970   Data          60  printf2.o(.debug_frame)
    x$fpl$printf2                            0x0000b8c4   ARM Code       4  printf2.o(x$fpl$printf2)
    ../../printf.c                           0x00000000   Number         0  nofpdisp.o ABSOLUTE
    .text                                    0x0000b350   ARM Code       0  nofpdisp.o(.text)
    C$debug_frame18                          0x000029ac   Data           0  nofpdisp.o(.debug_frame)
    ../../memcpset.s                         0x00000000   Number         0  strcmp.o ABSOLUTE
    .text                                    0x0000b358   Data         160  strcmp.o(.text)
    <Anonymous Symbol>                       0x000029e8   Data          84  strcmp.o(.debug_frame)
    _ones_word                               0x0000b358   Data           4  strcmp.o(.text)
    _strcmp_loop                             0x0000b370   ARM Code       0  strcmp.o(.text)
    _strcmp_return                           0x0000b3c0   ARM Code       0  strcmp.o(.text)
    _strcmp_byteloop                         0x0000b3c8   ARM Code       0  strcmp.o(.text)
    _strcmp_byteend                          0x0000b3f0   ARM Code       0  strcmp.o(.text)
    ../../fpinit.s                           0x00000000   Number         0  fpinit.o ABSOLUTE
    x$fpl$fpinit                             0x0000b8b0   ARM Code      20  fpinit.o(x$fpl$fpinit)
    <Anonymous Symbol>                       0x00002a3c   Data          76  fpinit.o(.debug_frame)
    ../../angel/rt.s                         0x00000000   Number         0  rt_fp_status_addr.o ABSOLUTE
    .text                                    0x0000b3f8   ARM Code      16  rt_fp_status_addr.o(.text)
    <Anonymous Symbol>                       0x00002a88   Data          76  rt_fp_status_addr.o(.debug_frame)

    Global Symbols

    Symbol Name                              Value     Ov Type        Size  Object(Section)

    BuildAttributes$$ARM_ISAv4$M$PE$A:L22$X:L11$S22$~IW$USESV6$~STKCKD$USESV7$~SHL$OSPACE 0x00000000   Number         0  anon$$obj.o ABSOLUTE
    Reset                                    0x00000000   ARM Code       0  Startup.o(vectors)
    __Heap_DescSize                           - Undefined Weak Reference
    __alloca_initialize                       - Undefined Weak Reference
    __argv_alloc                              - Undefined Weak Reference
    __call_ctors()                            - Undefined Weak Reference
    __cpp_finalise                            - Undefined Weak Reference
    __cpp_initialise                          - Undefined Weak Reference
    __rt_get_argv                             - Undefined Weak Reference
    __user_heap_extend                        - Undefined Weak Reference
    __user_stack_slop                         - Undefined Weak Reference
    _atexit_init                              - Undefined Weak Reference
    _call_atexit_fns                          - Undefined Weak Reference
    _clock_init                               - Undefined Weak Reference
    _get_lc_collate                           - Undefined Weak Reference
    _get_lc_monetary                          - Undefined Weak Reference
    _get_lc_numeric                           - Undefined Weak Reference
    _get_lc_time                              - Undefined Weak Reference
    _getenv_init                              - Undefined Weak Reference
    _init_alloc                               - Undefined Weak Reference
    _init_user_alloc                          - Undefined Weak Reference
    _initio                                   - Undefined Weak Reference
    _signal_init                              - Undefined Weak Reference
    _terminate_user_alloc                     - Undefined Weak Reference
    _terminateio                              - Undefined Weak Reference
    __user_initial_stackheap                 0x00000098   ARM Code       0  Startup.o(vectors)
    __main                                   0x000000b8   ARM Code     152  __main.o(!!!)
    OSTaskStkInit                            0x00000160   ARM Code      88  Os_cpu_c.o(.text)
    SWI_Exception                            0x000001b8   ARM Code     244  Os_cpu_c.o(.text)
    OSStartHighRdy                           0x000002ac   ARM Code      12  Os_cpu_c.o(.text)
    OSInitHookBegin                          0x000002b8   ARM Code       4  Os_cpu_c.o(.text)
    OSInitHookEnd                            0x000002bc   ARM Code       4  Os_cpu_c.o(.text)
    OSTaskCreateHook                         0x000002c0   ARM Code       4  Os_cpu_c.o(.text)
    OSTaskDelHook                            0x000002c4   ARM Code       4  Os_cpu_c.o(.text)
    OSTaskSwHook                             0x000002c8   ARM Code       4  Os_cpu_c.o(.text)
    OSTaskStatHook                           0x000002cc   ARM Code       4  Os_cpu_c.o(.text)
    OSTCBInitHook                            0x000002d0   ARM Code       4  Os_cpu_c.o(.text)
    OSTimeTickHook                           0x000002d4   ARM Code       4  Os_cpu_c.o(.text)
    OSTaskIdleHook                           0x000002d8   ARM Code       4  Os_cpu_c.o(.text)
    IRQ_Exception                            0x000002e4   ARM Code       4  target.o(.text)
    FIQ_Exception                            0x000002e8   ARM Code       4  target.o(.text)
    Timer0_Exception                         0x000002ec   ARM Code      64  target.o(.text)
    Timer0Init                               0x0000032c   ARM Code      48  target.o(.text)
    QEventCreate                             0x0000035c   ARM Code       4  target.o(.text)
    SemCreate                                0x00000360   ARM Code       4  target.o(.text)
    VICInit                                  0x00000364   ARM Code     144  target.o(.text)
    TargetInit                               0x000003f4   ARM Code      68  target.o(.text)
    TargetResetInit                          0x00000438   ARM Code     188  target.o(.text)
    __rt_div0                                0x000004f4   ARM Code       8  target.o(.text)
    fputc                                    0x000004fc   ARM Code       8  target.o(.text)
    fgetc                                    0x00000504   ARM Code       8  target.o(.text)
    _sys_close                               0x0000050c   ARM Code       8  target.o(.text)
    _sys_write                               0x00000514   ARM Code       8  target.o(.text)
    _sys_read                                0x0000051c   ARM Code       8  target.o(.text)
    _ttywrch                                 0x00000524   ARM Code       4  target.o(.text)
    _sys_istty                               0x00000528   ARM Code       8  target.o(.text)
    _sys_seek                                0x00000530   ARM Code       8  target.o(.text)
    _sys_ensure                              0x00000538   ARM Code       8  target.o(.text)
    _sys_flen                                0x00000540   ARM Code       8  target.o(.text)
    _sys_tmpnam                              0x00000548   ARM Code       8  target.o(.text)
    _sys_exit                                0x00000550   ARM Code       4  target.o(.text)
    _sys_command_string                      0x00000554   ARM Code       8  target.o(.text)
    OS_TaskStat                              0x00000590   ARM Code     168  Os_core.o(.text)
    OS_TaskIdle                              0x00000680   ARM Code      36  Os_core.o(.text)
    OSInit                                   0x00000818   ARM Code      52  Os_core.o(.text)
    OSIntEnter                               0x0000084c   ARM Code      40  Os_core.o(.text)
    OSIntExit                                0x00000874   ARM Code     152  Os_core.o(.text)
    OSSchedLock                              0x0000090c   ARM Code      52  Os_core.o(.text)
    OS_Sched                                 0x00000940   ARM Code     112  Os_core.o(.text)
    OSSchedUnlock                            0x000009b0   ARM Code      88  Os_core.o(.text)
    OSStart                                  0x00000a08   ARM Code      80  Os_core.o(.text)
    OSStatInit                               0x00000a58   ARM Code      68  Os_core.o(.text)
    OSTimeTick                               0x00000a9c   ARM Code     180  Os_core.o(.text)
    OSVersion                                0x00000b50   ARM Code       8  Os_core.o(.text)
    OS_Dummy                                 0x00000b58   ARM Code       4  Os_core.o(.text)
    OS_EventTaskRdy                          0x00000b5c   ARM Code     156  Os_core.o(.text)
    OS_EventTaskWait                         0x00000bf8   ARM Code     104  Os_core.o(.text)
    OS_EventTO                               0x00000c60   ARM Code      76  Os_core.o(.text)
    OS_EventWaitListInit                     0x00000cac   ARM Code      28  Os_core.o(.text)
    OS_TCBInit                               0x00000cc8   ARM Code     332  Os_core.o(.text)
    OSFlagAccept                             0x00000e14   ARM Code     376  Os_flag.o(.text)
    OSFlagCreate                             0x00000f8c   ARM Code     128  Os_flag.o(.text)
    OS_FlagUnlink                            0x0000100c   ARM Code      72  Os_flag.o(.text)
    OSFlagDel                                0x000010c0   ARM Code     304  Os_flag.o(.text)
    OSFlagPend                               0x00001280   ARM Code     692  Os_flag.o(.text)
    OSFlagPost                               0x00001534   ARM Code     416  Os_flag.o(.text)
    OSFlagQuery                              0x000016d4   ARM Code      92  Os_flag.o(.text)
    OS_FlagInit                              0x00001730   ARM Code      96  Os_flag.o(.text)
    OSMboxAccept                             0x00001790   ARM Code      72  Os_mbox.o(.text)
    OSMboxCreate                             0x000017d8   ARM Code     112  Os_mbox.o(.text)
    OSMboxDel                                0x00001848   ARM Code     308  Os_mbox.o(.text)
    OSMboxPend                               0x0000197c   ARM Code     256  Os_mbox.o(.text)
    OSMboxPost                               0x00001a7c   ARM Code     152  Os_mbox.o(.text)
    OSMboxPostOpt                            0x00001b14   ARM Code     200  Os_mbox.o(.text)
    OSMboxQuery                              0x00001bdc   ARM Code     112  Os_mbox.o(.text)
    OSMemCreate                              0x00001c58   ARM Code     240  Os_mem.o(.text)
    OSMemGet                                 0x00001d48   ARM Code     112  Os_mem.o(.text)
    OSMemPut                                 0x00001db8   ARM Code     112  Os_mem.o(.text)
    OSMemQuery                               0x00001e28   ARM Code     116  Os_mem.o(.text)
    OS_MemInit                               0x00001e9c   ARM Code     104  Os_mem.o(.text)
    OSQAccept                                0x00001f0c   ARM Code     136  Os_q.o(.text)
    OSQCreate                                0x00001f94   ARM Code     200  Os_q.o(.text)
    OSQDel                                   0x0000205c   ARM Code     344  Os_q.o(.text)
    OSQFlush                                 0x000021b4   ARM Code      88  Os_q.o(.text)
    OSQPend                                  0x0000220c   ARM Code     308  Os_q.o(.text)
    OSQPost                                  0x00002340   ARM Code     208  Os_q.o(.text)
    OSQPostFront                             0x00002410   ARM Code     208  Os_q.o(.text)
    OSQPostOpt                               0x000024e0   ARM Code     308  Os_q.o(.text)
    OSQQuery                                 0x00002614   ARM Code     160  Os_q.o(.text)
    OS_QInit                                 0x000026b4   ARM Code      68  Os_q.o(.text)
    OSSemAccept                              0x0000270c   ARM Code      84  Os_sem.o(.text)
    OSSemCreate                              0x00002760   ARM Code     112  Os_sem.o(.text)
    OSSemDel                                 0x000027d0   ARM Code     308  Os_sem.o(.text)
    OSSemPend                                0x00002904   ARM Code     228  Os_sem.o(.text)
    OSSemPost                                0x000029e8   ARM Code     140  Os_sem.o(.text)
    OSSemQuery                               0x00002a74   ARM Code     112  Os_sem.o(.text)
    OSTaskChangePrio                         0x00002af0   ARM Code     372  Os_task.o(.text)
    OSTaskCreate                             0x00002c64   ARM Code     216  Os_task.o(.text)
    OSTaskCreateExt                          0x00002d3c   ARM Code     252  Os_task.o(.text)
    OSTaskDel                                0x00002e38   ARM Code     424  Os_task.o(.text)
    OSTaskDelReq                             0x00002fe0   ARM Code     132  Os_task.o(.text)
    OSTaskResume                             0x00003064   ARM Code     172  Os_task.o(.text)
    OSTaskStkChk                             0x00003110   ARM Code     188  Os_task.o(.text)
    OSTaskSuspend                            0x000031cc   ARM Code     216  Os_task.o(.text)
    OSTaskQuery                              0x000032a4   ARM Code     156  Os_task.o(.text)
    OSTimeDly                                0x00003340   ARM Code      96  Os_time.o(.text)
    OSTimeDlyHMSM                            0x000033a0   ARM Code     208  Os_time.o(.text)
    OSTimeDlyResume                          0x00003470   ARM Code     168  Os_time.o(.text)
    OSTimeGet                                0x00003518   ARM Code      28  Os_time.o(.text)
    OSTimeSet                                0x00003534   ARM Code      28  Os_time.o(.text)
    main                                     0x00003564   ARM Code     144  main.o(.text)
    QueueCreate                              0x00003624   ARM Code     116  queue.o(.text)
    QueueRead                                0x00003698   ARM Code     152  queue.o(.text)
    QueueWrite                               0x00003730   ARM Code     156  queue.o(.text)
    QueueWriteFront                          0x000037cc   ARM Code     160  queue.o(.text)
    QueueNData                               0x0000386c   ARM Code      40  queue.o(.text)
    QueueSize                                0x00003894   ARM Code      40  queue.o(.text)
    QueueFlush                               0x000038bc   ARM Code      48  queue.o(.text)
    delay10us                                0x000038ec   ARM Code      44  comm.o(.text)
    delayus                                  0x00003918   ARM Code      48  comm.o(.text)
    CRCByte                                  0x00003948   ARM Code      40  comm.o(.text)
    TimeDay                                  0x00003970   ARM Code     208  comm.o(.text)
    TimeSec                                  0x00003a40   ARM Code     276  comm.o(.text)
    GetDateTimeFromSecond                    0x00003b54   ARM Code     384  comm.o(.text)
    Uart0WriteFull                           0x00003cec   ARM Code      68  uart0.o(.text)
    UART0Init                                0x00003d30   ARM Code     260  uart0.o(.text)
    RequestUart0                             0x00003f2c   ARM Code     116  uart0.o(.text)
    FreeUart0                                0x00003fa0   ARM Code      12  uart0.o(.text)
    Uart0SendByte                            0x00003fac   ARM Code     156  uart0.o(.text)
    Uart0SendString                          0x00004048   ARM Code     156  uart0.o(.text)
    Uart0SendBytes                           0x000040e4   ARM Code     156  uart0.o(.text)
    Uart0RecByte                             0x00004180   ARM Code     112  uart0.o(.text)
    UART0_Exception                          0x000041f0   ARM Code     188  uart0.o(.text)
    Uart1WriteFull                           0x000042d0   ARM Code      68  uart1.o(.text)
    UART1Init                                0x00004314   ARM Code     308  uart1.o(.text)
    RequestUart1                             0x00004548   ARM Code     108  uart1.o(.text)
    FreeUart1                                0x000045b4   ARM Code      12  uart1.o(.text)
    Uart1SendByte                            0x000045c0   ARM Code     156  uart1.o(.text)
    Uart1SendString                          0x0000465c   ARM Code     156  uart1.o(.text)
    Uart1SendBytes                           0x000046f8   ARM Code     156  uart1.o(.text)
    Uart1RecByte                             0x00004794   ARM Code     112  uart1.o(.text)
    UART1_Exception                          0x00004804   ARM Code     184  uart1.o(.text)
    Spi0Init                                 0x000048e0   ARM Code     160  spi0.o(.text)
    SpiDataHandle                            0x00004980   ARM Code     780  spi0.o(.text)
    Spi0_Exception                           0x00004c8c   ARM Code      64  spi0.o(.text)
    I2c0Init                                 0x00004ce4   ARM Code     112  i2c0.o(.text)
    I2c0WriteBytes                           0x00004d54   ARM Code      88  i2c0.o(.text)
    I2c0ReadBytes                            0x00004dac   ARM Code     124  i2c0.o(.text)
    I2c0WriteReadBytes                       0x00004e28   ARM Code     128  i2c0.o(.text)
    I2c0_Exception                           0x00004ea8   ARM Code     476  i2c0.o(.text)
    IoInit                                   0x00005090   ARM Code     340  IO_driver.o(.text)
    Io2Exception                             0x000051e4   ARM Code     424  IO_driver.o(.text)
    print_mode                               0x000053a8   ARM Code      52  print_machine.o(.text)
    freed                                    0x000053dc   ARM Code      52  print_machine.o(.text)
    back                                     0x00005410   ARM Code      52  print_machine.o(.text)
    CutALL                                   0x00005444   ARM Code      60  print_machine.o(.text)
    cut                                      0x00005480   ARM Code      72  print_machine.o(.text)
    get_point                                0x000054c8   ARM Code      72  print_machine.o(.text)
    set_thick                                0x00005510   ARM Code      52  print_machine.o(.text)
    set_position                             0x00005544   ARM Code      52  print_machine.o(.text)
    SetLeftMargin                            0x00005578   ARM Code      52  print_machine.o(.text)
    Ent                                      0x000055ac   ARM Code      60  print_machine.o(.text)
    PrintAmount                              0x000055e8   ARM Code     700  print_machine.o(.text)
    PrintReceipt                             0x000058a4   ARM Code     948  print_machine.o(.text)
    TaskPTRExe                               0x00005c58   ARM Code     268  print_machine.o(.text)
    ChipCommInit                             0x00005d74   ARM Code       4  chip_communication.o(.text)
    TaskChipComm                             0x00005d78   ARM Code     836  chip_communication.o(.text)
    GetTradeSt                               0x000060bc   ARM Code      16  chip_communication.o(.text)
    sendCommand                              0x000060ec   ARM Code     748  coin_machine.o(.text)
    strLen                                   0x000063d8   ARM Code      60  coin_machine.o(.text)
    checkSum                                 0x00006414   ARM Code     104  coin_machine.o(.text)
    calSr5Method                             0x0000647c   ARM Code    3820  coin_machine.o(.text)
    dispenseCoin                             0x00007368   ARM Code     584  coin_machine.o(.text)
    TaskHopperExe                            0x000075b0   ARM Code     276  coin_machine.o(.text)
    Crt188Init                               0x000076d4   ARM Code     120  crt_188_dy1.o(.text)
    Crt188SendCmd                            0x0000774c   ARM Code     180  crt_188_dy1.o(.text)
    Crt188GetACK                             0x00007800   ARM Code     108  crt_188_dy1.o(.text)
    Crt188GetENQ                             0x0000786c   ARM Code     304  crt_188_dy1.o(.text)
    Crt188CommandHandle                      0x0000799c   ARM Code     320  crt_188_dy1.o(.text)
    Crt188Reset                              0x00007adc   ARM Code      88  crt_188_dy1.o(.text)
    Crt188ReadCardType                       0x00007b34   ARM Code     596  crt_188_dy1.o(.text)
    Crt188ReadState                          0x00007d88   ARM Code     104  crt_188_dy1.o(.text)
    Crt188SetType24CXX                       0x00007df0   ARM Code     240  crt_188_dy1.o(.text)
    Crt188Read24CXX                          0x00007ee0   ARM Code     312  crt_188_dy1.o(.text)
    Crt188Write24CXX                         0x00008018   ARM Code     308  crt_188_dy1.o(.text)
    Crt188ICPower                            0x0000814c   ARM Code     108  crt_188_dy1.o(.text)
    Crt188CPUCardColdReset                   0x000081b8   ARM Code      92  crt_188_dy1.o(.text)
    Crt188CPUCardHotReset                    0x00008214   ARM Code      92  crt_188_dy1.o(.text)
    Crt188CPUT0CardOp                        0x00008270   ARM Code       8  crt_188_dy1.o(.text)
    Crt188CPUT1CardOp                        0x00008278   ARM Code       8  crt_188_dy1.o(.text)
    TaskICCard                               0x00008280   ARM Code     840  crt_188_dy1.o(.text)
    SDM2000SendCommand                       0x000085d4   ARM Code     256  note_machine.o(.text)
    GetNoteACK                               0x000086d4   ARM Code     120  note_machine.o(.text)
    GetNoteENQ                               0x0000874c   ARM Code     308  note_machine.o(.text)
    SDM2000CommandHandle                     0x00008880   ARM Code     484  note_machine.o(.text)
    Sdm2000Rest                              0x00008a64   ARM Code      88  note_machine.o(.text)
    Sdm2000ReadState                         0x00008abc   ARM Code      56  note_machine.o(.text)
    Sdm2000Diagnostics                       0x00008af4   ARM Code      56  note_machine.o(.text)
    Sdm2000LastState                         0x00008b2c   ARM Code      56  note_machine.o(.text)
    Sdm2000ConfigurationStatus               0x00008b64   ARM Code       8  note_machine.o(.text)
    Sdm2000SetBillThickness                  0x00008b6c   ARM Code       8  note_machine.o(.text)
    Sdm2000GetBillThickness                  0x00008b74   ARM Code       8  note_machine.o(.text)
    Sdm2000SetBillSize                       0x00008b7c   ARM Code       8  note_machine.o(.text)
    Sdm2000GetBillSize                       0x00008b84   ARM Code       8  note_machine.o(.text)
    Sdm2000MultiCassetteDispense             0x00008b8c   ARM Code      92  note_machine.o(.text)
    Sdm2000LearnBillParameter                0x00008be8   ARM Code       8  note_machine.o(.text)
    Sdm2000ReportRejectReason                0x00008bf0   ARM Code      56  note_machine.o(.text)
    Sdm2000SensorRead                        0x00008c28   ARM Code       8  note_machine.o(.text)
    Sdm2000TotalCounterReadClear             0x00008c30   ARM Code      72  note_machine.o(.text)
    CassetteDispense                         0x00008c78   ARM Code     160  note_machine.o(.text)
    NoteMachineInit                          0x00008d18   ARM Code     160  note_machine.o(.text)
    NoteDispenseBill                         0x00008db8   ARM Code     144  note_machine.o(.text)
    TaskNoteMachine                          0x00008e48   ARM Code    1064  note_machine.o(.text)
    ftoi                                     0x00009270   ARM Code     164  gps.o(.text)
    GetAndCheckNMEAGpsData                   0x00009314   ARM Code     268  gps.o(.text)
    ParseNMEAGpsData                         0x00009420   ARM Code     172  gps.o(.text)
    ExtractNMEAGpsData                       0x000094cc   ARM Code     108  gps.o(.text)
    GgaHandleFunc                            0x00009538   ARM Code       8  gps.o(.text)
    GllHandleFunc                            0x00009540   ARM Code       8  gps.o(.text)
    GsaHandleFunc                            0x00009548   ARM Code       8  gps.o(.text)
    GsvHandleFunc                            0x00009550   ARM Code       8  gps.o(.text)
    RmcHandleFunc                            0x00009558   ARM Code      60  gps.o(.text)
    VtgHandleFunc                            0x00009594   ARM Code       8  gps.o(.text)
    ZdaHandleFunc                            0x0000959c   ARM Code       8  gps.o(.text)
    gps_init                                 0x000095a4   ARM Code       4  gps.o(.text)
    TaskGPS                                  0x000095a8   ARM Code     740  gps.o(.text)
    Syn6288Init                              0x000098e0   ARM Code       4  syn6288.o(.text)
    Syn6288SendFrame                         0x000098e4   ARM Code     224  syn6288.o(.text)
    Syn6288Test                              0x000099c4   ARM Code      76  syn6288.o(.text)
    Syn6288Speak                             0x00009a10   ARM Code     112  syn6288.o(.text)
    ChangeBaudrate                           0x00009a80   ARM Code      60  syn6288.o(.text)
    Syn6288Stop                              0x00009abc   ARM Code      52  syn6288.o(.text)
    Syn6288Pause                             0x00009af0   ARM Code      56  syn6288.o(.text)
    Syn6288Recover                           0x00009b28   ARM Code      56  syn6288.o(.text)
    Syn6288ReadState                         0x00009b60   ARM Code      56  syn6288.o(.text)
    Syn6288PowerDown                         0x00009b98   ARM Code      56  syn6288.o(.text)
    _main_redirection                        0x00009bd8   ARM Code       4  _no_redirect.o(.text)
    _main                                    0x00009bdc   ARM Code       4  _no_redirect.o(.text)
    _sprintf                                 0x00009be0   ARM Code     104  _sprintf.o(.text)
    srand                                    0x00009c50   ARM Code      68  rand.o(.text)
    _rand_init                               0x00009c94   ARM Code      72  rand.o(.text)
    rand                                     0x00009cdc   ARM Code      96  rand.o(.text)
    __rt_memclr                              0x00009d4c   ARM Code      68  rt_memclr.o(.text)
    _memset                                  0x00009d50   ARM Code       0  rt_memclr.o(.text)
    __rt_memclr_w                            0x00009d90   ARM Code      88  rt_memclr_w.o(.text)
    _memset_w                                0x00009d94   ARM Code       0  rt_memclr_w.o(.text)
    __rt_memcpy                              0x00009de8   ARM Code     180  rt_memcpy.o(.text)
    __rt_memcpy_w                            0x00009e9c   ARM Code     108  rt_memcpy_w.o(.text)
    _memcpy_lastbytes                        0x00009ee8   ARM Code       0  rt_memcpy_w.o(.text)
    __rt_udiv                                0x00009f08   ARM Code     192  rt_udiv.o(.text)
    __rt_udiv10                              0x00009fc8   ARM Code      44  rtudiv10.o(.text)
    strlen                                   0x00009ff4   ARM Code     100  strlen.o(.text)
    strncmp                                  0x0000a05c   ARM Code     120  strncmp.o(.text)
    strtol                                   0x0000a0d8   ARM Code     192  strtol.o(.text)
    __32__use_no_semihosting_swi             0x0000a198   ARM Code       0  use_no_semi.o(.text)
    __semihosting_swi_guard                  0x0000a198   ARM Code       0  use_no_semi.o(.text)
    __use_no_semihosting_swi                 0x0000a198   ARM Code       4  use_no_semi.o(.text)
    __vfprintf                               0x0000a19c   ARM Code    2056  __vfpntf.o(.text)
    _sputc                                   0x0000aed4   ARM Code      20  _sputc.o(.text)
    _serror                                  0x0000aee8   ARM Code       8  _sputc.o(.text)
    _strtoul                                 0x0000aef0   ARM Code     264  _strtoul.o(.text)
    __rt_entry                               0x0000aff8   ARM Code       0  kernel.o(.text)
    __32__rt_exit                            0x0000b008   ARM Code       0  kernel.o(.text)
    __rt_exit                                0x0000b008   ARM Code      16  kernel.o(.text)
    __32__rt_abort                           0x0000b018   ARM Code       0  kernel.o(.text)
    __rt_abort                               0x0000b018   ARM Code       8  kernel.o(.text)
    __rt_ctype_table                         0x0000b020   ARM Code      20  rt_ctype_table.o(.text)
    __rt_errno_addr                          0x0000b034   ARM Code      12  rt_errno_addr.o(.text)
    _chval                                   0x0000b040   ARM Code      32  _chval.o(.text)
    exit                                     0x0000b060   ARM Code      24  exit.o(.text)
    _get_lc_ctype                            0x0000b078   ARM Code      60  lc_ctype_c.o(.text)
    __rt_lib_init                            0x0000b0b4   ARM Code     228  lib_init.o(.text)
    __rt_lib_shutdown                        0x0000b198   ARM Code      20  lib_init.o(.text)
    __user_libspace                          0x0000b1b0   ARM Code       8  libspace.o(.text)
    _ll_udiv10                               0x0000b1bc   ARM Code     152  lludiv10.o(.text)
    __rt_stackheap_init                      0x0000b254   ARM Code     144  stkheap1.o(.text)
    __rt_heap_extend                         0x0000b2e4   ARM Code     108  stkheap1.o(.text)
    _no_fp_display                           0x0000b350   ARM Code       8  nofpdisp.o(.text)
    strcmp                                   0x0000b35c   ARM Code     156  strcmp.o(.text)
    __rt_fp_status_addr                      0x0000b3f8   ARM Code      16  rt_fp_status_addr.o(.text)
    IRQ_Handler                              0x0000b408   ARM Code       0  IRQ.o(IRQ)
    Uart0_Handler                            0x0000b488   ARM Code       0  IRQ.o(IRQ)
    Uart1_Handler                            0x0000b508   ARM Code       0  IRQ.o(IRQ)
    Spi0_Handler                             0x0000b588   ARM Code       0  IRQ.o(IRQ)
    I2c0_Handler                             0x0000b608   ARM Code       0  IRQ.o(IRQ)
    Timer0_Handler                           0x0000b688   ARM Code       0  IRQ.o(IRQ)
    Io2_Handler                              0x0000b708   ARM Code       0  IRQ.o(IRQ)
    SoftwareInterrupt                        0x0000b7a0   ARM Code       0  Os_cpu_a.o(subr)
    OSIntCtxSw                               0x0000b7dc   ARM Code       0  Os_cpu_a.o(subr)
    __OSStartHighRdy                         0x0000b870   ARM Code       0  Os_cpu_a.o(subr)
    _fp_init                                 0x0000b8b0   ARM Code      20  fpinit.o(x$fpl$fpinit)
    __fplib_config_pureend_doubles           0x0000b8c0   ARM Code       0  fpinit.o(x$fpl$fpinit)
    _fp_display_gate                         0x0000b8c4   ARM Code       4  printf2.o(x$fpl$printf2)
    OSMapTbl                                 0x0000b8c8   Data           8  Os_core.o(.constdata)
    OSUnMapTbl                               0x0000b8d0   Data         256  Os_core.o(.constdata)
    DayOfMon                                 0x0000b9d0   Data          12  comm.o(.constdata)
    sr5PollStr                               0x0000ba1c   Data           5  coin_machine.o(.constdata)
    sr5Selfcheck                             0x0000ba21   Data           5  coin_machine.o(.constdata)
    recCoinPoll                              0x0000ba26   Data           5  coin_machine.o(.constdata)
    readCoinState                            0x0000ba2b   Data           5  coin_machine.o(.constdata)
    hopperPoll                               0x0000ba30   Data           5  coin_machine.o(.constdata)
    hopperRequestStatus                      0x0000ba35   Data           5  coin_machine.o(.constdata)
    hopperRequestKey                         0x0000ba3a   Data           5  coin_machine.o(.constdata)
    hopperDispenseAccount                    0x0000ba3f   Data           5  coin_machine.o(.constdata)
    hopperEmergencyStop                      0x0000ba44   Data           5  coin_machine.o(.constdata)
    hopperReset                              0x0000ba49   Data           5  coin_machine.o(.constdata)
    hopperTest                               0x0000ba4e   Data           5  coin_machine.o(.constdata)
    hopperQuerySensor                        0x0000ba53   Data           5  coin_machine.o(.constdata)
    hopperPoll_bak                           0x0000ba58   Data           5  coin_machine.o(.constdata)
    hopperRequestStatus_bak                  0x0000ba5d   Data           5  coin_machine.o(.constdata)
    hopperRequestKey_bak                     0x0000ba62   Data           5  coin_machine.o(.constdata)
    hopperDispenseAccount_bak                0x0000ba67   Data           5  coin_machine.o(.constdata)
    hopperEmergencyStop_bak                  0x0000ba6c   Data           5  coin_machine.o(.constdata)
    hopperReset_bak                          0x0000ba71   Data           5  coin_machine.o(.constdata)
    hopperTest_bak                           0x0000ba76   Data           5  coin_machine.o(.constdata)
    hopperQuerySensor_bak                    0x0000ba7b   Data           5  coin_machine.o(.constdata)
    hopperEnable                             0x0000ba80   Data           6  coin_machine.o(.constdata)
    hopperEnable_bak                         0x0000ba86   Data           6  coin_machine.o(.constdata)
    colseCoinRec                             0x0000ba8c   Data           7  coin_machine.o(.constdata)
    gsa_argu                                 0x0000ba94   Data           8  gps.o(.constdata)
    gsv_argu                                 0x0000ba9c   Data           8  gps.o(.constdata)
    gga_argu                                 0x0000baa4   Data          48  gps.o(.constdata)
    gll_argu                                 0x0000bad4   Data          48  gps.o(.constdata)
    rmc_argu                                 0x0000bb04   Data          56  gps.o(.constdata)
    vtg_argu                                 0x0000bb3c   Data          16  gps.o(.constdata)
    zda_argu                                 0x0000bb4c   Data          24  gps.o(.constdata)
    gpsaddr                                  0x0000bb64   Data          32  gps.o(.constdata)
    __ctype                                  0x0000bba1   Data         256  lc_ctype_c.o(.constdata)
    Region$$Table$$Base                      0x0000bca4   Data           0  anon$$obj.o(Region$$Table)
    Region$$Table$$Limit                     0x0000bcd4   Data           0  anon$$obj.o(Region$$Table)
    ZISection$$Table$$Base                   0x0000bcd4   Data           0  anon$$obj.o(ZISection$$Table)
    ZISection$$Table$$Limit                  0x0000bce4   Data           0  anon$$obj.o(ZISection$$Table)
    df_card                                  0x40000000   Data           4  ic_card.o(.data)
    modifyCoinstyle                          0x40000004   Data           7  coin_machine.o(.data)
    modifyPath                               0x4000000b   Data           7  coin_machine.o(.data)
    hopperDispense                           0x40000012   Data          14  coin_machine.o(.data)
    hopperDispense_bak                       0x40000020   Data          14  coin_machine.o(.data)
    cashbox1_note_amount                     0x40000030   Data           4  note_machine.o(.data)
    cashbox2_note_amount                     0x40000034   Data           4  note_machine.o(.data)
    OsEnterSum                               0x40000038   Data           4  Os_cpu_c.o(.bss)
    OSCPUUsage                               0x4000003c   Data           1  Os_core.o(.bss)
    OSStatRdy                                0x4000003d   Data           1  Os_core.o(.bss)
    OSIntNesting                             0x4000003e   Data           1  Os_core.o(.bss)
    OSIntExitY                               0x4000003f   Data           1  Os_core.o(.bss)
    OSLockNesting                            0x40000040   Data           1  Os_core.o(.bss)
    OSPrioCur                                0x40000041   Data           1  Os_core.o(.bss)
    OSPrioHighRdy                            0x40000042   Data           1  Os_core.o(.bss)
    OSRdyGrp                                 0x40000043   Data           1  Os_core.o(.bss)
    OSRunning                                0x40000044   Data           1  Os_core.o(.bss)
    OSTaskCtr                                0x40000045   Data           1  Os_core.o(.bss)
    OSRdyTbl                                 0x40000046   Data           3  Os_core.o(.bss)
    OSCtxSwCtr                               0x4000004c   Data           4  Os_core.o(.bss)
    OSEventFreeList                          0x40000050   Data           4  Os_core.o(.bss)
    OSIdleCtrMax                             0x40000054   Data           4  Os_core.o(.bss)
    OSIdleCtrRun                             0x40000058   Data           4  Os_core.o(.bss)
    OSIdleCtr                                0x4000005c   Data           4  Os_core.o(.bss)
    OSTCBCur                                 0x40000060   Data           4  Os_core.o(.bss)
    OSTCBFreeList                            0x40000064   Data           4  Os_core.o(.bss)
    OSTCBHighRdy                             0x40000068   Data           4  Os_core.o(.bss)
    OSTCBList                                0x4000006c   Data           4  Os_core.o(.bss)
    OSTime                                   0x40000070   Data           4  Os_core.o(.bss)
    OSEventTbl                               0x40000074   Data         180  Os_core.o(.bss)
    OSTaskStatStk                            0x40000128   Data        1024  Os_core.o(.bss)
    OSTaskIdleStk                            0x40000528   Data        1024  Os_core.o(.bss)
    OSTCBPrioTbl                             0x40000928   Data          84  Os_core.o(.bss)
    OSTCBTbl                                 0x4000097c   Data         884  Os_core.o(.bss)
    OSFlagTbl                                0x40000cf0   Data          60  Os_core.o(.bss)
    OSFlagFreeList                           0x40000d2c   Data           4  Os_core.o(.bss)
    OSMemFreeList                            0x40000d30   Data           4  Os_core.o(.bss)
    OSMemTbl                                 0x40000d34   Data         100  Os_core.o(.bss)
    OSQFreeList                              0x40000d98   Data           4  Os_core.o(.bss)
    OSQTbl                                   0x40000d9c   Data          48  Os_core.o(.bss)
    TaskCrt188Stk                            0x40000dcc   Data        1024  main.o(.bss)
    TaskNoteMachineStk                       0x400011cc   Data        1024  main.o(.bss)
    TaskPTRExeStk                            0x400015cc   Data        1024  main.o(.bss)
    TaskGPSStk                               0x400019cc   Data        1024  main.o(.bss)
    TaskHopperExeStk                         0x40001dcc   Data        1024  main.o(.bss)
    TaskChipCommStk                          0x400021cc   Data        1024  main.o(.bss)
    Uart1Sem                                 0x400026dc   Data           4  uart1.o(.bss)
    UART1SendBuf                             0x400026e4   Data         128  uart1.o(.bss)
    UART1RecBuf                              0x40002764   Data         256  uart1.o(.bss)
    spi0_send_data                           0x40002867   Data           1  spi0.o(.bss)
    spi0_rec_data                            0x40002868   Data           1  spi0.o(.bss)
    spi0_mbox                                0x40002874   Data           4  spi0.o(.bss)
    spi0_tick                                0x40002878   Data           4  spi0.o(.bss)
    spi_data_temp                            0x4000287c   Data          32  spi0.o(.bss)
    data_pond                                0x4000289c   Data          64  spi0.o(.bss)
    spi0_state                               0x400028dc   Data           1  spi0.o(.bss)
    df_card_data                             0x400028f8   Data          94  ic_card.o(.bss)
    sys_state                                0x40002958   Data          20  sys_state.o(.bss)
    print_exe                                0x4000296c   Data           1  sys_state.o(.bss)
    print_amount_exe                         0x4000296d   Data           1  sys_state.o(.bss)
    print_buffer                             0x4000296e   Data          64  print_machine.o(.bss)
    device_control                           0x400029b0   Data         144  chip_communication.o(.bss)
    curr_line                                0x40002a40   Data         612  chip_communication.o(.bss)
    sys_config_ram                           0x40002ca4   Data         100  eeprom.o(.bss)
    hopperR1State                            0x40002d08   Data           1  coin_machine.o(.bss)
    hopperR2State                            0x40002d09   Data           1  coin_machine.o(.bss)
    hopperR1State2                           0x40002d0a   Data           1  coin_machine.o(.bss)
    hopperR2State2                           0x40002d0b   Data           1  coin_machine.o(.bss)
    hopperChannge                            0x40002d0c   Data           1  coin_machine.o(.bss)
    stopDispense                             0x40002d0d   Data           1  coin_machine.o(.bss)
    uartnum_Sr                               0x40002d0e   Data           1  coin_machine.o(.bss)
    clearCoinNum                             0x40002d10   Data           2  coin_machine.o(.bss)
    coin_machine_cmd                         0x40002d12   Data           2  coin_machine.o(.bss)
    RequestDisAccout                         0x40002d14   Data           4  coin_machine.o(.bss)
    rcv_buf_Sr                               0x40002d18   Data          32  coin_machine.o(.bss)
    card_machine_state                       0x40002d38   Data           1  crt_188_dy1.o(.bss)
    crt188_cmd_temp                          0x40002d48   Data         140  crt_188_dy1.o(.bss)
    note_machine_cmd                         0x40002dd4   Data           3  note_machine.o(.bss)
    pHopBox1                                 0x40002dd8   Data           4  note_machine.o(.bss)
    bill_to_note                             0x40002ddc   Data           4  note_machine.o(.bss)
    bill_signal                              0x40002de0   Data           4  note_machine.o(.bss)
    gps_tick                                 0x40002e38   Data           2  gps.o(.bss)
    move_speed_c                             0x40002e3a   Data           7  gps.o(.bss)
    date_c                                   0x40002e41   Data           7  gps.o(.bss)
    gps_time                                 0x40002e48   Data           8  gps.o(.bss)
    latitude_c                               0x40002e50   Data          11  gps.o(.bss)
    longitude_c                              0x40002e5b   Data          12  gps.o(.bss)
    time_c                                   0x40002e67   Data          10  gps.o(.bss)
    gps_data                                 0x40002e74   Data          20  gps.o(.bss)
    latitude_indicator                       0x40002e88   Data           1  gps.o(.bss)
    longitude_indicator                      0x40002e89   Data           1  gps.o(.bss)
    year_c                                   0x40002e8a   Data           5  gps.o(.bss)
    bottom_of_heap                           0x40003174   Data           1  Startup.o(Heap)
    StackUsr                                 0x40008000   Data           0  Startup.o(Stacks)


================================================================================

Memory Map of the image

  Image Entry point : 0x00000000

  Load Region ROM_LOAD (Base: 0x00000000, Size: 0x0000bd1c, Max: 0xffffffff, ABSOLUTE)

    Execution Region ROM_EXEC (Base: 0x00000000, Size: 0x0000bce4, Max: 0xffffffff, ABSOLUTE)

    Base Addr    Size         Type   Attr  Idx  E Section Name        Object

    0x00000000   0x000000b8   Code   RO   174   * vectors             Startup.o
    0x000000b8   0x000000a8   Code   RO   547   * !!!                 __main.o(c_a__un.l)
    0x00000160   0x00000184   Code   RO     6     .text               Os_cpu_c.o
    0x000002e4   0x000002ac   Code   RO   142     .text               target.o
    0x00000590   0x00000884   Code   RO   181     .text               Os_core.o
    0x00000e14   0x0000097c   Code   RO   209     .text               Os_flag.o
    0x00001790   0x000004c8   Code   RO   218     .text               Os_mbox.o
    0x00001c58   0x000002b4   Code   RO   227     .text               Os_mem.o
    0x00001f0c   0x00000800   Code   RO   245     .text               Os_q.o
    0x0000270c   0x000003e4   Code   RO   254     .text               Os_sem.o
    0x00002af0   0x00000850   Code   RO   263     .text               Os_task.o
    0x00003340   0x00000224   Code   RO   272     .text               Os_time.o
    0x00003564   0x000000c0   Code   RO   281     .text               main.o
    0x00003624   0x000002c8   Code   RO   293     .text               queue.o
    0x000038ec   0x00000400   Code   RO   302     .text               comm.o
    0x00003cec   0x000005e4   Code   RO   313     .text               uart0.o
    0x000042d0   0x00000610   Code   RO   325     .text               uart1.o
    0x000048e0   0x00000404   Code   RO   338     .text               spi0.o
    0x00004ce4   0x000003ac   Code   RO   353     .text               i2c0.o
    0x00005090   0x00000318   Code   RO   400     .text               IO_driver.o
    0x000053a8   0x000009cc   Code   RO   411     .text               print_machine.o
    0x00005d74   0x00000378   Code   RO   427     .text               chip_communication.o
    0x000060ec   0x000015e8   Code   RO   458     .text               coin_machine.o
    0x000076d4   0x00000f00   Code   RO   477     .text               crt_188_dy1.o
    0x000085d4   0x00000c9c   Code   RO   488     .text               note_machine.o
    0x00009270   0x00000670   Code   RO   504     .text               gps.o
    0x000098e0   0x000002f8   Code   RO   537     .text               syn6288.o
    0x00009bd8   0x00000008   Code   RO   549     .text               _no_redirect.o(c_a__un.l)
    0x00009be0   0x00000070   Code   RO   551     .text               _sprintf.o(c_a__un.l)
    0x00009c50   0x000000fc   Code   RO   553     .text               rand.o(c_a__un.l)
    0x00009d4c   0x00000044   Code   RO   556     .text               rt_memclr.o(c_a__un.l)
    0x00009d90   0x00000058   Code   RO   558     .text               rt_memclr_w.o(c_a__un.l)
    0x00009de8   0x000000b4   Code   RO   560     .text               rt_memcpy.o(c_a__un.l)
    0x00009e9c   0x0000006c   Code   RO   562     .text               rt_memcpy_w.o(c_a__un.l)
    0x00009f08   0x000000c0   Code   RO   564     .text               rt_udiv.o(c_a__un.l)
    0x00009fc8   0x0000002c   Code   RO   566     .text               rtudiv10.o(c_a__un.l)
    0x00009ff4   0x00000068   Code   RO   568     .text               strlen.o(c_a__un.l)
    0x0000a05c   0x0000007c   Code   RO   570     .text               strncmp.o(c_a__un.l)
    0x0000a0d8   0x000000c0   Code   RO   572     .text               strtol.o(c_a__un.l)
    0x0000a198   0x00000004   Code   RO   574     .text               use_no_semi.o(c_a__un.l)
    0x0000a19c   0x00000d38   Code   RO   576     .text               __vfpntf.o(c_a__un.l)
    0x0000aed4   0x0000001c   Code   RO   578     .text               _sputc.o(c_a__un.l)
    0x0000aef0   0x00000108   Code   RO   580     .text               _strtoul.o(c_a__un.l)
    0x0000aff8   0x00000028   Code   RO   582     .text               kernel.o(c_a__un.l)
    0x0000b020   0x00000014   Code   RO   584     .text               rt_ctype_table.o(c_a__un.l)
    0x0000b034   0x0000000c   Code   RO   586     .text               rt_errno_addr.o(c_a__un.l)
    0x0000b040   0x00000020   Code   RO   588     .text               _chval.o(c_a__un.l)
    0x0000b060   0x00000018   Code   RO   590     .text               exit.o(c_a__un.l)
    0x0000b078   0x0000003c   Code   RO   592     .text               lc_ctype_c.o(c_a__un.l)
    0x0000b0b4   0x000000fc   Code   RO   595     .text               lib_init.o(c_a__un.l)
    0x0000b1b0   0x0000000c   Code   RO   597     .text               libspace.o(c_a__un.l)
    0x0000b1bc   0x00000098   Code   RO   600     .text               lludiv10.o(c_a__un.l)
    0x0000b254   0x000000fc   Code   RO   602     .text               stkheap1.o(c_a__un.l)
    0x0000b350   0x00000008   Code   RO   606     .text               nofpdisp.o(c_a__un.l)
    0x0000b358   0x000000a0   Code   RO   608     .text               strcmp.o(c_a__un.l)
    0x0000b3f8   0x00000010   Code   RO   612     .text               rt_fp_status_addr.o(c_a__un.l)
    0x0000b408   0x00000398   Code   RO   170     IRQ                 IRQ.o
    0x0000b7a0   0x00000110   Code   RO     1     subr                Os_cpu_a.o
    0x0000b8b0   0x00000014   Code   RO   610     x$fpl$fpinit        fpinit.o(f_a_p.l)
    0x0000b8c4   0x00000004   Code   RO   604     x$fpl$printf2       printf2.o(f_a_p.l)
    0x0000b8c8   0x00000108   Data   RO   182     .constdata          Os_core.o
    0x0000b9d0   0x0000000c   Data   RO   303     .constdata          comm.o
    0x0000b9dc   0x00000020   Data   RO   314     .constdata          uart0.o
    0x0000b9fc   0x00000020   Data   RO   326     .constdata          uart1.o
    0x0000ba1c   0x00000077   Data   RO   460     .constdata          coin_machine.o
    0x0000ba93   0x00000001   PAD
    0x0000ba94   0x000000f0   Data   RO   505     .constdata          gps.o
    0x0000bb84   0x0000000e   Data   RO   538     .constdata          syn6288.o
    0x0000bb92   0x00000002   PAD
    0x0000bb94   0x00000110   Data   RO   593     .constdata          lc_ctype_c.o(c_a__un.l)
    0x0000bca4   0x00000030   Data   RO   614     Region$$Table       anon$$obj.o
    0x0000bcd4   0x00000010   Data   RO   615     ZISection$$Table    anon$$obj.o


    Execution Region IRAM (Base: 0x40000000, Size: 0x00003174, Max: 0xffffffff, ABSOLUTE)

    Base Addr    Size         Type   Attr  Idx  E Section Name        Object

    0x40000000   0x00000004   Data   RW   364     .data               ic_card.o
    0x40000004   0x0000002a   Data   RW   459     .data               coin_machine.o
    0x4000002e   0x00000002   PAD
    0x40000030   0x00000008   Data   RW   489     .data               note_machine.o
    0x40000038   0x00000004   Zero   RW     7     .bss                Os_cpu_c.o
    0x4000003c   0x00000cb4   Zero   RW   183     .bss                Os_core.o
    0x40000cf0   0x0000003c   Zero   RW   184     .bss                Os_core.o
    0x40000d2c   0x00000004   Zero   RW   185     .bss                Os_core.o
    0x40000d30   0x00000004   Zero   RW   186     .bss                Os_core.o
    0x40000d34   0x00000064   Zero   RW   187     .bss                Os_core.o
    0x40000d98   0x00000004   Zero   RW   188     .bss                Os_core.o
    0x40000d9c   0x00000030   Zero   RW   189     .bss                Os_core.o
    0x40000dcc   0x00001800   Zero   RW   282     .bss                main.o
    0x400025cc   0x0000010c   Zero   RW   315     .bss                uart0.o
    0x400026d8   0x0000018c   Zero   RW   327     .bss                uart1.o
    0x40002864   0x00000078   Zero   RW   339     .bss                spi0.o
    0x400028dc   0x00000001   Zero   RW   340     .bss                spi0.o
    0x400028dd   0x00000003   PAD
    0x400028e0   0x00000018   Zero   RW   354     .bss                i2c0.o
    0x400028f8   0x0000005e   Zero   RW   365     .bss                ic_card.o
    0x40002956   0x00000002   PAD
    0x40002958   0x00000014   Zero   RW   379     .bss                sys_state.o
    0x4000296c   0x00000001   Zero   RW   382     .bss                sys_state.o
    0x4000296d   0x00000001   Zero   RW   383     .bss                sys_state.o
    0x4000296e   0x00000040   Zero   RW   412     .bss                print_machine.o
    0x400029ae   0x00000002   PAD
    0x400029b0   0x00000090   Zero   RW   428     .bss                chip_communication.o
    0x40002a40   0x00000264   Zero   RW   430     .bss                chip_communication.o
    0x40002ca4   0x00000064   Zero   RW   444     .bss                eeprom.o
    0x40002d08   0x00000030   Zero   RW   461     .bss                coin_machine.o
    0x40002d38   0x0000009c   Zero   RW   478     .bss                crt_188_dy1.o
    0x40002dd4   0x00000064   Zero   RW   490     .bss                note_machine.o
    0x40002e38   0x00000050   Zero   RW   506     .bss                gps.o
    0x40002e88   0x00000001   Zero   RW   507     .bss                gps.o
    0x40002e89   0x00000001   Zero   RW   508     .bss                gps.o
    0x40002e8a   0x00000005   Zero   RW   509     .bss                gps.o
    0x40002e8f   0x00000001   PAD
    0x40002e90   0x000000e4   Zero   RW   554     .bss                rand.o(c_a__un.l)
    0x40002f74   0x00000060   Zero   RW   598     .bss                libspace.o(c_a__un.l)
    0x40002fd4   0x00000120   Zero   RW   175     MyStacks            Startup.o
    0x400030f4   0x00000080   Zero   RW     2     SWIStacks           Os_cpu_a.o


    Execution Region HEAP (Base: 0x40003174, Size: 0x00000004, Max: 0xffffffff, ABSOLUTE, UNINIT)

    Base Addr    Size         Type   Attr  Idx  E Section Name        Object

    0x40003174   0x00000004   Zero   RW   176     Heap                Startup.o


    Execution Region STACKS (Base: 0x40008000, Size: 0x00000000, Max: 0xffffffff, ABSOLUTE, UNINIT)

    Base Addr    Size         Type   Attr  Idx  E Section Name        Object

    0x40008000   0x00000000   Zero   RW   177     Stacks              Startup.o



  Load Region LR$$Debug (Base: 0x00000000, Size: 0x00000000, Max: 0xffffffff, ABSOLUTE)

    Execution Region ER$$Debug (Base: 0x00000000, Size: 0x00000000, Max: 0xffffffff, ABSOLUTE)

    Base Addr    Size         Type   Attr  Idx  E Section Name        Object

    0x00000000   0x00000010   Dbug   RW     5     .debug_abbrev       Os_cpu_a.o
    0x00000010   0x000003ec   Dbug   RW    16     .debug_abbrev       Os_cpu_c.o
    0x000003fc   0x00000010   Dbug   RW   173     .debug_abbrev       IRQ.o
    0x0000040c   0x00000010   Dbug   RW   180     .debug_abbrev       Startup.o
    0x00000000   0x000000f8   Dbug   RW    15     .debug_frame        Os_cpu_c.o
    0x000000f8   0x000001a8   Dbug   RW   150     .debug_frame        target.o
    0x000002a0   0x000002c0   Dbug   RW   197     .debug_frame        Os_core.o
    0x00000560   0x00000188   Dbug   RW   217     .debug_frame        Os_flag.o
    0x000006e8   0x00000128   Dbug   RW   226     .debug_frame        Os_mbox.o
    0x00000810   0x000000cc   Dbug   RW   235     .debug_frame        Os_mem.o
    0x000008dc   0x00000184   Dbug   RW   253     .debug_frame        Os_q.o
    0x00000a60   0x00000104   Dbug   RW   262     .debug_frame        Os_sem.o
    0x00000b64   0x0000019c   Dbug   RW   271     .debug_frame        Os_task.o
    0x00000d00   0x000000dc   Dbug   RW   280     .debug_frame        Os_time.o
    0x00000ddc   0x00000048   Dbug   RW   292     .debug_frame        main.o
    0x00000e24   0x00000120   Dbug   RW   301     .debug_frame        queue.o
    0x00000f44   0x000000e8   Dbug   RW   312     .debug_frame        comm.o
    0x0000102c   0x0000018c   Dbug   RW   324     .debug_frame        uart0.o
    0x000011b8   0x0000018c   Dbug   RW   337     .debug_frame        uart1.o
    0x00001344   0x000000a0   Dbug   RW   350     .debug_frame        spi0.o
    0x000013e4   0x000000dc   Dbug   RW   363     .debug_frame        i2c0.o
    0x000014c0   0x0000006c   Dbug   RW   410     .debug_frame        IO_driver.o
    0x0000152c   0x000001d8   Dbug   RW   424     .debug_frame        print_machine.o
    0x00001704   0x00000074   Dbug   RW   439     .debug_frame        chip_communication.o
    0x00001778   0x000000f4   Dbug   RW   474     .debug_frame        coin_machine.o
    0x0000186c   0x00000264   Dbug   RW   487     .debug_frame        crt_188_dy1.o
    0x00001ad0   0x000002b8   Dbug   RW   501     .debug_frame        note_machine.o
    0x00001d88   0x00000178   Dbug   RW   518     .debug_frame        gps.o
    0x00001f00   0x00000150   Dbug   RW   546     .debug_frame        syn6288.o
    0x00002050   0x0000003c   Dbug   RW   548     .debug_frame        __main.o(c_a__un.l)
    0x0000208c   0x0000004c   Dbug   RW   550     .debug_frame        _no_redirect.o(c_a__un.l)
    0x000020d8   0x0000005c   Dbug   RW   552     .debug_frame        _sprintf.o(c_a__un.l)
    0x00002134   0x00000080   Dbug   RW   555     .debug_frame        rand.o(c_a__un.l)
    0x000021b4   0x00000044   Dbug   RW   557     .debug_frame        rt_memclr.o(c_a__un.l)
    0x000021f8   0x00000054   Dbug   RW   559     .debug_frame        rt_memclr_w.o(c_a__un.l)
    0x0000224c   0x0000003c   Dbug   RW   561     .debug_frame        rt_memcpy.o(c_a__un.l)
    0x00002288   0x00000054   Dbug   RW   563     .debug_frame        rt_memcpy_w.o(c_a__un.l)
    0x000022dc   0x00000044   Dbug   RW   565     .debug_frame        rt_udiv.o(c_a__un.l)
    0x00002320   0x00000044   Dbug   RW   567     .debug_frame        rtudiv10.o(c_a__un.l)
    0x00002364   0x0000003c   Dbug   RW   569     .debug_frame        strlen.o(c_a__un.l)
    0x000023a0   0x0000004c   Dbug   RW   571     .debug_frame        strncmp.o(c_a__un.l)
    0x000023ec   0x00000068   Dbug   RW   573     .debug_frame        strtol.o(c_a__un.l)
    0x00002454   0x00000044   Dbug   RW   575     .debug_frame        use_no_semi.o(c_a__un.l)
    0x00002498   0x000000b0   Dbug   RW   577     .debug_frame        __vfpntf.o(c_a__un.l)
    0x00002548   0x0000004c   Dbug   RW   579     .debug_frame        _sputc.o(c_a__un.l)
    0x00002594   0x00000080   Dbug   RW   581     .debug_frame        _strtoul.o(c_a__un.l)
    0x00002614   0x00000058   Dbug   RW   583     .debug_frame        kernel.o(c_a__un.l)
    0x0000266c   0x0000004c   Dbug   RW   585     .debug_frame        rt_ctype_table.o(c_a__un.l)
    0x000026b8   0x0000004c   Dbug   RW   587     .debug_frame        rt_errno_addr.o(c_a__un.l)
    0x00002704   0x0000003c   Dbug   RW   589     .debug_frame        _chval.o(c_a__un.l)
    0x00002740   0x0000004c   Dbug   RW   591     .debug_frame        exit.o(c_a__un.l)
    0x0000278c   0x0000004c   Dbug   RW   594     .debug_frame        lc_ctype_c.o(c_a__un.l)
    0x000027d8   0x0000007c   Dbug   RW   596     .debug_frame        lib_init.o(c_a__un.l)
    0x00002854   0x00000044   Dbug   RW   599     .debug_frame        libspace.o(c_a__un.l)
    0x00002898   0x00000058   Dbug   RW   601     .debug_frame        lludiv10.o(c_a__un.l)
    0x000028f0   0x00000080   Dbug   RW   603     .debug_frame        stkheap1.o(c_a__un.l)
    0x00002970   0x0000003c   Dbug   RW   605     .debug_frame        printf2.o(f_a_p.l)
    0x000029ac   0x0000003c   Dbug   RW   607     .debug_frame        nofpdisp.o(c_a__un.l)
    0x000029e8   0x00000054   Dbug   RW   609     .debug_frame        strcmp.o(c_a__un.l)
    0x00002a3c   0x0000004c   Dbug   RW   611     .debug_frame        fpinit.o(f_a_p.l)
    0x00002a88   0x0000004c   Dbug   RW   613     .debug_frame        rt_fp_status_addr.o(c_a__un.l)
    0x00000000   0x00000080   Dbug   RW     3     .debug_info         Os_cpu_a.o
    0x00000080   0x0000014c   Dbug   RW    22     .debug_info         Os_cpu_c.o
    0x000001cc   0x00000080   Dbug   RW     9     .debug_info         Os_cpu_c.o
    0x0000024c   0x0000007c   Dbug   RW    26     .debug_info         Os_cpu_c.o
    0x000002c8   0x00000a34   Dbug   RW    30     .debug_info         Os_cpu_c.o
    0x00000cfc   0x00000374   Dbug   RW    12     .debug_info         Os_cpu_c.o
    0x00001070   0x00000118   Dbug   RW    18     .debug_info         Os_cpu_c.o
    0x00001188   0x00000108   Dbug   RW    41     .debug_info         Os_cpu_c.o
    0x00001290   0x00000234   Dbug   RW    48     .debug_info         Os_cpu_c.o
    0x000014c4   0x00000114   Dbug   RW    60     .debug_info         Os_cpu_c.o
    0x000015d8   0x00000114   Dbug   RW    68     .debug_info         Os_cpu_c.o
    0x000016ec   0x00000114   Dbug   RW    72     .debug_info         Os_cpu_c.o
    0x00001800   0x00000340   Dbug   RW    94     .debug_info         Os_cpu_c.o
    0x00001b40   0x000004b4   Dbug   RW   101     .debug_info         Os_cpu_c.o
    0x00001ff4   0x0000029c   Dbug   RW   120     .debug_info         Os_cpu_c.o
    0x00002290   0x00000200   Dbug   RW   124     .debug_info         Os_cpu_c.o
    0x00002490   0x0000038c   Dbug   RW   128     .debug_info         Os_cpu_c.o
    0x0000281c   0x000000c8   Dbug   RW   132     .debug_info         Os_cpu_c.o
    0x000028e4   0x0000008c   Dbug   RW   144     .debug_info         target.o
    0x00002970   0x000000e4   Dbug   RW   167     .debug_info         target.o
    0x00002a54   0x000006ac   Dbug   RW   147     .debug_info         target.o
    0x00003100   0x00000148   Dbug   RW   151     .debug_info         target.o
    0x00003248   0x0000007c   Dbug   RW   154     .debug_info         target.o
    0x000032c4   0x00000a34   Dbug   RW   156     .debug_info         target.o
    0x00003cf8   0x00000080   Dbug   RW   171     .debug_info         IRQ.o
    0x00003d78   0x00000080   Dbug   RW   178     .debug_info         Startup.o
    0x00003df8   0x00000ae0   Dbug   RW   198     .debug_info         Os_core.o
    0x000048d8   0x000009ec   Dbug   RW   194     .debug_info         Os_core.o
    0x000052c4   0x0000007c   Dbug   RW   211     .debug_info         Os_flag.o
    0x00005340   0x00000b6c   Dbug   RW   214     .debug_info         Os_flag.o
    0x00005eac   0x00000084   Dbug   RW   220     .debug_info         Os_mbox.o
    0x00005f30   0x00000660   Dbug   RW   223     .debug_info         Os_mbox.o
    0x00006590   0x00000080   Dbug   RW   229     .debug_info         Os_mem.o
    0x00006610   0x00000384   Dbug   RW   232     .debug_info         Os_mem.o
    0x00006994   0x00000080   Dbug   RW   247     .debug_info         Os_q.o
    0x00006a14   0x0000093c   Dbug   RW   250     .debug_info         Os_q.o
    0x00007350   0x0000007c   Dbug   RW   256     .debug_info         Os_sem.o
    0x000073cc   0x000004c4   Dbug   RW   259     .debug_info         Os_sem.o
    0x00007890   0x000009ec   Dbug   RW   268     .debug_info         Os_task.o
    0x0000827c   0x00000318   Dbug   RW   277     .debug_info         Os_time.o
    0x00008594   0x00000180   Dbug   RW   285     .debug_info         main.o
    0x00008714   0x00000198   Dbug   RW   289     .debug_info         main.o
    0x000088ac   0x0000059c   Dbug   RW   298     .debug_info         queue.o
    0x00008e48   0x000000a4   Dbug   RW   305     .debug_info         comm.o
    0x00008eec   0x000004a8   Dbug   RW   309     .debug_info         comm.o
    0x00009394   0x00000140   Dbug   RW   317     .debug_info         uart0.o
    0x000094d4   0x00000a4c   Dbug   RW   321     .debug_info         uart0.o
    0x00009f20   0x00000154   Dbug   RW   330     .debug_info         uart1.o
    0x0000a074   0x00000a54   Dbug   RW   334     .debug_info         uart1.o
    0x0000aac8   0x00000150   Dbug   RW   351     .debug_info         spi0.o
    0x0000ac18   0x000000d4   Dbug   RW   343     .debug_info         spi0.o
    0x0000acec   0x00000498   Dbug   RW   347     .debug_info         spi0.o
    0x0000b184   0x00000128   Dbug   RW   356     .debug_info         i2c0.o
    0x0000b2ac   0x000004b8   Dbug   RW   360     .debug_info         i2c0.o
    0x0000b764   0x00000348   Dbug   RW   369     .debug_info         ic_card.o
    0x0000baac   0x000004d0   Dbug   RW   392     .debug_info         sys_state.o
    0x0000bf7c   0x00000410   Dbug   RW   407     .debug_info         IO_driver.o
    0x0000c38c   0x00001638   Dbug   RW   421     .debug_info         print_machine.o
    0x0000d9c4   0x00000100   Dbug   RW   425     .debug_info         print_machine.o
    0x0000dac4   0x000002b4   Dbug   RW   436     .debug_info         chip_communication.o
    0x0000dd78   0x000007e4   Dbug   RW   440     .debug_info         chip_communication.o
    0x0000e55c   0x00000334   Dbug   RW   456     .debug_info         eeprom.o
    0x0000e890   0x000002cc   Dbug   RW   467     .debug_info         coin_machine.o
    0x0000eb5c   0x00001608   Dbug   RW   471     .debug_info         coin_machine.o
    0x00010164   0x0000052c   Dbug   RW   475     .debug_info         coin_machine.o
    0x00010690   0x00000110   Dbug   RW   480     .debug_info         crt_188_dy1.o
    0x000107a0   0x00001700   Dbug   RW   484     .debug_info         crt_188_dy1.o
    0x00011ea0   0x00001bf8   Dbug   RW   502     .debug_info         note_machine.o
    0x00013a98   0x00000104   Dbug   RW   494     .debug_info         note_machine.o
    0x00013b9c   0x00001550   Dbug   RW   498     .debug_info         note_machine.o
    0x000150ec   0x0000020c   Dbug   RW   519     .debug_info         gps.o
    0x000152f8   0x000007d8   Dbug   RW   521     .debug_info         gps.o
    0x00015ad0   0x0000027c   Dbug   RW   511     .debug_info         gps.o
    0x00015d4c   0x00000bbc   Dbug   RW   515     .debug_info         gps.o
    0x00016908   0x00000390   Dbug   RW   533     .debug_info         trade.o
    0x00016c98   0x000007d8   Dbug   RW   535     .debug_info         trade.o
    0x00017470   0x00000648   Dbug   RW   543     .debug_info         syn6288.o
    0x00000000   0x000000a4   Dbug   RW     4     .debug_line         Os_cpu_a.o
    0x000000a4   0x00000094   Dbug   RW     8     .debug_line         Os_cpu_c.o
    0x00000138   0x00000130   Dbug   RW    11     .debug_line         Os_cpu_c.o
    0x00000268   0x00000054   Dbug   RW    17     .debug_line         Os_cpu_c.o
    0x000002bc   0x00000058   Dbug   RW    21     .debug_line         Os_cpu_c.o
    0x00000314   0x00000054   Dbug   RW    25     .debug_line         Os_cpu_c.o
    0x00000368   0x00000058   Dbug   RW    29     .debug_line         Os_cpu_c.o
    0x000003c0   0x00000050   Dbug   RW    40     .debug_line         Os_cpu_c.o
    0x00000410   0x00000050   Dbug   RW    47     .debug_line         Os_cpu_c.o
    0x00000460   0x00000050   Dbug   RW    59     .debug_line         Os_cpu_c.o
    0x000004b0   0x00000054   Dbug   RW    67     .debug_line         Os_cpu_c.o
    0x00000504   0x00000058   Dbug   RW    71     .debug_line         Os_cpu_c.o
    0x0000055c   0x00000058   Dbug   RW    82     .debug_line         Os_cpu_c.o
    0x000005b4   0x00000090   Dbug   RW    86     .debug_line         Os_cpu_c.o
    0x00000644   0x00000058   Dbug   RW    93     .debug_line         Os_cpu_c.o
    0x0000069c   0x00000058   Dbug   RW   100     .debug_line         Os_cpu_c.o
    0x000006f4   0x00000060   Dbug   RW   107     .debug_line         Os_cpu_c.o
    0x00000754   0x00000064   Dbug   RW   111     .debug_line         Os_cpu_c.o
    0x000007b8   0x00000060   Dbug   RW   115     .debug_line         Os_cpu_c.o
    0x00000818   0x00000060   Dbug   RW   119     .debug_line         Os_cpu_c.o
    0x00000878   0x00000058   Dbug   RW   123     .debug_line         Os_cpu_c.o
    0x000008d0   0x00000054   Dbug   RW   127     .debug_line         Os_cpu_c.o
    0x00000924   0x0000005c   Dbug   RW   131     .debug_line         Os_cpu_c.o
    0x00000980   0x000000d8   Dbug   RW   135     .debug_line         Os_cpu_c.o
    0x00000a58   0x000000d0   Dbug   RW   143     .debug_line         target.o
    0x00000b28   0x0000017c   Dbug   RW   146     .debug_line         target.o
    0x00000ca4   0x00000050   Dbug   RW   166     .debug_line         target.o
    0x00000cf4   0x00000080   Dbug   RW   172     .debug_line         IRQ.o
    0x00000d74   0x00000098   Dbug   RW   179     .debug_line         Startup.o
    0x00000e0c   0x00000310   Dbug   RW   193     .debug_line         Os_core.o
    0x0000111c   0x00000090   Dbug   RW   210     .debug_line         Os_flag.o
    0x000011ac   0x0000037c   Dbug   RW   213     .debug_line         Os_flag.o
    0x00001528   0x00000090   Dbug   RW   219     .debug_line         Os_mbox.o
    0x000015b8   0x00000228   Dbug   RW   222     .debug_line         Os_mbox.o
    0x000017e0   0x00000090   Dbug   RW   228     .debug_line         Os_mem.o
    0x00001870   0x00000188   Dbug   RW   231     .debug_line         Os_mem.o
    0x000019f8   0x00000090   Dbug   RW   246     .debug_line         Os_q.o
    0x00001a88   0x000002f4   Dbug   RW   249     .debug_line         Os_q.o
    0x00001d7c   0x00000090   Dbug   RW   255     .debug_line         Os_sem.o
    0x00001e0c   0x000001e0   Dbug   RW   258     .debug_line         Os_sem.o
    0x00001fec   0x000002d0   Dbug   RW   267     .debug_line         Os_task.o
    0x000022bc   0x00000120   Dbug   RW   276     .debug_line         Os_time.o
    0x000023dc   0x000000c0   Dbug   RW   284     .debug_line         main.o
    0x0000249c   0x000000a4   Dbug   RW   288     .debug_line         main.o
    0x00002540   0x00000144   Dbug   RW   297     .debug_line         queue.o
    0x00002684   0x00000090   Dbug   RW   304     .debug_line         comm.o
    0x00002714   0x0000018c   Dbug   RW   308     .debug_line         comm.o
    0x000028a0   0x00000094   Dbug   RW   316     .debug_line         uart0.o
    0x00002934   0x00000210   Dbug   RW   320     .debug_line         uart0.o
    0x00002b44   0x00000094   Dbug   RW   329     .debug_line         uart1.o
    0x00002bd8   0x00000214   Dbug   RW   333     .debug_line         uart1.o
    0x00002dec   0x00000094   Dbug   RW   342     .debug_line         spi0.o
    0x00002e80   0x00000164   Dbug   RW   346     .debug_line         spi0.o
    0x00002fe4   0x00000094   Dbug   RW   355     .debug_line         i2c0.o
    0x00003078   0x00000170   Dbug   RW   359     .debug_line         i2c0.o
    0x000031e8   0x00000148   Dbug   RW   406     .debug_line         IO_driver.o
    0x00003330   0x000001ec   Dbug   RW   420     .debug_line         print_machine.o
    0x0000351c   0x00000138   Dbug   RW   435     .debug_line         chip_communication.o
    0x00003654   0x0000009c   Dbug   RW   466     .debug_line         coin_machine.o
    0x000036f0   0x000004c8   Dbug   RW   470     .debug_line         coin_machine.o
    0x00003bb8   0x0000009c   Dbug   RW   479     .debug_line         crt_188_dy1.o
    0x00003c54   0x00000504   Dbug   RW   483     .debug_line         crt_188_dy1.o
    0x00004158   0x0000009c   Dbug   RW   493     .debug_line         note_machine.o
    0x000041f4   0x000003bc   Dbug   RW   497     .debug_line         note_machine.o
    0x000045b0   0x00000094   Dbug   RW   510     .debug_line         gps.o
    0x00004644   0x00000230   Dbug   RW   514     .debug_line         gps.o
    0x00004874   0x00000160   Dbug   RW   542     .debug_line         syn6288.o
    0x00000000   0x000002b4   Dbug   RW    14     .debug_loc          Os_cpu_c.o
    0x000002b4   0x00000324   Dbug   RW   149     .debug_loc          target.o
    0x000005d8   0x0000065c   Dbug   RW   196     .debug_loc          Os_core.o
    0x00000c34   0x000009e8   Dbug   RW   216     .debug_loc          Os_flag.o
    0x0000161c   0x00000464   Dbug   RW   225     .debug_loc          Os_mbox.o
    0x00001a80   0x000002b8   Dbug   RW   234     .debug_loc          Os_mem.o
    0x00001d38   0x000006a8   Dbug   RW   252     .debug_loc          Os_q.o
    0x000023e0   0x00000368   Dbug   RW   261     .debug_loc          Os_sem.o
    0x00002748   0x00000774   Dbug   RW   270     .debug_loc          Os_task.o
    0x00002ebc   0x00000234   Dbug   RW   279     .debug_loc          Os_time.o
    0x000030f0   0x000000a8   Dbug   RW   291     .debug_loc          main.o
    0x00003198   0x00000414   Dbug   RW   300     .debug_loc          queue.o
    0x000035ac   0x000003f4   Dbug   RW   311     .debug_loc          comm.o
    0x000039a0   0x00000614   Dbug   RW   323     .debug_loc          uart0.o
    0x00003fb4   0x00000600   Dbug   RW   336     .debug_loc          uart1.o
    0x000045b4   0x00000184   Dbug   RW   349     .debug_loc          spi0.o
    0x00004738   0x000002f4   Dbug   RW   362     .debug_loc          i2c0.o
    0x00004a2c   0x00000124   Dbug   RW   409     .debug_loc          IO_driver.o
    0x00004b50   0x00000cc0   Dbug   RW   423     .debug_loc          print_machine.o
    0x00005810   0x00000048   Dbug   RW   438     .debug_loc          chip_communication.o
    0x00005858   0x00000778   Dbug   RW   473     .debug_loc          coin_machine.o
    0x00005fd0   0x00000dbc   Dbug   RW   486     .debug_loc          crt_188_dy1.o
    0x00006d8c   0x00000b54   Dbug   RW   500     .debug_loc          note_machine.o
    0x000078e0   0x0000055c   Dbug   RW   517     .debug_loc          gps.o
    0x00007e3c   0x0000033c   Dbug   RW   545     .debug_loc          syn6288.o
    0x00000000   0x00000194   Dbug   RW    10     .debug_macinfo      Os_cpu_c.o
    0x00000194   0x000000a0   Dbug   RW    20     .debug_macinfo      Os_cpu_c.o
    0x00000234   0x000000cc   Dbug   RW    24     .debug_macinfo      Os_cpu_c.o
    0x00000300   0x00000408   Dbug   RW    28     .debug_macinfo      Os_cpu_c.o
    0x00000708   0x00000904   Dbug   RW    32     .debug_macinfo      Os_cpu_c.o
    0x0000100c   0x000001f0   Dbug   RW    43     .debug_macinfo      Os_cpu_c.o
    0x000011fc   0x0000015c   Dbug   RW    50     .debug_macinfo      Os_cpu_c.o
    0x00001358   0x0000007c   Dbug   RW    62     .debug_macinfo      Os_cpu_c.o
    0x000013d4   0x0000009c   Dbug   RW    70     .debug_macinfo      Os_cpu_c.o
    0x00001470   0x00000078   Dbug   RW    74     .debug_macinfo      Os_cpu_c.o
    0x000014e8   0x000000b4   Dbug   RW    85     .debug_macinfo      Os_cpu_c.o
    0x0000159c   0x0000009c   Dbug   RW    89     .debug_macinfo      Os_cpu_c.o
    0x00001638   0x0000039c   Dbug   RW    96     .debug_macinfo      Os_cpu_c.o
    0x000019d4   0x00000384   Dbug   RW   103     .debug_macinfo      Os_cpu_c.o
    0x00001d58   0x00000344   Dbug   RW   110     .debug_macinfo      Os_cpu_c.o
    0x0000209c   0x00000084   Dbug   RW   114     .debug_macinfo      Os_cpu_c.o
    0x00002120   0x0000014c   Dbug   RW   118     .debug_macinfo      Os_cpu_c.o
    0x0000226c   0x00000504   Dbug   RW   122     .debug_macinfo      Os_cpu_c.o
    0x00002770   0x0000003c   Dbug   RW   126     .debug_macinfo      Os_cpu_c.o
    0x000027ac   0x00000010   Dbug   RW   130     .debug_macinfo      Os_cpu_c.o
    0x000027bc   0x000000ec   Dbug   RW   134     .debug_macinfo      Os_cpu_c.o
    0x000028a8   0x00000088   Dbug   RW   138     .debug_macinfo      Os_cpu_c.o
    0x00002930   0x00000198   Dbug   RW   145     .debug_macinfo      target.o
    0x00002ac8   0x000000d4   Dbug   RW   153     .debug_macinfo      target.o
    0x00002b9c   0x0000004c   Dbug   RW   169     .debug_macinfo      target.o
    0x00002be8   0x00000900   Dbug   RW   200     .debug_macinfo      Os_core.o
    0x000034e8   0x00000180   Dbug   RW   212     .debug_macinfo      Os_flag.o
    0x00003668   0x00000180   Dbug   RW   221     .debug_macinfo      Os_mbox.o
    0x000037e8   0x00000180   Dbug   RW   230     .debug_macinfo      Os_mem.o
    0x00003968   0x00000180   Dbug   RW   248     .debug_macinfo      Os_q.o
    0x00003ae8   0x00000180   Dbug   RW   257     .debug_macinfo      Os_sem.o
    0x00003c68   0x0000021c   Dbug   RW   287     .debug_macinfo      main.o
    0x00003e84   0x00000180   Dbug   RW   307     .debug_macinfo      comm.o
    0x00004004   0x00000180   Dbug   RW   319     .debug_macinfo      uart0.o
    0x00004184   0x00000180   Dbug   RW   332     .debug_macinfo      uart1.o
    0x00004304   0x00000264   Dbug   RW   345     .debug_macinfo      spi0.o
    0x00004568   0x00000180   Dbug   RW   358     .debug_macinfo      i2c0.o
    0x000046e8   0x000002f4   Dbug   RW   469     .debug_macinfo      coin_machine.o
    0x000049dc   0x00000390   Dbug   RW   482     .debug_macinfo      crt_188_dy1.o
    0x00004d6c   0x00000320   Dbug   RW   496     .debug_macinfo      note_machine.o
    0x0000508c   0x000002bc   Dbug   RW   513     .debug_macinfo      gps.o
    0x00000000   0x000000f4   Dbug   RW    13     .debug_pubnames     Os_cpu_c.o
    0x000000f4   0x00000064   Dbug   RW    19     .debug_pubnames     Os_cpu_c.o
    0x00000158   0x0000008c   Dbug   RW    23     .debug_pubnames     Os_cpu_c.o
    0x000001e4   0x00000020   Dbug   RW    27     .debug_pubnames     Os_cpu_c.o
    0x00000204   0x000002e0   Dbug   RW    31     .debug_pubnames     Os_cpu_c.o
    0x000004e4   0x00000084   Dbug   RW    42     .debug_pubnames     Os_cpu_c.o
    0x00000568   0x000000e0   Dbug   RW    49     .debug_pubnames     Os_cpu_c.o
    0x00000648   0x00000020   Dbug   RW    61     .debug_pubnames     Os_cpu_c.o
    0x00000668   0x00000028   Dbug   RW    69     .debug_pubnames     Os_cpu_c.o
    0x00000690   0x00000084   Dbug   RW    73     .debug_pubnames     Os_cpu_c.o
    0x00000714   0x000000b8   Dbug   RW    95     .debug_pubnames     Os_cpu_c.o
    0x000007cc   0x00000160   Dbug   RW   102     .debug_pubnames     Os_cpu_c.o
    0x0000092c   0x000000d4   Dbug   RW   121     .debug_pubnames     Os_cpu_c.o
    0x00000a00   0x0000008c   Dbug   RW   125     .debug_pubnames     Os_cpu_c.o
    0x00000a8c   0x0000009c   Dbug   RW   129     .debug_pubnames     Os_cpu_c.o
    0x00000b28   0x0000002c   Dbug   RW   133     .debug_pubnames     Os_cpu_c.o
    0x00000b54   0x00000174   Dbug   RW   148     .debug_pubnames     target.o
    0x00000cc8   0x0000008c   Dbug   RW   152     .debug_pubnames     target.o
    0x00000d54   0x00000020   Dbug   RW   155     .debug_pubnames     target.o
    0x00000d74   0x000002e0   Dbug   RW   157     .debug_pubnames     target.o
    0x00001054   0x00000058   Dbug   RW   168     .debug_pubnames     target.o
    0x000010ac   0x000001a4   Dbug   RW   195     .debug_pubnames     Os_core.o
    0x00001250   0x000002e0   Dbug   RW   199     .debug_pubnames     Os_core.o
    0x00001530   0x000000b8   Dbug   RW   215     .debug_pubnames     Os_flag.o
    0x000015e8   0x00000084   Dbug   RW   224     .debug_pubnames     Os_mbox.o
    0x0000166c   0x0000005c   Dbug   RW   233     .debug_pubnames     Os_mem.o
    0x000016c8   0x00000098   Dbug   RW   251     .debug_pubnames     Os_q.o
    0x00001760   0x0000006c   Dbug   RW   260     .debug_pubnames     Os_sem.o
    0x000017cc   0x000000b0   Dbug   RW   269     .debug_pubnames     Os_task.o
    0x0000187c   0x00000064   Dbug   RW   278     .debug_pubnames     Os_time.o
    0x000018e0   0x00000098   Dbug   RW   286     .debug_pubnames     main.o
    0x00001978   0x0000001c   Dbug   RW   290     .debug_pubnames     main.o
    0x00001994   0x00000080   Dbug   RW   299     .debug_pubnames     queue.o
    0x00001a14   0x00000020   Dbug   RW   306     .debug_pubnames     comm.o
    0x00001a34   0x0000006c   Dbug   RW   310     .debug_pubnames     comm.o
    0x00001aa0   0x00000084   Dbug   RW   318     .debug_pubnames     uart0.o
    0x00001b24   0x000000c4   Dbug   RW   322     .debug_pubnames     uart0.o
    0x00001be8   0x00000090   Dbug   RW   331     .debug_pubnames     uart1.o
    0x00001c78   0x000000c4   Dbug   RW   335     .debug_pubnames     uart1.o
    0x00001d3c   0x00000034   Dbug   RW   344     .debug_pubnames     spi0.o
    0x00001d70   0x00000044   Dbug   RW   348     .debug_pubnames     spi0.o
    0x00001db4   0x00000084   Dbug   RW   352     .debug_pubnames     spi0.o
    0x00001e38   0x0000007c   Dbug   RW   357     .debug_pubnames     i2c0.o
    0x00001eb4   0x00000070   Dbug   RW   361     .debug_pubnames     i2c0.o
    0x00001f24   0x000000b8   Dbug   RW   370     .debug_pubnames     ic_card.o
    0x00001fdc   0x00000160   Dbug   RW   393     .debug_pubnames     sys_state.o
    0x0000213c   0x00000030   Dbug   RW   408     .debug_pubnames     IO_driver.o
    0x0000216c   0x000000c0   Dbug   RW   422     .debug_pubnames     print_machine.o
    0x0000222c   0x00000058   Dbug   RW   426     .debug_pubnames     print_machine.o
    0x00002284   0x00000044   Dbug   RW   437     .debug_pubnames     chip_communication.o
    0x000022c8   0x00000190   Dbug   RW   441     .debug_pubnames     chip_communication.o
    0x00002458   0x000000ac   Dbug   RW   457     .debug_pubnames     eeprom.o
    0x00002504   0x000000cc   Dbug   RW   468     .debug_pubnames     coin_machine.o
    0x000025d0   0x00000070   Dbug   RW   472     .debug_pubnames     coin_machine.o
    0x00002640   0x000002c0   Dbug   RW   476     .debug_pubnames     coin_machine.o
    0x00002900   0x00000078   Dbug   RW   481     .debug_pubnames     crt_188_dy1.o
    0x00002978   0x0000016c   Dbug   RW   485     .debug_pubnames     crt_188_dy1.o
    0x00002ae4   0x0000006c   Dbug   RW   495     .debug_pubnames     note_machine.o
    0x00002b50   0x0000021c   Dbug   RW   499     .debug_pubnames     note_machine.o
    0x00002d6c   0x00000ae0   Dbug   RW   503     .debug_pubnames     note_machine.o
    0x0000384c   0x00000108   Dbug   RW   512     .debug_pubnames     gps.o
    0x00003954   0x000000fc   Dbug   RW   516     .debug_pubnames     gps.o
    0x00003a50   0x0000008c   Dbug   RW   520     .debug_pubnames     gps.o
    0x00003adc   0x00000190   Dbug   RW   522     .debug_pubnames     gps.o
    0x00003c6c   0x0000009c   Dbug   RW   534     .debug_pubnames     trade.o
    0x00003d08   0x00000190   Dbug   RW   536     .debug_pubnames     trade.o
    0x00003e98   0x000000cc   Dbug   RW   544     .debug_pubnames     syn6288.o


================================================================================

Image component sizes


      Code    RO Data    RW Data    ZI Data      Debug   Object Name

       692          0          0          0       2940   Os_mem.o
         0          0          0          0       3476   trade.o
      5608        119         42         48      12992   coin_machine.o
       996          0          0          0       3592   Os_sem.o
       548          0          0          0       1964   Os_time.o
      1024         12          0          0       3664   comm.o
      1508         32          0        268       6296   uart0.o
      1552         32          0        396       6320   uart1.o
      1028          0          0        121       3640   spi0.o
         0          0          0         22       1584   sys_state.o
         0         64          0          0          0   anon$$obj.o
       760         14          0          0       3328   syn6288.o
      2428          0          0          0       7580   Os_flag.o
      3840          0          0        156      13124   crt_188_dy1.o
      2508          0          0         64      10452   print_machine.o
         0          0          4         94       1024   ic_card.o
      3228          0          8        100      21816   note_machine.o
      2180        264          0       3472      11900   Os_core.o
      2128          0          0          0       5756   Os_task.o
       184          0          0        292        296   Startup.o
      2048          0          0          0       6020   Os_q.o
       712          0          0          0       3220   queue.o
       888          0          0        756       3680   chip_communication.o
       272          0          0        128        308   Os_cpu_a.o
       192          0          0       6144       2108   main.o
       940          0          0         24       3616   i2c0.o
       388          0          0          4      28212   Os_cpu_c.o
       684          0          0          0       9100   target.o
      1224          0          0          0       4396   Os_mbox.o
       920          0          0          0        272   IRQ.o
      1648        240          0         87      10384   gps.o
       792          0          0          0       1816   IO_driver.o
         0          0          0        100        992   eeprom.o

    ------------------------------------------------------------------------
     40920        777         54      12276     195868   Object Totals

    ------------------------------------------------------------------------

      Code    RO Data    RW Data    ZI Data      Debug   Library Member Name

       160          0          0          0         84   strcmp.o
       252          0          0          0        128   stkheap1.o
        40          0          0          0         88   kernel.o
        68          0          0          0         68   rt_memclr.o
        88          0          0          0         84   rt_memclr_w.o
         4          0          0          0         60   printf2.o
         8          0          0          0         76   _no_redirect.o
       112          0          0          0         92   _sprintf.o
         4          0          0          0         68   use_no_semi.o
         8          0          0          0         60   nofpdisp.o
       104          0          0          0         60   strlen.o
        12          0          0         96         68   libspace.o
       180          0          0          0         60   rt_memcpy.o
        20          0          0          0         76   rt_ctype_table.o
       252          0          0        228        128   rand.o
       264          0          0          0        128   _strtoul.o
        28          0          0          0         76   _sputc.o
       168          0          0          0         60   __main.o
       108          0          0          0         84   rt_memcpy_w.o
        16          0          0          0         76   rt_fp_status_addr.o
        44          0          0          0         68   rtudiv10.o
      3384          0          0          0        176   __vfpntf.o
        24          0          0          0         76   exit.o
        32          0          0          0         60   _chval.o
       252          0          0          0        124   lib_init.o
       124          0          0          0         76   strncmp.o
        20          0          0          0         76   fpinit.o
       192          0          0          0        104   strtol.o
       152          0          0          0         88   lludiv10.o
       192          0          0          0         68   rt_udiv.o
        60        272          0          0         76   lc_ctype_c.o
        12          0          0          0         76   rt_errno_addr.o

    ------------------------------------------------------------------------
      6384        272          0        324       2692   Library Totals

    ------------------------------------------------------------------------

      Code    RO Data    RW Data    ZI Data      Debug   Library Name

      6360        272          0        324       2556   c_a__un.l
        24          0          0          0        136   f_a_p.l

    ------------------------------------------------------------------------
      6384        272          0        324       2692   Library Totals

    ------------------------------------------------------------------------

================================================================================


      Code    RO Data    RW Data    ZI Data      Debug   

     47304       1049         54      12600     198560   Grand Totals

================================================================================

    Total RO  Size(Code + RO Data)                48353 (  47.22kB)
    Total RW  Size(RW Data + ZI Data)             12654 (  12.36kB)
    Total ROM Size(Code + RO Data + RW Data)      48407 (  47.27kB)

================================================================================

